[INFO] [1789013554.571873013] [scan_executor_node]: Loaded 4 scan targets from /home/oceanshape/strawberry_grasp_environment/install/strawberry_motion/share/strawberry_motion/config/scan_pose_candidates_refit_candidate.yaml
[INFO] [1789013554.572086909] [scan_executor_node]: MoveJoint speeds: scan vel=120.0 acc=180.0, overview return vel=120.0 acc=180.0
[INFO] [1789013554.572237088] [scan_executor_node]: MoveJoint service dispatch timeout: 30.0s; arrival is verified from /joint_states
[INFO] [1789013554.580000585] [scan_executor_node]: scan_executor_node ready; explicit /strawberry/scan/start required
[harvest_probe] 계측 부착: role=scan -> /tmp/harvest_hud_scan.json
[INFO] [1789013588.150127796] [scan_executor_node]: START_ACCEPTED explicit request; initial pose verified
[INFO] [1789013588.152009608] [scan_executor_node]: TRAVERSAL_SCAN_STARTED cells=['root/nw', 'root/ne', 'root/se', 'root/sw'] (4/4 quadrants)
[INFO] [1789013588.152304163] [scan_executor_node]: OVERVIEW_SCAN_STARTED — scene_positions 로 분면별 익은 과실 판정, 최대 3.0s
[INFO] [1789013591.155640254] [scan_executor_node]: OVERVIEW_SCAN nw:2  ne:1  se:0  sw:3
[INFO] [1789013591.155894201] [scan_executor_node]: TRAVERSAL_PRUNED skip=['root/se'] — overview 1차 스캔에서 익은 과실 0개
[INFO] [1789013591.156249382] [scan_executor_node]: MOVING_TO root/nw  endpoint_deg=[144.1 22.9 -1.0 -238.5 -75.3 108.7]  (direct MoveJoint, YAML pose)
[INFO] [1789013591.156468806] [scan_executor_node]: Joint equivalent rewrite J4 -238.5 -> 121.5 deg (current 175.9, shorter by 360.0 deg)
[INFO] [1789013591.156678293] [scan_executor_node]: Joint equivalent rewrite J4 -238.5 -> 121.5 deg (current 175.9, shorter by 360.0 deg)
[INFO] [1789013592.309154527] [scan_executor_node]: MoveJoint response: success=True  target=[144.1 22.9 -1.0 121.5 -75.3 108.7]  vel=120.0  acc=180.0
[INFO] [1789013592.309684110] [scan_executor_node]: AT_SCAN_POSE root/nw joints_deg=[144.1 22.8 -0.3 121.5 -75.4 108.7] — adaptive detection wait up to 3.0s
[INFO] [1789013595.315341739] [scan_executor_node]: TARGET_FOUND root/nw 6 pick candidate(s) detected
[INFO] [1789013595.315934878] [scan_executor_node]: SUBCELL_SCAN_ORDER root/nw root/nw/sw:1  root/nw/se:1  root/nw/nw:0  root/nw/ne:0
[INFO] [1789013595.316500399] [scan_executor_node]: PICK_SEQUENCE_START root/nw/sw — 1 candidate targets (raw=1 skipped_attempted=0)
[INFO] [1789013595.316888164] [scan_executor_node]: PICK_ALL_DETECTED_TARGETS root/nw/sw timeout=60s max_total_picks=0
[INFO] [1789013595.317247332] [scan_executor_node]: PICK_ATTEMPT_BLACKLIST_ADD pos=(-250,783,740)mm radius=25mm
[INFO] [1789013595.317524693] [scan_executor_node]: PICK_TRIGGER root/nw/sw 1/1 pos=(-250,783,740)mm
[INFO] [1789013629.368613801] [scan_executor_node]: PICK_ATTEMPT_DONE root/nw/sw 1/1 — planner sequence ended (success is verified by gripper/manual KPI, not this Empty topic)
[INFO] [1789013629.368850013] [scan_executor_node]: PICK_ATTEMPT_SETTLE 1.0s before next target
[INFO] [1789013630.369607384] [scan_executor_node]: PICK_SEQUENCE_DONE root/nw/sw — 1/1 attempted
[INFO] [1789013630.370024195] [scan_executor_node]: PICK_SEQUENCE_START root/nw/se — 1 candidate targets (raw=1 skipped_attempted=0)
[INFO] [1789013630.370209624] [scan_executor_node]: PICK_ALL_DETECTED_TARGETS root/nw/se timeout=60s max_total_picks=0
[INFO] [1789013630.370418950] [scan_executor_node]: PICK_ATTEMPT_BLACKLIST_ADD pos=(-120,783,760)mm radius=25mm
[INFO] [1789013630.370688347] [scan_executor_node]: PICK_TRIGGER root/nw/se 1/1 pos=(-120,783,760)mm
[INFO] [1789013662.900247358] [scan_executor_node]: PICK_ATTEMPT_DONE root/nw/se 1/1 — planner sequence ended (success is verified by gripper/manual KPI, not this Empty topic)
[INFO] [1789013662.900509598] [scan_executor_node]: PICK_ATTEMPT_SETTLE 1.0s before next target
[INFO] [1789013663.901627368] [scan_executor_node]: PICK_SEQUENCE_DONE root/nw/se — 1/1 attempted
[INFO] [1789013663.901885371] [scan_executor_node]: SUBCELL_EMPTY root/nw/nw no pick candidate
[INFO] [1789013663.902077978] [scan_executor_node]: SUBCELL_EMPTY root/nw/ne no pick candidate
[INFO] [1789013663.902256867] [scan_executor_node]: INTER_CELL_DIRECT — no overview reset; continuing to next cell
[INFO] [1789013663.902428189] [scan_executor_node]: CELL_RESCAN_AFTER_PICK root/nw pass=1 — checking remaining targets
[INFO] [1789013663.902706304] [scan_executor_node]: MOVING_TO root/nw  endpoint_deg=[144.1 22.9 -1.0 -238.5 -75.3 108.7]  (direct MoveJoint, YAML pose)
[INFO] [1789013663.902917599] [scan_executor_node]: Joint equivalent rewrite J4 -238.5 -> 121.5 deg (current 121.5, shorter by 360.0 deg)
[INFO] [1789013663.903124704] [scan_executor_node]: Joint equivalent rewrite J4 -238.5 -> 121.5 deg (current 121.5, shorter by 360.0 deg)
[INFO] [1789013663.953637560] [scan_executor_node]: MoveJoint response: success=True  target=[144.1 22.9 -1.0 121.5 -75.3 108.7]  vel=120.0  acc=180.0
[INFO] [1789013663.954130815] [scan_executor_node]: AT_SCAN_POSE root/nw joints_deg=[144.1 23.0 -0.9 121.5 -75.3 108.7] — adaptive detection wait up to 3.0s
[INFO] [1789013666.960362435] [scan_executor_node]: SCANNED_EMPTY root/nw no detection in dwell window
[INFO] [1789013666.960799259] [scan_executor_node]: INTER_CELL_DIRECT — no overview reset; continuing to next cell
[INFO] [1789013666.961397431] [scan_executor_node]: MOVING_TO root/ne  endpoint_deg=[18.9 26.0 1.0 74.6 78.2 -115.6]  (direct MoveJoint, YAML pose)
[INFO] [1789013666.961840057] [scan_executor_node]: Joint equivalent rewrite J6 -115.6 -> 244.4 deg (current 108.7, shorter by 88.6 deg)
[INFO] [1789013666.962206886] [scan_executor_node]: Joint equivalent rewrite J6 -115.6 -> 244.4 deg (current 108.7, shorter by 88.6 deg)
[INFO] [1789013668.214449907] [scan_executor_node]: MoveJoint response: success=True  target=[18.9 26.0 1.0 74.6 78.2 244.4]  vel=120.0  acc=180.0
[INFO] [1789013668.214907057] [scan_executor_node]: AT_SCAN_POSE root/ne joints_deg=[19.0 26.2 1.5 74.7 79.1 244.4] — adaptive detection wait up to 3.0s
[INFO] [1789013671.219590436] [scan_executor_node]: TARGET_FOUND root/ne 3 pick candidate(s) detected
[INFO] [1789013671.219988824] [scan_executor_node]: SUBCELL_SCAN_ORDER root/ne root/ne/sw:1  root/ne/se:0  root/ne/nw:0  root/ne/ne:0
[INFO] [1789013671.220401188] [scan_executor_node]: PICK_SEQUENCE_START root/ne/sw — 1 candidate targets (raw=1 skipped_attempted=0)
[INFO] [1789013671.220664350] [scan_executor_node]: PICK_ALL_DETECTED_TARGETS root/ne/sw timeout=60s max_total_picks=0
[INFO] [1789013671.220930991] [scan_executor_node]: PICK_ATTEMPT_BLACKLIST_ADD pos=(200,783,740)mm radius=25mm
[INFO] [1789013671.221247155] [scan_executor_node]: PICK_TRIGGER root/ne/sw 1/1 pos=(200,783,740)mm
[INFO] [1789013701.671402977] [scan_executor_node]: PICK_ATTEMPT_DONE root/ne/sw 1/1 — planner sequence ended (success is verified by gripper/manual KPI, not this Empty topic)
[INFO] [1789013701.671602454] [scan_executor_node]: PICK_ATTEMPT_SETTLE 1.0s before next target
[INFO] [1789013702.672598467] [scan_executor_node]: PICK_SEQUENCE_DONE root/ne/sw — 1/1 attempted
[INFO] [1789013702.672816727] [scan_executor_node]: SUBCELL_EMPTY root/ne/se no pick candidate
[INFO] [1789013702.672996944] [scan_executor_node]: SUBCELL_EMPTY root/ne/nw no pick candidate
[INFO] [1789013702.673170200] [scan_executor_node]: SUBCELL_EMPTY root/ne/ne no pick candidate
[INFO] [1789013702.673337883] [scan_executor_node]: INTER_CELL_DIRECT — no overview reset; continuing to next cell
[INFO] [1789013702.673495673] [scan_executor_node]: CELL_RESCAN_AFTER_PICK root/ne pass=1 — checking remaining targets
[INFO] [1789013702.673770710] [scan_executor_node]: MOVING_TO root/ne  endpoint_deg=[18.9 26.0 1.0 74.6 78.2 -115.6]  (direct MoveJoint, YAML pose)
[INFO] [1789013702.673969537] [scan_executor_node]: Joint equivalent rewrite J6 -115.6 -> 244.4 deg (current 244.4, shorter by 360.0 deg)
[INFO] [1789013702.674162601] [scan_executor_node]: Joint equivalent rewrite J6 -115.6 -> 244.4 deg (current 244.4, shorter by 360.0 deg)
[INFO] [1789013702.724547840] [scan_executor_node]: MoveJoint response: success=True  target=[18.9 26.0 1.0 74.6 78.2 244.4]  vel=120.0  acc=180.0
[INFO] [1789013702.724883846] [scan_executor_node]: AT_SCAN_POSE root/ne joints_deg=[18.9 26.1 1.0 74.6 78.2 244.4] — adaptive detection wait up to 3.0s
[INFO] [1789013705.729063989] [scan_executor_node]: SCANNED_EMPTY root/ne no detection in dwell window
[INFO] [1789013705.729260744] [scan_executor_node]: INTER_CELL_DIRECT — no overview reset; continuing to next cell
[INFO] [1789013705.729543684] [scan_executor_node]: MOVING_TO root/sw  endpoint_deg=[150.3 -11.9 109.1 -97.8 63.3 10.5]  (direct MoveJoint, YAML pose)
[INFO] [1789013705.729761324] [scan_executor_node]: TRANSIT_VIA_OVERVIEW root/ne -> root/sw — 비인접 분면, MoveJoint 폴백은 overview 경유
[INFO] [1789013706.881811610] [scan_executor_node]: MoveJoint response: success=True  target=[88.0 -94.9 129.9 175.9 -31.3 93.4]  vel=120.0  acc=180.0
[INFO] [1789013706.933154660] [scan_executor_node]: Joint equivalent rewrite J4 -97.8 -> 262.2 deg (current 175.6, shorter by 186.9 deg)
[INFO] [1789013707.684526168] [scan_executor_node]: MoveJoint response: success=True  target=[150.3 -11.9 109.1 262.2 63.3 10.5]  vel=120.0  acc=180.0
[INFO] [1789013707.684958792] [scan_executor_node]: AT_SCAN_POSE root/sw joints_deg=[149.9 -12.4 109.2 262.8 62.2 10.8] — adaptive detection wait up to 3.0s
[INFO] [1789013710.689754796] [scan_executor_node]: TARGET_FOUND root/sw 9 pick candidate(s) detected
[INFO] [1789013710.690369460] [scan_executor_node]: SUBCELL_SCAN_ORDER root/sw root/sw/sw:0  root/sw/se:1  root/sw/nw:1  root/sw/ne:1
[INFO] [1789013710.690787629] [scan_executor_node]: SUBCELL_EMPTY root/sw/sw no pick candidate
[INFO] [1789013710.691370622] [scan_executor_node]: PICK_SEQUENCE_START root/sw/se — 1 candidate targets (raw=1 skipped_attempted=0)
[INFO] [1789013710.691744488] [scan_executor_node]: PICK_ALL_DETECTED_TARGETS root/sw/se timeout=60s max_total_picks=0
[INFO] [1789013710.692132975] [scan_executor_node]: PICK_ATTEMPT_BLACKLIST_ADD pos=(-100,783,440)mm radius=25mm
[INFO] [1789013710.692582281] [scan_executor_node]: PICK_TRIGGER root/sw/se 1/1 pos=(-100,783,440)mm
[INFO] [1789013739.209168601] [scan_executor_node]: PICK_ATTEMPT_DONE root/sw/se 1/1 — planner sequence ended (success is verified by gripper/manual KPI, not this Empty topic)
[INFO] [1789013739.209605646] [scan_executor_node]: PICK_ATTEMPT_SETTLE 1.0s before next target
[INFO] [1789013740.210801760] [scan_executor_node]: PICK_SEQUENCE_DONE root/sw/se — 1/1 attempted
[INFO] [1789013740.211544028] [scan_executor_node]: PICK_SEQUENCE_START root/sw/nw — 1 candidate targets (raw=1 skipped_attempted=0)
[INFO] [1789013740.211934846] [scan_executor_node]: PICK_ALL_DETECTED_TARGETS root/sw/nw timeout=60s max_total_picks=0
[INFO] [1789013740.212342269] [scan_executor_node]: PICK_ATTEMPT_BLACKLIST_ADD pos=(-250,783,500)mm radius=25mm
[INFO] [1789013740.212794648] [scan_executor_node]: PICK_TRIGGER root/sw/nw 1/1 pos=(-250,783,500)mm
[INFO] [1789013768.605536029] [scan_executor_node]: PICK_ATTEMPT_DONE root/sw/nw 1/1 — planner sequence ended (success is verified by gripper/manual KPI, not this Empty topic)
[INFO] [1789013768.605954030] [scan_executor_node]: PICK_ATTEMPT_SETTLE 1.0s before next target
[INFO] [1789013769.606977469] [scan_executor_node]: PICK_SEQUENCE_DONE root/sw/nw — 1/1 attempted
[INFO] [1789013769.607836408] [scan_executor_node]: PICK_SEQUENCE_START root/sw/ne — 1 candidate targets (raw=1 skipped_attempted=0)
[INFO] [1789013769.608293609] [scan_executor_node]: PICK_ALL_DETECTED_TARGETS root/sw/ne timeout=60s max_total_picks=0
[INFO] [1789013769.608765678] [scan_executor_node]: PICK_ATTEMPT_BLACKLIST_ADD pos=(-220,783,560)mm radius=25mm
[INFO] [1789013769.609315118] [scan_executor_node]: PICK_TRIGGER root/sw/ne 1/1 pos=(-220,783,560)mm
[INFO] [1789013798.603226331] [scan_executor_node]: PICK_ATTEMPT_DONE root/sw/ne 1/1 — planner sequence ended (success is verified by gripper/manual KPI, not this Empty topic)
[INFO] [1789013798.603452834] [scan_executor_node]: PICK_ATTEMPT_SETTLE 1.0s before next target
[INFO] [1789013799.604718210] [scan_executor_node]: PICK_SEQUENCE_DONE root/sw/ne — 1/1 attempted
[INFO] [1789013799.605228133] [scan_executor_node]: CELL_RESCAN_AFTER_PICK root/sw pass=1 — checking remaining targets
[INFO] [1789013799.606574704] [scan_executor_node]: MOVING_TO root/sw  endpoint_deg=[150.3 -11.9 109.1 -97.8 63.3 10.5]  (direct MoveJoint, YAML pose)
[INFO] [1789013799.607016814] [scan_executor_node]: Joint equivalent rewrite J4 -97.8 -> 262.2 deg (current 262.2, shorter by 360.0 deg)
[INFO] [1789013799.607451097] [scan_executor_node]: Joint equivalent rewrite J4 -97.8 -> 262.2 deg (current 262.2, shorter by 360.0 deg)
[INFO] [1789013799.658071340] [scan_executor_node]: MoveJoint response: success=True  target=[150.3 -11.9 109.1 262.2 63.3 10.5]  vel=120.0  acc=180.0
[INFO] [1789013799.658676533] [scan_executor_node]: AT_SCAN_POSE root/sw joints_deg=[150.2 -11.8 109.1 262.2 63.3 10.5] — adaptive detection wait up to 3.0s
[INFO] [1789013802.664087117] [scan_executor_node]: SCANNED_EMPTY root/sw no detection in dwell window
[INFO] [1789013802.664484826] [scan_executor_node]: RETURNING_TO_OVERVIEW
[INFO] [1789013803.415878174] [scan_executor_node]: MoveJoint response: success=True  target=[88.0 -94.9 129.9 175.9 -31.3 93.4]  vel=120.0  acc=180.0
[INFO] [1789013803.466619724] [scan_executor_node]: AT_OVERVIEW joints_deg=[88.1 -94.3 129.9 176.4 -30.7 93.1]
[INFO] [1789013803.467728477] [scan_executor_node]: HARVEST_PRIORITY_ORDER root/nw:0  root/ne:0  root/sw:0
[INFO] [1789013803.468097707] [scan_executor_node]: SCAN_COMPLETE
[INFO] [1789013803.468959796] [scan_executor_node]: READY_FOR_NEXT_START
