[INFO] [1789456827.316095254] [scan_executor_node]: Loaded 4 scan targets from /home/oceanshape/strawberry_grasp_environment/install/strawberry_motion/share/strawberry_motion/config/scan_pose_candidates_refit_candidate.yaml
[INFO] [1789456827.316309508] [scan_executor_node]: MoveJoint speeds: scan vel=120.0 acc=180.0, overview return vel=120.0 acc=180.0
[INFO] [1789456827.316461938] [scan_executor_node]: MoveJoint service dispatch timeout: 30.0s; arrival is verified from /joint_states
[INFO] [1789456827.945251801] [scan_executor_node]: SUBDIVIDE_IK_READY min_candidates=3 max_joint_delta=60deg seeds=32 init=0.6s subcell_ee_y=0.433
[INFO] [1789456827.954566648] [scan_executor_node]: scan_executor_node ready; explicit /strawberry/scan/start required
[harvest_probe] 계측 부착: role=scan -> /tmp/harvest_hud_scan.json
[INFO] [1789456828.167380995] [scan_executor_node]: START_ACCEPTED explicit request; initial pose verified
[INFO] [1789456828.168566574] [scan_executor_node]: TRAVERSAL_SCAN_STARTED cells=['root/nw', 'root/ne', 'root/se', 'root/sw'] (4/4 quadrants)
[INFO] [1789456828.169158939] [scan_executor_node]: OVERVIEW_SCAN_STARTED — scene_positions 로 분면별 익은 과실 판정, 최대 3.0s
[INFO] [1789456831.172170460] [scan_executor_node]: OVERVIEW_SCAN nw:2  ne:1  se:1  sw:4
[INFO] [1789456831.172632375] [scan_executor_node]: MOVING_TO root/nw  endpoint_deg=[144.1 22.9 -1.0 -238.5 -75.3 108.7]  (direct MoveJoint, YAML pose)
[INFO] [1789456831.172940302] [scan_executor_node]: Joint equivalent rewrite J4 -238.5 -> 121.5 deg (current 175.9, shorter by 360.0 deg)
[INFO] [1789456831.173179465] [scan_executor_node]: Joint equivalent rewrite J4 -238.5 -> 121.5 deg (current 175.9, shorter by 360.0 deg)
[INFO] [1789456833.227059218] [scan_executor_node]: MoveJoint response: success=True  target=[144.1 22.9 -1.0 121.5 -75.3 108.7]  vel=120.0  acc=180.0
[INFO] [1789456833.227430537] [scan_executor_node]: AT_SCAN_POSE root/nw joints_deg=[144.0 22.8 -0.8 121.6 -75.3 108.7] — adaptive detection wait up to 3.0s
[INFO] [1789456836.232405551] [scan_executor_node]: TARGET_FOUND root/nw 6 pick candidate(s) detected
[INFO] [1789456836.233007559] [scan_executor_node]: SUBCELL_SCAN_ORDER root/nw root/nw/sw:0  root/nw/se:1  root/nw/nw:1  root/nw/ne:0
[INFO] [1789456836.233403052] [scan_executor_node]: SUBDIVIDE_SKIP root/nw candidates=2 < 3 — 잎(leaf), 부모 자세에서 pick
[INFO] [1789456836.233863402] [scan_executor_node]: SUBCELL_EMPTY root/nw/sw no pick candidate
[INFO] [1789456836.234479624] [scan_executor_node]: PICK_SEQUENCE_START root/nw/se — 1 candidate targets (raw=1 skipped_attempted=0)
[INFO] [1789456836.234902574] [scan_executor_node]: PICK_ALL_DETECTED_TARGETS root/nw/se timeout=60s max_total_picks=0
[INFO] [1789456836.236156304] [scan_executor_node]: PICK_ATTEMPT_BLACKLIST_ADD pos=(-160,783,695)mm radius=25mm
[INFO] [1789456836.236660281] [scan_executor_node]: PICK_TRIGGER root/nw/se 1/1 pos=(-160,783,695)mm
[INFO] [1789456871.167918449] [scan_executor_node]: PICK_ATTEMPT_DONE root/nw/se 1/1 — planner sequence ended (success is verified by gripper/manual KPI, not this Empty topic)
[INFO] [1789456871.168337822] [scan_executor_node]: PICK_ATTEMPT_SETTLE 1.0s before next target
[INFO] [1789456872.169093196] [scan_executor_node]: PICK_SEQUENCE_DONE root/nw/se — 1/1 attempted
[INFO] [1789456872.169628735] [scan_executor_node]: PICK_SEQUENCE_START root/nw/nw — 1 candidate targets (raw=1 skipped_attempted=0)
[INFO] [1789456872.169809265] [scan_executor_node]: PICK_ALL_DETECTED_TARGETS root/nw/nw timeout=60s max_total_picks=0
[INFO] [1789456872.170090066] [scan_executor_node]: PICK_ATTEMPT_BLACKLIST_ADD pos=(-240,783,860)mm radius=25mm
[INFO] [1789456872.170399591] [scan_executor_node]: PICK_TRIGGER root/nw/nw 1/1 pos=(-240,783,860)mm
[INFO] [1789456875.593282105] [scan_executor_node]: PICK_ATTEMPT_DONE root/nw/nw 1/1 — planner sequence ended (success is verified by gripper/manual KPI, not this Empty topic)
[INFO] [1789456875.593590501] [scan_executor_node]: PICK_ATTEMPT_SETTLE 1.0s before next target
[INFO] [1789456876.594944037] [scan_executor_node]: PICK_SEQUENCE_DONE root/nw/nw — 1/1 attempted
[INFO] [1789456876.595189878] [scan_executor_node]: SUBCELL_EMPTY root/nw/ne no pick candidate
[INFO] [1789456876.595526510] [scan_executor_node]: INTER_CELL_DIRECT — no overview reset; continuing to next cell
[INFO] [1789456876.595707638] [scan_executor_node]: CELL_RESCAN_AFTER_PICK root/nw pass=1 — checking remaining targets
[INFO] [1789456876.596060339] [scan_executor_node]: MOVING_TO root/nw  endpoint_deg=[144.1 22.9 -1.0 -238.5 -75.3 108.7]  (direct MoveJoint, YAML pose)
[INFO] [1789456876.596270156] [scan_executor_node]: Joint equivalent rewrite J4 -238.5 -> 121.5 deg (current 121.5, shorter by 360.0 deg)
[INFO] [1789456876.596472553] [scan_executor_node]: Joint equivalent rewrite J4 -238.5 -> 121.5 deg (current 121.5, shorter by 360.0 deg)
[INFO] [1789456876.696940961] [scan_executor_node]: MoveJoint response: success=True  target=[144.1 22.9 -1.0 121.5 -75.3 108.7]  vel=120.0  acc=180.0
[INFO] [1789456876.697446015] [scan_executor_node]: AT_SCAN_POSE root/nw joints_deg=[144.1 23.0 -0.9 121.5 -75.3 108.7] — adaptive detection wait up to 3.0s
[INFO] [1789456879.703049949] [scan_executor_node]: TARGET_FOUND root/nw 3 pick candidate(s) detected
[INFO] [1789456879.703589912] [scan_executor_node]: SUBCELL_SCAN_ORDER root/nw root/nw/sw:0  root/nw/se:0  root/nw/nw:1  root/nw/ne:0
[INFO] [1789456879.704005958] [scan_executor_node]: SUBDIVIDE_SKIP root/nw candidates=1 < 3 — 잎(leaf), 부모 자세에서 pick
[INFO] [1789456879.704556939] [scan_executor_node]: SUBCELL_EMPTY root/nw/sw no pick candidate
[INFO] [1789456879.704999981] [scan_executor_node]: SUBCELL_EMPTY root/nw/se no pick candidate
[INFO] [1789456879.705588263] [scan_executor_node]: PICK_SKIP_ATTEMPTED root/nw/nw pos=(-240,783,860)mm
[INFO] [1789456879.706051473] [scan_executor_node]: PICK_SEQUENCE_START root/nw/nw — 0 candidate targets (raw=1 skipped_attempted=1)
[INFO] [1789456879.706405831] [scan_executor_node]: PICK_ALL_DETECTED_TARGETS root/nw/nw timeout=60s max_total_picks=0
[INFO] [1789456879.706789045] [scan_executor_node]: PICK_SEQUENCE_DONE root/nw/nw — 0/0 attempted
[INFO] [1789456879.707187005] [scan_executor_node]: SUBCELL_EMPTY root/nw/ne no pick candidate
[INFO] [1789456879.707487038] [scan_executor_node]: INTER_CELL_DIRECT — no overview reset; continuing to next cell
[INFO] [1789456879.707787839] [scan_executor_node]: MOVING_TO root/ne  endpoint_deg=[18.9 26.0 1.0 74.6 78.2 -115.6]  (direct MoveJoint, YAML pose)
[INFO] [1789456879.707976562] [scan_executor_node]: Joint equivalent rewrite J6 -115.6 -> 244.4 deg (current 108.7, shorter by 88.6 deg)
[INFO] [1789456879.708169518] [scan_executor_node]: Joint equivalent rewrite J6 -115.6 -> 244.4 deg (current 108.7, shorter by 88.6 deg)
[INFO] [1789456881.911874156] [scan_executor_node]: MoveJoint response: success=True  target=[18.9 26.0 1.0 74.6 78.2 244.4]  vel=120.0  acc=180.0
[INFO] [1789456881.912509138] [scan_executor_node]: AT_SCAN_POSE root/ne joints_deg=[19.0 26.0 1.1 74.6 78.0 244.3] — adaptive detection wait up to 3.0s
[INFO] [1789456884.917342780] [scan_executor_node]: TARGET_FOUND root/ne 3 pick candidate(s) detected
[INFO] [1789456884.917648690] [scan_executor_node]: SUBCELL_SCAN_ORDER root/ne root/ne/sw:0  root/ne/se:1  root/ne/nw:0  root/ne/ne:0
[INFO] [1789456884.917982182] [scan_executor_node]: SUBDIVIDE_SKIP root/ne candidates=1 < 3 — 잎(leaf), 부모 자세에서 pick
[INFO] [1789456884.918243195] [scan_executor_node]: SUBCELL_EMPTY root/ne/sw no pick candidate
[INFO] [1789456884.918610535] [scan_executor_node]: PICK_SEQUENCE_START root/ne/se — 1 candidate targets (raw=1 skipped_attempted=0)
[INFO] [1789456884.918775400] [scan_executor_node]: PICK_ALL_DETECTED_TARGETS root/ne/se timeout=60s max_total_picks=0
[INFO] [1789456884.919002957] [scan_executor_node]: PICK_ATTEMPT_BLACKLIST_ADD pos=(351,783,790)mm radius=25mm
[INFO] [1789456884.919224472] [scan_executor_node]: PICK_TRIGGER root/ne/se 1/1 pos=(351,783,790)mm
[INFO] [1789456887.207286676] [scan_executor_node]: PICK_ATTEMPT_DONE root/ne/se 1/1 — planner sequence ended (success is verified by gripper/manual KPI, not this Empty topic)
[INFO] [1789456887.207522914] [scan_executor_node]: PICK_ATTEMPT_SETTLE 1.0s before next target
[INFO] [1789456888.207993687] [scan_executor_node]: PICK_SEQUENCE_DONE root/ne/se — 1/1 attempted
[INFO] [1789456888.208316210] [scan_executor_node]: SUBCELL_EMPTY root/ne/nw no pick candidate
[INFO] [1789456888.208600507] [scan_executor_node]: SUBCELL_EMPTY root/ne/ne no pick candidate
[INFO] [1789456888.209022535] [scan_executor_node]: INTER_CELL_DIRECT — no overview reset; continuing to next cell
[INFO] [1789456888.209274569] [scan_executor_node]: CELL_RESCAN_AFTER_PICK root/ne pass=1 — checking remaining targets
[INFO] [1789456888.209672713] [scan_executor_node]: MOVING_TO root/ne  endpoint_deg=[18.9 26.0 1.0 74.6 78.2 -115.6]  (direct MoveJoint, YAML pose)
[INFO] [1789456888.209976416] [scan_executor_node]: Joint equivalent rewrite J6 -115.6 -> 244.4 deg (current 244.4, shorter by 360.0 deg)
[INFO] [1789456888.210261846] [scan_executor_node]: Joint equivalent rewrite J6 -115.6 -> 244.4 deg (current 244.4, shorter by 360.0 deg)
[INFO] [1789456888.260722920] [scan_executor_node]: MoveJoint response: success=True  target=[18.9 26.0 1.0 74.6 78.2 244.4]  vel=120.0  acc=180.0
[INFO] [1789456888.261135438] [scan_executor_node]: AT_SCAN_POSE root/ne joints_deg=[18.9 26.0 1.0 74.6 78.2 244.4] — adaptive detection wait up to 3.0s
[INFO] [1789456891.266491412] [scan_executor_node]: TARGET_FOUND root/ne 3 pick candidate(s) detected
[INFO] [1789456891.266819713] [scan_executor_node]: SUBCELL_SCAN_ORDER root/ne root/ne/sw:0  root/ne/se:1  root/ne/nw:0  root/ne/ne:0
[INFO] [1789456891.266997147] [scan_executor_node]: SUBDIVIDE_SKIP root/ne candidates=1 < 3 — 잎(leaf), 부모 자세에서 pick
[INFO] [1789456891.267208535] [scan_executor_node]: SUBCELL_EMPTY root/ne/sw no pick candidate
[INFO] [1789456891.267500451] [scan_executor_node]: PICK_SKIP_ATTEMPTED root/ne/se pos=(351,783,790)mm
[INFO] [1789456891.267763958] [scan_executor_node]: PICK_SEQUENCE_START root/ne/se — 0 candidate targets (raw=1 skipped_attempted=1)
[INFO] [1789456891.267956684] [scan_executor_node]: PICK_ALL_DETECTED_TARGETS root/ne/se timeout=60s max_total_picks=0
[INFO] [1789456891.268118628] [scan_executor_node]: PICK_SEQUENCE_DONE root/ne/se — 0/0 attempted
[INFO] [1789456891.268293860] [scan_executor_node]: SUBCELL_EMPTY root/ne/nw no pick candidate
[INFO] [1789456891.268462644] [scan_executor_node]: SUBCELL_EMPTY root/ne/ne no pick candidate
[INFO] [1789456891.268753822] [scan_executor_node]: INTER_CELL_DIRECT — no overview reset; continuing to next cell
[INFO] [1789456891.269202267] [scan_executor_node]: MOVING_TO root/se  endpoint_deg=[22.7 -4.6 103.6 97.7 68.2 -190.8]  (direct MoveJoint, YAML pose)
[INFO] [1789456891.269460586] [scan_executor_node]: Joint equivalent rewrite J6 -190.8 -> 169.2 deg (current 244.4, shorter by 360.0 deg)
[INFO] [1789456891.269666639] [scan_executor_node]: Joint equivalent rewrite J6 -190.8 -> 169.2 deg (current 244.4, shorter by 360.0 deg)
[INFO] [1789456893.022206934] [scan_executor_node]: MoveJoint response: success=True  target=[22.7 -4.6 103.6 97.7 68.2 169.2]  vel=120.0  acc=180.0
[INFO] [1789456893.022573389] [scan_executor_node]: AT_SCAN_POSE root/se joints_deg=[22.7 -4.5 103.3 97.6 68.2 169.4] — adaptive detection wait up to 3.0s
[INFO] [1789456896.026925570] [scan_executor_node]: TARGET_FOUND root/se 3 pick candidate(s) detected
[INFO] [1789456896.027275665] [scan_executor_node]: SUBCELL_SCAN_ORDER root/se root/se/sw:0  root/se/se:0  root/se/nw:1  root/se/ne:0
[INFO] [1789456896.027508633] [scan_executor_node]: SUBDIVIDE_SKIP root/se candidates=1 < 3 — 잎(leaf), 부모 자세에서 pick
[INFO] [1789456896.027716665] [scan_executor_node]: SUBCELL_EMPTY root/se/sw no pick candidate
[INFO] [1789456896.027881869] [scan_executor_node]: SUBCELL_EMPTY root/se/se no pick candidate
[INFO] [1789456896.028827663] [scan_executor_node]: PICK_SEQUENCE_START root/se/nw — 1 candidate targets (raw=1 skipped_attempted=0)
[INFO] [1789456896.029008770] [scan_executor_node]: PICK_ALL_DETECTED_TARGETS root/se/nw timeout=60s max_total_picks=0
[INFO] [1789456896.029188553] [scan_executor_node]: PICK_ATTEMPT_BLACKLIST_ADD pos=(223,783,472)mm radius=25mm
[INFO] [1789456896.029419683] [scan_executor_node]: PICK_TRIGGER root/se/nw 1/1 pos=(223,783,472)mm
[INFO] [1789456918.248763294] [scan_executor_node]: PICK_ATTEMPT_DONE root/se/nw 1/1 — planner sequence ended (success is verified by gripper/manual KPI, not this Empty topic)
[INFO] [1789456918.249053561] [scan_executor_node]: PICK_ATTEMPT_SETTLE 1.0s before next target
[INFO] [1789456919.249984447] [scan_executor_node]: PICK_SEQUENCE_DONE root/se/nw — 1/1 attempted
[INFO] [1789456919.250354514] [scan_executor_node]: SUBCELL_EMPTY root/se/ne no pick candidate
[INFO] [1789456919.250771581] [scan_executor_node]: INTER_CELL_DIRECT — no overview reset; continuing to next cell
[INFO] [1789456919.250970333] [scan_executor_node]: CELL_RESCAN_AFTER_PICK root/se pass=1 — checking remaining targets
[INFO] [1789456919.251316355] [scan_executor_node]: MOVING_TO root/se  endpoint_deg=[22.7 -4.6 103.6 97.7 68.2 -190.8]  (direct MoveJoint, YAML pose)
[INFO] [1789456919.251523224] [scan_executor_node]: Joint equivalent rewrite J6 -190.8 -> 169.2 deg (current 169.2, shorter by 360.0 deg)
[INFO] [1789456919.251722399] [scan_executor_node]: Joint equivalent rewrite J6 -190.8 -> 169.2 deg (current 169.2, shorter by 360.0 deg)
[INFO] [1789456919.302177067] [scan_executor_node]: MoveJoint response: success=True  target=[22.7 -4.6 103.6 97.7 68.2 169.2]  vel=120.0  acc=180.0
[INFO] [1789456919.302634572] [scan_executor_node]: AT_SCAN_POSE root/se joints_deg=[22.7 -4.5 103.6 97.7 68.2 169.2] — adaptive detection wait up to 3.0s
[INFO] [1789456922.308310595] [scan_executor_node]: SCANNED_EMPTY root/se no detection in dwell window
[INFO] [1789456922.308652435] [scan_executor_node]: INTER_CELL_DIRECT — no overview reset; continuing to next cell
[INFO] [1789456922.308969245] [scan_executor_node]: MOVING_TO root/sw  endpoint_deg=[150.3 -11.9 109.1 -97.8 63.3 10.5]  (direct MoveJoint, YAML pose)
[INFO] [1789456922.309216737] [scan_executor_node]: Joint equivalent rewrite J4 -97.8 -> 262.2 deg (current 97.7, shorter by 31.0 deg)
[INFO] [1789456922.309440708] [scan_executor_node]: Joint equivalent rewrite J4 -97.8 -> 262.2 deg (current 97.7, shorter by 31.0 deg)
[INFO] [1789456924.563250020] [scan_executor_node]: MoveJoint response: success=True  target=[150.3 -11.9 109.1 262.2 63.3 10.5]  vel=120.0  acc=180.0
[INFO] [1789456924.563847457] [scan_executor_node]: AT_SCAN_POSE root/sw joints_deg=[150.1 -11.9 109.1 261.9 63.3 10.7] — adaptive detection wait up to 3.0s
[INFO] [1789456927.568120296] [scan_executor_node]: TARGET_FOUND root/sw 12 pick candidate(s) detected
[INFO] [1789456927.568495963] [scan_executor_node]: SUBCELL_SCAN_ORDER root/sw root/sw/sw:0  root/sw/se:2  root/sw/nw:1  root/sw/ne:1
[INFO] [1789456927.568861704] [scan_executor_node]: SUBDIVIDE root/sw candidates=4 >= 3 cells=['se', 'nw', 'ne'] — 후보 있는 세부 칸만 세부 자세로 방문
[INFO] [1789456927.569030893] [scan_executor_node]: SUBCELL_EMPTY root/sw/sw no pick candidate — 2단 가지치기
[INFO] [1789456928.341434203] [scan_executor_node]: SUBCELL_POSE root/sw/se tier=lab_plane dJ_max=37.8deg dJ=[36 3 13 35 26 38] ee_mm=[-247.7, 317.3, 533.9] -> [-111.5, 433.0, 435.1] joints_deg=[114.4 -8.5 122.1 -132.9 37.6 48.3] (실기 깊이 2 평면 y=0.433 로 이동, 부모 시드 IK)
[INFO] [1789456928.341840151] [scan_executor_node]: MOVING_TO root/sw/se  endpoint_deg=[114.4 -8.5 122.1 -132.9 37.6 48.3]  (direct MoveJoint, YAML pose)
[INFO] [1789456928.342046088] [scan_executor_node]: Joint equivalent rewrite J4 -132.9 -> 227.1 deg (current 262.2, shorter by 360.0 deg)
[INFO] [1789456928.342247515] [scan_executor_node]: Joint equivalent rewrite J4 -132.9 -> 227.1 deg (current 262.2, shorter by 360.0 deg)
[INFO] [1789456929.494752522] [scan_executor_node]: MoveJoint response: success=True  target=[114.4 -8.5 122.1 227.1 37.6 48.3]  vel=120.0  acc=180.0
[INFO] [1789456929.495398886] [scan_executor_node]: AT_SCAN_POSE root/sw/se joints_deg=[114.6 -8.5 122.1 227.3 37.8 48.1] — adaptive detection wait up to 3.0s
[INFO] [1789456932.500570006] [scan_executor_node]: SUBCELL_SCAN root/sw/se raw=6 in_cell=6 unique=2 (분면 시야 중 이 칸의 것만)
[INFO] [1789456932.501006036] [scan_executor_node]: PICK_SEQUENCE_START root/sw/se — 2 candidate targets (raw=2 skipped_attempted=0)
[INFO] [1789456932.501257385] [scan_executor_node]: PICK_ALL_DETECTED_TARGETS root/sw/se timeout=60s max_total_picks=0
[INFO] [1789456932.501487888] [scan_executor_node]: PICK_ATTEMPT_BLACKLIST_ADD pos=(-222,783,407)mm radius=25mm
[INFO] [1789456932.501722986] [scan_executor_node]: PICK_TRIGGER root/sw/se 1/2 pos=(-222,783,407)mm
[INFO] [1789456963.632946567] [scan_executor_node]: PICK_ATTEMPT_DONE root/sw/se 1/2 — planner sequence ended (success is verified by gripper/manual KPI, not this Empty topic)
[INFO] [1789456963.633198278] [scan_executor_node]: PICK_ATTEMPT_SETTLE 1.0s before next target
[INFO] [1789456964.634375908] [scan_executor_node]: PICK_ATTEMPT_BLACKLIST_ADD pos=(-87,783,435)mm radius=25mm
[INFO] [1789456964.634940593] [scan_executor_node]: PICK_TRIGGER root/sw/se 2/2 pos=(-87,783,435)mm
[INFO] [1789456995.633437369] [scan_executor_node]: PICK_ATTEMPT_DONE root/sw/se 2/2 — planner sequence ended (success is verified by gripper/manual KPI, not this Empty topic)
[INFO] [1789456995.633863597] [scan_executor_node]: PICK_ATTEMPT_SETTLE 1.0s before next target
[INFO] [1789456996.635204038] [scan_executor_node]: PICK_SEQUENCE_DONE root/sw/se — 2/2 attempted
[INFO] [1789456996.848127250] [scan_executor_node]: SUBCELL_POSE root/sw/nw tier=lab_plane dJ_max=43.8deg dJ=[4 28 44 9 5 18] ee_mm=[-247.7, 317.3, 533.9] -> [-384.0, 433.0, 632.6] joints_deg=[146.3 15.8 65.3 -88.8 58.3 -7.7] (실기 깊이 2 평면 y=0.433 로 이동, 부모 시드 IK)
[INFO] [1789456996.848526572] [scan_executor_node]: MOVING_TO root/sw/nw  endpoint_deg=[146.3 15.8 65.3 -88.8 58.3 -7.7]  (direct MoveJoint, YAML pose)
[INFO] [1789456996.848724988] [scan_executor_node]: Joint equivalent rewrite J4 -88.8 -> 271.2 deg (current 227.1, shorter by 271.7 deg)
[INFO] [1789456996.848924843] [scan_executor_node]: Joint equivalent rewrite J4 -88.8 -> 271.2 deg (current 227.1, shorter by 271.7 deg)
[INFO] [1789456998.200919175] [scan_executor_node]: MoveJoint response: success=True  target=[146.3 15.8 65.3 271.2 58.3 -7.7]  vel=120.0  acc=180.0
[INFO] [1789456998.201286014] [scan_executor_node]: AT_SCAN_POSE root/sw/nw joints_deg=[146.1 15.7 65.5 271.0 58.2 -7.5] — adaptive detection wait up to 3.0s
[INFO] [1789457001.205502493] [scan_executor_node]: SUBCELL_SCAN root/sw/nw raw=3 in_cell=3 unique=1 (분면 시야 중 이 칸의 것만)
[INFO] [1789457001.206713433] [scan_executor_node]: PICK_SEQUENCE_START root/sw/nw — 1 candidate targets (raw=1 skipped_attempted=0)
[INFO] [1789457001.206900695] [scan_executor_node]: PICK_ALL_DETECTED_TARGETS root/sw/nw timeout=60s max_total_picks=0
[INFO] [1789457001.207180108] [scan_executor_node]: PICK_ATTEMPT_BLACKLIST_ADD pos=(-364,783,571)mm radius=25mm
[INFO] [1789457001.207744796] [scan_executor_node]: PICK_TRIGGER root/sw/nw 1/1 pos=(-364,783,571)mm
[INFO] [1789457032.649224096] [scan_executor_node]: PICK_ATTEMPT_DONE root/sw/nw 1/1 — planner sequence ended (success is verified by gripper/manual KPI, not this Empty topic)
[INFO] [1789457032.649624511] [scan_executor_node]: PICK_ATTEMPT_SETTLE 1.0s before next target
[INFO] [1789457033.651153461] [scan_executor_node]: PICK_SEQUENCE_DONE root/sw/nw — 1/1 attempted
[INFO] [1789457033.946728300] [scan_executor_node]: SUBCELL_POSE root/sw/ne tier=parent_y dJ_max=26.2deg dJ=[21 16 5 18 21 26] ee_mm=[-247.7, 317.3, 533.9] -> [-111.5, 317.3, 632.6] joints_deg=[129.1 -28.0 104.4 -80.2 42.0 -15.8] (부모 y 유지, x·z 평행이동, 부모 시드 IK)
[INFO] [1789457033.947107349] [scan_executor_node]: MOVING_TO root/sw/ne  endpoint_deg=[129.1 -28.0 104.4 -80.2 42.0 -15.8]  (direct MoveJoint, YAML pose)
[INFO] [1789457033.947315888] [scan_executor_node]: Joint equivalent rewrite J4 -80.2 -> 279.8 deg (current 271.2, shorter by 342.8 deg)
[INFO] [1789457033.947538282] [scan_executor_node]: Joint equivalent rewrite J4 -80.2 -> 279.8 deg (current 271.2, shorter by 342.8 deg)
[INFO] [1789457035.199799017] [scan_executor_node]: MoveJoint response: success=True  target=[129.1 -28.0 104.4 279.8 42.0 -15.8]  vel=120.0  acc=180.0
[INFO] [1789457035.200453970] [scan_executor_node]: AT_SCAN_POSE root/sw/ne joints_deg=[129.2 -27.8 104.3 279.8 42.1 -15.8] — adaptive detection wait up to 3.0s
[INFO] [1789457038.205102161] [scan_executor_node]: SUBCELL_SCAN root/sw/ne raw=3 in_cell=3 unique=1 (분면 시야 중 이 칸의 것만)
[INFO] [1789457038.205824571] [scan_executor_node]: PICK_SEQUENCE_START root/sw/ne — 1 candidate targets (raw=1 skipped_attempted=0)
[INFO] [1789457038.206216273] [scan_executor_node]: PICK_ALL_DETECTED_TARGETS root/sw/ne timeout=60s max_total_picks=0
[INFO] [1789457038.206621194] [scan_executor_node]: PICK_ATTEMPT_BLACKLIST_ADD pos=(31,783,502)mm radius=25mm
[INFO] [1789457038.207080429] [scan_executor_node]: PICK_TRIGGER root/sw/ne 1/1 pos=(31,783,502)mm
[INFO] [1789457068.880663084] [scan_executor_node]: PICK_ATTEMPT_DONE root/sw/ne 1/1 — planner sequence ended (success is verified by gripper/manual KPI, not this Empty topic)
[INFO] [1789457068.880975636] [scan_executor_node]: PICK_ATTEMPT_SETTLE 1.0s before next target
[INFO] [1789457069.881920858] [scan_executor_node]: PICK_SEQUENCE_DONE root/sw/ne — 1/1 attempted
[INFO] [1789457069.882332851] [scan_executor_node]: CELL_RESCAN_AFTER_PICK root/sw pass=1 — checking remaining targets
[INFO] [1789457069.882627193] [scan_executor_node]: MOVING_TO root/sw  endpoint_deg=[150.3 -11.9 109.1 -97.8 63.3 10.5]  (direct MoveJoint, YAML pose)
[INFO] [1789457069.882832105] [scan_executor_node]: Joint equivalent rewrite J4 -97.8 -> 262.2 deg (current 279.8, shorter by 360.0 deg)
[INFO] [1789457069.883030133] [scan_executor_node]: Joint equivalent rewrite J4 -97.8 -> 262.2 deg (current 279.8, shorter by 360.0 deg)
[INFO] [1789457070.884669550] [scan_executor_node]: MoveJoint response: success=True  target=[150.3 -11.9 109.1 262.2 63.3 10.5]  vel=120.0  acc=180.0
[INFO] [1789457070.885048447] [scan_executor_node]: AT_SCAN_POSE root/sw joints_deg=[150.1 -12.0 109.1 262.3 63.2 10.3] — adaptive detection wait up to 3.0s
[INFO] [1789457073.889441567] [scan_executor_node]: SCANNED_EMPTY root/sw no detection in dwell window
[INFO] [1789457073.889839052] [scan_executor_node]: RETURNING_TO_OVERVIEW
[INFO] [1789457075.592919647] [scan_executor_node]: MoveJoint response: success=True  target=[88.0 -94.9 129.9 175.9 -31.3 93.4]  vel=120.0  acc=180.0
[INFO] [1789457075.593463828] [scan_executor_node]: AT_OVERVIEW joints_deg=[88.1 -94.7 129.9 176.1 -31.2 93.3]
[INFO] [1789457075.593890704] [scan_executor_node]: HARVEST_PRIORITY_ORDER root/nw:3  root/ne:3  root/se:0  root/sw:0
[INFO] [1789457075.594279296] [scan_executor_node]: SCAN_COMPLETE
[INFO] [1789457075.594923188] [scan_executor_node]: READY_FOR_NEXT_START
