[INFO] [1789456820.515989197] [fake_vision_node]: Fake Vision Node initialized. (Mocking strawberry_fusion_node) quadrant_filter=True subcell_view=True
[harvest_probe] 계측 부착: role=vision -> /tmp/harvest_hud_vision.json
[WARN] [1789456820.726267101] [fake_vision_node]: BERRY_GEOMETRY: n=8  y=782.8~782.8mm  (기대 782.8mm, 편차 0.0mm)
[INFO] [1789456831.173138299] [fake_vision_node]: SCAN_CELL root/nw (SCANNING) -> 시야 = x[-0.495,0.050] z[0.660,1.055]
[INFO] [1789456879.707865857] [fake_vision_node]: SCAN_CELL root/ne (SCANNING) -> 시야 = x[0.050,0.595] z[0.660,1.055]
[INFO] [1789456891.269381764] [fake_vision_node]: SCAN_CELL root/se (SCANNING) -> 시야 = x[0.050,0.595] z[0.265,0.660]
[INFO] [1789456922.309182487] [fake_vision_node]: SCAN_CELL root/sw (SCANNING) -> 시야 = x[-0.495,0.050] z[0.265,0.660]
[INFO] [1789456929.495660062] [fake_vision_node]: SCAN_CELL root/sw/se (VIEWING) -> 시야 = x[-0.223,0.050] z[0.265,0.463]
[INFO] [1789456996.635982157] [fake_vision_node]: SCAN_CELL root/sw/se (PICK_ATTEMPTED) -> 시야 = x[-0.495,0.050] z[0.265,0.660]
[INFO] [1789456998.201725018] [fake_vision_node]: SCAN_CELL root/sw/nw (VIEWING) -> 시야 = x[-0.495,-0.223] z[0.463,0.660]
[INFO] [1789457033.651920833] [fake_vision_node]: SCAN_CELL root/sw/nw (PICK_ATTEMPTED) -> 시야 = x[-0.495,0.050] z[0.265,0.660]
Traceback (most recent call last):
  File "/home/oceanshape/strawberry_grasp_environment/install/strawberry_sim_core/lib/strawberry_sim_core/fake_vision_node", line 33, in <module>
    sys.exit(load_entry_point('strawberry-sim-core==0.0.0', 'console_scripts', 'fake_vision_node')())
  File "/home/oceanshape/strawberry_grasp_environment/install/strawberry_sim_core/lib/python3.10/site-packages/strawberry_sim_core/fake_vision_node.py", line 161, in main
    rclpy.spin(node)
  File "/opt/ros/humble/local/lib/python3.10/dist-packages/rclpy/__init__.py", line 229, in spin
    executor.spin_once()
  File "/opt/ros/humble/local/lib/python3.10/dist-packages/rclpy/executors.py", line 808, in spin_once
    self._spin_once_impl(timeout_sec)
  File "/opt/ros/humble/local/lib/python3.10/dist-packages/rclpy/executors.py", line 797, in _spin_once_impl
    handler, entity, node = self.wait_for_ready_callbacks(timeout_sec=timeout_sec)
  File "/opt/ros/humble/local/lib/python3.10/dist-packages/rclpy/executors.py", line 780, in wait_for_ready_callbacks
    return next(self._cb_iter)
  File "/opt/ros/humble/local/lib/python3.10/dist-packages/rclpy/executors.py", line 681, in _wait_for_ready_callbacks
    raise ExternalShutdownException()
rclpy.executors.ExternalShutdownException
