[INFO] [1789015321.529086987] [fake_vision_node]: Fake Vision Node initialized. (Mocking strawberry_fusion_node) quadrant_filter=True
[harvest_probe] 계측 부착: role=vision -> /tmp/harvest_hud_vision.json
[WARN] [1789015322.309077207] [fake_vision_node]: BERRY_GEOMETRY: n=6  y=782.8~782.8mm  (기대 782.8mm, 편차 0.0mm)
[INFO] [1789015361.304388801] [fake_vision_node]: SCAN_CELL root (SCANNING) -> 분면 필터 = 없음(전 분면)
[INFO] [1789015363.807633060] [fake_vision_node]: SCAN_CELL root/se (SCANNED_EMPTY) -> 분면 필터 = se
[INFO] [1789015363.808289887] [fake_vision_node]: SCAN_CELL root/nw (SCANNING) -> 분면 필터 = nw
[INFO] [1789015367.967815595] [fake_vision_node]: SCAN_CELL root/nw/sw (SCANNING) -> 분면 필터 = nw
[INFO] [1789015403.264543566] [fake_vision_node]: SCAN_CELL root/nw/se (SCANNING) -> 분면 필터 = nw
[INFO] [1789015434.996579398] [fake_vision_node]: SCAN_CELL root/nw/nw (SCANNING) -> 분면 필터 = nw
[INFO] [1789015434.997372265] [fake_vision_node]: SCAN_CELL root/nw/ne (SCANNING) -> 분면 필터 = nw
[INFO] [1789015434.998275418] [fake_vision_node]: SCAN_CELL root/nw (SCANNING) -> 분면 필터 = nw
[INFO] [1789015438.054119398] [fake_vision_node]: SCAN_CELL root/ne (SCANNING) -> 분면 필터 = ne
[INFO] [1789015442.313933548] [fake_vision_node]: SCAN_CELL root/ne/sw (SCANNING) -> 분면 필터 = ne
[INFO] [1789015473.170853960] [fake_vision_node]: SCAN_CELL root/ne/se (SCANNING) -> 분면 필터 = ne
[INFO] [1789015473.171616672] [fake_vision_node]: SCAN_CELL root/ne/nw (SCANNING) -> 분면 필터 = ne
[INFO] [1789015473.172589727] [fake_vision_node]: SCAN_CELL root/ne/ne (SCANNING) -> 분면 필터 = ne
[INFO] [1789015473.173749321] [fake_vision_node]: SCAN_CELL root/ne (SCANNING) -> 분면 필터 = ne
[INFO] [1789015476.231019008] [fake_vision_node]: SCAN_CELL root/sw (SCANNING) -> 분면 필터 = sw
[INFO] [1789015481.193170552] [fake_vision_node]: SCAN_CELL root/sw/sw (SCANNING) -> 분면 필터 = sw
[INFO] [1789015481.193607350] [fake_vision_node]: SCAN_CELL root/sw/se (SCANNING) -> 분면 필터 = sw
[INFO] [1789015511.367832624] [fake_vision_node]: SCAN_CELL root/sw/nw (SCANNING) -> 분면 필터 = sw
[INFO] [1789015541.082082541] [fake_vision_node]: SCAN_CELL root/sw/ne (SCANNING) -> 분면 필터 = sw
[INFO] [1789015571.209904235] [fake_vision_node]: SCAN_CELL root/sw (SCANNING) -> 분면 필터 = sw
