[INFO] [1789015323.330144146] [sim_executor_bridge_node]: Sim Executor Bridge Node initializing...
[WARN] [1789015323.658698315] [sim_executor_bridge_node]: MOVELINE_COLLISION_WORLD: ['whiteboard'] loaded from /home/oceanshape/strawberry_grasp_environment/install/e0509_gripper_description/share/e0509_gripper_description/config/environment.yaml
[INFO] [1789015324.003993876] [sim_executor_bridge_node]: cuRobo IK Solver successfully initialized for MoveLine.
[WARN] [1789015324.004254388] [sim_executor_bridge_node]: GRASP_JUDGE_MODEL: tool_tcp_offset=236mm capture_radius=38mm enabled=True sim_speed_scale=2.0 gripper_close=1.080rad — planner 의 ee_to_tcp_offset_m 과 반드시 같아야 한다 (다르면 전 타겟 GRASP_EMPTY)
[INFO] [1789015324.004423044] [sim_executor_bridge_node]: Sim Executor Bridge Node Ready! (Listening to Doosan & Gripper services)
[harvest_probe] 계측 부착: role=controller -> /tmp/harvest_hud_controller.json
[INFO] [1789015336.990712056] [sim_executor_bridge_node]: SetPosition called to 600
[INFO] [1789015363.810325574] [sim_executor_bridge_node]: MoveJoint called to [144.09  22.9   -1.   121.48 -75.31 108.68]
[INFO] [1789015368.022981943] [sim_executor_bridge_node]: SetPosition called to 600
[INFO] [1789015371.792255116] [sim_executor_bridge_node]: MoveSplineJoint called with 12 points
[INFO] [1789015372.334437923] [sim_executor_bridge_node]: MoveSpline ok: 12 pts / 0.35s -> end=[128.5 48.2 -28.9 139.9 -75.0 103.0]deg
[INFO] [1789015372.645547812] [sim_executor_bridge_node]: MoveLine called (pos=[ 0.  0. 45.  0.  0.  0.], ref=1, mode=1)
[INFO] [1789015377.087669151] [sim_executor_bridge_node]: MOVELINE_END_ERR: along=-0.9mm lateral=1.1mm |err|=1.4mm (명령 45mm, TOOL)
[INFO] [1789015377.088160568] [sim_executor_bridge_node]: MoveLine 실이동 44.1mm / 명령 45mm
[INFO] [1789015377.088577119] [sim_executor_bridge_node]: MoveLine ok: 45mm / 23 steps / 계획 0.37s 실소요 4.43s (worst step joint delta 1.6deg)
[INFO] [1789015377.105775283] [sim_executor_bridge_node]: MoveLine called (pos=[  0.        0.      -30.00054   0.        0.        0.     ], ref=0, mode=1)
[INFO] [1789015379.429901690] [sim_executor_bridge_node]: MOVELINE_END_ERR: along=-1.8mm lateral=0.6mm |err|=1.9mm (명령 30mm, BASE)
[INFO] [1789015379.430124908] [sim_executor_bridge_node]: MoveLine 실이동 28.2mm / 명령 30mm
[INFO] [1789015379.430310763] [sim_executor_bridge_node]: MoveLine ok: 30mm / 16 steps / 계획 0.38s 실소요 2.32s (worst step joint delta 2.2deg)
[INFO] [1789015379.459987859] [sim_executor_bridge_node]: SetPosition called to 700
[INFO] [1789015379.463716573] [sim_executor_bridge_node]: GRASP_JUDGE 줄기기준 along=+15.0mm(조우 -6~27) lateral=1.3mm(허용20) | 과실기준 d_tcp=37.4mm -> CONTACT
[INFO] [1789015379.463968783] [sim_executor_bridge_node]: GRASP_ATTACH 과실 (-250, 783, 740)mm -> /sim/grasp_event
[INFO] [1789015379.861960387] [sim_executor_bridge_node]: MoveLine called (pos=[  0.   0. -40.   0.   0.   0.], ref=0, mode=1)
[INFO] [1789015382.744455306] [sim_executor_bridge_node]: MOVELINE_END_ERR: along=-2.3mm lateral=0.4mm |err|=2.3mm (명령 40mm, BASE)
[INFO] [1789015382.744690503] [sim_executor_bridge_node]: MoveLine 실이동 37.7mm / 명령 40mm
[INFO] [1789015382.744904456] [sim_executor_bridge_node]: MoveLine ok: 40mm / 20 steps / 계획 0.40s 실소요 2.88s (worst step joint delta 0.9deg)
[INFO] [1789015382.769427165] [sim_executor_bridge_node]: MoveLine called (pos=[  0.   0. -45.   0.   0.   0.], ref=1, mode=1)
[INFO] [1789015385.723481704] [sim_executor_bridge_node]: MOVELINE_END_ERR: along=-3.0mm lateral=0.2mm |err|=3.0mm (명령 45mm, TOOL)
[ERROR] [1789015385.723695919] [sim_executor_bridge_node]: MOVELINE_SHORT: 명령 45mm 인데 실제 42.0mm (부족 3.0mm, 도착판정 True, TOOL dz=-45.0mm) — 이 잔차는 다음 상대 이동에 그대로 전파된다
[INFO] [1789015385.723860166] [sim_executor_bridge_node]: MoveLine ok: 45mm / 23 steps / 계획 0.28s 실소요 2.95s (worst step joint delta 0.4deg)
[INFO] [1789015387.479621649] [sim_executor_bridge_node]: MoveSplineJoint called with 12 points
[INFO] [1789015389.166470774] [sim_executor_bridge_node]: MoveSpline ok: 12 pts / 1.48s -> end=[184.4 -31.0 -123.9 175.6 -64.6 274.7]deg
[INFO] [1789015389.182661828] [sim_executor_bridge_node]: MoveLine called (pos=[   0.    0. -120.    0.    0.    0.], ref=0, mode=1)
[INFO] [1789015389.183583204] [sim_executor_bridge_node]: MoveLine 120mm: 60 -> 24 steps (5.0mm/step, 자유공간 이송)
[INFO] [1789015393.721414193] [sim_executor_bridge_node]: MOVELINE_END_ERR: along=-3.9mm lateral=0.1mm |err|=3.9mm (명령 120mm, BASE)
[INFO] [1789015393.721621204] [sim_executor_bridge_node]: MoveLine 실이동 116.1mm / 명령 120mm
[INFO] [1789015393.721775674] [sim_executor_bridge_node]: MoveLine ok: 120mm / 24 steps / 계획 1.50s 실소요 4.54s (worst step joint delta 0.9deg)
[INFO] [1789015393.740855777] [sim_executor_bridge_node]: SetPosition called to 600
[INFO] [1789015393.741293696] [sim_executor_bridge_node]: GRASP_RELEASE -> /sim/grasp_event
[INFO] [1789015394.804489874] [sim_executor_bridge_node]: MoveSplineJoint called with 12 points
[INFO] [1789015395.300633319] [sim_executor_bridge_node]: MoveSpline ok: 12 pts / 0.35s -> end=[184.4 -31.0 -123.9 175.6 -64.6 274.7]deg
[INFO] [1789015400.303221321] [sim_executor_bridge_node]: MoveSplineJoint called with 12 points
[INFO] [1789015402.202985880] [sim_executor_bridge_node]: MoveSpline ok: 12 pts / 1.39s -> end=[144.1 23.0 -1.0 121.5 -75.3 108.7]deg
[INFO] [1789015402.211364764] [sim_executor_bridge_node]: SetPosition called to 600
[INFO] [1789015403.318020940] [sim_executor_bridge_node]: SetPosition called to 600
[INFO] [1789015408.497954989] [sim_executor_bridge_node]: MoveSplineJoint called with 12 points
[INFO] [1789015409.079099516] [sim_executor_bridge_node]: MoveSpline ok: 12 pts / 0.35s -> end=[110.9 9.6 37.8 150.6 -46.6 111.9]deg
[INFO] [1789015409.401138919] [sim_executor_bridge_node]: MoveLine called (pos=[ 0.  0. 45.  0.  0.  0.], ref=1, mode=1)
[INFO] [1789015412.764356368] [sim_executor_bridge_node]: MOVELINE_END_ERR: along=-1.5mm lateral=1.4mm |err|=2.0mm (명령 45mm, TOOL)
[INFO] [1789015412.764554042] [sim_executor_bridge_node]: MoveLine 실이동 43.6mm / 명령 45mm
[INFO] [1789015412.764730472] [sim_executor_bridge_node]: MoveLine ok: 45mm / 23 steps / 계획 0.37s 실소요 3.36s (worst step joint delta 0.7deg)
[INFO] [1789015412.807994382] [sim_executor_bridge_node]: MoveLine called (pos=[  0.        0.      -30.00054   0.        0.        0.     ], ref=0, mode=1)
[INFO] [1789015415.253688167] [sim_executor_bridge_node]: MOVELINE_END_ERR: along=-1.3mm lateral=1.2mm |err|=1.7mm (명령 30mm, BASE)
[INFO] [1789015415.253935345] [sim_executor_bridge_node]: MoveLine 실이동 28.8mm / 명령 30mm
[INFO] [1789015415.254109023] [sim_executor_bridge_node]: MoveLine ok: 30mm / 16 steps / 계획 0.38s 실소요 2.44s (worst step joint delta 1.0deg)
[INFO] [1789015415.262454951] [sim_executor_bridge_node]: SetPosition called to 700
[INFO] [1789015415.266621002] [sim_executor_bridge_node]: GRASP_JUDGE 줄기기준 along=+13.7mm(조우 -6~27) lateral=3.7mm(허용20) | 과실기준 d_tcp=34.8mm -> CONTACT
[INFO] [1789015415.267150606] [sim_executor_bridge_node]: GRASP_ATTACH 과실 (-120, 783, 760)mm -> /sim/grasp_event
[INFO] [1789015415.664156287] [sim_executor_bridge_node]: MoveLine called (pos=[  0.   0. -40.   0.   0.   0.], ref=0, mode=1)
[INFO] [1789015418.524269245] [sim_executor_bridge_node]: MOVELINE_END_ERR: along=-1.6mm lateral=0.9mm |err|=1.8mm (명령 40mm, BASE)
[INFO] [1789015418.524486019] [sim_executor_bridge_node]: MoveLine 실이동 38.4mm / 명령 40mm
[INFO] [1789015418.524649575] [sim_executor_bridge_node]: MoveLine ok: 40mm / 20 steps / 계획 0.40s 실소요 2.86s (worst step joint delta 0.7deg)
[INFO] [1789015418.571427184] [sim_executor_bridge_node]: MoveLine called (pos=[  0.   0. -45.   0.   0.   0.], ref=1, mode=1)
[INFO] [1789015421.531303574] [sim_executor_bridge_node]: MOVELINE_END_ERR: along=-3.7mm lateral=1.0mm |err|=3.8mm (명령 45mm, TOOL)
[ERROR] [1789015421.531521529] [sim_executor_bridge_node]: MOVELINE_SHORT: 명령 45mm 인데 실제 41.3mm (부족 3.7mm, 도착판정 True, TOOL dz=-45.0mm) — 이 잔차는 다음 상대 이동에 그대로 전파된다
[INFO] [1789015421.531705058] [sim_executor_bridge_node]: MoveLine ok: 45mm / 23 steps / 계획 0.28s 실소요 2.96s (worst step joint delta 0.4deg)
[INFO] [1789015423.158330234] [sim_executor_bridge_node]: MoveSplineJoint called with 12 points
[INFO] [1789015424.308826618] [sim_executor_bridge_node]: MoveSpline ok: 12 pts / 0.89s -> end=[6.0 26.4 134.0 177.4 70.0 93.7]deg
[INFO] [1789015424.312737198] [sim_executor_bridge_node]: MoveLine called (pos=[   0.    0. -120.    0.    0.    0.], ref=0, mode=1)
[INFO] [1789015424.314934461] [sim_executor_bridge_node]: MoveLine 120mm: 60 -> 24 steps (5.0mm/step, 자유공간 이송)
[INFO] [1789015428.877349430] [sim_executor_bridge_node]: MOVELINE_END_ERR: along=-3.6mm lateral=0.1mm |err|=3.6mm (명령 120mm, BASE)
[INFO] [1789015428.877661799] [sim_executor_bridge_node]: MoveLine 실이동 116.4mm / 명령 120mm
[INFO] [1789015428.877855536] [sim_executor_bridge_node]: MoveLine ok: 120mm / 24 steps / 계획 1.50s 실소요 4.56s (worst step joint delta 1.0deg)
[INFO] [1789015428.921207520] [sim_executor_bridge_node]: SetPosition called to 600
[INFO] [1789015428.921644934] [sim_executor_bridge_node]: GRASP_RELEASE -> /sim/grasp_event
[INFO] [1789015429.946515823] [sim_executor_bridge_node]: MoveSplineJoint called with 12 points
[INFO] [1789015430.449675427] [sim_executor_bridge_node]: MoveSpline ok: 12 pts / 0.36s -> end=[6.0 26.4 134.0 177.4 70.0 93.7]deg
[INFO] [1789015432.392164943] [sim_executor_bridge_node]: MoveSplineJoint called with 12 points
[INFO] [1789015433.894321768] [sim_executor_bridge_node]: MoveSpline ok: 12 pts / 1.26s -> end=[144.1 23.0 -0.9 121.5 -75.3 108.7]deg
[INFO] [1789015433.944543207] [sim_executor_bridge_node]: SetPosition called to 600
[INFO] [1789015434.998208919] [sim_executor_bridge_node]: MoveJoint called to [144.09  22.9   -1.   121.48 -75.31 108.68]
[INFO] [1789015438.055972570] [sim_executor_bridge_node]: MoveJoint called to [ 18.91  25.97   1.    74.58  78.17 244.39]
[INFO] [1789015442.369173575] [sim_executor_bridge_node]: SetPosition called to 600
[INFO] [1789015447.114696878] [sim_executor_bridge_node]: MoveSplineJoint called with 12 points
[INFO] [1789015447.695897423] [sim_executor_bridge_node]: MoveSpline ok: 12 pts / 0.35s -> end=[57.5 13.1 37.4 45.0 49.4 237.6]deg
[INFO] [1789015448.017067025] [sim_executor_bridge_node]: MoveLine called (pos=[ 0.  0. 45.  0.  0.  0.], ref=1, mode=1)
[INFO] [1789015451.108500049] [sim_executor_bridge_node]: MOVELINE_END_ERR: along=-1.5mm lateral=1.5mm |err|=2.1mm (명령 45mm, TOOL)
[INFO] [1789015451.108736784] [sim_executor_bridge_node]: MoveLine 실이동 43.6mm / 명령 45mm
[INFO] [1789015451.108935707] [sim_executor_bridge_node]: MoveLine ok: 45mm / 23 steps / 계획 0.37s 실소요 3.09s (worst step joint delta 0.7deg)
[INFO] [1789015451.123635331] [sim_executor_bridge_node]: MoveLine called (pos=[  0.        0.      -30.00054   0.        0.        0.     ], ref=0, mode=1)
[INFO] [1789015453.345622281] [sim_executor_bridge_node]: MOVELINE_END_ERR: along=-0.9mm lateral=1.1mm |err|=1.4mm (명령 30mm, BASE)
[INFO] [1789015453.345851588] [sim_executor_bridge_node]: MoveLine 실이동 29.1mm / 명령 30mm
[INFO] [1789015453.346061153] [sim_executor_bridge_node]: MoveLine ok: 30mm / 16 steps / 계획 0.38s 실소요 2.22s (worst step joint delta 1.0deg)
[INFO] [1789015453.378216610] [sim_executor_bridge_node]: SetPosition called to 700
[INFO] [1789015453.379295016] [sim_executor_bridge_node]: GRASP_JUDGE 줄기기준 along=+14.4mm(조우 -6~27) lateral=4.3mm(허용20) | 과실기준 d_tcp=34.7mm -> CONTACT
[INFO] [1789015453.379551257] [sim_executor_bridge_node]: GRASP_ATTACH 과실 (200, 783, 740)mm -> /sim/grasp_event
[INFO] [1789015453.779973263] [sim_executor_bridge_node]: MoveLine called (pos=[  0.   0. -40.   0.   0.   0.], ref=0, mode=1)
[INFO] [1789015456.727448610] [sim_executor_bridge_node]: MOVELINE_END_ERR: along=-1.6mm lateral=0.9mm |err|=1.9mm (명령 40mm, BASE)
[INFO] [1789015456.727637924] [sim_executor_bridge_node]: MoveLine 실이동 38.4mm / 명령 40mm
[INFO] [1789015456.727787069] [sim_executor_bridge_node]: MoveLine ok: 40mm / 20 steps / 계획 0.40s 실소요 2.95s (worst step joint delta 0.7deg)
[INFO] [1789015456.737242317] [sim_executor_bridge_node]: MoveLine called (pos=[  0.   0. -45.   0.   0.   0.], ref=1, mode=1)
[INFO] [1789015459.954429905] [sim_executor_bridge_node]: MOVELINE_END_ERR: along=-3.4mm lateral=1.0mm |err|=3.5mm (명령 45mm, TOOL)
[ERROR] [1789015459.954646574] [sim_executor_bridge_node]: MOVELINE_SHORT: 명령 45mm 인데 실제 41.6mm (부족 3.4mm, 도착판정 True, TOOL dz=-45.0mm) — 이 잔차는 다음 상대 이동에 그대로 전파된다
[INFO] [1789015459.954817087] [sim_executor_bridge_node]: MoveLine ok: 45mm / 23 steps / 계획 0.28s 실소요 3.21s (worst step joint delta 0.4deg)
[INFO] [1789015461.625508278] [sim_executor_bridge_node]: MoveSplineJoint called with 12 points
[INFO] [1789015462.771752644] [sim_executor_bridge_node]: MoveSpline ok: 12 pts / 0.91s -> end=[-12.5 31.1 125.4 -22.7 -67.8 281.7]deg
[INFO] [1789015462.777692204] [sim_executor_bridge_node]: MoveLine called (pos=[   0.    0. -120.    0.    0.    0.], ref=0, mode=1)
[INFO] [1789015462.780534833] [sim_executor_bridge_node]: MoveLine 120mm: 60 -> 24 steps (5.0mm/step, 자유공간 이송)
[INFO] [1789015467.240592546] [sim_executor_bridge_node]: MOVELINE_END_ERR: along=-4.3mm lateral=0.1mm |err|=4.3mm (명령 120mm, BASE)
[INFO] [1789015467.241809007] [sim_executor_bridge_node]: MoveLine 실이동 115.7mm / 명령 120mm
[INFO] [1789015467.242076492] [sim_executor_bridge_node]: MoveLine ok: 120mm / 24 steps / 계획 1.50s 실소요 4.46s (worst step joint delta 0.9deg)
[INFO] [1789015467.286593636] [sim_executor_bridge_node]: SetPosition called to 600
[INFO] [1789015467.287039476] [sim_executor_bridge_node]: GRASP_RELEASE -> /sim/grasp_event
[INFO] [1789015468.414710141] [sim_executor_bridge_node]: MoveSplineJoint called with 12 points
[INFO] [1789015468.931029884] [sim_executor_bridge_node]: MoveSpline ok: 12 pts / 0.35s -> end=[-12.5 31.1 125.4 -22.7 -67.8 281.7]deg
[INFO] [1789015470.615151186] [sim_executor_bridge_node]: MoveSplineJoint called with 12 points
[INFO] [1789015472.105398540] [sim_executor_bridge_node]: MoveSpline ok: 12 pts / 1.23s -> end=[18.9 26.0 1.0 74.6 78.2 244.4]deg
[INFO] [1789015472.117715708] [sim_executor_bridge_node]: SetPosition called to 600
[INFO] [1789015473.175401277] [sim_executor_bridge_node]: MoveJoint called to [ 18.91  25.97   1.    74.58  78.17 244.39]
[INFO] [1789015476.232257206] [sim_executor_bridge_node]: MoveJoint called to [ 87.98 -94.92 129.89 175.94 -31.34  93.42]
[INFO] [1789015477.435050838] [sim_executor_bridge_node]: MoveJoint called to [150.27 -11.92 109.11 262.19  63.33  10.46]
[INFO] [1789015481.248805260] [sim_executor_bridge_node]: SetPosition called to 600
[INFO] [1789015484.115124796] [sim_executor_bridge_node]: MoveSplineJoint called with 12 points
[INFO] [1789015484.715591834] [sim_executor_bridge_node]: MoveSpline ok: 12 pts / 0.37s -> end=[107.3 -5.6 93.9 304.4 20.8 -32.4]deg
[INFO] [1789015485.067643441] [sim_executor_bridge_node]: MoveLine called (pos=[ 0.  0. 45.  0.  0.  0.], ref=1, mode=1)
[INFO] [1789015488.488053663] [sim_executor_bridge_node]: MOVELINE_END_ERR: along=-2.3mm lateral=0.4mm |err|=2.3mm (명령 45mm, TOOL)
[INFO] [1789015488.488521839] [sim_executor_bridge_node]: MoveLine 실이동 42.7mm / 명령 45mm
[INFO] [1789015488.488903484] [sim_executor_bridge_node]: MoveLine ok: 45mm / 23 steps / 계획 0.38s 실소요 3.41s (worst step joint delta 0.3deg)
[INFO] [1789015488.525553802] [sim_executor_bridge_node]: MoveLine called (pos=[  0.           0.         -32.60535644   0.           0.
   0.        ], ref=0, mode=1)
[INFO] [1789015491.043508129] [sim_executor_bridge_node]: MOVELINE_END_ERR: along=-1.8mm lateral=0.2mm |err|=1.8mm (명령 33mm, BASE)
[INFO] [1789015491.043725925] [sim_executor_bridge_node]: MoveLine 실이동 30.8mm / 명령 33mm
[INFO] [1789015491.043933886] [sim_executor_bridge_node]: MoveLine ok: 33mm / 17 steps / 계획 0.41s 실소요 2.52s (worst step joint delta 1.0deg)
[INFO] [1789015491.081017262] [sim_executor_bridge_node]: SetPosition called to 700
[INFO] [1789015491.084165765] [sim_executor_bridge_node]: GRASP_JUDGE 줄기기준 along=+15.6mm(조우 -6~27) lateral=2.9mm(허용20) | 과실기준 d_tcp=38.3mm -> CONTACT
[INFO] [1789015491.085028108] [sim_executor_bridge_node]: GRASP_ATTACH 과실 (-100, 783, 440)mm -> /sim/grasp_event
[INFO] [1789015491.482671517] [sim_executor_bridge_node]: MoveLine called (pos=[  0.   0. -40.   0.   0.   0.], ref=0, mode=1)
[INFO] [1789015494.343974779] [sim_executor_bridge_node]: MOVELINE_END_ERR: along=-1.9mm lateral=0.2mm |err|=1.9mm (명령 40mm, BASE)
[INFO] [1789015494.344175659] [sim_executor_bridge_node]: MoveLine 실이동 38.1mm / 명령 40mm
[INFO] [1789015494.344331310] [sim_executor_bridge_node]: MoveLine ok: 40mm / 20 steps / 계획 0.40s 실소요 2.86s (worst step joint delta 1.2deg)
[INFO] [1789015494.388150164] [sim_executor_bridge_node]: MoveLine called (pos=[  0.   0. -45.   0.   0.   0.], ref=1, mode=1)
[INFO] [1789015497.581604137] [sim_executor_bridge_node]: MOVELINE_END_ERR: along=-3.1mm lateral=0.3mm |err|=3.1mm (명령 45mm, TOOL)
[ERROR] [1789015497.581803911] [sim_executor_bridge_node]: MOVELINE_SHORT: 명령 45mm 인데 실제 41.9mm (부족 3.1mm, 도착판정 True, TOOL dz=-45.0mm) — 이 잔차는 다음 상대 이동에 그대로 전파된다
[INFO] [1789015497.581966656] [sim_executor_bridge_node]: MoveLine ok: 45mm / 23 steps / 계획 0.28s 실소요 3.19s (worst step joint delta 0.3deg)
[INFO] [1789015499.338605484] [sim_executor_bridge_node]: MoveSplineJoint called with 12 points
[INFO] [1789015500.598213460] [sim_executor_bridge_node]: MoveSpline ok: 12 pts / 1.02s -> end=[-14.5 26.9 135.0 335.9 -73.1 -80.0]deg
[INFO] [1789015500.641801089] [sim_executor_bridge_node]: MoveLine called (pos=[   0.    0. -120.    0.    0.    0.], ref=0, mode=1)
[INFO] [1789015500.643189011] [sim_executor_bridge_node]: MoveLine 120mm: 60 -> 24 steps (5.0mm/step, 자유공간 이송)
[INFO] [1789015505.251369250] [sim_executor_bridge_node]: MOVELINE_END_ERR: along=-4.2mm lateral=0.1mm |err|=4.2mm (명령 120mm, BASE)
[INFO] [1789015505.251560387] [sim_executor_bridge_node]: MoveLine 실이동 115.8mm / 명령 120mm
[INFO] [1789015505.251706612] [sim_executor_bridge_node]: MoveLine ok: 120mm / 24 steps / 계획 1.50s 실소요 4.61s (worst step joint delta 1.0deg)
[INFO] [1789015505.300647775] [sim_executor_bridge_node]: SetPosition called to 600
[INFO] [1789015505.301580366] [sim_executor_bridge_node]: GRASP_RELEASE -> /sim/grasp_event
[INFO] [1789015506.544091366] [sim_executor_bridge_node]: MoveSplineJoint called with 12 points
[INFO] [1789015507.092943552] [sim_executor_bridge_node]: MoveSpline ok: 12 pts / 0.38s -> end=[-14.5 26.9 135.0 336.0 -73.1 -80.0]deg
[INFO] [1789015508.658923974] [sim_executor_bridge_node]: MoveSplineJoint called with 12 points
[INFO] [1789015510.285662858] [sim_executor_bridge_node]: MoveSpline ok: 12 pts / 1.38s -> end=[150.3 -11.9 109.1 262.2 63.3 10.5]deg
[INFO] [1789015510.313984083] [sim_executor_bridge_node]: SetPosition called to 600
[INFO] [1789015511.422755370] [sim_executor_bridge_node]: SetPosition called to 600
[INFO] [1789015514.104296584] [sim_executor_bridge_node]: MoveSplineJoint called with 12 points
[INFO] [1789015514.687861264] [sim_executor_bridge_node]: MoveSpline ok: 12 pts / 0.35s -> end=[127.9 6.3 72.7 297.8 43.1 -27.5]deg
[INFO] [1789015515.007033219] [sim_executor_bridge_node]: MoveLine called (pos=[ 0.  0. 45.  0.  0.  0.], ref=1, mode=1)
[INFO] [1789015518.277312367] [sim_executor_bridge_node]: MOVELINE_END_ERR: along=-2.1mm lateral=0.6mm |err|=2.2mm (명령 45mm, TOOL)
[INFO] [1789015518.277781517] [sim_executor_bridge_node]: MoveLine 실이동 42.9mm / 명령 45mm
[INFO] [1789015518.278173629] [sim_executor_bridge_node]: MoveLine ok: 45mm / 23 steps / 계획 0.38s 실소요 3.27s (worst step joint delta 0.2deg)
[INFO] [1789015518.313743318] [sim_executor_bridge_node]: MoveLine called (pos=[  0.           0.         -32.60535644   0.           0.
   0.        ], ref=0, mode=1)
[INFO] [1789015520.745121561] [sim_executor_bridge_node]: MOVELINE_END_ERR: along=-1.9mm lateral=0.3mm |err|=1.9mm (명령 33mm, BASE)
[INFO] [1789015520.745325345] [sim_executor_bridge_node]: MoveLine 실이동 30.7mm / 명령 33mm
[INFO] [1789015520.745475016] [sim_executor_bridge_node]: MoveLine ok: 33mm / 17 steps / 계획 0.41s 실소요 2.43s (worst step joint delta 0.5deg)
[INFO] [1789015520.768838751] [sim_executor_bridge_node]: SetPosition called to 700
[INFO] [1789015520.769854115] [sim_executor_bridge_node]: GRASP_JUDGE 줄기기준 along=+15.7mm(조우 -6~27) lateral=3.2mm(허용20) | 과실기준 d_tcp=38.1mm -> CONTACT
[INFO] [1789015520.770101317] [sim_executor_bridge_node]: GRASP_ATTACH 과실 (-250, 783, 500)mm -> /sim/grasp_event
[INFO] [1789015521.170665008] [sim_executor_bridge_node]: MoveLine called (pos=[  0.   0. -40.   0.   0.   0.], ref=0, mode=1)
[INFO] [1789015524.018112163] [sim_executor_bridge_node]: MOVELINE_END_ERR: along=-2.3mm lateral=0.3mm |err|=2.4mm (명령 40mm, BASE)
[INFO] [1789015524.018310464] [sim_executor_bridge_node]: MoveLine 실이동 37.7mm / 명령 40mm
[INFO] [1789015524.018469097] [sim_executor_bridge_node]: MoveLine ok: 40mm / 20 steps / 계획 0.40s 실소요 2.85s (worst step joint delta 0.5deg)
[INFO] [1789015524.027685479] [sim_executor_bridge_node]: MoveLine called (pos=[  0.   0. -45.   0.   0.   0.], ref=1, mode=1)
[INFO] [1789015527.276979545] [sim_executor_bridge_node]: MOVELINE_END_ERR: along=-3.0mm lateral=0.4mm |err|=3.1mm (명령 45mm, TOOL)
[ERROR] [1789015527.277221380] [sim_executor_bridge_node]: MOVELINE_SHORT: 명령 45mm 인데 실제 42.0mm (부족 3.0mm, 도착판정 True, TOOL dz=-45.0mm) — 이 잔차는 다음 상대 이동에 그대로 전파된다
[INFO] [1789015527.277416214] [sim_executor_bridge_node]: MoveLine ok: 45mm / 23 steps / 계획 0.28s 실소요 3.25s (worst step joint delta 0.2deg)
[INFO] [1789015528.919098779] [sim_executor_bridge_node]: MoveSplineJoint called with 12 points
[INFO] [1789015530.476223287] [sim_executor_bridge_node]: MoveSpline ok: 12 pts / 1.31s -> end=[-28.9 33.5 121.7 319.9 -70.2 -71.5]deg
[INFO] [1789015530.522733812] [sim_executor_bridge_node]: MoveLine called (pos=[   0.    0. -120.    0.    0.    0.], ref=0, mode=1)
[INFO] [1789015530.523909231] [sim_executor_bridge_node]: MoveLine 120mm: 60 -> 24 steps (5.0mm/step, 자유공간 이송)
[INFO] [1789015534.955388002] [sim_executor_bridge_node]: MOVELINE_END_ERR: along=-4.2mm lateral=0.1mm |err|=4.2mm (명령 120mm, BASE)
[INFO] [1789015534.955582246] [sim_executor_bridge_node]: MoveLine 실이동 115.8mm / 명령 120mm
[INFO] [1789015534.955731863] [sim_executor_bridge_node]: MoveLine ok: 120mm / 24 steps / 계획 1.50s 실소요 4.43s (worst step joint delta 0.9deg)
[INFO] [1789015534.981447356] [sim_executor_bridge_node]: SetPosition called to 600
[INFO] [1789015534.981675671] [sim_executor_bridge_node]: GRASP_RELEASE -> /sim/grasp_event
[INFO] [1789015536.087789723] [sim_executor_bridge_node]: MoveSplineJoint called with 12 points
[INFO] [1789015536.584554965] [sim_executor_bridge_node]: MoveSpline ok: 12 pts / 0.35s -> end=[-28.9 33.5 121.7 319.9 -70.2 -71.5]deg
[INFO] [1789015538.225331476] [sim_executor_bridge_node]: MoveSplineJoint called with 12 points
[INFO] [1789015539.979364948] [sim_executor_bridge_node]: MoveSpline ok: 12 pts / 1.50s -> end=[150.3 -11.9 109.1 262.2 63.3 10.5]deg
[INFO] [1789015540.029231236] [sim_executor_bridge_node]: SetPosition called to 600
[INFO] [1789015541.136707030] [sim_executor_bridge_node]: SetPosition called to 600
[INFO] [1789015543.740942342] [sim_executor_bridge_node]: MoveSplineJoint called with 12 points
[INFO] [1789015544.407170956] [sim_executor_bridge_node]: MoveSpline ok: 12 pts / 0.43s -> end=[124.4 6.2 63.2 308.9 45.6 -41.6]deg
[INFO] [1789015544.743430823] [sim_executor_bridge_node]: MoveLine called (pos=[ 0.  0. 45.  0.  0.  0.], ref=1, mode=1)
[INFO] [1789015547.882339353] [sim_executor_bridge_node]: MOVELINE_END_ERR: along=-2.1mm lateral=0.7mm |err|=2.3mm (명령 45mm, TOOL)
[INFO] [1789015547.882561631] [sim_executor_bridge_node]: MoveLine 실이동 42.9mm / 명령 45mm
[INFO] [1789015547.882728363] [sim_executor_bridge_node]: MoveLine ok: 45mm / 23 steps / 계획 0.37s 실소요 3.14s (worst step joint delta 0.3deg)
[INFO] [1789015547.901306024] [sim_executor_bridge_node]: MoveLine called (pos=[  0.           0.         -32.60535644   0.           0.
   0.        ], ref=0, mode=1)
[INFO] [1789015550.507559442] [sim_executor_bridge_node]: MOVELINE_END_ERR: along=-1.7mm lateral=0.5mm |err|=1.8mm (명령 33mm, BASE)
[INFO] [1789015550.507966625] [sim_executor_bridge_node]: MoveLine 실이동 30.9mm / 명령 33mm
[INFO] [1789015550.508330707] [sim_executor_bridge_node]: MoveLine ok: 33mm / 17 steps / 계획 0.41s 실소요 2.61s (worst step joint delta 0.5deg)
[INFO] [1789015550.555927365] [sim_executor_bridge_node]: SetPosition called to 700
[INFO] [1789015550.557821811] [sim_executor_bridge_node]: GRASP_JUDGE 줄기기준 along=+15.6mm(조우 -6~27) lateral=4.1mm(허용20) | 과실기준 d_tcp=37.4mm -> CONTACT
[INFO] [1789015550.558046210] [sim_executor_bridge_node]: GRASP_ATTACH 과실 (-220, 783, 560)mm -> /sim/grasp_event
[INFO] [1789015550.958533132] [sim_executor_bridge_node]: MoveLine called (pos=[  0.   0. -40.   0.   0.   0.], ref=0, mode=1)
[INFO] [1789015553.854850955] [sim_executor_bridge_node]: MOVELINE_END_ERR: along=-2.2mm lateral=0.4mm |err|=2.2mm (명령 40mm, BASE)
[INFO] [1789015553.855051100] [sim_executor_bridge_node]: MoveLine 실이동 37.8mm / 명령 40mm
[INFO] [1789015553.855205055] [sim_executor_bridge_node]: MoveLine ok: 40mm / 20 steps / 계획 0.40s 실소요 2.89s (worst step joint delta 0.5deg)
[INFO] [1789015553.864549263] [sim_executor_bridge_node]: MoveLine called (pos=[  0.   0. -45.   0.   0.   0.], ref=1, mode=1)
[INFO] [1789015557.111532714] [sim_executor_bridge_node]: MOVELINE_END_ERR: along=-3.2mm lateral=0.5mm |err|=3.2mm (명령 45mm, TOOL)
[ERROR] [1789015557.111742161] [sim_executor_bridge_node]: MOVELINE_SHORT: 명령 45mm 인데 실제 41.8mm (부족 3.2mm, 도착판정 True, TOOL dz=-45.0mm) — 이 잔차는 다음 상대 이동에 그대로 전파된다
[INFO] [1789015557.111915626] [sim_executor_bridge_node]: MoveLine ok: 45mm / 23 steps / 계획 0.28s 실소요 3.25s (worst step joint delta 0.3deg)
[INFO] [1789015558.687514994] [sim_executor_bridge_node]: MoveSplineJoint called with 12 points
[INFO] [1789015560.251972381] [sim_executor_bridge_node]: MoveSpline ok: 12 pts / 1.32s -> end=[-33.7 29.6 130.8 316.1 -75.2 -73.7]deg
[INFO] [1789015560.291269061] [sim_executor_bridge_node]: MoveLine called (pos=[   0.    0. -120.    0.    0.    0.], ref=0, mode=1)
[INFO] [1789015560.292089515] [sim_executor_bridge_node]: MoveLine 120mm: 60 -> 24 steps (5.0mm/step, 자유공간 이송)
[INFO] [1789015564.772720899] [sim_executor_bridge_node]: MOVELINE_END_ERR: along=-4.0mm lateral=0.1mm |err|=4.0mm (명령 120mm, BASE)
[INFO] [1789015564.772922872] [sim_executor_bridge_node]: MoveLine 실이동 116.0mm / 명령 120mm
[INFO] [1789015564.773066747] [sim_executor_bridge_node]: MoveLine ok: 120mm / 24 steps / 계획 1.50s 실소요 4.48s (worst step joint delta 1.0deg)
[INFO] [1789015564.799175168] [sim_executor_bridge_node]: SetPosition called to 600
[INFO] [1789015564.799618128] [sim_executor_bridge_node]: GRASP_RELEASE -> /sim/grasp_event
[INFO] [1789015565.967079468] [sim_executor_bridge_node]: MoveSplineJoint called with 12 points
[INFO] [1789015566.483728705] [sim_executor_bridge_node]: MoveSpline ok: 12 pts / 0.35s -> end=[-33.7 29.6 130.8 316.1 -75.2 -73.7]deg
[INFO] [1789015568.354532035] [sim_executor_bridge_node]: MoveSplineJoint called with 12 points
[INFO] [1789015570.144905820] [sim_executor_bridge_node]: MoveSpline ok: 12 pts / 1.54s -> end=[150.2 -11.8 109.1 262.2 63.3 10.5]deg
[INFO] [1789015570.157039622] [sim_executor_bridge_node]: SetPosition called to 600
[INFO] [1789015571.212388969] [sim_executor_bridge_node]: MoveJoint called to [150.27 -11.92 109.11 262.19  63.33  10.46]
[INFO] [1789015574.268354301] [sim_executor_bridge_node]: MoveJoint called to [ 87.98 -94.92 129.89 175.94 -31.34  93.42]
