[INFO] [1789445522.264133688] [sim_executor_bridge_node]: Sim Executor Bridge Node initializing...
[WARN] [1789445522.853356378] [sim_executor_bridge_node]: MOVELINE_COLLISION_WORLD: ['whiteboard'] loaded from /home/oceanshape/strawberry_grasp_environment/install/e0509_gripper_description/share/e0509_gripper_description/config/environment.yaml
[INFO] [1789445523.340089715] [sim_executor_bridge_node]: cuRobo IK Solver successfully initialized for MoveLine.
[WARN] [1789445523.340574707] [sim_executor_bridge_node]: GRASP_JUDGE_MODEL: tool_tcp_offset=236mm capture_radius=38mm enabled=True sim_speed_scale=1.0 gripper_close=1.080rad arm_arrival_tol=0.30deg — planner 의 ee_to_tcp_offset_m 과 반드시 같아야 한다 (다르면 전 타겟 GRASP_EMPTY)
[WARN] [1789445523.341006046] [sim_executor_bridge_node]: DOOSAN_MOVEIT_REF: vel=[120, 120, 150, 225, 225, 225] acc=[120, 120, 150, 225, 225, 225] deg/s,deg/s^2 (dsr_moveit_config_e0509/config/joint_limits.yaml) — 초과해도 자르지 않고 기록만 (D3)
[INFO] [1789445523.341335420] [sim_executor_bridge_node]: Sim Executor Bridge Node Ready! (Listening to Doosan & Gripper services)
[harvest_probe] 계측 부착: role=controller -> /tmp/harvest_hud_controller.json
[INFO] [1789445536.171544406] [sim_executor_bridge_node]: SetPosition called to 600
[INFO] [1789445540.154105057] [sim_executor_bridge_node]: MoveJoint called to [144.1, 22.9, -1.0, 121.5, -75.3, 108.7] (vel=120 acc=180 time=0.00)
[WARN] [1789445540.154389321] [sim_executor_bridge_node]: MOVEJ_OVER_DOOSAN_MOVEIT J2 acc 162>120  J3 acc 180>150 — 두산 공식 MoveIt 설정 초과, 자르지 않고 실행
[INFO] [1789445541.912780850] [sim_executor_bridge_node]: MoveJoint profile: span 130.9deg / 1.76s (352 steps)
[INFO] [1789445542.138175053] [sim_executor_bridge_node]: ARM_ARRIVAL MoveJoint: 잔차 0.26deg (손끝 0.6mm) / 대기 0.22s
[INFO] [1789445545.875633064] [sim_executor_bridge_node]: MoveJoint called to [144.6, 31.8, 10.9, 114.4, -65.7, 128.3] (vel=120 acc=180 time=0.00)
[INFO] [1789445546.536329207] [sim_executor_bridge_node]: MoveJoint profile: span 19.6deg / 0.66s (133 steps)
[INFO] [1789445546.740575175] [sim_executor_bridge_node]: ARM_ARRIVAL MoveJoint: 잔차 0.28deg (손끝 0.9mm) / 대기 0.20s
[INFO] [1789445549.836982907] [sim_executor_bridge_node]: SetPosition called to 600
[INFO] [1789445553.082105043] [sim_executor_bridge_node]: MoveSplineJoint called with 12 points
[INFO] [1789445553.871789949] [sim_executor_bridge_node]: ARM_ARRIVAL MoveSpline: 잔차 0.28deg (손끝 1.0mm) / 대기 0.20s
[INFO] [1789445553.872158904] [sim_executor_bridge_node]: MoveSpline ok: 12 pts / 0.58s -> end=[139.9 30.1 24.3 111.7 -55.0 140.1]deg
[INFO] [1789445554.183186248] [sim_executor_bridge_node]: MoveLine called (pos=[ 0.  0. 40.  0.  0.  0.], ref=1, mode=1)
[INFO] [1789445557.835755514] [sim_executor_bridge_node]: ARM_ARRIVAL MoveLine: 잔차 0.22deg (손끝 2.1mm) / 대기 0.00s
[INFO] [1789445557.836356505] [sim_executor_bridge_node]: MOVELINE_END_ERR: along=-2.6mm lateral=3.0mm |err|=4.0mm (명령 40mm, TOOL)
[INFO] [1789445557.836576866] [sim_executor_bridge_node]: MoveLine 실이동 37.5mm / 명령 40mm
[INFO] [1789445557.837028955] [sim_executor_bridge_node]: MoveLine ok: 40mm / 20 steps / 계획 0.67s 실소요 3.65s (worst step joint delta 3.8deg)
[INFO] [1789445557.840523368] [sim_executor_bridge_node]: MoveLine called (pos=[  0.           0.         -28.25754239   0.           0.
   0.        ], ref=0, mode=1)
[INFO] [1789445560.379307935] [sim_executor_bridge_node]: ARM_ARRIVAL MoveLine: 잔차 0.25deg (손끝 1.6mm) / 대기 0.10s
[INFO] [1789445560.379784279] [sim_executor_bridge_node]: MOVELINE_END_ERR: along=+1.0mm lateral=1.2mm |err|=1.6mm (명령 28mm, BASE)
[INFO] [1789445560.379982288] [sim_executor_bridge_node]: MoveLine 실이동 29.3mm / 명령 28mm
[INFO] [1789445560.380159244] [sim_executor_bridge_node]: MoveLine ok: 28mm / 15 steps / 계획 0.71s 실소요 2.54s (worst step joint delta 6.8deg)
[INFO] [1789445560.396171094] [sim_executor_bridge_node]: SetPosition called to 700
[INFO] [1789445560.397344353] [sim_executor_bridge_node]: GRASP_JUDGE 줄기기준 along=+21.1mm(조우 -6~27) lateral=5.5mm(허용20) | 과실기준 d_tcp=35.3mm -> CONTACT
[INFO] [1789445560.397669854] [sim_executor_bridge_node]: GRASP_ATTACH 과실 (-380, 783, 720)mm -> /sim/grasp_event
[INFO] [1789445560.797828447] [sim_executor_bridge_node]: MoveLine called (pos=[  0.   0. -40.   0.   0.   0.], ref=0, mode=1)
[INFO] [1789445564.177381256] [sim_executor_bridge_node]: ARM_ARRIVAL MoveLine: 잔차 0.29deg (손끝 1.0mm) / 대기 0.06s
[INFO] [1789445564.178600053] [sim_executor_bridge_node]: MOVELINE_END_ERR: along=+0.3mm lateral=1.0mm |err|=1.0mm (명령 40mm, BASE)
[INFO] [1789445564.179242828] [sim_executor_bridge_node]: MoveLine 실이동 40.3mm / 명령 40mm
[INFO] [1789445564.179592631] [sim_executor_bridge_node]: MoveLine ok: 40mm / 20 steps / 계획 0.80s 실소요 3.38s (worst step joint delta 0.9deg)
[INFO] [1789445564.204836018] [sim_executor_bridge_node]: MoveLine called (pos=[  0.   0. -40.   0.   0.   0.], ref=1, mode=1)
[INFO] [1789445567.151870329] [sim_executor_bridge_node]: ARM_ARRIVAL MoveLine: 잔차 0.27deg (손끝 2.2mm) / 대기 0.06s
[INFO] [1789445567.152352156] [sim_executor_bridge_node]: MOVELINE_END_ERR: along=-1.8mm lateral=1.4mm |err|=2.2mm (명령 40mm, TOOL)
[INFO] [1789445567.152515751] [sim_executor_bridge_node]: MoveLine 실이동 38.3mm / 명령 40mm
[INFO] [1789445567.152671061] [sim_executor_bridge_node]: MoveLine ok: 40mm / 20 steps / 계획 0.50s 실소요 2.95s (worst step joint delta 0.5deg)
[INFO] [1789445568.748966617] [sim_executor_bridge_node]: SetPosition called to 600
[INFO] [1789445568.749203555] [sim_executor_bridge_node]: GRASP_RELEASE -> /sim/grasp_event
[INFO] [1789445573.517617919] [sim_executor_bridge_node]: MoveSplineJoint called with 12 points
[INFO] [1789445574.448561107] [sim_executor_bridge_node]: ARM_ARRIVAL MoveSpline: 잔차 0.27deg (손끝 2.4mm) / 대기 0.34s
[INFO] [1789445574.448966449] [sim_executor_bridge_node]: MoveSpline ok: 12 pts / 0.58s -> end=[144.6 31.9 10.9 114.4 -65.7 128.3]deg
[INFO] [1789445574.469017762] [sim_executor_bridge_node]: SetPosition called to 600
[INFO] [1789445575.576170664] [sim_executor_bridge_node]: SetPosition called to 600
[INFO] [1789445578.622211575] [sim_executor_bridge_node]: MoveSplineJoint called with 12 points
[INFO] [1789445579.451760542] [sim_executor_bridge_node]: ARM_ARRIVAL MoveSpline: 잔차 0.29deg (손끝 3.0mm) / 대기 0.24s
[INFO] [1789445579.452163030] [sim_executor_bridge_node]: MoveSpline ok: 12 pts / 0.58s -> end=[128.5 19.3 28.9 130.0 -54.3 125.6]deg
[INFO] [1789445579.775185534] [sim_executor_bridge_node]: MoveLine called (pos=[ 0.  0. 45.  0.  0.  0.], ref=1, mode=1)
[INFO] [1789445583.618106580] [sim_executor_bridge_node]: ARM_ARRIVAL MoveLine: 잔차 0.27deg (손끝 1.9mm) / 대기 0.20s
[INFO] [1789445583.618560176] [sim_executor_bridge_node]: MOVELINE_END_ERR: along=+0.9mm lateral=1.7mm |err|=1.9mm (명령 45mm, TOOL)
[INFO] [1789445583.618721626] [sim_executor_bridge_node]: MoveLine 실이동 45.9mm / 명령 45mm
[INFO] [1789445583.618863567] [sim_executor_bridge_node]: MoveLine ok: 45mm / 23 steps / 계획 0.75s 실소요 3.84s (worst step joint delta 1.5deg)
[INFO] [1789445583.632974172] [sim_executor_bridge_node]: MoveLine called (pos=[  0.        0.      -30.00054   0.        0.        0.     ], ref=0, mode=1)
[INFO] [1789445586.432582384] [sim_executor_bridge_node]: ARM_ARRIVAL MoveLine: 잔차 0.25deg (손끝 1.5mm) / 대기 0.10s
[INFO] [1789445586.433040238] [sim_executor_bridge_node]: MOVELINE_END_ERR: along=+0.9mm lateral=1.3mm |err|=1.6mm (명령 30mm, BASE)
[INFO] [1789445586.433195257] [sim_executor_bridge_node]: MoveLine 실이동 30.9mm / 명령 30mm
[INFO] [1789445586.433336980] [sim_executor_bridge_node]: MoveLine ok: 30mm / 16 steps / 계획 0.75s 실소요 2.80s (worst step joint delta 2.3deg)
[INFO] [1789445586.437448819] [sim_executor_bridge_node]: SetPosition called to 700
[INFO] [1789445586.442679278] [sim_executor_bridge_node]: GRASP_JUDGE 줄기기준 along=+12.1mm(조우 -6~27) lateral=5.8mm(허용20) | 과실기준 d_tcp=32.3mm -> CONTACT
[INFO] [1789445586.443098141] [sim_executor_bridge_node]: GRASP_ATTACH 과실 (-250, 783, 740)mm -> /sim/grasp_event
[INFO] [1789445586.838619741] [sim_executor_bridge_node]: MoveLine called (pos=[  0.   0. -40.   0.   0.   0.], ref=0, mode=1)
[INFO] [1789445589.919312553] [sim_executor_bridge_node]: ARM_ARRIVAL MoveLine: 잔차 0.25deg (손끝 1.0mm) / 대기 0.08s
[INFO] [1789445589.919722538] [sim_executor_bridge_node]: MOVELINE_END_ERR: along=+0.3mm lateral=1.0mm |err|=1.0mm (명령 40mm, BASE)
[INFO] [1789445589.919876908] [sim_executor_bridge_node]: MoveLine 실이동 40.3mm / 명령 40mm
[INFO] [1789445589.920016005] [sim_executor_bridge_node]: MoveLine ok: 40mm / 20 steps / 계획 0.80s 실소요 3.08s (worst step joint delta 0.9deg)
[INFO] [1789445589.945065761] [sim_executor_bridge_node]: MoveLine called (pos=[  0.   0. -45.   0.   0.   0.], ref=1, mode=1)
[INFO] [1789445593.531080299] [sim_executor_bridge_node]: ARM_ARRIVAL MoveLine: 잔차 0.29deg (손끝 2.5mm) / 대기 0.04s
[INFO] [1789445593.533920596] [sim_executor_bridge_node]: MOVELINE_END_ERR: along=-2.2mm lateral=1.2mm |err|=2.5mm (명령 45mm, TOOL)
[INFO] [1789445593.534092439] [sim_executor_bridge_node]: MoveLine 실이동 42.8mm / 명령 45mm
[INFO] [1789445593.534241616] [sim_executor_bridge_node]: MoveLine ok: 45mm / 23 steps / 계획 0.56s 실소요 3.59s (worst step joint delta 0.4deg)
[INFO] [1789445595.241043400] [sim_executor_bridge_node]: MoveSplineJoint called with 12 points
[INFO] [1789445596.703074579] [sim_executor_bridge_node]: ARM_ARRIVAL MoveSpline: 잔차 0.23deg (손끝 1.6mm) / 대기 0.40s
[INFO] [1789445596.703314271] [sim_executor_bridge_node]: MoveSpline ok: 12 pts / 1.04s -> end=[11.7 31.5 122.8 183.6 64.0 91.2]deg
[INFO] [1789445596.744023040] [sim_executor_bridge_node]: MoveLine called (pos=[   0.    0. -120.    0.    0.    0.], ref=0, mode=1)
[INFO] [1789445596.744784232] [sim_executor_bridge_node]: MoveLine 120mm: 60 -> 24 steps (5.0mm/step, 자유공간 이송)
[INFO] [1789445601.906723205] [sim_executor_bridge_node]: ARM_ARRIVAL MoveLine: 잔차 0.26deg (손끝 1.4mm) / 대기 0.08s
[INFO] [1789445601.907152029] [sim_executor_bridge_node]: MOVELINE_END_ERR: along=-1.4mm lateral=0.1mm |err|=1.4mm (명령 120mm, BASE)
[INFO] [1789445601.907306623] [sim_executor_bridge_node]: MoveLine 실이동 118.6mm / 명령 120mm
[INFO] [1789445601.907449171] [sim_executor_bridge_node]: MoveLine ok: 120mm / 24 steps / 계획 2.00s 실소요 5.16s (worst step joint delta 0.9deg)
[INFO] [1789445601.952667425] [sim_executor_bridge_node]: SetPosition called to 600
[INFO] [1789445601.953085472] [sim_executor_bridge_node]: GRASP_RELEASE -> /sim/grasp_event
[INFO] [1789445602.961225038] [sim_executor_bridge_node]: MoveSplineJoint called with 12 points
[INFO] [1789445603.808839630] [sim_executor_bridge_node]: ARM_ARRIVAL MoveSpline: 잔차 0.29deg (손끝 1.8mm) / 대기 0.26s
[INFO] [1789445603.809034388] [sim_executor_bridge_node]: MoveSpline ok: 12 pts / 0.58s -> end=[11.7 31.5 122.8 183.6 64.0 91.2]deg
[INFO] [1789445605.474356716] [sim_executor_bridge_node]: MoveSplineJoint called with 12 points
[INFO] [1789445607.295226802] [sim_executor_bridge_node]: ARM_ARRIVAL MoveSpline: 잔차 0.27deg (손끝 3.8mm) / 대기 0.36s
[INFO] [1789445607.295606445] [sim_executor_bridge_node]: MoveSpline ok: 12 pts / 1.44s -> end=[144.6 32.0 10.9 114.4 -65.7 128.3]deg
[INFO] [1789445607.327304627] [sim_executor_bridge_node]: SetPosition called to 600
[INFO] [1789445608.584773099] [sim_executor_bridge_node]: MoveJoint called to [109.8, 54.1, -57.9, 158.6, -90.9, 88.7] (vel=120 acc=180 time=0.00)
[WARN] [1789445608.585252160] [sim_executor_bridge_node]: MOVEJ_OVER_DOOSAN_MOVEIT J3 acc 180>150 — 두산 공식 MoveIt 설정 초과, 자르지 않고 실행
[INFO] [1789445609.823109292] [sim_executor_bridge_node]: MoveJoint profile: span 68.9deg / 1.24s (248 steps)
[INFO] [1789445610.024973565] [sim_executor_bridge_node]: ARM_ARRIVAL MoveJoint: 잔차 0.28deg (손끝 1.1mm) / 대기 0.20s
[INFO] [1789445613.095808737] [sim_executor_bridge_node]: SetPosition called to 600
[INFO] [1789445617.630148573] [sim_executor_bridge_node]: MoveSplineJoint called with 12 points
[INFO] [1789445618.460102048] [sim_executor_bridge_node]: ARM_ARRIVAL MoveSpline: 잔차 0.27deg (손끝 0.7mm) / 대기 0.24s
[INFO] [1789445618.460504223] [sim_executor_bridge_node]: MoveSpline ok: 12 pts / 0.58s -> end=[110.9 47.4 -37.8 158.8 -81.1 94.1]deg
[INFO] [1789445618.782975793] [sim_executor_bridge_node]: MoveLine called (pos=[ 0.  0. 45.  0.  0.  0.], ref=1, mode=1)
[INFO] [1789445622.572067337] [sim_executor_bridge_node]: ARM_ARRIVAL MoveLine: 잔차 0.22deg (손끝 0.6mm) / 대기 0.10s
[INFO] [1789445622.572984094] [sim_executor_bridge_node]: MOVELINE_END_ERR: along=-0.1mm lateral=0.6mm |err|=0.6mm (명령 45mm, TOOL)
[INFO] [1789445622.573259825] [sim_executor_bridge_node]: MoveLine 실이동 44.9mm / 명령 45mm
[INFO] [1789445622.573447232] [sim_executor_bridge_node]: MoveLine ok: 45mm / 23 steps / 계획 0.75s 실소요 3.79s (worst step joint delta 0.7deg)
[INFO] [1789445622.589947580] [sim_executor_bridge_node]: MoveLine called (pos=[  0.        0.      -30.00054   0.        0.        0.     ], ref=0, mode=1)
[INFO] [1789445625.531711861] [sim_executor_bridge_node]: ARM_ARRIVAL MoveLine: 잔차 0.24deg (손끝 0.5mm) / 대기 0.10s
[INFO] [1789445625.532753613] [sim_executor_bridge_node]: MOVELINE_END_ERR: along=-0.2mm lateral=0.4mm |err|=0.5mm (명령 30mm, BASE)
[INFO] [1789445625.533189546] [sim_executor_bridge_node]: MoveLine 실이동 29.8mm / 명령 30mm
[INFO] [1789445625.533608443] [sim_executor_bridge_node]: MoveLine ok: 30mm / 16 steps / 계획 0.75s 실소요 2.94s (worst step joint delta 1.1deg)
[INFO] [1789445625.547006383] [sim_executor_bridge_node]: SetPosition called to 700
[INFO] [1789445625.548739522] [sim_executor_bridge_node]: GRASP_JUDGE 줄기기준 along=+14.2mm(조우 -6~27) lateral=1.5mm(허용20) | 과실기준 d_tcp=36.5mm -> CONTACT
[INFO] [1789445625.549262054] [sim_executor_bridge_node]: GRASP_ATTACH 과실 (-120, 783, 760)mm -> /sim/grasp_event
[INFO] [1789445625.947848236] [sim_executor_bridge_node]: MoveLine called (pos=[  0.   0. -40.   0.   0.   0.], ref=0, mode=1)
[INFO] [1789445629.081755393] [sim_executor_bridge_node]: ARM_ARRIVAL MoveLine: 잔차 0.29deg (손끝 0.8mm) / 대기 0.08s
[INFO] [1789445629.082563022] [sim_executor_bridge_node]: MOVELINE_END_ERR: along=-0.7mm lateral=0.3mm |err|=0.8mm (명령 40mm, BASE)
[INFO] [1789445629.082956722] [sim_executor_bridge_node]: MoveLine 실이동 39.3mm / 명령 40mm
[INFO] [1789445629.083318722] [sim_executor_bridge_node]: MoveLine ok: 40mm / 20 steps / 계획 0.80s 실소요 3.13s (worst step joint delta 0.8deg)
[INFO] [1789445629.104944211] [sim_executor_bridge_node]: MoveLine called (pos=[  0.   0. -45.   0.   0.   0.], ref=1, mode=1)
[INFO] [1789445632.410247162] [sim_executor_bridge_node]: ARM_ARRIVAL MoveLine: 잔차 0.27deg (손끝 1.8mm) / 대기 0.04s
[INFO] [1789445632.410767818] [sim_executor_bridge_node]: MOVELINE_END_ERR: along=-1.6mm lateral=0.1mm |err|=1.6mm (명령 45mm, TOOL)
[INFO] [1789445632.410932930] [sim_executor_bridge_node]: MoveLine 실이동 43.4mm / 명령 45mm
[INFO] [1789445632.411081301] [sim_executor_bridge_node]: MoveLine ok: 45mm / 23 steps / 계획 0.56s 실소요 3.31s (worst step joint delta 0.4deg)
[INFO] [1789445634.005389119] [sim_executor_bridge_node]: SetPosition called to 600
[INFO] [1789445634.005618406] [sim_executor_bridge_node]: GRASP_RELEASE -> /sim/grasp_event
[INFO] [1789445635.517791017] [sim_executor_bridge_node]: MoveSplineJoint called with 12 points
[INFO] [1789445636.245982873] [sim_executor_bridge_node]: ARM_ARRIVAL MoveSpline: 잔차 0.30deg (손끝 3.2mm) / 대기 0.14s
[INFO] [1789445636.246354897] [sim_executor_bridge_node]: MoveSpline ok: 12 pts / 0.58s -> end=[109.8 54.1 -57.9 158.6 -90.9 88.7]deg
[INFO] [1789445636.269267638] [sim_executor_bridge_node]: SetPosition called to 600
[INFO] [1789445637.325331306] [sim_executor_bridge_node]: MoveJoint called to [144.1, 22.9, -1.0, 121.5, -75.3, 108.7] (vel=120 acc=180 time=0.00)
[WARN] [1789445637.325546465] [sim_executor_bridge_node]: MOVEJ_OVER_DOOSAN_MOVEIT J3 acc 180>150 — 두산 공식 MoveIt 설정 초과, 자르지 않고 실행
[INFO] [1789445638.450667919] [sim_executor_bridge_node]: MoveJoint profile: span 56.9deg / 1.12s (225 steps)
[INFO] [1789445638.654896646] [sim_executor_bridge_node]: ARM_ARRIVAL MoveJoint: 잔차 0.27deg (손끝 1.5mm) / 대기 0.20s
[INFO] [1789445641.683793768] [sim_executor_bridge_node]: MoveJoint called to [18.9, 26.0, 1.0, 74.6, 78.2, 244.4] (vel=120 acc=180 time=0.00)
[WARN] [1789445641.684000355] [sim_executor_bridge_node]: MOVEJ_OVER_DOOSAN_MOVEIT J1 acc 147>120 — 두산 공식 MoveIt 설정 초과, 자르지 않고 실행
[INFO] [1789445643.630551012] [sim_executor_bridge_node]: MoveJoint profile: span 153.5deg / 1.95s (390 steps)
[INFO] [1789445643.832246910] [sim_executor_bridge_node]: ARM_ARRIVAL MoveJoint: 잔차 0.27deg (손끝 1.6mm) / 대기 0.20s
[INFO] [1789445646.896826790] [sim_executor_bridge_node]: SetPosition called to 600
[INFO] [1789445649.661111533] [sim_executor_bridge_node]: MoveSplineJoint called with 12 points
[INFO] [1789445653.339026934] [sim_executor_bridge_node]: ARM_ARRIVAL MoveSpline: 잔차 0.28deg (손끝 2.3mm) / 대기 0.38s
[INFO] [1789445653.339221752] [sim_executor_bridge_node]: MoveSpline ok: 12 pts / 3.25s -> end=[48.5 25.1 19.9 48.3 62.2 -121.3]deg
[INFO] [1789445653.666980659] [sim_executor_bridge_node]: MoveLine called (pos=[ 0.  0. 45.  0.  0.  0.], ref=1, mode=1)
[WARN] [1789445657.605608248] [sim_executor_bridge_node]: MoveLine IK Failed at step 23/23 (45/45mm, best delta=infdeg)
[INFO] [1789445657.626079668] [sim_executor_bridge_node]: SetPosition called to 600
[INFO] [1789445659.131795925] [sim_executor_bridge_node]: MoveSplineJoint called with 12 points
[INFO] [1789445660.025920363] [sim_executor_bridge_node]: ARM_ARRIVAL MoveSpline: 잔차 0.30deg (손끝 2.6mm) / 대기 0.30s
[INFO] [1789445660.026298335] [sim_executor_bridge_node]: MoveSpline ok: 12 pts / 0.58s -> end=[18.9 26.0 1.0 74.6 78.2 -115.6]deg
[INFO] [1789445661.087843186] [sim_executor_bridge_node]: SetPosition called to 600
[INFO] [1789445665.435191066] [sim_executor_bridge_node]: MoveSplineJoint called with 12 points
[INFO] [1789445666.366182429] [sim_executor_bridge_node]: ARM_ARRIVAL MoveSpline: 잔차 0.23deg (손끝 2.0mm) / 대기 0.34s
[INFO] [1789445666.366368838] [sim_executor_bridge_node]: MoveSpline ok: 12 pts / 0.58s -> end=[57.5 13.1 37.4 45.0 49.4 -122.4]deg
[INFO] [1789445666.688498962] [sim_executor_bridge_node]: MoveLine called (pos=[ 0.  0. 45.  0.  0.  0.], ref=1, mode=1)
[INFO] [1789445670.173182450] [sim_executor_bridge_node]: ARM_ARRIVAL MoveLine: 잔차 0.28deg (손끝 1.6mm) / 대기 0.12s
[INFO] [1789445670.173604852] [sim_executor_bridge_node]: MOVELINE_END_ERR: along=+0.5mm lateral=1.5mm |err|=1.6mm (명령 45mm, TOOL)
[INFO] [1789445670.173759307] [sim_executor_bridge_node]: MoveLine 실이동 45.6mm / 명령 45mm
[INFO] [1789445670.173900089] [sim_executor_bridge_node]: MoveLine ok: 45mm / 23 steps / 계획 0.75s 실소요 3.48s (worst step joint delta 0.7deg)
[INFO] [1789445670.194321638] [sim_executor_bridge_node]: MoveLine called (pos=[  0.        0.      -30.00054   0.        0.        0.     ], ref=0, mode=1)
[INFO] [1789445672.771436525] [sim_executor_bridge_node]: ARM_ARRIVAL MoveLine: 잔차 0.29deg (손끝 1.2mm) / 대기 0.06s
[INFO] [1789445672.771849918] [sim_executor_bridge_node]: MOVELINE_END_ERR: along=+0.4mm lateral=1.1mm |err|=1.2mm (명령 30mm, BASE)
[INFO] [1789445672.772007089] [sim_executor_bridge_node]: MoveLine 실이동 30.4mm / 명령 30mm
[INFO] [1789445672.772145204] [sim_executor_bridge_node]: MoveLine ok: 30mm / 16 steps / 계획 0.75s 실소요 2.58s (worst step joint delta 1.0deg)
[INFO] [1789445672.798036349] [sim_executor_bridge_node]: SetPosition called to 700
[INFO] [1789445672.799187093] [sim_executor_bridge_node]: GRASP_JUDGE 줄기기준 along=+12.6mm(조우 -6~27) lateral=5.1mm(허용20) | 과실기준 d_tcp=33.0mm -> CONTACT
[INFO] [1789445672.799447364] [sim_executor_bridge_node]: GRASP_ATTACH 과실 (200, 783, 740)mm -> /sim/grasp_event
[INFO] [1789445673.199777213] [sim_executor_bridge_node]: MoveLine called (pos=[  0.   0. -40.   0.   0.   0.], ref=0, mode=1)
[INFO] [1789445676.298708824] [sim_executor_bridge_node]: ARM_ARRIVAL MoveLine: 잔차 0.28deg (손끝 0.9mm) / 대기 0.06s
[INFO] [1789445676.299149624] [sim_executor_bridge_node]: MOVELINE_END_ERR: along=-0.0mm lateral=0.9mm |err|=0.9mm (명령 40mm, BASE)
[INFO] [1789445676.299309715] [sim_executor_bridge_node]: MoveLine 실이동 40.0mm / 명령 40mm
[INFO] [1789445676.299448766] [sim_executor_bridge_node]: MoveLine ok: 40mm / 20 steps / 계획 0.80s 실소요 3.10s (worst step joint delta 0.7deg)
[INFO] [1789445676.304954565] [sim_executor_bridge_node]: MoveLine called (pos=[  0.   0. -45.   0.   0.   0.], ref=1, mode=1)
[INFO] [1789445679.638025101] [sim_executor_bridge_node]: ARM_ARRIVAL MoveLine: 잔차 0.29deg (손끝 2.5mm) / 대기 0.04s
[INFO] [1789445679.638776568] [sim_executor_bridge_node]: MOVELINE_END_ERR: along=-2.2mm lateral=1.0mm |err|=2.5mm (명령 45mm, TOOL)
[INFO] [1789445679.639119471] [sim_executor_bridge_node]: MoveLine 실이동 42.8mm / 명령 45mm
[INFO] [1789445679.639446423] [sim_executor_bridge_node]: MoveLine ok: 45mm / 23 steps / 계획 0.56s 실소요 3.33s (worst step joint delta 0.4deg)
[INFO] [1789445681.211406583] [sim_executor_bridge_node]: MoveSplineJoint called with 12 points
[INFO] [1789445682.536404157] [sim_executor_bridge_node]: ARM_ARRIVAL MoveSpline: 잔차 0.28deg (손끝 1.4mm) / 대기 0.38s
[INFO] [1789445682.536621995] [sim_executor_bridge_node]: MoveSpline ok: 12 pts / 0.92s -> end=[14.4 26.5 134.1 6.4 -70.3 -89.3]deg
[INFO] [1789445682.565580166] [sim_executor_bridge_node]: MoveLine called (pos=[   0.    0. -120.    0.    0.    0.], ref=0, mode=1)
[INFO] [1789445682.566723252] [sim_executor_bridge_node]: MoveLine 120mm: 60 -> 24 steps (5.0mm/step, 자유공간 이송)
[INFO] [1789445687.545541923] [sim_executor_bridge_node]: ARM_ARRIVAL MoveLine: 잔차 0.26deg (손끝 1.2mm) / 대기 0.08s
[INFO] [1789445687.546054437] [sim_executor_bridge_node]: MOVELINE_END_ERR: along=-1.2mm lateral=0.1mm |err|=1.2mm (명령 120mm, BASE)
[INFO] [1789445687.546209620] [sim_executor_bridge_node]: MoveLine 실이동 118.8mm / 명령 120mm
[INFO] [1789445687.546348589] [sim_executor_bridge_node]: MoveLine ok: 120mm / 24 steps / 계획 2.00s 실소요 4.98s (worst step joint delta 1.0deg)
[INFO] [1789445687.573541476] [sim_executor_bridge_node]: SetPosition called to 600
[INFO] [1789445687.573772216] [sim_executor_bridge_node]: GRASP_RELEASE -> /sim/grasp_event
[INFO] [1789445688.549395042] [sim_executor_bridge_node]: MoveSplineJoint called with 12 points
[INFO] [1789445689.524482929] [sim_executor_bridge_node]: ARM_ARRIVAL MoveSpline: 잔차 0.28deg (손끝 1.7mm) / 대기 0.24s
[INFO] [1789445689.525006369] [sim_executor_bridge_node]: MoveSpline ok: 12 pts / 0.73s -> end=[14.4 26.5 134.1 6.4 -70.3 -89.3]deg
[INFO] [1789445691.035055441] [sim_executor_bridge_node]: MoveSplineJoint called with 12 points
[INFO] [1789445692.680815490] [sim_executor_bridge_node]: ARM_ARRIVAL MoveSpline: 잔차 0.30deg (손끝 2.4mm) / 대기 0.38s
[INFO] [1789445692.681199306] [sim_executor_bridge_node]: MoveSpline ok: 12 pts / 1.24s -> end=[18.9 26.1 1.0 74.6 78.2 -115.6]deg
[INFO] [1789445692.691047459] [sim_executor_bridge_node]: SetPosition called to 600
[INFO] [1789445693.745215695] [sim_executor_bridge_node]: MoveJoint called to [18.9, 26.0, 1.0, 74.6, 78.2, -115.6] (vel=120 acc=180 time=0.00)
[WARN] [1789445693.745544484] [sim_executor_bridge_node]: MOVEJ_OVER_DOOSAN_MOVEIT J2 acc 180>120 — 두산 공식 MoveIt 설정 초과, 자르지 않고 실행
[INFO] [1789445693.808176500] [sim_executor_bridge_node]: MoveJoint profile: span 0.2deg / 0.06s (13 steps)
[INFO] [1789445693.809421079] [sim_executor_bridge_node]: ARM_ARRIVAL MoveJoint: 잔차 0.17deg (손끝 2.8mm) / 대기 0.00s
[INFO] [1789445696.854590186] [sim_executor_bridge_node]: MoveJoint called to [88.0, -94.9, 129.9, 175.9, -31.3, -266.6] (vel=120 acc=180 time=0.00)
[WARN] [1789445696.854820315] [sim_executor_bridge_node]: MOVEJ_OVER_DOOSAN_MOVEIT J2 acc 144>120  J3 acc 154>150 — 두산 공식 MoveIt 설정 초과, 자르지 않고 실행
[INFO] [1789445698.780549002] [sim_executor_bridge_node]: MoveJoint profile: span 151.0deg / 1.92s (385 steps)
[INFO] [1789445698.982828350] [sim_executor_bridge_node]: ARM_ARRIVAL MoveJoint: 잔차 0.26deg (손끝 1.9mm) / 대기 0.20s
[INFO] [1789445699.012056190] [sim_executor_bridge_node]: MoveJoint called to [150.3, -11.9, 109.1, 262.2, 63.3, -349.5] (vel=120 acc=180 time=0.00)
[WARN] [1789445699.012488457] [sim_executor_bridge_node]: MOVEJ_OVER_DOOSAN_MOVEIT J2 acc 158>120 — 두산 공식 MoveIt 설정 초과, 자르지 않고 실행
[INFO] [1789445700.467773944] [sim_executor_bridge_node]: MoveJoint profile: span 94.5deg / 1.45s (291 steps)
[INFO] [1789445700.669444234] [sim_executor_bridge_node]: ARM_ARRIVAL MoveJoint: 잔차 0.26deg (손끝 1.7mm) / 대기 0.20s
[INFO] [1789445703.869140859] [sim_executor_bridge_node]: MoveJoint called to [114.4, -8.5, 122.1, 227.1, 37.6, -311.7] (vel=120 acc=180 time=0.00)
[WARN] [1789445703.869352055] [sim_executor_bridge_node]: MOVEJ_OVER_DOOSAN_MOVEIT J1 acc 171>120 — 두산 공식 MoveIt 설정 초과, 자르지 않고 실행
[INFO] [1789445704.786973185] [sim_executor_bridge_node]: MoveJoint profile: span 37.8deg / 0.92s (184 steps)
[INFO] [1789445704.990032906] [sim_executor_bridge_node]: ARM_ARRIVAL MoveJoint: 잔차 0.29deg (손끝 1.5mm) / 대기 0.20s
[INFO] [1789445708.082898609] [sim_executor_bridge_node]: SetPosition called to 600
[INFO] [1789445710.766374485] [sim_executor_bridge_node]: MoveSplineJoint called with 12 points
[INFO] [1789445715.112991319] [sim_executor_bridge_node]: ARM_ARRIVAL MoveSpline: 잔차 0.22deg (손끝 1.9mm) / 대기 0.40s
[INFO] [1789445715.113235351] [sim_executor_bridge_node]: MoveSpline ok: 12 pts / 3.88s -> end=[107.3 -5.6 93.9 124.4 -20.8 147.6]deg
[INFO] [1789445715.428825004] [sim_executor_bridge_node]: MoveLine called (pos=[ 0.  0. 45.  0.  0.  0.], ref=1, mode=1)
[INFO] [1789445718.818500870] [sim_executor_bridge_node]: ARM_ARRIVAL MoveLine: 잔차 0.26deg (손끝 1.7mm) / 대기 0.02s
[INFO] [1789445718.819004111] [sim_executor_bridge_node]: MOVELINE_END_ERR: along=-1.5mm lateral=0.8mm |err|=1.7mm (명령 45mm, TOOL)
[INFO] [1789445718.819193600] [sim_executor_bridge_node]: MoveLine 실이동 43.5mm / 명령 45mm
[INFO] [1789445718.819365184] [sim_executor_bridge_node]: MoveLine ok: 45mm / 23 steps / 계획 0.75s 실소요 3.39s (worst step joint delta 0.3deg)
[INFO] [1789445718.835973534] [sim_executor_bridge_node]: MoveLine called (pos=[  0.           0.         -32.60535644   0.           0.
   0.        ], ref=0, mode=1)
[INFO] [1789445721.635885051] [sim_executor_bridge_node]: ARM_ARRIVAL MoveLine: 잔차 0.24deg (손끝 0.4mm) / 대기 0.12s
[INFO] [1789445721.636347381] [sim_executor_bridge_node]: MOVELINE_END_ERR: along=+0.2mm lateral=0.4mm |err|=0.4mm (명령 33mm, BASE)
[INFO] [1789445721.636509551] [sim_executor_bridge_node]: MoveLine 실이동 32.8mm / 명령 33mm
[INFO] [1789445721.636690116] [sim_executor_bridge_node]: MoveLine ok: 33mm / 17 steps / 계획 0.82s 실소요 2.80s (worst step joint delta 1.0deg)
[INFO] [1789445721.640584539] [sim_executor_bridge_node]: SetPosition called to 700
[INFO] [1789445721.644738813] [sim_executor_bridge_node]: GRASP_JUDGE 줄기기준 along=+15.2mm(조우 -6~27) lateral=5.2mm(허용20) | 과실기준 d_tcp=36.4mm -> CONTACT
[INFO] [1789445721.645158057] [sim_executor_bridge_node]: GRASP_ATTACH 과실 (-100, 783, 440)mm -> /sim/grasp_event
[INFO] [1789445722.041830193] [sim_executor_bridge_node]: MoveLine called (pos=[  0.   0. -40.   0.   0.   0.], ref=0, mode=1)
[INFO] [1789445725.331540719] [sim_executor_bridge_node]: ARM_ARRIVAL MoveLine: 잔차 0.28deg (손끝 0.3mm) / 대기 0.14s
[INFO] [1789445725.332833781] [sim_executor_bridge_node]: MOVELINE_END_ERR: along=+0.0mm lateral=0.3mm |err|=0.3mm (명령 40mm, BASE)
[INFO] [1789445725.332984608] [sim_executor_bridge_node]: MoveLine 실이동 40.0mm / 명령 40mm
[INFO] [1789445725.333123674] [sim_executor_bridge_node]: MoveLine ok: 40mm / 20 steps / 계획 0.80s 실소요 3.29s (worst step joint delta 1.2deg)
[INFO] [1789445725.348816030] [sim_executor_bridge_node]: MoveLine called (pos=[  0.   0. -45.   0.   0.   0.], ref=1, mode=1)
[INFO] [1789445728.500241771] [sim_executor_bridge_node]: ARM_ARRIVAL MoveLine: 잔차 0.29deg (손끝 1.9mm) / 대기 0.04s
[INFO] [1789445728.500649732] [sim_executor_bridge_node]: MOVELINE_END_ERR: along=-1.9mm lateral=0.5mm |err|=1.9mm (명령 45mm, TOOL)
[INFO] [1789445728.500799697] [sim_executor_bridge_node]: MoveLine 실이동 43.1mm / 명령 45mm
[INFO] [1789445728.500937872] [sim_executor_bridge_node]: MoveLine ok: 45mm / 23 steps / 계획 0.56s 실소요 3.15s (worst step joint delta 0.3deg)
[INFO] [1789445730.148714991] [sim_executor_bridge_node]: SetPosition called to 600
[INFO] [1789445730.148990846] [sim_executor_bridge_node]: GRASP_RELEASE -> /sim/grasp_event
[INFO] [1789445731.731767931] [sim_executor_bridge_node]: MoveSplineJoint called with 12 points
[INFO] [1789445733.270256470] [sim_executor_bridge_node]: ARM_ARRIVAL MoveSpline: 잔차 0.23deg (손끝 0.3mm) / 대기 0.40s
[INFO] [1789445733.270645314] [sim_executor_bridge_node]: MoveSpline ok: 12 pts / 1.12s -> end=[114.4 -8.5 122.1 227.1 37.7 48.3]deg
[INFO] [1789445733.285210941] [sim_executor_bridge_node]: SetPosition called to 600
[INFO] [1789445734.489896894] [sim_executor_bridge_node]: MoveJoint called to [146.3, 15.8, 65.3, 271.2, 58.3, -7.7] (vel=120 acc=180 time=0.00)
[WARN] [1789445734.490329749] [sim_executor_bridge_node]: MOVEJ_OVER_DOOSAN_MOVEIT J3 acc 180>150 — 두산 공식 MoveIt 설정 초과, 자르지 않고 실행
[INFO] [1789445735.615506519] [sim_executor_bridge_node]: MoveJoint profile: span 56.9deg / 1.12s (225 steps)
[INFO] [1789445735.837873866] [sim_executor_bridge_node]: ARM_ARRIVAL MoveJoint: 잔차 0.23deg (손끝 1.5mm) / 대기 0.22s
[INFO] [1789445738.899808153] [sim_executor_bridge_node]: SetPosition called to 600
[INFO] [1789445741.337138270] [sim_executor_bridge_node]: MoveSplineJoint called with 12 points
[INFO] [1789445742.207546189] [sim_executor_bridge_node]: ARM_ARRIVAL MoveSpline: 잔차 0.24deg (손끝 1.7mm) / 대기 0.28s
[INFO] [1789445742.207927050] [sim_executor_bridge_node]: MoveSpline ok: 12 pts / 0.58s -> end=[127.9 6.3 72.7 297.8 43.1 -27.5]deg
[INFO] [1789445742.539893247] [sim_executor_bridge_node]: MoveLine called (pos=[ 0.  0. 45.  0.  0.  0.], ref=1, mode=1)
[INFO] [1789445745.949590846] [sim_executor_bridge_node]: ARM_ARRIVAL MoveLine: 잔차 0.29deg (손끝 1.9mm) / 대기 0.00s
[INFO] [1789445745.951824677] [sim_executor_bridge_node]: MOVELINE_END_ERR: along=-1.8mm lateral=0.6mm |err|=1.9mm (명령 45mm, TOOL)
[INFO] [1789445745.951974862] [sim_executor_bridge_node]: MoveLine 실이동 43.2mm / 명령 45mm
[INFO] [1789445745.952112220] [sim_executor_bridge_node]: MoveLine ok: 45mm / 23 steps / 계획 0.75s 실소요 3.41s (worst step joint delta 0.2deg)
[INFO] [1789445745.995848080] [sim_executor_bridge_node]: MoveLine called (pos=[  0.           0.         -32.60535644   0.           0.
   0.        ], ref=0, mode=1)
[INFO] [1789445748.811348385] [sim_executor_bridge_node]: ARM_ARRIVAL MoveLine: 잔차 0.29deg (손끝 0.8mm) / 대기 0.04s
[INFO] [1789445748.811762165] [sim_executor_bridge_node]: MOVELINE_END_ERR: along=-0.7mm lateral=0.3mm |err|=0.8mm (명령 33mm, BASE)
[INFO] [1789445748.811912449] [sim_executor_bridge_node]: MoveLine 실이동 31.9mm / 명령 33mm
[INFO] [1789445748.812050846] [sim_executor_bridge_node]: MoveLine ok: 33mm / 17 steps / 계획 0.82s 실소요 2.82s (worst step joint delta 0.4deg)
[INFO] [1789445748.851205490] [sim_executor_bridge_node]: SetPosition called to 700
[INFO] [1789445748.852327468] [sim_executor_bridge_node]: GRASP_JUDGE 줄기기준 along=+14.8mm(조우 -6~27) lateral=4.0mm(허용20) | 과실기준 d_tcp=37.0mm -> CONTACT
[INFO] [1789445748.852541036] [sim_executor_bridge_node]: GRASP_ATTACH 과실 (-250, 783, 500)mm -> /sim/grasp_event
[INFO] [1789445749.252595107] [sim_executor_bridge_node]: MoveLine called (pos=[  0.   0. -40.   0.   0.   0.], ref=0, mode=1)
[INFO] [1789445752.853333471] [sim_executor_bridge_node]: ARM_ARRIVAL MoveLine: 잔차 0.28deg (손끝 0.7mm) / 대기 0.06s
[INFO] [1789445752.854077143] [sim_executor_bridge_node]: MOVELINE_END_ERR: along=-0.6mm lateral=0.3mm |err|=0.7mm (명령 40mm, BASE)
[INFO] [1789445752.854916563] [sim_executor_bridge_node]: MoveLine 실이동 39.4mm / 명령 40mm
[INFO] [1789445752.855249883] [sim_executor_bridge_node]: MoveLine ok: 40mm / 20 steps / 계획 0.80s 실소요 3.60s (worst step joint delta 0.5deg)
[INFO] [1789445752.859838576] [sim_executor_bridge_node]: MoveLine called (pos=[  0.   0. -45.   0.   0.   0.], ref=1, mode=1)
[INFO] [1789445756.812028289] [sim_executor_bridge_node]: ARM_ARRIVAL MoveLine: 잔차 0.29deg (손끝 2.4mm) / 대기 0.02s
[INFO] [1789445756.813300188] [sim_executor_bridge_node]: MOVELINE_END_ERR: along=-2.4mm lateral=0.4mm |err|=2.4mm (명령 45mm, TOOL)
[INFO] [1789445756.813780311] [sim_executor_bridge_node]: MoveLine 실이동 42.6mm / 명령 45mm
[INFO] [1789445756.814227108] [sim_executor_bridge_node]: MoveLine ok: 45mm / 23 steps / 계획 0.56s 실소요 3.95s (worst step joint delta 0.2deg)
[INFO] [1789445758.685567148] [sim_executor_bridge_node]: MoveSplineJoint called with 12 points
[INFO] [1789445760.152844695] [sim_executor_bridge_node]: ARM_ARRIVAL MoveSpline: 잔차 0.29deg (손끝 2.7mm) / 대기 0.38s
[INFO] [1789445760.153051361] [sim_executor_bridge_node]: MoveSpline ok: 12 pts / 1.06s -> end=[0.7 30.9 124.1 351.5 -64.9 -83.6]deg
[INFO] [1789445760.189426166] [sim_executor_bridge_node]: MoveLine called (pos=[   0.    0. -120.    0.    0.    0.], ref=0, mode=1)
[INFO] [1789445760.191280228] [sim_executor_bridge_node]: MoveLine 120mm: 60 -> 24 steps (5.0mm/step, 자유공간 이송)
[INFO] [1789445765.356877092] [sim_executor_bridge_node]: ARM_ARRIVAL MoveLine: 잔차 0.30deg (손끝 1.6mm) / 대기 0.04s
[INFO] [1789445765.357555214] [sim_executor_bridge_node]: MOVELINE_END_ERR: along=-1.6mm lateral=0.1mm |err|=1.6mm (명령 120mm, BASE)
[INFO] [1789445765.357796872] [sim_executor_bridge_node]: MoveLine 실이동 118.4mm / 명령 120mm
[INFO] [1789445765.357951292] [sim_executor_bridge_node]: MoveLine ok: 120mm / 24 steps / 계획 2.00s 실소요 5.17s (worst step joint delta 0.9deg)
[INFO] [1789445765.398374554] [sim_executor_bridge_node]: SetPosition called to 600
[INFO] [1789445765.398656778] [sim_executor_bridge_node]: GRASP_RELEASE -> /sim/grasp_event
[INFO] [1789445766.414741681] [sim_executor_bridge_node]: MoveSplineJoint called with 12 points
[INFO] [1789445768.012151971] [sim_executor_bridge_node]: ARM_ARRIVAL MoveSpline: 잔차 0.28deg (손끝 0.6mm) / 대기 0.28s
[INFO] [1789445768.012343268] [sim_executor_bridge_node]: MoveSpline ok: 12 pts / 1.30s -> end=[0.7 30.9 124.1 351.5 -64.9 -83.6]deg
[INFO] [1789445769.647463123] [sim_executor_bridge_node]: MoveSplineJoint called with 12 points
[INFO] [1789445771.495839222] [sim_executor_bridge_node]: ARM_ARRIVAL MoveSpline: 잔차 0.29deg (손끝 2.6mm) / 대기 0.38s
[INFO] [1789445771.496138412] [sim_executor_bridge_node]: MoveSpline ok: 12 pts / 1.44s -> end=[146.3 15.8 65.3 271.2 58.3 -7.7]deg
[INFO] [1789445771.500674930] [sim_executor_bridge_node]: SetPosition called to 600
[INFO] [1789445772.872528310] [sim_executor_bridge_node]: MoveJoint called to [129.1, -28.0, 104.4, 279.8, 42.0, -15.8] (vel=120 acc=180 time=0.00)
[WARN] [1789445772.872754195] [sim_executor_bridge_node]: MOVEJ_OVER_DOOSAN_MOVEIT J2 acc 180>120  J3 acc 160>150 — 두산 공식 MoveIt 설정 초과, 자르지 않고 실행
[INFO] [1789445773.861260149] [sim_executor_bridge_node]: MoveJoint profile: span 43.9deg / 0.99s (198 steps)
[INFO] [1789445774.083037534] [sim_executor_bridge_node]: ARM_ARRIVAL MoveJoint: 잔차 0.27deg (손끝 1.7mm) / 대기 0.22s
[INFO] [1789445777.184705358] [sim_executor_bridge_node]: SetPosition called to 600
[INFO] [1789445779.825603606] [sim_executor_bridge_node]: MoveSplineJoint called with 12 points
[INFO] [1789445780.759052677] [sim_executor_bridge_node]: ARM_ARRIVAL MoveSpline: 잔차 0.27deg (손끝 1.0mm) / 대기 0.34s
[INFO] [1789445780.759436181] [sim_executor_bridge_node]: MoveSpline ok: 12 pts / 0.58s -> end=[124.4 6.2 63.2 308.9 45.6 -41.6]deg
[INFO] [1789445781.078829173] [sim_executor_bridge_node]: MoveLine called (pos=[ 0.  0. 45.  0.  0.  0.], ref=1, mode=1)
[INFO] [1789445784.531000025] [sim_executor_bridge_node]: ARM_ARRIVAL MoveLine: 잔차 0.29deg (손끝 1.7mm) / 대기 0.00s
[INFO] [1789445784.531404058] [sim_executor_bridge_node]: MOVELINE_END_ERR: along=-1.5mm lateral=0.7mm |err|=1.7mm (명령 45mm, TOOL)
[INFO] [1789445784.531551279] [sim_executor_bridge_node]: MoveLine 실이동 43.5mm / 명령 45mm
[INFO] [1789445784.531691990] [sim_executor_bridge_node]: MoveLine ok: 45mm / 23 steps / 계획 0.75s 실소요 3.45s (worst step joint delta 0.3deg)
[INFO] [1789445784.536245604] [sim_executor_bridge_node]: MoveLine called (pos=[  0.           0.         -32.60535644   0.           0.
   0.        ], ref=0, mode=1)
[INFO] [1789445787.597880048] [sim_executor_bridge_node]: ARM_ARRIVAL MoveLine: 잔차 0.26deg (손끝 0.7mm) / 대기 0.04s
[INFO] [1789445787.598355353] [sim_executor_bridge_node]: MOVELINE_END_ERR: along=-0.6mm lateral=0.5mm |err|=0.8mm (명령 33mm, BASE)
[INFO] [1789445787.598511972] [sim_executor_bridge_node]: MoveLine 실이동 32.0mm / 명령 33mm
[INFO] [1789445787.598659859] [sim_executor_bridge_node]: MoveLine ok: 33mm / 17 steps / 계획 0.82s 실소요 3.06s (worst step joint delta 0.5deg)
[INFO] [1789445787.641036123] [sim_executor_bridge_node]: SetPosition called to 700
[INFO] [1789445787.642612404] [sim_executor_bridge_node]: GRASP_JUDGE 줄기기준 along=+14.9mm(조우 -6~27) lateral=4.5mm(허용20) | 과실기준 d_tcp=36.6mm -> CONTACT
[INFO] [1789445787.643063842] [sim_executor_bridge_node]: GRASP_ATTACH 과실 (-220, 783, 560)mm -> /sim/grasp_event
[INFO] [1789445788.042915153] [sim_executor_bridge_node]: MoveLine called (pos=[  0.   0. -40.   0.   0.   0.], ref=0, mode=1)
[INFO] [1789445791.393032951] [sim_executor_bridge_node]: ARM_ARRIVAL MoveLine: 잔차 0.26deg (손끝 0.6mm) / 대기 0.06s
[INFO] [1789445791.393720128] [sim_executor_bridge_node]: MOVELINE_END_ERR: along=-0.5mm lateral=0.4mm |err|=0.7mm (명령 40mm, BASE)
[INFO] [1789445791.393941359] [sim_executor_bridge_node]: MoveLine 실이동 39.5mm / 명령 40mm
[INFO] [1789445791.394091920] [sim_executor_bridge_node]: MoveLine ok: 40mm / 20 steps / 계획 0.80s 실소요 3.35s (worst step joint delta 0.5deg)
[INFO] [1789445791.399125134] [sim_executor_bridge_node]: MoveLine called (pos=[  0.   0. -45.   0.   0.   0.], ref=1, mode=1)
[INFO] [1789445794.919661273] [sim_executor_bridge_node]: ARM_ARRIVAL MoveLine: 잔차 0.28deg (손끝 2.3mm) / 대기 0.04s
[INFO] [1789445794.920074024] [sim_executor_bridge_node]: MOVELINE_END_ERR: along=-2.3mm lateral=0.5mm |err|=2.3mm (명령 45mm, TOOL)
[INFO] [1789445794.920229439] [sim_executor_bridge_node]: MoveLine 실이동 42.7mm / 명령 45mm
[INFO] [1789445794.921124276] [sim_executor_bridge_node]: MoveLine ok: 45mm / 23 steps / 계획 0.56s 실소요 3.52s (worst step joint delta 0.3deg)
[INFO] [1789445796.661042900] [sim_executor_bridge_node]: MoveSplineJoint called with 12 points
[INFO] [1789445798.117806865] [sim_executor_bridge_node]: ARM_ARRIVAL MoveSpline: 잔차 0.29deg (손끝 1.7mm) / 대기 0.38s
[INFO] [1789445798.118011412] [sim_executor_bridge_node]: MoveSpline ok: 12 pts / 1.05s -> end=[0.8 26.2 135.0 171.9 71.1 95.5]deg
[INFO] [1789445798.164170741] [sim_executor_bridge_node]: MoveLine called (pos=[   0.    0. -120.    0.    0.    0.], ref=0, mode=1)
[INFO] [1789445798.164983180] [sim_executor_bridge_node]: MoveLine 120mm: 60 -> 24 steps (5.0mm/step, 자유공간 이송)
[INFO] [1789445803.052564260] [sim_executor_bridge_node]: ARM_ARRIVAL MoveLine: 잔차 0.26deg (손끝 1.2mm) / 대기 0.08s
[INFO] [1789445803.052976737] [sim_executor_bridge_node]: MOVELINE_END_ERR: along=-1.2mm lateral=0.1mm |err|=1.2mm (명령 120mm, BASE)
[INFO] [1789445803.053132149] [sim_executor_bridge_node]: MoveLine 실이동 118.8mm / 명령 120mm
[INFO] [1789445803.053272182] [sim_executor_bridge_node]: MoveLine ok: 120mm / 24 steps / 계획 2.00s 실소요 4.89s (worst step joint delta 1.0deg)
[INFO] [1789445803.073231373] [sim_executor_bridge_node]: SetPosition called to 600
[INFO] [1789445803.073476028] [sim_executor_bridge_node]: GRASP_RELEASE -> /sim/grasp_event
[INFO] [1789445804.094983958] [sim_executor_bridge_node]: MoveSplineJoint called with 12 points
[INFO] [1789445805.121681249] [sim_executor_bridge_node]: ARM_ARRIVAL MoveSpline: 잔차 0.27deg (손끝 1.6mm) / 대기 0.26s
[INFO] [1789445805.122059288] [sim_executor_bridge_node]: MoveSpline ok: 12 pts / 0.76s -> end=[0.9 26.1 135.0 172.0 70.9 95.4]deg
[INFO] [1789445806.678907002] [sim_executor_bridge_node]: MoveSplineJoint called with 12 points
[INFO] [1789445808.152450722] [sim_executor_bridge_node]: ARM_ARRIVAL MoveSpline: 잔차 0.27deg (손끝 1.8mm) / 대기 0.38s
[INFO] [1789445808.152677455] [sim_executor_bridge_node]: MoveSpline ok: 12 pts / 1.07s -> end=[129.1 -28.0 104.4 279.8 42.0 -15.8]deg
[INFO] [1789445808.180761217] [sim_executor_bridge_node]: SetPosition called to 600
[INFO] [1789445809.236638175] [sim_executor_bridge_node]: MoveJoint called to [150.3, -11.9, 109.1, 262.2, 63.3, 10.5] (vel=120 acc=180 time=0.00)
[WARN] [1789445809.236990688] [sim_executor_bridge_node]: MOVEJ_OVER_DOOSAN_MOVEIT J1 acc 145>120 — 두산 공식 MoveIt 설정 초과, 자르지 않고 실행
[INFO] [1789445810.001061886] [sim_executor_bridge_node]: MoveJoint profile: span 26.2deg / 0.76s (153 steps)
[INFO] [1789445810.204326159] [sim_executor_bridge_node]: ARM_ARRIVAL MoveJoint: 잔차 0.29deg (손끝 1.7mm) / 대기 0.20s
[INFO] [1789445813.245780296] [sim_executor_bridge_node]: MoveJoint called to [88.0, -94.9, 129.9, 175.9, -31.3, 93.4] (vel=120 acc=180 time=0.00)
[WARN] [1789445813.246212448] [sim_executor_bridge_node]: MOVEJ_OVER_DOOSAN_MOVEIT J2 acc 158>120 — 두산 공식 MoveIt 설정 초과, 자르지 않고 실행
[INFO] [1789445814.702677284] [sim_executor_bridge_node]: MoveJoint profile: span 94.7deg / 1.46s (292 steps)
[INFO] [1789445814.904401697] [sim_executor_bridge_node]: ARM_ARRIVAL MoveJoint: 잔차 0.30deg (손끝 1.6mm) / 대기 0.20s
[INFO] [1789448198.640176163] [sim_executor_bridge_node]: MoveJoint called to [144.1, 22.9, -1.0, 121.5, -75.3, 108.7] (vel=120 acc=180 time=0.00)
[WARN] [1789448198.640646312] [sim_executor_bridge_node]: MOVEJ_OVER_DOOSAN_MOVEIT J2 acc 162>120  J3 acc 180>150 — 두산 공식 MoveIt 설정 초과, 자르지 않고 실행
[INFO] [1789448200.399339290] [sim_executor_bridge_node]: MoveJoint profile: span 130.9deg / 1.76s (352 steps)
[INFO] [1789448200.606832204] [sim_executor_bridge_node]: ARM_ARRIVAL MoveJoint: 잔차 0.29deg (손끝 0.7mm) / 대기 0.20s
[INFO] [1789448203.789985105] [sim_executor_bridge_node]: MoveJoint called to [144.6, 31.8, 10.9, 114.4, -65.7, 128.3] (vel=120 acc=180 time=0.00)
[INFO] [1789448204.451066964] [sim_executor_bridge_node]: MoveJoint profile: span 19.6deg / 0.66s (133 steps)
[INFO] [1789448204.633475930] [sim_executor_bridge_node]: ARM_ARRIVAL MoveJoint: 잔차 0.30deg (손끝 1.1mm) / 대기 0.18s
[INFO] [1789448207.700990262] [sim_executor_bridge_node]: SetPosition called to 600
[INFO] [1789448210.715007224] [sim_executor_bridge_node]: MoveSplineJoint called with 12 points
[INFO] [1789448211.507488693] [sim_executor_bridge_node]: ARM_ARRIVAL MoveSpline: 잔차 0.26deg (손끝 1.0mm) / 대기 0.20s
[INFO] [1789448211.507746324] [sim_executor_bridge_node]: MoveSpline ok: 12 pts / 0.58s -> end=[139.9 30.1 24.3 111.7 -55.0 140.1]deg
[INFO] [1789448211.818105282] [sim_executor_bridge_node]: MoveLine called (pos=[ 0.  0. 40.  0.  0.  0.], ref=1, mode=1)
[INFO] [1789448214.698253276] [sim_executor_bridge_node]: ARM_ARRIVAL MoveLine: 잔차 0.19deg (손끝 1.8mm) / 대기 0.00s
[INFO] [1789448214.698705551] [sim_executor_bridge_node]: MOVELINE_END_ERR: along=-2.7mm lateral=3.1mm |err|=4.1mm (명령 40mm, TOOL)
[INFO] [1789448214.698863311] [sim_executor_bridge_node]: MoveLine 실이동 37.4mm / 명령 40mm
[INFO] [1789448214.699004039] [sim_executor_bridge_node]: MoveLine ok: 40mm / 20 steps / 계획 0.67s 실소요 2.88s (worst step joint delta 3.8deg)
[INFO] [1789448214.725502266] [sim_executor_bridge_node]: MoveLine called (pos=[  0.           0.         -28.25754239   0.           0.
   0.        ], ref=0, mode=1)
[INFO] [1789448217.328144696] [sim_executor_bridge_node]: ARM_ARRIVAL MoveLine: 잔차 0.27deg (손끝 1.6mm) / 대기 0.10s
[INFO] [1789448217.328975856] [sim_executor_bridge_node]: MOVELINE_END_ERR: along=+1.0mm lateral=1.2mm |err|=1.6mm (명령 28mm, BASE)
[INFO] [1789448217.329330362] [sim_executor_bridge_node]: MoveLine 실이동 29.3mm / 명령 28mm
[INFO] [1789448217.329679150] [sim_executor_bridge_node]: MoveLine ok: 28mm / 15 steps / 계획 0.71s 실소요 2.60s (worst step joint delta 6.8deg)
[INFO] [1789448217.379444190] [sim_executor_bridge_node]: SetPosition called to 700
[INFO] [1789448217.382432709] [sim_executor_bridge_node]: GRASP_JUDGE 줄기기준 along=+21.0mm(조우 -6~27) lateral=5.9mm(허용20) | 과실기준 d_tcp=34.9mm -> CONTACT
[INFO] [1789448217.382662727] [sim_executor_bridge_node]: GRASP_ATTACH 과실 (-380, 783, 720)mm -> /sim/grasp_event
[INFO] [1789448217.781070978] [sim_executor_bridge_node]: MoveLine called (pos=[  0.   0. -40.   0.   0.   0.], ref=0, mode=1)
[INFO] [1789448220.973052993] [sim_executor_bridge_node]: ARM_ARRIVAL MoveLine: 잔차 0.27deg (손끝 1.1mm) / 대기 0.08s
[INFO] [1789448220.974839381] [sim_executor_bridge_node]: MOVELINE_END_ERR: along=+0.4mm lateral=1.0mm |err|=1.1mm (명령 40mm, BASE)
[INFO] [1789448220.975034804] [sim_executor_bridge_node]: MoveLine 실이동 40.4mm / 명령 40mm
[INFO] [1789448220.975409808] [sim_executor_bridge_node]: MoveLine ok: 40mm / 20 steps / 계획 0.80s 실소요 3.19s (worst step joint delta 0.9deg)
[INFO] [1789448220.987001643] [sim_executor_bridge_node]: MoveLine called (pos=[  0.   0. -40.   0.   0.   0.], ref=1, mode=1)
[INFO] [1789448223.810296791] [sim_executor_bridge_node]: ARM_ARRIVAL MoveLine: 잔차 0.27deg (손끝 2.3mm) / 대기 0.06s
[INFO] [1789448223.810734636] [sim_executor_bridge_node]: MOVELINE_END_ERR: along=-1.8mm lateral=1.4mm |err|=2.3mm (명령 40mm, TOOL)
[INFO] [1789448223.810898526] [sim_executor_bridge_node]: MoveLine 실이동 38.2mm / 명령 40mm
[INFO] [1789448223.811710230] [sim_executor_bridge_node]: MoveLine ok: 40mm / 20 steps / 계획 0.50s 실소요 2.82s (worst step joint delta 0.5deg)
[INFO] [1789448225.471717135] [sim_executor_bridge_node]: SetPosition called to 600
[INFO] [1789448225.472153079] [sim_executor_bridge_node]: GRASP_RELEASE -> /sim/grasp_event
[INFO] [1789448226.990917958] [sim_executor_bridge_node]: MoveSplineJoint called with 12 points
[INFO] [1789448227.924526548] [sim_executor_bridge_node]: ARM_ARRIVAL MoveSpline: 잔차 0.27deg (손끝 2.4mm) / 대기 0.34s
[INFO] [1789448227.924721270] [sim_executor_bridge_node]: MoveSpline ok: 12 pts / 0.58s -> end=[144.6 31.9 10.9 114.4 -65.7 128.3]deg
[INFO] [1789448227.942272956] [sim_executor_bridge_node]: SetPosition called to 600
[INFO] [1789448229.048782133] [sim_executor_bridge_node]: SetPosition called to 600
[INFO] [1789448231.737746397] [sim_executor_bridge_node]: MoveSplineJoint called with 12 points
[INFO] [1789448232.566474086] [sim_executor_bridge_node]: ARM_ARRIVAL MoveSpline: 잔차 0.29deg (손끝 3.0mm) / 대기 0.24s
[INFO] [1789448232.566767387] [sim_executor_bridge_node]: MoveSpline ok: 12 pts / 0.58s -> end=[128.5 19.3 28.9 130.0 -54.3 125.5]deg
[INFO] [1789448232.890803804] [sim_executor_bridge_node]: MoveLine called (pos=[ 0.  0. 45.  0.  0.  0.], ref=1, mode=1)
[INFO] [1789448236.554993304] [sim_executor_bridge_node]: ARM_ARRIVAL MoveLine: 잔차 0.27deg (손끝 1.9mm) / 대기 0.20s
[INFO] [1789448236.555508755] [sim_executor_bridge_node]: MOVELINE_END_ERR: along=+0.9mm lateral=1.7mm |err|=1.9mm (명령 45mm, TOOL)
[INFO] [1789448236.555727846] [sim_executor_bridge_node]: MoveLine 실이동 45.9mm / 명령 45mm
[INFO] [1789448236.555893177] [sim_executor_bridge_node]: MoveLine ok: 45mm / 23 steps / 계획 0.75s 실소요 3.66s (worst step joint delta 1.5deg)
[INFO] [1789448236.598804330] [sim_executor_bridge_node]: MoveLine called (pos=[  0.        0.      -30.00054   0.        0.        0.     ], ref=0, mode=1)
[INFO] [1789448239.458388707] [sim_executor_bridge_node]: ARM_ARRIVAL MoveLine: 잔차 0.25deg (손끝 1.5mm) / 대기 0.10s
[INFO] [1789448239.458845647] [sim_executor_bridge_node]: MOVELINE_END_ERR: along=+0.8mm lateral=1.3mm |err|=1.5mm (명령 30mm, BASE)
[INFO] [1789448239.459013072] [sim_executor_bridge_node]: MoveLine 실이동 30.8mm / 명령 30mm
[INFO] [1789448239.459163683] [sim_executor_bridge_node]: MoveLine ok: 30mm / 16 steps / 계획 0.75s 실소요 2.86s (worst step joint delta 2.3deg)
[INFO] [1789448239.504634183] [sim_executor_bridge_node]: SetPosition called to 700
[INFO] [1789448239.505607328] [sim_executor_bridge_node]: GRASP_JUDGE 줄기기준 along=+12.1mm(조우 -6~27) lateral=6.0mm(허용20) | 과실기준 d_tcp=32.1mm -> CONTACT
[INFO] [1789448239.505915640] [sim_executor_bridge_node]: GRASP_ATTACH 과실 (-250, 783, 740)mm -> /sim/grasp_event
[INFO] [1789448239.906423449] [sim_executor_bridge_node]: MoveLine called (pos=[  0.   0. -40.   0.   0.   0.], ref=0, mode=1)
[INFO] [1789448243.315773234] [sim_executor_bridge_node]: ARM_ARRIVAL MoveLine: 잔차 0.28deg (손끝 1.0mm) / 대기 0.06s
[INFO] [1789448243.316273097] [sim_executor_bridge_node]: MOVELINE_END_ERR: along=+0.2mm lateral=1.0mm |err|=1.0mm (명령 40mm, BASE)
[INFO] [1789448243.316440759] [sim_executor_bridge_node]: MoveLine 실이동 40.2mm / 명령 40mm
[INFO] [1789448243.316631357] [sim_executor_bridge_node]: MoveLine ok: 40mm / 20 steps / 계획 0.80s 실소요 3.41s (worst step joint delta 0.9deg)
[INFO] [1789448243.363509202] [sim_executor_bridge_node]: MoveLine called (pos=[  0.   0. -45.   0.   0.   0.], ref=1, mode=1)
[INFO] [1789448246.792506551] [sim_executor_bridge_node]: ARM_ARRIVAL MoveLine: 잔차 0.30deg (손끝 2.5mm) / 대기 0.04s
[INFO] [1789448246.792918877] [sim_executor_bridge_node]: MOVELINE_END_ERR: along=-2.2mm lateral=1.2mm |err|=2.5mm (명령 45mm, TOOL)
[INFO] [1789448246.793082563] [sim_executor_bridge_node]: MoveLine 실이동 42.8mm / 명령 45mm
[INFO] [1789448246.793262236] [sim_executor_bridge_node]: MoveLine ok: 45mm / 23 steps / 계획 0.56s 실소요 3.43s (worst step joint delta 0.4deg)
[INFO] [1789448248.342937027] [sim_executor_bridge_node]: MoveSplineJoint called with 12 points
[INFO] [1789448249.885764619] [sim_executor_bridge_node]: ARM_ARRIVAL MoveSpline: 잔차 0.29deg (손끝 3.0mm) / 대기 0.36s
[INFO] [1789448249.886135577] [sim_executor_bridge_node]: MoveSpline ok: 12 pts / 1.16s -> end=[-10.3 31.3 123.1 159.3 65.5 101.6]deg
[INFO] [1789448249.897191957] [sim_executor_bridge_node]: MoveLine called (pos=[   0.    0. -120.    0.    0.    0.], ref=0, mode=1)
[INFO] [1789448249.900305786] [sim_executor_bridge_node]: MoveLine 120mm: 60 -> 24 steps (5.0mm/step, 자유공간 이송)
[INFO] [1789448254.834475258] [sim_executor_bridge_node]: ARM_ARRIVAL MoveLine: 잔차 0.26deg (손끝 1.4mm) / 대기 0.08s
[INFO] [1789448254.835481982] [sim_executor_bridge_node]: MOVELINE_END_ERR: along=-1.4mm lateral=0.1mm |err|=1.4mm (명령 120mm, BASE)
[INFO] [1789448254.835827884] [sim_executor_bridge_node]: MoveLine 실이동 118.6mm / 명령 120mm
[INFO] [1789448254.836047884] [sim_executor_bridge_node]: MoveLine ok: 120mm / 24 steps / 계획 2.00s 실소요 4.94s (worst step joint delta 0.9deg)
[INFO] [1789448254.855509073] [sim_executor_bridge_node]: SetPosition called to 600
[INFO] [1789448254.855979434] [sim_executor_bridge_node]: GRASP_RELEASE -> /sim/grasp_event
[INFO] [1789448256.079131431] [sim_executor_bridge_node]: MoveSplineJoint called with 12 points
[INFO] [1789448256.926593033] [sim_executor_bridge_node]: ARM_ARRIVAL MoveSpline: 잔차 0.27deg (손끝 1.6mm) / 대기 0.26s
[INFO] [1789448256.926797281] [sim_executor_bridge_node]: MoveSpline ok: 12 pts / 0.58s -> end=[-10.3 31.3 123.1 159.3 65.5 101.6]deg
[INFO] [1789448258.850686273] [sim_executor_bridge_node]: MoveSplineJoint called with 12 points
[INFO] [1789448260.593390229] [sim_executor_bridge_node]: ARM_ARRIVAL MoveSpline: 잔차 0.27deg (손끝 2.5mm) / 대기 0.42s
[INFO] [1789448260.593812518] [sim_executor_bridge_node]: MoveSpline ok: 12 pts / 1.29s -> end=[144.6 32.0 10.9 114.4 -65.7 128.3]deg
[INFO] [1789448260.603512144] [sim_executor_bridge_node]: SetPosition called to 600
[INFO] [1789448261.832361158] [sim_executor_bridge_node]: MoveJoint called to [109.8, 54.1, -57.9, 158.6, -90.9, 88.7] (vel=120 acc=180 time=0.00)
[WARN] [1789448261.832641001] [sim_executor_bridge_node]: MOVEJ_OVER_DOOSAN_MOVEIT J3 acc 180>150 — 두산 공식 MoveIt 설정 초과, 자르지 않고 실행
[INFO] [1789448263.070977014] [sim_executor_bridge_node]: MoveJoint profile: span 68.9deg / 1.24s (248 steps)
[INFO] [1789448263.313555493] [sim_executor_bridge_node]: ARM_ARRIVAL MoveJoint: 잔차 0.26deg (손끝 1.0mm) / 대기 0.24s
[INFO] [1789448266.396138327] [sim_executor_bridge_node]: SetPosition called to 600
[INFO] [1789448272.109034303] [sim_executor_bridge_node]: MoveSplineJoint called with 12 points
[INFO] [1789448272.979681918] [sim_executor_bridge_node]: ARM_ARRIVAL MoveSpline: 잔차 0.23deg (손끝 0.6mm) / 대기 0.28s
[INFO] [1789448272.979879185] [sim_executor_bridge_node]: MoveSpline ok: 12 pts / 0.58s -> end=[110.9 47.4 -37.8 158.8 -81.1 94.1]deg
[INFO] [1789448273.311644526] [sim_executor_bridge_node]: MoveLine called (pos=[ 0.  0. 45.  0.  0.  0.], ref=1, mode=1)
[INFO] [1789448277.278779169] [sim_executor_bridge_node]: ARM_ARRIVAL MoveLine: 잔차 0.22deg (손끝 0.6mm) / 대기 0.10s
[INFO] [1789448277.279294660] [sim_executor_bridge_node]: MOVELINE_END_ERR: along=-0.1mm lateral=0.6mm |err|=0.6mm (명령 45mm, TOOL)
[INFO] [1789448277.279495807] [sim_executor_bridge_node]: MoveLine 실이동 44.9mm / 명령 45mm
[INFO] [1789448277.279687128] [sim_executor_bridge_node]: MoveLine ok: 45mm / 23 steps / 계획 0.75s 실소요 3.97s (worst step joint delta 0.7deg)
[INFO] [1789448277.320810353] [sim_executor_bridge_node]: MoveLine called (pos=[  0.        0.      -30.00054   0.        0.        0.     ], ref=0, mode=1)
[INFO] [1789448280.451346168] [sim_executor_bridge_node]: ARM_ARRIVAL MoveLine: 잔차 0.30deg (손끝 0.6mm) / 대기 0.10s
[INFO] [1789448280.451807251] [sim_executor_bridge_node]: MOVELINE_END_ERR: along=-0.3mm lateral=0.4mm |err|=0.6mm (명령 30mm, BASE)
[INFO] [1789448280.451973081] [sim_executor_bridge_node]: MoveLine 실이동 29.7mm / 명령 30mm
[INFO] [1789448280.452121938] [sim_executor_bridge_node]: MoveLine ok: 30mm / 16 steps / 계획 0.75s 실소요 3.13s (worst step joint delta 1.1deg)
[INFO] [1789448280.476478798] [sim_executor_bridge_node]: SetPosition called to 700
[INFO] [1789448280.482114458] [sim_executor_bridge_node]: GRASP_JUDGE 줄기기준 along=+14.1mm(조우 -6~27) lateral=1.4mm(허용20) | 과실기준 d_tcp=36.5mm -> CONTACT
[INFO] [1789448280.482500300] [sim_executor_bridge_node]: GRASP_ATTACH 과실 (-120, 783, 760)mm -> /sim/grasp_event
[INFO] [1789448280.878531409] [sim_executor_bridge_node]: MoveLine called (pos=[  0.   0. -40.   0.   0.   0.], ref=0, mode=1)
[INFO] [1789448284.526583065] [sim_executor_bridge_node]: ARM_ARRIVAL MoveLine: 잔차 0.29deg (손끝 0.8mm) / 대기 0.10s
[INFO] [1789448284.527030210] [sim_executor_bridge_node]: MOVELINE_END_ERR: along=-0.7mm lateral=0.3mm |err|=0.8mm (명령 40mm, BASE)
[INFO] [1789448284.527187323] [sim_executor_bridge_node]: MoveLine 실이동 39.3mm / 명령 40mm
[INFO] [1789448284.527332028] [sim_executor_bridge_node]: MoveLine ok: 40mm / 20 steps / 계획 0.80s 실소요 3.65s (worst step joint delta 0.8deg)
[INFO] [1789448284.535817914] [sim_executor_bridge_node]: MoveLine called (pos=[  0.   0. -45.   0.   0.   0.], ref=1, mode=1)
[INFO] [1789448288.068113791] [sim_executor_bridge_node]: ARM_ARRIVAL MoveLine: 잔차 0.27deg (손끝 1.9mm) / 대기 0.06s
[INFO] [1789448288.069785242] [sim_executor_bridge_node]: MOVELINE_END_ERR: along=-1.9mm lateral=0.1mm |err|=1.9mm (명령 45mm, TOOL)
[INFO] [1789448288.070190297] [sim_executor_bridge_node]: MoveLine 실이동 43.1mm / 명령 45mm
[INFO] [1789448288.070558830] [sim_executor_bridge_node]: MoveLine ok: 45mm / 23 steps / 계획 0.56s 실소요 3.53s (worst step joint delta 0.4deg)
[INFO] [1789448289.801340044] [sim_executor_bridge_node]: MoveSplineJoint called with 12 points
[INFO] [1789448291.662417065] [sim_executor_bridge_node]: ARM_ARRIVAL MoveSpline: 잔차 0.26deg (손끝 1.3mm) / 대기 0.40s
[INFO] [1789448291.662836245] [sim_executor_bridge_node]: MoveSpline ok: 12 pts / 1.43s -> end=[167.2 -26.3 -134.4 157.6 -71.8 -80.0]deg
[INFO] [1789448291.705850336] [sim_executor_bridge_node]: MoveLine called (pos=[   0.    0. -120.    0.    0.    0.], ref=0, mode=1)
[INFO] [1789448291.706737620] [sim_executor_bridge_node]: MoveLine 120mm: 60 -> 24 steps (5.0mm/step, 자유공간 이송)
[INFO] [1789448297.014287134] [sim_executor_bridge_node]: ARM_ARRIVAL MoveLine: 잔차 0.27deg (손끝 1.3mm) / 대기 0.10s
[INFO] [1789448297.015436991] [sim_executor_bridge_node]: MOVELINE_END_ERR: along=-1.3mm lateral=0.1mm |err|=1.3mm (명령 120mm, BASE)
[INFO] [1789448297.015613089] [sim_executor_bridge_node]: MoveLine 실이동 118.7mm / 명령 120mm
[INFO] [1789448297.015763685] [sim_executor_bridge_node]: MoveLine ok: 120mm / 24 steps / 계획 2.00s 실소요 5.31s (worst step joint delta 1.0deg)
[INFO] [1789448297.065290673] [sim_executor_bridge_node]: SetPosition called to 600
[INFO] [1789448297.065511149] [sim_executor_bridge_node]: GRASP_RELEASE -> /sim/grasp_event
[INFO] [1789448298.234955276] [sim_executor_bridge_node]: MoveSplineJoint called with 12 points
[INFO] [1789448299.250010671] [sim_executor_bridge_node]: ARM_ARRIVAL MoveSpline: 잔차 0.29deg (손끝 1.7mm) / 대기 0.26s
[INFO] [1789448299.251134399] [sim_executor_bridge_node]: MoveSpline ok: 12 pts / 0.74s -> end=[167.2 -26.3 -134.4 157.6 -71.8 -80.0]deg
[INFO] [1789448300.882637234] [sim_executor_bridge_node]: MoveSplineJoint called with 12 points
[INFO] [1789448302.742109055] [sim_executor_bridge_node]: ARM_ARRIVAL MoveSpline: 잔차 0.24deg (손끝 1.7mm) / 대기 0.42s
[INFO] [1789448302.742310348] [sim_executor_bridge_node]: MoveSpline ok: 12 pts / 1.41s -> end=[109.8 54.1 -57.9 158.6 -90.9 88.7]deg
[INFO] [1789448302.785783858] [sim_executor_bridge_node]: SetPosition called to 600
[INFO] [1789448303.841128260] [sim_executor_bridge_node]: MoveJoint called to [144.1, 22.9, -1.0, 121.5, -75.3, 108.7] (vel=120 acc=180 time=0.00)
[WARN] [1789448303.841602743] [sim_executor_bridge_node]: MOVEJ_OVER_DOOSAN_MOVEIT J3 acc 180>150 — 두산 공식 MoveIt 설정 초과, 자르지 않고 실행
[INFO] [1789448304.966714207] [sim_executor_bridge_node]: MoveJoint profile: span 56.9deg / 1.12s (225 steps)
[INFO] [1789448305.188556851] [sim_executor_bridge_node]: ARM_ARRIVAL MoveJoint: 잔차 0.24deg (손끝 1.4mm) / 대기 0.22s
[INFO] [1789448308.201185121] [sim_executor_bridge_node]: MoveJoint called to [18.9, 26.0, 1.0, 74.6, 78.2, 244.4] (vel=120 acc=180 time=0.00)
[WARN] [1789448308.201403942] [sim_executor_bridge_node]: MOVEJ_OVER_DOOSAN_MOVEIT J1 acc 147>120 — 두산 공식 MoveIt 설정 초과, 자르지 않고 실행
[INFO] [1789448310.148002087] [sim_executor_bridge_node]: MoveJoint profile: span 153.5deg / 1.95s (390 steps)
[INFO] [1789448310.395047682] [sim_executor_bridge_node]: ARM_ARRIVAL MoveJoint: 잔차 0.28deg (손끝 1.6mm) / 대기 0.24s
[INFO] [1789448313.467225794] [sim_executor_bridge_node]: SetPosition called to 600
[INFO] [1789448316.750976296] [sim_executor_bridge_node]: MoveSplineJoint called with 12 points
[INFO] [1789448320.438043602] [sim_executor_bridge_node]: ARM_ARRIVAL MoveSpline: 잔차 0.28deg (손끝 2.3mm) / 대기 0.38s
[INFO] [1789448320.438235171] [sim_executor_bridge_node]: MoveSpline ok: 12 pts / 3.25s -> end=[48.5 25.1 19.9 48.3 62.2 -121.3]deg
[INFO] [1789448320.759637690] [sim_executor_bridge_node]: MoveLine called (pos=[ 0.  0. 45.  0.  0.  0.], ref=1, mode=1)
[INFO] [1789448324.547074808] [sim_executor_bridge_node]: ARM_ARRIVAL MoveLine: 잔차 0.26deg (손끝 1.4mm) / 대기 0.02s
[INFO] [1789448324.548192933] [sim_executor_bridge_node]: MOVELINE_END_ERR: along=-2.8mm lateral=4.8mm |err|=5.6mm (명령 45mm, TOOL)
[INFO] [1789448324.548347264] [sim_executor_bridge_node]: MoveLine 실이동 42.5mm / 명령 45mm
[INFO] [1789448324.548488725] [sim_executor_bridge_node]: MoveLine ok: 45mm / 23 steps / 계획 0.75s 실소요 3.79s (worst step joint delta 3.2deg)
[INFO] [1789448324.567044354] [sim_executor_bridge_node]: MoveLine called (pos=[  0.           0.         -31.30792321   0.           0.
   0.        ], ref=0, mode=1)
[INFO] [1789448327.601757845] [sim_executor_bridge_node]: ARM_ARRIVAL MoveLine: 잔차 0.26deg (손끝 1.4mm) / 대기 0.10s
[INFO] [1789448327.602231494] [sim_executor_bridge_node]: MOVELINE_END_ERR: along=+0.8mm lateral=1.2mm |err|=1.4mm (명령 31mm, BASE)
[INFO] [1789448327.602381297] [sim_executor_bridge_node]: MoveLine 실이동 32.1mm / 명령 31mm
[INFO] [1789448327.602534057] [sim_executor_bridge_node]: MoveLine ok: 31mm / 16 steps / 계획 0.78s 실소요 3.03s (worst step joint delta 7.3deg)
[INFO] [1789448327.622979033] [sim_executor_bridge_node]: SetPosition called to 700
[INFO] [1789448327.626339117] [sim_executor_bridge_node]: GRASP_JUDGE 줄기기준 along=+15.2mm(조우 -6~27) lateral=8.7mm(허용20) | 과실기준 d_tcp=32.1mm -> CONTACT
[INFO] [1789448327.626823452] [sim_executor_bridge_node]: GRASP_ATTACH 과실 (280, 783, 700)mm -> /sim/grasp_event
[INFO] [1789448328.024306426] [sim_executor_bridge_node]: MoveLine called (pos=[  0.   0. -40.   0.   0.   0.], ref=0, mode=1)
[INFO] [1789448331.532157182] [sim_executor_bridge_node]: ARM_ARRIVAL MoveLine: 잔차 0.26deg (손끝 1.0mm) / 대기 0.10s
[INFO] [1789448331.533345314] [sim_executor_bridge_node]: MOVELINE_END_ERR: along=+0.3mm lateral=0.9mm |err|=1.0mm (명령 40mm, BASE)
[INFO] [1789448331.533531229] [sim_executor_bridge_node]: MoveLine 실이동 40.3mm / 명령 40mm
[INFO] [1789448331.533687478] [sim_executor_bridge_node]: MoveLine ok: 40mm / 20 steps / 계획 0.80s 실소요 3.51s (worst step joint delta 0.9deg)
[INFO] [1789448331.580607864] [sim_executor_bridge_node]: MoveLine called (pos=[  0.   0. -45.   0.   0.   0.], ref=1, mode=1)
[INFO] [1789448335.190578698] [sim_executor_bridge_node]: ARM_ARRIVAL MoveLine: 잔차 0.28deg (손끝 2.5mm) / 대기 0.06s
[INFO] [1789448335.191004094] [sim_executor_bridge_node]: MOVELINE_END_ERR: along=-2.2mm lateral=1.1mm |err|=2.5mm (명령 45mm, TOOL)
[INFO] [1789448335.191178371] [sim_executor_bridge_node]: MoveLine 실이동 42.8mm / 명령 45mm
[INFO] [1789448335.191351489] [sim_executor_bridge_node]: MoveLine ok: 45mm / 23 steps / 계획 0.56s 실소요 3.61s (worst step joint delta 0.4deg)
[INFO] [1789448336.942847474] [sim_executor_bridge_node]: SetPosition called to 600
[INFO] [1789448336.943330393] [sim_executor_bridge_node]: GRASP_RELEASE -> /sim/grasp_event
[INFO] [1789448338.704656357] [sim_executor_bridge_node]: MoveSplineJoint called with 12 points
[INFO] [1789448339.712321768] [sim_executor_bridge_node]: ARM_ARRIVAL MoveSpline: 잔차 0.28deg (손끝 1.8mm) / 대기 0.40s
[INFO] [1789448339.713662910] [sim_executor_bridge_node]: MoveSpline ok: 12 pts / 0.59s -> end=[18.9 26.0 1.0 74.6 78.2 -115.6]deg
[INFO] [1789448339.756782028] [sim_executor_bridge_node]: SetPosition called to 600
[INFO] [1789448340.862546509] [sim_executor_bridge_node]: SetPosition called to 600
[INFO] [1789448346.858119676] [sim_executor_bridge_node]: MoveSplineJoint called with 12 points
[INFO] [1789448347.833240101] [sim_executor_bridge_node]: ARM_ARRIVAL MoveSpline: 잔차 0.27deg (손끝 2.2mm) / 대기 0.38s
[INFO] [1789448347.833659131] [sim_executor_bridge_node]: MoveSpline ok: 12 pts / 0.58s -> end=[57.5 13.1 37.4 45.0 49.4 -122.4]deg
[INFO] [1789448348.161389087] [sim_executor_bridge_node]: MoveLine called (pos=[ 0.  0. 45.  0.  0.  0.], ref=1, mode=1)
[INFO] [1789448351.916149752] [sim_executor_bridge_node]: ARM_ARRIVAL MoveLine: 잔차 0.28deg (손끝 1.6mm) / 대기 0.12s
[INFO] [1789448351.916560051] [sim_executor_bridge_node]: MOVELINE_END_ERR: along=+0.4mm lateral=1.5mm |err|=1.6mm (명령 45mm, TOOL)
[INFO] [1789448351.916719657] [sim_executor_bridge_node]: MoveLine 실이동 45.4mm / 명령 45mm
[INFO] [1789448351.916862333] [sim_executor_bridge_node]: MoveLine ok: 45mm / 23 steps / 계획 0.75s 실소요 3.75s (worst step joint delta 0.7deg)
[INFO] [1789448351.969774471] [sim_executor_bridge_node]: MoveLine called (pos=[  0.        0.      -30.00054   0.        0.        0.     ], ref=0, mode=1)
[INFO] [1789448354.999866178] [sim_executor_bridge_node]: ARM_ARRIVAL MoveLine: 잔차 0.28deg (손끝 1.2mm) / 대기 0.08s
[INFO] [1789448355.004250967] [sim_executor_bridge_node]: MOVELINE_END_ERR: along=+0.4mm lateral=1.1mm |err|=1.2mm (명령 30mm, BASE)
[INFO] [1789448355.004446838] [sim_executor_bridge_node]: MoveLine 실이동 30.4mm / 명령 30mm
[INFO] [1789448355.004611885] [sim_executor_bridge_node]: MoveLine ok: 30mm / 16 steps / 계획 0.75s 실소요 3.03s (worst step joint delta 1.1deg)
[INFO] [1789448355.025168413] [sim_executor_bridge_node]: SetPosition called to 700
[INFO] [1789448355.026236170] [sim_executor_bridge_node]: GRASP_JUDGE 줄기기준 along=+12.5mm(조우 -6~27) lateral=5.2mm(허용20) | 과실기준 d_tcp=32.9mm -> CONTACT
[INFO] [1789448355.026498151] [sim_executor_bridge_node]: GRASP_ATTACH 과실 (200, 783, 740)mm -> /sim/grasp_event
[INFO] [1789448355.427658107] [sim_executor_bridge_node]: MoveLine called (pos=[  0.   0. -40.   0.   0.   0.], ref=0, mode=1)
[INFO] [1789448358.681697997] [sim_executor_bridge_node]: ARM_ARRIVAL MoveLine: 잔차 0.28deg (손끝 0.9mm) / 대기 0.06s
[INFO] [1789448358.682326382] [sim_executor_bridge_node]: MOVELINE_END_ERR: along=-0.0mm lateral=0.9mm |err|=0.9mm (명령 40mm, BASE)
[INFO] [1789448358.682714613] [sim_executor_bridge_node]: MoveLine 실이동 40.0mm / 명령 40mm
[INFO] [1789448358.683001853] [sim_executor_bridge_node]: MoveLine ok: 40mm / 20 steps / 계획 0.80s 실소요 3.25s (worst step joint delta 0.7deg)
[INFO] [1789448358.733744257] [sim_executor_bridge_node]: MoveLine called (pos=[  0.   0. -45.   0.   0.   0.], ref=1, mode=1)
[INFO] [1789448362.113910430] [sim_executor_bridge_node]: ARM_ARRIVAL MoveLine: 잔차 0.29deg (손끝 2.4mm) / 대기 0.04s
[INFO] [1789448362.114432538] [sim_executor_bridge_node]: MOVELINE_END_ERR: along=-2.2mm lateral=1.0mm |err|=2.4mm (명령 45mm, TOOL)
[INFO] [1789448362.114630625] [sim_executor_bridge_node]: MoveLine 실이동 42.8mm / 명령 45mm
[INFO] [1789448362.114801967] [sim_executor_bridge_node]: MoveLine ok: 45mm / 23 steps / 계획 0.56s 실소요 3.38s (worst step joint delta 0.4deg)
[INFO] [1789448363.762439966] [sim_executor_bridge_node]: SetPosition called to 600
[INFO] [1789448363.762695742] [sim_executor_bridge_node]: GRASP_RELEASE -> /sim/grasp_event
[INFO] [1789448365.395370371] [sim_executor_bridge_node]: MoveSplineJoint called with 12 points
[INFO] [1789448366.400821044] [sim_executor_bridge_node]: ARM_ARRIVAL MoveSpline: 잔차 0.28deg (손끝 1.6mm) / 대기 0.36s
[INFO] [1789448366.401250930] [sim_executor_bridge_node]: MoveSpline ok: 12 pts / 0.63s -> end=[18.9 26.1 1.0 74.6 78.2 -115.6]deg
[INFO] [1789448366.446674115] [sim_executor_bridge_node]: SetPosition called to 600
[INFO] [1789448367.501205333] [sim_executor_bridge_node]: MoveJoint called to [18.9, 26.0, 1.0, 74.6, 78.2, -115.6] (vel=120 acc=180 time=0.00)
[WARN] [1789448367.501418012] [sim_executor_bridge_node]: MOVEJ_OVER_DOOSAN_MOVEIT J2 acc 180>120 — 두산 공식 MoveIt 설정 초과, 자르지 않고 실행
[INFO] [1789448367.564054474] [sim_executor_bridge_node]: MoveJoint profile: span 0.2deg / 0.06s (13 steps)
[INFO] [1789448367.564855719] [sim_executor_bridge_node]: ARM_ARRIVAL MoveJoint: 잔차 0.16deg (손끝 2.8mm) / 대기 0.00s
[INFO] [1789448370.608819250] [sim_executor_bridge_node]: MoveJoint called to [88.0, -94.9, 129.9, 175.9, -31.3, -266.6] (vel=120 acc=180 time=0.00)
[WARN] [1789448370.609269845] [sim_executor_bridge_node]: MOVEJ_OVER_DOOSAN_MOVEIT J2 acc 144>120  J3 acc 154>150 — 두산 공식 MoveIt 설정 초과, 자르지 않고 실행
[INFO] [1789448372.535684589] [sim_executor_bridge_node]: MoveJoint profile: span 151.0deg / 1.92s (385 steps)
[INFO] [1789448372.737845032] [sim_executor_bridge_node]: ARM_ARRIVAL MoveJoint: 잔차 0.30deg (손끝 2.1mm) / 대기 0.20s
[INFO] [1789448372.763483680] [sim_executor_bridge_node]: MoveJoint called to [150.3, -11.9, 109.1, 262.2, 63.3, -349.5] (vel=120 acc=180 time=0.00)
[WARN] [1789448372.763912418] [sim_executor_bridge_node]: MOVEJ_OVER_DOOSAN_MOVEIT J2 acc 158>120 — 두산 공식 MoveIt 설정 초과, 자르지 않고 실행
[INFO] [1789448374.218818395] [sim_executor_bridge_node]: MoveJoint profile: span 94.5deg / 1.45s (291 steps)
[INFO] [1789448374.421883764] [sim_executor_bridge_node]: ARM_ARRIVAL MoveJoint: 잔차 0.28deg (손끝 1.9mm) / 대기 0.20s
[INFO] [1789448377.646122975] [sim_executor_bridge_node]: MoveJoint called to [114.4, -8.5, 122.1, 227.1, 37.6, -311.7] (vel=120 acc=180 time=0.00)
[WARN] [1789448377.646336392] [sim_executor_bridge_node]: MOVEJ_OVER_DOOSAN_MOVEIT J1 acc 171>120 — 두산 공식 MoveIt 설정 초과, 자르지 않고 실행
[INFO] [1789448378.564000061] [sim_executor_bridge_node]: MoveJoint profile: span 37.8deg / 0.92s (184 steps)
[INFO] [1789448378.786229173] [sim_executor_bridge_node]: ARM_ARRIVAL MoveJoint: 잔차 0.26deg (손끝 1.3mm) / 대기 0.22s
[INFO] [1789448381.858577691] [sim_executor_bridge_node]: SetPosition called to 600
[INFO] [1789448384.907439267] [sim_executor_bridge_node]: MoveSplineJoint called with 12 points
[INFO] [1789448389.225178633] [sim_executor_bridge_node]: ARM_ARRIVAL MoveSpline: 잔차 0.27deg (손끝 2.2mm) / 대기 0.38s
[INFO] [1789448389.225558037] [sim_executor_bridge_node]: MoveSpline ok: 12 pts / 3.87s -> end=[107.3 -5.6 93.9 124.4 -20.8 147.6]deg
[INFO] [1789448389.566882601] [sim_executor_bridge_node]: MoveLine called (pos=[ 0.  0. 45.  0.  0.  0.], ref=1, mode=1)
[INFO] [1789448393.193191747] [sim_executor_bridge_node]: ARM_ARRIVAL MoveLine: 잔차 0.30deg (손끝 2.0mm) / 대기 0.00s
[INFO] [1789448393.193781989] [sim_executor_bridge_node]: MOVELINE_END_ERR: along=-1.9mm lateral=0.7mm |err|=2.0mm (명령 45mm, TOOL)
[INFO] [1789448393.193935432] [sim_executor_bridge_node]: MoveLine 실이동 43.1mm / 명령 45mm
[INFO] [1789448393.194076065] [sim_executor_bridge_node]: MoveLine ok: 45mm / 23 steps / 계획 0.75s 실소요 3.63s (worst step joint delta 0.3deg)
[INFO] [1789448393.224893480] [sim_executor_bridge_node]: MoveLine called (pos=[  0.           0.         -32.60535644   0.           0.
   0.        ], ref=0, mode=1)
[INFO] [1789448396.079632678] [sim_executor_bridge_node]: ARM_ARRIVAL MoveLine: 잔차 0.29deg (손끝 0.4mm) / 대기 0.12s
[INFO] [1789448396.082275350] [sim_executor_bridge_node]: MOVELINE_END_ERR: along=+0.1mm lateral=0.3mm |err|=0.4mm (명령 33mm, BASE)
[INFO] [1789448396.082614038] [sim_executor_bridge_node]: MoveLine 실이동 32.7mm / 명령 33mm
[INFO] [1789448396.082931711] [sim_executor_bridge_node]: MoveLine ok: 33mm / 17 steps / 계획 0.82s 실소요 2.86s (worst step joint delta 1.0deg)
[INFO] [1789448396.129682509] [sim_executor_bridge_node]: SetPosition called to 700
[INFO] [1789448396.135162252] [sim_executor_bridge_node]: GRASP_JUDGE 줄기기준 along=+15.5mm(조우 -6~27) lateral=5.3mm(허용20) | 과실기준 d_tcp=36.4mm -> CONTACT
[INFO] [1789448396.135405239] [sim_executor_bridge_node]: GRASP_ATTACH 과실 (-100, 783, 440)mm -> /sim/grasp_event
[INFO] [1789448396.531150575] [sim_executor_bridge_node]: MoveLine called (pos=[  0.   0. -40.   0.   0.   0.], ref=0, mode=1)
[INFO] [1789448399.745652362] [sim_executor_bridge_node]: ARM_ARRIVAL MoveLine: 잔차 0.25deg (손끝 0.3mm) / 대기 0.16s
[INFO] [1789448399.747615664] [sim_executor_bridge_node]: MOVELINE_END_ERR: along=+0.1mm lateral=0.3mm |err|=0.3mm (명령 40mm, BASE)
[INFO] [1789448399.747966552] [sim_executor_bridge_node]: MoveLine 실이동 40.1mm / 명령 40mm
[INFO] [1789448399.748322803] [sim_executor_bridge_node]: MoveLine ok: 40mm / 20 steps / 계획 0.80s 실소요 3.21s (worst step joint delta 1.2deg)
[INFO] [1789448399.787441455] [sim_executor_bridge_node]: MoveLine called (pos=[  0.   0. -45.   0.   0.   0.], ref=1, mode=1)
[INFO] [1789448403.350446607] [sim_executor_bridge_node]: ARM_ARRIVAL MoveLine: 잔차 0.27deg (손끝 1.8mm) / 대기 0.08s
[INFO] [1789448403.351628039] [sim_executor_bridge_node]: MOVELINE_END_ERR: along=-1.7mm lateral=0.5mm |err|=1.8mm (명령 45mm, TOOL)
[INFO] [1789448403.351967444] [sim_executor_bridge_node]: MoveLine 실이동 43.3mm / 명령 45mm
[INFO] [1789448403.352288483] [sim_executor_bridge_node]: MoveLine ok: 45mm / 23 steps / 계획 0.56s 실소요 3.56s (worst step joint delta 0.3deg)
[INFO] [1789448405.135312524] [sim_executor_bridge_node]: MoveSplineJoint called with 12 points
[INFO] [1789448406.609937603] [sim_executor_bridge_node]: ARM_ARRIVAL MoveSpline: 잔차 0.26deg (손끝 2.4mm) / 대기 0.38s
[INFO] [1789448406.610128234] [sim_executor_bridge_node]: MoveSpline ok: 12 pts / 1.07s -> end=[-20.7 32.8 119.9 147.8 66.0 106.9]deg
[INFO] [1789448406.639329047] [sim_executor_bridge_node]: MoveLine called (pos=[   0.    0. -120.    0.    0.    0.], ref=0, mode=1)
[INFO] [1789448406.641294497] [sim_executor_bridge_node]: MoveLine 120mm: 60 -> 24 steps (5.0mm/step, 자유공간 이송)
[INFO] [1789448411.503151616] [sim_executor_bridge_node]: ARM_ARRIVAL MoveLine: 잔차 0.29deg (손끝 1.7mm) / 대기 0.06s
[INFO] [1789448411.505606073] [sim_executor_bridge_node]: MOVELINE_END_ERR: along=-1.7mm lateral=0.1mm |err|=1.7mm (명령 120mm, BASE)
[INFO] [1789448411.505762718] [sim_executor_bridge_node]: MoveLine 실이동 118.3mm / 명령 120mm
[INFO] [1789448411.505902949] [sim_executor_bridge_node]: MoveLine ok: 120mm / 24 steps / 계획 2.00s 실소요 4.86s (worst step joint delta 0.8deg)
[INFO] [1789448411.546931110] [sim_executor_bridge_node]: SetPosition called to 600
[INFO] [1789448411.547340856] [sim_executor_bridge_node]: GRASP_RELEASE -> /sim/grasp_event
[INFO] [1789448412.571617419] [sim_executor_bridge_node]: MoveSplineJoint called with 12 points
[INFO] [1789448413.418767123] [sim_executor_bridge_node]: ARM_ARRIVAL MoveSpline: 잔차 0.27deg (손끝 1.7mm) / 대기 0.26s
[INFO] [1789448413.419107609] [sim_executor_bridge_node]: MoveSpline ok: 12 pts / 0.58s -> end=[-20.7 32.8 119.9 147.8 66.0 106.9]deg
[INFO] [1789448414.941570790] [sim_executor_bridge_node]: MoveSplineJoint called with 12 points
[INFO] [1789448416.473560092] [sim_executor_bridge_node]: ARM_ARRIVAL MoveSpline: 잔차 0.27deg (손끝 2.1mm) / 대기 0.38s
[INFO] [1789448416.473805346] [sim_executor_bridge_node]: MoveSpline ok: 12 pts / 1.13s -> end=[114.4 -8.5 122.1 227.1 37.7 48.3]deg
[INFO] [1789448416.494029279] [sim_executor_bridge_node]: SetPosition called to 600
[INFO] [1789448417.715072671] [sim_executor_bridge_node]: MoveJoint called to [146.3, 15.8, 65.3, 271.2, 58.3, -7.7] (vel=120 acc=180 time=0.00)
[WARN] [1789448417.715278894] [sim_executor_bridge_node]: MOVEJ_OVER_DOOSAN_MOVEIT J3 acc 180>150 — 두산 공식 MoveIt 설정 초과, 자르지 않고 실행
[INFO] [1789448418.840607675] [sim_executor_bridge_node]: MoveJoint profile: span 56.9deg / 1.12s (225 steps)
[INFO] [1789448419.062861181] [sim_executor_bridge_node]: ARM_ARRIVAL MoveJoint: 잔차 0.29deg (손끝 1.8mm) / 대기 0.22s
[INFO] [1789448422.128820264] [sim_executor_bridge_node]: SetPosition called to 600
[INFO] [1789448424.797251494] [sim_executor_bridge_node]: MoveSplineJoint called with 12 points
[INFO] [1789448425.668858953] [sim_executor_bridge_node]: ARM_ARRIVAL MoveSpline: 잔차 0.28deg (손끝 1.8mm) / 대기 0.28s
[INFO] [1789448425.669239889] [sim_executor_bridge_node]: MoveSpline ok: 12 pts / 0.58s -> end=[127.9 6.3 72.7 297.8 43.1 -27.5]deg
[INFO] [1789448426.000126387] [sim_executor_bridge_node]: MoveLine called (pos=[ 0.  0. 45.  0.  0.  0.], ref=1, mode=1)
[INFO] [1789448429.711812861] [sim_executor_bridge_node]: ARM_ARRIVAL MoveLine: 잔차 0.26deg (손끝 1.6mm) / 대기 0.00s
[INFO] [1789448429.712816182] [sim_executor_bridge_node]: MOVELINE_END_ERR: along=-1.5mm lateral=0.6mm |err|=1.6mm (명령 45mm, TOOL)
[INFO] [1789448429.713213188] [sim_executor_bridge_node]: MoveLine 실이동 43.5mm / 명령 45mm
[INFO] [1789448429.713577129] [sim_executor_bridge_node]: MoveLine ok: 45mm / 23 steps / 계획 0.75s 실소요 3.71s (worst step joint delta 0.2deg)
[INFO] [1789448429.760376792] [sim_executor_bridge_node]: MoveLine called (pos=[  0.           0.         -32.60535644   0.           0.
   0.        ], ref=0, mode=1)
[INFO] [1789448432.619733023] [sim_executor_bridge_node]: ARM_ARRIVAL MoveLine: 잔차 0.30deg (손끝 0.8mm) / 대기 0.04s
[INFO] [1789448432.620143861] [sim_executor_bridge_node]: MOVELINE_END_ERR: along=-0.7mm lateral=0.3mm |err|=0.8mm (명령 33mm, BASE)
[INFO] [1789448432.620345476] [sim_executor_bridge_node]: MoveLine 실이동 31.9mm / 명령 33mm
[INFO] [1789448432.620532450] [sim_executor_bridge_node]: MoveLine ok: 33mm / 17 steps / 계획 0.82s 실소요 2.86s (worst step joint delta 0.4deg)
[INFO] [1789448432.664703939] [sim_executor_bridge_node]: SetPosition called to 700
[INFO] [1789448432.669469600] [sim_executor_bridge_node]: GRASP_JUDGE 줄기기준 along=+14.6mm(조우 -6~27) lateral=4.0mm(허용20) | 과실기준 d_tcp=36.9mm -> CONTACT
[INFO] [1789448432.669895527] [sim_executor_bridge_node]: GRASP_ATTACH 과실 (-250, 783, 500)mm -> /sim/grasp_event
[INFO] [1789448433.065880134] [sim_executor_bridge_node]: MoveLine called (pos=[  0.   0. -40.   0.   0.   0.], ref=0, mode=1)
[INFO] [1789448436.433561640] [sim_executor_bridge_node]: ARM_ARRIVAL MoveLine: 잔차 0.28deg (손끝 0.7mm) / 대기 0.06s
[INFO] [1789448436.434090120] [sim_executor_bridge_node]: MOVELINE_END_ERR: along=-0.6mm lateral=0.3mm |err|=0.7mm (명령 40mm, BASE)
[INFO] [1789448436.434253775] [sim_executor_bridge_node]: MoveLine 실이동 39.4mm / 명령 40mm
[INFO] [1789448436.434405909] [sim_executor_bridge_node]: MoveLine ok: 40mm / 20 steps / 계획 0.80s 실소요 3.37s (worst step joint delta 0.5deg)
[INFO] [1789448436.473201672] [sim_executor_bridge_node]: MoveLine called (pos=[  0.   0. -45.   0.   0.   0.], ref=1, mode=1)
[INFO] [1789448439.759769146] [sim_executor_bridge_node]: ARM_ARRIVAL MoveLine: 잔차 0.28deg (손끝 2.4mm) / 대기 0.04s
[INFO] [1789448439.760176159] [sim_executor_bridge_node]: MOVELINE_END_ERR: along=-2.3mm lateral=0.4mm |err|=2.4mm (명령 45mm, TOOL)
[INFO] [1789448439.760325244] [sim_executor_bridge_node]: MoveLine 실이동 42.7mm / 명령 45mm
[INFO] [1789448439.760462295] [sim_executor_bridge_node]: MoveLine ok: 45mm / 23 steps / 계획 0.56s 실소요 3.29s (worst step joint delta 0.2deg)
[INFO] [1789448441.500554191] [sim_executor_bridge_node]: MoveSplineJoint called with 12 points
[INFO] [1789448443.205751726] [sim_executor_bridge_node]: ARM_ARRIVAL MoveSpline: 잔차 0.25deg (손끝 2.2mm) / 대기 0.40s
[INFO] [1789448443.205951541] [sim_executor_bridge_node]: MoveSpline ok: 12 pts / 1.28s -> end=[-25.1 27.9 130.7 324.5 -72.0 -75.0]deg
[INFO] [1789448443.254032575] [sim_executor_bridge_node]: MoveLine called (pos=[   0.    0. -120.    0.    0.    0.], ref=0, mode=1)
[INFO] [1789448443.258106156] [sim_executor_bridge_node]: MoveLine 120mm: 60 -> 24 steps (5.0mm/step, 자유공간 이송)
[INFO] [1789448448.239239271] [sim_executor_bridge_node]: ARM_ARRIVAL MoveLine: 잔차 0.29deg (손끝 1.5mm) / 대기 0.06s
[INFO] [1789448448.240066199] [sim_executor_bridge_node]: MOVELINE_END_ERR: along=-1.5mm lateral=0.1mm |err|=1.5mm (명령 120mm, BASE)
[INFO] [1789448448.240396850] [sim_executor_bridge_node]: MoveLine 실이동 118.5mm / 명령 120mm
[INFO] [1789448448.240718413] [sim_executor_bridge_node]: MoveLine ok: 120mm / 24 steps / 계획 2.00s 실소요 4.98s (worst step joint delta 1.0deg)
[INFO] [1789448448.262684322] [sim_executor_bridge_node]: SetPosition called to 600
[INFO] [1789448448.263124067] [sim_executor_bridge_node]: GRASP_RELEASE -> /sim/grasp_event
[INFO] [1789448449.230181458] [sim_executor_bridge_node]: MoveSplineJoint called with 12 points
[INFO] [1789448450.076581951] [sim_executor_bridge_node]: ARM_ARRIVAL MoveSpline: 잔차 0.24deg (손끝 1.3mm) / 대기 0.26s
[INFO] [1789448450.076802491] [sim_executor_bridge_node]: MoveSpline ok: 12 pts / 0.58s -> end=[-25.1 27.9 130.7 324.5 -72.0 -75.0]deg
[INFO] [1789448451.668665978] [sim_executor_bridge_node]: MoveSplineJoint called with 12 points
[INFO] [1789448453.505440998] [sim_executor_bridge_node]: ARM_ARRIVAL MoveSpline: 잔차 0.28deg (손끝 2.5mm) / 대기 0.38s
[INFO] [1789448453.505681501] [sim_executor_bridge_node]: MoveSpline ok: 12 pts / 1.43s -> end=[146.3 15.8 65.3 271.2 58.3 -7.7]deg
[INFO] [1789448453.520525323] [sim_executor_bridge_node]: SetPosition called to 600
[INFO] [1789448454.899746920] [sim_executor_bridge_node]: MoveJoint called to [129.1, -28.0, 104.4, 279.8, 42.0, -15.8] (vel=120 acc=180 time=0.00)
[WARN] [1789448454.900132359] [sim_executor_bridge_node]: MOVEJ_OVER_DOOSAN_MOVEIT J2 acc 180>120  J3 acc 160>150 — 두산 공식 MoveIt 설정 초과, 자르지 않고 실행
[INFO] [1789448455.888532682] [sim_executor_bridge_node]: MoveJoint profile: span 43.9deg / 0.99s (198 steps)
[INFO] [1789448456.114108499] [sim_executor_bridge_node]: ARM_ARRIVAL MoveJoint: 잔차 0.28deg (손끝 1.8mm) / 대기 0.22s
[INFO] [1789448459.210731949] [sim_executor_bridge_node]: SetPosition called to 600
[INFO] [1789448461.863352410] [sim_executor_bridge_node]: MoveSplineJoint called with 12 points
[INFO] [1789448462.799198818] [sim_executor_bridge_node]: ARM_ARRIVAL MoveSpline: 잔차 0.28deg (손끝 1.0mm) / 대기 0.34s
[INFO] [1789448462.799392709] [sim_executor_bridge_node]: MoveSpline ok: 12 pts / 0.58s -> end=[124.4 6.2 63.2 308.9 45.6 -41.5]deg
[INFO] [1789448463.116812797] [sim_executor_bridge_node]: MoveLine called (pos=[ 0.  0. 45.  0.  0.  0.], ref=1, mode=1)
[INFO] [1789448466.761626091] [sim_executor_bridge_node]: ARM_ARRIVAL MoveLine: 잔차 0.29deg (손끝 1.6mm) / 대기 0.00s
[INFO] [1789448466.762422113] [sim_executor_bridge_node]: MOVELINE_END_ERR: along=-1.5mm lateral=0.7mm |err|=1.6mm (명령 45mm, TOOL)
[INFO] [1789448466.762787385] [sim_executor_bridge_node]: MoveLine 실이동 43.5mm / 명령 45mm
[INFO] [1789448466.763138617] [sim_executor_bridge_node]: MoveLine ok: 45mm / 23 steps / 계획 0.75s 실소요 3.64s (worst step joint delta 0.3deg)
[INFO] [1789448466.774369314] [sim_executor_bridge_node]: MoveLine called (pos=[  0.           0.         -32.60535644   0.           0.
   0.        ], ref=0, mode=1)
[INFO] [1789448469.785694966] [sim_executor_bridge_node]: ARM_ARRIVAL MoveLine: 잔차 0.26deg (손끝 0.8mm) / 대기 0.04s
[INFO] [1789448469.788277209] [sim_executor_bridge_node]: MOVELINE_END_ERR: along=-0.6mm lateral=0.5mm |err|=0.8mm (명령 33mm, BASE)
[INFO] [1789448469.788436527] [sim_executor_bridge_node]: MoveLine 실이동 32.0mm / 명령 33mm
[INFO] [1789448469.788577023] [sim_executor_bridge_node]: MoveLine ok: 33mm / 17 steps / 계획 0.82s 실소요 3.01s (worst step joint delta 0.5deg)
[INFO] [1789448469.829646581] [sim_executor_bridge_node]: SetPosition called to 700
[INFO] [1789448469.830649987] [sim_executor_bridge_node]: GRASP_JUDGE 줄기기준 along=+15.2mm(조우 -6~27) lateral=4.5mm(허용20) | 과실기준 d_tcp=36.8mm -> CONTACT
[INFO] [1789448469.830892056] [sim_executor_bridge_node]: GRASP_ATTACH 과실 (-220, 783, 560)mm -> /sim/grasp_event
[INFO] [1789448470.231515334] [sim_executor_bridge_node]: MoveLine called (pos=[  0.   0. -40.   0.   0.   0.], ref=0, mode=1)
[INFO] [1789448473.353679279] [sim_executor_bridge_node]: ARM_ARRIVAL MoveLine: 잔차 0.27deg (손끝 0.7mm) / 대기 0.08s
[INFO] [1789448473.354081915] [sim_executor_bridge_node]: MOVELINE_END_ERR: along=-0.6mm lateral=0.4mm |err|=0.7mm (명령 40mm, BASE)
[INFO] [1789448473.354231080] [sim_executor_bridge_node]: MoveLine 실이동 39.4mm / 명령 40mm
[INFO] [1789448473.354957677] [sim_executor_bridge_node]: MoveLine ok: 40mm / 20 steps / 계획 0.80s 실소요 3.12s (worst step joint delta 0.5deg)
[INFO] [1789448473.387745451] [sim_executor_bridge_node]: MoveLine called (pos=[  0.   0. -45.   0.   0.   0.], ref=1, mode=1)
[INFO] [1789448476.737503965] [sim_executor_bridge_node]: ARM_ARRIVAL MoveLine: 잔차 0.28deg (손끝 2.3mm) / 대기 0.04s
[INFO] [1789448476.737966120] [sim_executor_bridge_node]: MOVELINE_END_ERR: along=-2.3mm lateral=0.5mm |err|=2.3mm (명령 45mm, TOOL)
[INFO] [1789448476.738123155] [sim_executor_bridge_node]: MoveLine 실이동 42.7mm / 명령 45mm
[INFO] [1789448476.739068077] [sim_executor_bridge_node]: MoveLine ok: 45mm / 23 steps / 계획 0.56s 실소요 3.35s (worst step joint delta 0.3deg)
[INFO] [1789448477.835080864] [sim_executor_bridge_node]: SetPosition called to 600
[INFO] [1789448477.835298573] [sim_executor_bridge_node]: GRASP_RELEASE -> /sim/grasp_event
[INFO] [1789448479.367931498] [sim_executor_bridge_node]: MoveSplineJoint called with 12 points
[INFO] [1789448480.281771399] [sim_executor_bridge_node]: ARM_ARRIVAL MoveSpline: 잔차 0.27deg (손끝 1.7mm) / 대기 0.32s
[INFO] [1789448480.282164027] [sim_executor_bridge_node]: MoveSpline ok: 12 pts / 0.58s -> end=[129.1 -28.0 104.4 279.8 42.0 -15.8]deg
[INFO] [1789448480.320300261] [sim_executor_bridge_node]: SetPosition called to 600
[INFO] [1789448481.375211952] [sim_executor_bridge_node]: MoveJoint called to [150.3, -11.9, 109.1, 262.2, 63.3, 10.5] (vel=120 acc=180 time=0.00)
[WARN] [1789448481.375675859] [sim_executor_bridge_node]: MOVEJ_OVER_DOOSAN_MOVEIT J1 acc 145>120 — 두산 공식 MoveIt 설정 초과, 자르지 않고 실행
[INFO] [1789448482.139918056] [sim_executor_bridge_node]: MoveJoint profile: span 26.2deg / 0.76s (153 steps)
[INFO] [1789448482.341566179] [sim_executor_bridge_node]: ARM_ARRIVAL MoveJoint: 잔차 0.26deg (손끝 1.6mm) / 대기 0.20s
[INFO] [1789448485.383363659] [sim_executor_bridge_node]: MoveJoint called to [88.0, -94.9, 129.9, 175.9, -31.3, 93.4] (vel=120 acc=180 time=0.00)
[WARN] [1789448485.383815664] [sim_executor_bridge_node]: MOVEJ_OVER_DOOSAN_MOVEIT J2 acc 158>120 — 두산 공식 MoveIt 설정 초과, 자르지 않고 실행
[INFO] [1789448486.840285155] [sim_executor_bridge_node]: MoveJoint profile: span 94.7deg / 1.46s (292 steps)
[INFO] [1789448487.046274026] [sim_executor_bridge_node]: ARM_ARRIVAL MoveJoint: 잔차 0.29deg (손끝 1.5mm) / 대기 0.20s
