[INFO] [1789009322.619684737] [sim_executor_bridge_node]: Sim Executor Bridge Node initializing...
[WARN] [1789009322.952919101] [sim_executor_bridge_node]: MOVELINE_COLLISION_WORLD: ['whiteboard'] loaded from /home/oceanshape/strawberry_grasp_environment/install/e0509_gripper_description/share/e0509_gripper_description/config/environment.yaml
[INFO] [1789009323.302916146] [sim_executor_bridge_node]: cuRobo IK Solver successfully initialized for MoveLine.
[WARN] [1789009323.303364069] [sim_executor_bridge_node]: GRASP_JUDGE_MODEL: tool_tcp_offset=236mm capture_radius=38mm enabled=True sim_speed_scale=2.0 gripper_close=1.080rad — planner 의 ee_to_tcp_offset_m 과 반드시 같아야 한다 (다르면 전 타겟 GRASP_EMPTY)
[INFO] [1789009323.303576116] [sim_executor_bridge_node]: Sim Executor Bridge Node Ready! (Listening to Doosan & Gripper services)
[INFO] [1789009335.203810207] [sim_executor_bridge_node]: SetPosition called to 600
[INFO] [1789009406.280724830] [sim_executor_bridge_node]: MoveJoint called to [144.09  22.9   -1.   121.48 -75.31 108.68]
[INFO] [1789009410.495369423] [sim_executor_bridge_node]: SetPosition called to 600
[INFO] [1789009413.895075890] [sim_executor_bridge_node]: MoveSplineJoint called with 12 points
[INFO] [1789009414.456638462] [sim_executor_bridge_node]: MoveSpline ok: 12 pts / 0.35s -> end=[128.5 48.2 -28.9 139.9 -75.0 103.0]deg
[INFO] [1789009414.799039176] [sim_executor_bridge_node]: MoveLine called (pos=[ 0.  0. 45.  0.  0.  0.], ref=1, mode=1)
[INFO] [1789009418.774787296] [sim_executor_bridge_node]: MoveLine 실이동 44.0mm / 명령 45mm
[INFO] [1789009418.774985509] [sim_executor_bridge_node]: MoveLine ok: 45mm / 23 steps / 계획 0.38s 실소요 3.97s (worst step joint delta 1.6deg)
[INFO] [1789009418.806810901] [sim_executor_bridge_node]: MoveLine called (pos=[  0.        0.      -30.00054   0.        0.        0.     ], ref=0, mode=1)
[INFO] [1789009421.385925606] [sim_executor_bridge_node]: MoveLine 실이동 28.1mm / 명령 30mm
[INFO] [1789009421.386153563] [sim_executor_bridge_node]: MoveLine ok: 30mm / 16 steps / 계획 0.38s 실소요 2.58s (worst step joint delta 2.2deg)
[INFO] [1789009421.411135079] [sim_executor_bridge_node]: SetPosition called to 700
[INFO] [1789009421.415497916] [sim_executor_bridge_node]: GRASP_JUDGE 줄기기준 along=+14.8mm(조우 -6~27) lateral=1.3mm(허용20) | 과실기준 d_tcp=37.2mm -> CONTACT
[INFO] [1789009421.415918139] [sim_executor_bridge_node]: GRASP_ATTACH 과실 (-250, 783, 740)mm -> /sim/grasp_event
[INFO] [1789009421.812712550] [sim_executor_bridge_node]: MoveLine called (pos=[  0.   0. -40.   0.   0.   0.], ref=0, mode=1)
[INFO] [1789009424.671340177] [sim_executor_bridge_node]: MoveLine 실이동 37.5mm / 명령 40mm
[INFO] [1789009424.671546827] [sim_executor_bridge_node]: MoveLine ok: 40mm / 20 steps / 계획 0.40s 실소요 2.86s (worst step joint delta 0.9deg)
[INFO] [1789009424.718744544] [sim_executor_bridge_node]: MoveLine called (pos=[  0.   0. -45.   0.   0.   0.], ref=1, mode=1)
[ERROR] [1789009428.197437185] [sim_executor_bridge_node]: MOVELINE_SHORT: 명령 45mm 인데 실제 41.8mm (부족 3.2mm, 도착판정 True, TOOL dz=-45.0mm) — 이 잔차는 다음 상대 이동에 그대로 전파된다
[INFO] [1789009428.197874406] [sim_executor_bridge_node]: MoveLine ok: 45mm / 23 steps / 계획 0.28s 실소요 3.48s (worst step joint delta 0.4deg)
[INFO] [1789009430.136595042] [sim_executor_bridge_node]: MoveSplineJoint called with 12 points
[INFO] [1789009431.846669373] [sim_executor_bridge_node]: MoveSpline ok: 12 pts / 1.48s -> end=[184.4 -31.0 -123.9 175.6 -64.6 274.7]deg
[INFO] [1789009431.890570163] [sim_executor_bridge_node]: MoveLine called (pos=[   0.    0. -120.    0.    0.    0.], ref=0, mode=1)
[INFO] [1789009431.893487955] [sim_executor_bridge_node]: MoveLine 120mm: 60 -> 24 steps (5.0mm/step, 자유공간 이송)
[INFO] [1789009436.595741391] [sim_executor_bridge_node]: MoveLine 실이동 116.0mm / 명령 120mm
[INFO] [1789009436.595957034] [sim_executor_bridge_node]: MoveLine ok: 120mm / 24 steps / 계획 1.50s 실소요 4.70s (worst step joint delta 0.9deg)
[INFO] [1789009436.599196570] [sim_executor_bridge_node]: SetPosition called to 600
[INFO] [1789009436.599404511] [sim_executor_bridge_node]: GRASP_RELEASE -> /sim/grasp_event
[INFO] [1789009437.960977167] [sim_executor_bridge_node]: MoveSplineJoint called with 12 points
[INFO] [1789009438.477970038] [sim_executor_bridge_node]: MoveSpline ok: 12 pts / 0.35s -> end=[184.4 -31.0 -123.9 175.6 -64.6 274.7]deg
[INFO] [1789009443.823877245] [sim_executor_bridge_node]: MoveSplineJoint called with 12 points
[INFO] [1789009445.819834680] [sim_executor_bridge_node]: MoveSpline ok: 12 pts / 1.39s -> end=[144.1 23.0 -1.0 121.5 -75.3 108.7]deg
[INFO] [1789009445.827697586] [sim_executor_bridge_node]: SetPosition called to 600
[INFO] [1789009446.936754275] [sim_executor_bridge_node]: SetPosition called to 600
[INFO] [1789009452.474888323] [sim_executor_bridge_node]: MoveSplineJoint called with 12 points
[INFO] [1789009453.078126246] [sim_executor_bridge_node]: MoveSpline ok: 12 pts / 0.35s -> end=[110.9 9.6 37.8 150.6 -46.6 111.9]deg
[INFO] [1789009453.428625171] [sim_executor_bridge_node]: MoveLine called (pos=[ 0.  0. 45.  0.  0.  0.], ref=1, mode=1)
[INFO] [1789009456.824409909] [sim_executor_bridge_node]: MoveLine 실이동 43.9mm / 명령 45mm
[INFO] [1789009456.824837679] [sim_executor_bridge_node]: MoveLine ok: 45mm / 23 steps / 계획 0.37s 실소요 3.39s (worst step joint delta 0.6deg)
[INFO] [1789009456.837002906] [sim_executor_bridge_node]: MoveLine called (pos=[  0.        0.      -30.00054   0.        0.        0.     ], ref=0, mode=1)
[INFO] [1789009459.372994954] [sim_executor_bridge_node]: MoveLine 실이동 28.9mm / 명령 30mm
[INFO] [1789009459.373204265] [sim_executor_bridge_node]: MoveLine ok: 30mm / 16 steps / 계획 0.38s 실소요 2.53s (worst step joint delta 1.0deg)
[INFO] [1789009459.392744003] [sim_executor_bridge_node]: SetPosition called to 700
[INFO] [1789009459.393820225] [sim_executor_bridge_node]: GRASP_JUDGE 줄기기준 along=+14.1mm(조우 -6~27) lateral=4.1mm(허용20) | 과실기준 d_tcp=34.5mm -> CONTACT
[INFO] [1789009459.394073590] [sim_executor_bridge_node]: GRASP_ATTACH 과실 (-120, 783, 760)mm -> /sim/grasp_event
[INFO] [1789009459.794743102] [sim_executor_bridge_node]: MoveLine called (pos=[  0.   0. -40.   0.   0.   0.], ref=0, mode=1)
[INFO] [1789009462.754779096] [sim_executor_bridge_node]: MoveLine 실이동 38.4mm / 명령 40mm
[INFO] [1789009462.755039078] [sim_executor_bridge_node]: MoveLine ok: 40mm / 20 steps / 계획 0.40s 실소요 2.96s (worst step joint delta 0.7deg)
[INFO] [1789009462.801645129] [sim_executor_bridge_node]: MoveLine called (pos=[  0.   0. -45.   0.   0.   0.], ref=1, mode=1)
[ERROR] [1789009465.863547761] [sim_executor_bridge_node]: MOVELINE_SHORT: 명령 45mm 인데 실제 41.5mm (부족 3.5mm, 도착판정 True, TOOL dz=-45.0mm) — 이 잔차는 다음 상대 이동에 그대로 전파된다
[INFO] [1789009465.863797946] [sim_executor_bridge_node]: MoveLine ok: 45mm / 23 steps / 계획 0.28s 실소요 3.06s (worst step joint delta 0.4deg)
[INFO] [1789009467.663902909] [sim_executor_bridge_node]: MoveSplineJoint called with 12 points
[INFO] [1789009468.802922653] [sim_executor_bridge_node]: MoveSpline ok: 12 pts / 0.90s -> end=[4.4 31.0 123.9 175.6 64.6 94.7]deg
[INFO] [1789009468.816795322] [sim_executor_bridge_node]: MoveLine called (pos=[   0.    0. -120.    0.    0.    0.], ref=0, mode=1)
[INFO] [1789009468.819595348] [sim_executor_bridge_node]: MoveLine 120mm: 60 -> 24 steps (5.0mm/step, 자유공간 이송)
[INFO] [1789009473.642094003] [sim_executor_bridge_node]: MoveLine 실이동 116.1mm / 명령 120mm
[INFO] [1789009473.642982487] [sim_executor_bridge_node]: MoveLine ok: 120mm / 24 steps / 계획 1.50s 실소요 4.82s (worst step joint delta 0.9deg)
[INFO] [1789009473.674871455] [sim_executor_bridge_node]: SetPosition called to 600
[INFO] [1789009473.675292565] [sim_executor_bridge_node]: GRASP_RELEASE -> /sim/grasp_event
[INFO] [1789009474.790434932] [sim_executor_bridge_node]: MoveSplineJoint called with 12 points
[INFO] [1789009475.286644379] [sim_executor_bridge_node]: MoveSpline ok: 12 pts / 0.35s -> end=[4.4 31.0 123.9 175.6 64.6 94.7]deg
[INFO] [1789009477.140156155] [sim_executor_bridge_node]: MoveSplineJoint called with 12 points
[INFO] [1789009479.013499280] [sim_executor_bridge_node]: MoveSpline ok: 12 pts / 1.23s -> end=[144.1 23.0 -0.9 121.5 -75.3 108.7]deg
[INFO] [1789009479.043282246] [sim_executor_bridge_node]: SetPosition called to 600
[INFO] [1789009480.099635042] [sim_executor_bridge_node]: MoveJoint called to [144.09  22.9   -1.   121.48 -75.31 108.68]
[INFO] [1789009483.157774180] [sim_executor_bridge_node]: MoveJoint called to [ 18.91  25.97   1.    74.58  78.17 244.39]
[INFO] [1789009487.470205599] [sim_executor_bridge_node]: SetPosition called to 600
[INFO] [1789009492.113504603] [sim_executor_bridge_node]: MoveSplineJoint called with 12 points
[INFO] [1789009492.694300548] [sim_executor_bridge_node]: MoveSpline ok: 12 pts / 0.35s -> end=[57.5 13.1 37.4 45.0 49.4 237.6]deg
[INFO] [1789009493.016237624] [sim_executor_bridge_node]: MoveLine called (pos=[ 0.  0. 45.  0.  0.  0.], ref=1, mode=1)
[INFO] [1789009496.259071142] [sim_executor_bridge_node]: MoveLine 실이동 43.4mm / 명령 45mm
[INFO] [1789009496.259294284] [sim_executor_bridge_node]: MoveLine ok: 45mm / 23 steps / 계획 0.37s 실소요 3.24s (worst step joint delta 0.7deg)
[INFO] [1789009496.272386651] [sim_executor_bridge_node]: MoveLine called (pos=[  0.        0.      -30.00054   0.        0.        0.     ], ref=0, mode=1)
[INFO] [1789009498.396629345] [sim_executor_bridge_node]: MoveLine 실이동 29.2mm / 명령 30mm
[INFO] [1789009498.396836142] [sim_executor_bridge_node]: MoveLine ok: 30mm / 16 steps / 계획 0.38s 실소요 2.12s (worst step joint delta 1.0deg)
[INFO] [1789009498.427793682] [sim_executor_bridge_node]: SetPosition called to 700
[INFO] [1789009498.431407070] [sim_executor_bridge_node]: GRASP_JUDGE 줄기기준 along=+14.6mm(조우 -6~27) lateral=4.4mm(허용20) | 과실기준 d_tcp=34.7mm -> CONTACT
[INFO] [1789009498.431645339] [sim_executor_bridge_node]: GRASP_ATTACH 과실 (200, 783, 740)mm -> /sim/grasp_event
[INFO] [1789009498.830061299] [sim_executor_bridge_node]: MoveLine called (pos=[  0.   0. -40.   0.   0.   0.], ref=0, mode=1)
[INFO] [1789009501.535789030] [sim_executor_bridge_node]: MoveLine 실이동 38.3mm / 명령 40mm
[INFO] [1789009501.535987322] [sim_executor_bridge_node]: MoveLine ok: 40mm / 20 steps / 계획 0.40s 실소요 2.70s (worst step joint delta 0.7deg)
[INFO] [1789009501.584894148] [sim_executor_bridge_node]: MoveLine called (pos=[  0.   0. -45.   0.   0.   0.], ref=1, mode=1)
[ERROR] [1789009504.570920555] [sim_executor_bridge_node]: MOVELINE_SHORT: 명령 45mm 인데 실제 41.6mm (부족 3.4mm, 도착판정 True, TOOL dz=-45.0mm) — 이 잔차는 다음 상대 이동에 그대로 전파된다
[INFO] [1789009504.571139563] [sim_executor_bridge_node]: MoveLine ok: 45mm / 23 steps / 계획 0.28s 실소요 2.98s (worst step joint delta 0.4deg)
[INFO] [1789009506.139887098] [sim_executor_bridge_node]: MoveSplineJoint called with 12 points
[INFO] [1789009507.256295977] [sim_executor_bridge_node]: MoveSpline ok: 12 pts / 0.88s -> end=[4.4 31.0 123.9 -4.4 -64.6 274.7]deg
[INFO] [1789009507.291716910] [sim_executor_bridge_node]: MoveLine called (pos=[   0.    0. -120.    0.    0.    0.], ref=0, mode=1)
[INFO] [1789009507.292976033] [sim_executor_bridge_node]: MoveLine 120mm: 60 -> 24 steps (5.0mm/step, 자유공간 이송)
[INFO] [1789009511.662062533] [sim_executor_bridge_node]: MoveLine 실이동 116.4mm / 명령 120mm
[INFO] [1789009511.662261955] [sim_executor_bridge_node]: MoveLine ok: 120mm / 24 steps / 계획 1.50s 실소요 4.37s (worst step joint delta 0.9deg)
[INFO] [1789009511.701118797] [sim_executor_bridge_node]: SetPosition called to 600
[INFO] [1789009511.701456606] [sim_executor_bridge_node]: GRASP_RELEASE -> /sim/grasp_event
[INFO] [1789009512.819194289] [sim_executor_bridge_node]: MoveSplineJoint called with 12 points
[INFO] [1789009513.315755855] [sim_executor_bridge_node]: MoveSpline ok: 12 pts / 0.35s -> end=[4.4 31.0 123.9 -4.4 -64.6 274.7]deg
[INFO] [1789009514.870942480] [sim_executor_bridge_node]: MoveSplineJoint called with 12 points
[INFO] [1789009516.322396825] [sim_executor_bridge_node]: MoveSpline ok: 12 pts / 1.21s -> end=[18.9 26.0 1.0 74.6 78.2 244.4]deg
[INFO] [1789009516.372887157] [sim_executor_bridge_node]: SetPosition called to 600
[INFO] [1789009517.425972615] [sim_executor_bridge_node]: MoveJoint called to [ 18.91  25.97   1.    74.58  78.17 244.39]
[INFO] [1789009520.482324521] [sim_executor_bridge_node]: MoveJoint called to [ 87.98 -94.92 129.89 175.94 -31.34  93.42]
[INFO] [1789009521.684888498] [sim_executor_bridge_node]: MoveJoint called to [150.27 -11.92 109.11 262.19  63.33  10.46]
[INFO] [1789009525.496600703] [sim_executor_bridge_node]: SetPosition called to 600
[INFO] [1789009528.397552677] [sim_executor_bridge_node]: MoveSplineJoint called with 12 points
[INFO] [1789009528.998796500] [sim_executor_bridge_node]: MoveSpline ok: 12 pts / 0.37s -> end=[107.3 -5.6 93.9 304.4 20.8 -32.4]deg
[INFO] [1789009529.349964041] [sim_executor_bridge_node]: MoveLine called (pos=[ 0.  0. 45.  0.  0.  0.], ref=1, mode=1)
[INFO] [1789009533.063853457] [sim_executor_bridge_node]: MoveLine 실이동 42.7mm / 명령 45mm
[INFO] [1789009533.064620723] [sim_executor_bridge_node]: MoveLine ok: 45mm / 23 steps / 계획 0.37s 실소요 3.71s (worst step joint delta 0.3deg)
[INFO] [1789009533.108251958] [sim_executor_bridge_node]: MoveLine called (pos=[  0.           0.         -32.60535644   0.           0.
   0.        ], ref=0, mode=1)
[INFO] [1789009535.961530042] [sim_executor_bridge_node]: MoveLine 실이동 30.4mm / 명령 33mm
[INFO] [1789009535.961737624] [sim_executor_bridge_node]: MoveLine ok: 33mm / 17 steps / 계획 0.41s 실소요 2.85s (worst step joint delta 1.0deg)
[INFO] [1789009536.012618344] [sim_executor_bridge_node]: SetPosition called to 700
[INFO] [1789009536.013580292] [sim_executor_bridge_node]: GRASP_JUDGE 줄기기준 along=+15.6mm(조우 -6~27) lateral=3.2mm(허용20) | 과실기준 d_tcp=38.1mm -> CONTACT
[INFO] [1789009536.013819179] [sim_executor_bridge_node]: GRASP_ATTACH 과실 (-100, 783, 440)mm -> /sim/grasp_event
[INFO] [1789009536.413968769] [sim_executor_bridge_node]: MoveLine called (pos=[  0.   0. -40.   0.   0.   0.], ref=0, mode=1)
[INFO] [1789009539.067803655] [sim_executor_bridge_node]: MoveLine 실이동 38.1mm / 명령 40mm
[INFO] [1789009539.068185099] [sim_executor_bridge_node]: MoveLine ok: 40mm / 20 steps / 계획 0.40s 실소요 2.65s (worst step joint delta 1.2deg)
[INFO] [1789009539.121373093] [sim_executor_bridge_node]: MoveLine called (pos=[  0.   0. -45.   0.   0.   0.], ref=1, mode=1)
[INFO] [1789009542.281961683] [sim_executor_bridge_node]: MoveLine 실이동 42.1mm / 명령 45mm
[INFO] [1789009542.282163355] [sim_executor_bridge_node]: MoveLine ok: 45mm / 23 steps / 계획 0.28s 실소요 3.16s (worst step joint delta 0.3deg)
[INFO] [1789009543.949714531] [sim_executor_bridge_node]: MoveSplineJoint called with 12 points
[INFO] [1789009545.055486405] [sim_executor_bridge_node]: MoveSpline ok: 12 pts / 0.87s -> end=[4.4 31.0 123.9 175.6 64.6 94.7]deg
[INFO] [1789009545.102496921] [sim_executor_bridge_node]: MoveLine called (pos=[   0.    0. -120.    0.    0.    0.], ref=0, mode=1)
[INFO] [1789009545.105914850] [sim_executor_bridge_node]: MoveLine 120mm: 60 -> 24 steps (5.0mm/step, 자유공간 이송)
[INFO] [1789009549.477930876] [sim_executor_bridge_node]: MoveLine 실이동 116.4mm / 명령 120mm
[INFO] [1789009549.478399737] [sim_executor_bridge_node]: MoveLine ok: 120mm / 24 steps / 계획 1.50s 실소요 4.37s (worst step joint delta 0.9deg)
[INFO] [1789009549.511296968] [sim_executor_bridge_node]: SetPosition called to 600
[INFO] [1789009549.511740757] [sim_executor_bridge_node]: GRASP_RELEASE -> /sim/grasp_event
[INFO] [1789009550.531939571] [sim_executor_bridge_node]: MoveSplineJoint called with 12 points
[INFO] [1789009551.047348844] [sim_executor_bridge_node]: MoveSpline ok: 12 pts / 0.35s -> end=[4.4 31.0 123.9 175.6 64.6 94.7]deg
[INFO] [1789009552.636604643] [sim_executor_bridge_node]: MoveSplineJoint called with 12 points
[INFO] [1789009554.098574184] [sim_executor_bridge_node]: MoveSpline ok: 12 pts / 1.22s -> end=[150.3 -11.9 109.1 262.2 63.3 10.5]deg
[INFO] [1789009554.139468111] [sim_executor_bridge_node]: SetPosition called to 600
[INFO] [1789009555.246625771] [sim_executor_bridge_node]: SetPosition called to 600
[INFO] [1789009557.759560170] [sim_executor_bridge_node]: MoveSplineJoint called with 12 points
[INFO] [1789009558.341621288] [sim_executor_bridge_node]: MoveSpline ok: 12 pts / 0.35s -> end=[127.9 6.3 72.7 297.8 43.1 -27.5]deg
[INFO] [1789009558.662875396] [sim_executor_bridge_node]: MoveLine called (pos=[ 0.  0. 45.  0.  0.  0.], ref=1, mode=1)
[INFO] [1789009561.777314274] [sim_executor_bridge_node]: MoveLine 실이동 42.8mm / 명령 45mm
[INFO] [1789009561.777562802] [sim_executor_bridge_node]: MoveLine ok: 45mm / 23 steps / 계획 0.38s 실소요 3.11s (worst step joint delta 0.2deg)
[INFO] [1789009561.820042950] [sim_executor_bridge_node]: MoveLine called (pos=[  0.           0.         -32.60535644   0.           0.
   0.        ], ref=0, mode=1)
[INFO] [1789009564.319679349] [sim_executor_bridge_node]: MoveLine 실이동 31.0mm / 명령 33mm
[INFO] [1789009564.319889665] [sim_executor_bridge_node]: MoveLine ok: 33mm / 17 steps / 계획 0.41s 실소요 2.50s (worst step joint delta 0.4deg)
[INFO] [1789009564.324592700] [sim_executor_bridge_node]: SetPosition called to 700
[INFO] [1789009564.327594275] [sim_executor_bridge_node]: GRASP_JUDGE 줄기기준 along=+15.5mm(조우 -6~27) lateral=2.9mm(허용20) | 과실기준 d_tcp=38.3mm -> CONTACT
[INFO] [1789009564.327807345] [sim_executor_bridge_node]: GRASP_ATTACH 과실 (-250, 783, 500)mm -> /sim/grasp_event
[INFO] [1789009564.725991293] [sim_executor_bridge_node]: MoveLine called (pos=[  0.   0. -40.   0.   0.   0.], ref=0, mode=1)
[INFO] [1789009567.456417392] [sim_executor_bridge_node]: MoveLine 실이동 37.8mm / 명령 40mm
[INFO] [1789009567.456611573] [sim_executor_bridge_node]: MoveLine ok: 40mm / 20 steps / 계획 0.40s 실소요 2.73s (worst step joint delta 0.5deg)
[INFO] [1789009567.480415878] [sim_executor_bridge_node]: MoveLine called (pos=[  0.   0. -45.   0.   0.   0.], ref=1, mode=1)
[ERROR] [1789009570.390877932] [sim_executor_bridge_node]: MOVELINE_SHORT: 명령 45mm 인데 실제 41.7mm (부족 3.3mm, 도착판정 True, TOOL dz=-45.0mm) — 이 잔차는 다음 상대 이동에 그대로 전파된다
[INFO] [1789009570.391331789] [sim_executor_bridge_node]: MoveLine ok: 45mm / 23 steps / 계획 0.28s 실소요 2.91s (worst step joint delta 0.2deg)
[INFO] [1789009572.029864639] [sim_executor_bridge_node]: MoveSplineJoint called with 12 points
[INFO] [1789009573.322213017] [sim_executor_bridge_node]: MoveSpline ok: 12 pts / 1.05s -> end=[4.4 31.0 123.9 175.6 64.6 94.7]deg
[INFO] [1789009573.333545420] [sim_executor_bridge_node]: MoveLine called (pos=[   0.    0. -120.    0.    0.    0.], ref=0, mode=1)
[INFO] [1789009573.334789205] [sim_executor_bridge_node]: MoveLine 120mm: 60 -> 24 steps (5.0mm/step, 자유공간 이송)
[INFO] [1789009577.560349353] [sim_executor_bridge_node]: MoveLine 실이동 115.8mm / 명령 120mm
[INFO] [1789009577.560576585] [sim_executor_bridge_node]: MoveLine ok: 120mm / 24 steps / 계획 1.50s 실소요 4.23s (worst step joint delta 0.9deg)
[INFO] [1789009577.591023914] [sim_executor_bridge_node]: SetPosition called to 600
[INFO] [1789009577.591459589] [sim_executor_bridge_node]: GRASP_RELEASE -> /sim/grasp_event
[INFO] [1789009578.650141101] [sim_executor_bridge_node]: MoveSplineJoint called with 12 points
[INFO] [1789009579.146368689] [sim_executor_bridge_node]: MoveSpline ok: 12 pts / 0.35s -> end=[4.4 31.0 123.9 175.6 64.6 94.7]deg
[INFO] [1789009580.645780515] [sim_executor_bridge_node]: MoveSplineJoint called with 12 points
[INFO] [1789009582.113383898] [sim_executor_bridge_node]: MoveSpline ok: 12 pts / 1.23s -> end=[150.3 -11.9 109.1 262.2 63.3 10.5]deg
[INFO] [1789009582.151726002] [sim_executor_bridge_node]: SetPosition called to 600
[INFO] [1789009583.258944978] [sim_executor_bridge_node]: SetPosition called to 600
[INFO] [1789009585.937111699] [sim_executor_bridge_node]: MoveSplineJoint called with 12 points
[INFO] [1789009586.622904970] [sim_executor_bridge_node]: MoveSpline ok: 12 pts / 0.43s -> end=[124.4 6.2 63.2 308.9 45.6 -41.5]deg
[INFO] [1789009586.940586127] [sim_executor_bridge_node]: MoveLine called (pos=[ 0.  0. 45.  0.  0.  0.], ref=1, mode=1)
[INFO] [1789009589.880872893] [sim_executor_bridge_node]: MoveLine 실이동 42.8mm / 명령 45mm
[INFO] [1789009589.881271791] [sim_executor_bridge_node]: MoveLine ok: 45mm / 23 steps / 계획 0.37s 실소요 2.94s (worst step joint delta 0.3deg)
[INFO] [1789009589.897223045] [sim_executor_bridge_node]: MoveLine called (pos=[  0.           0.         -32.60535644   0.           0.
   0.        ], ref=0, mode=1)
[INFO] [1789009592.231562526] [sim_executor_bridge_node]: MoveLine 실이동 30.7mm / 명령 33mm
[INFO] [1789009592.232124163] [sim_executor_bridge_node]: MoveLine ok: 33mm / 17 steps / 계획 0.41s 실소요 2.33s (worst step joint delta 0.5deg)
[INFO] [1789009592.251316427] [sim_executor_bridge_node]: SetPosition called to 700
[INFO] [1789009592.252393475] [sim_executor_bridge_node]: GRASP_JUDGE 줄기기준 along=+15.7mm(조우 -6~27) lateral=3.7mm(허용20) | 과실기준 d_tcp=37.8mm -> CONTACT
[INFO] [1789009592.252698466] [sim_executor_bridge_node]: GRASP_ATTACH 과실 (-220, 783, 560)mm -> /sim/grasp_event
[INFO] [1789009592.653464797] [sim_executor_bridge_node]: MoveLine called (pos=[  0.   0. -40.   0.   0.   0.], ref=0, mode=1)
[INFO] [1789009595.654899970] [sim_executor_bridge_node]: MoveLine 실이동 37.8mm / 명령 40mm
[INFO] [1789009595.655101395] [sim_executor_bridge_node]: MoveLine ok: 40mm / 20 steps / 계획 0.40s 실소요 3.00s (worst step joint delta 0.5deg)
[INFO] [1789009595.659503676] [sim_executor_bridge_node]: MoveLine called (pos=[  0.   0. -45.   0.   0.   0.], ref=1, mode=1)
[ERROR] [1789009598.822194093] [sim_executor_bridge_node]: MOVELINE_SHORT: 명령 45mm 인데 실제 42.0mm (부족 3.0mm, 도착판정 True, TOOL dz=-45.0mm) — 이 잔차는 다음 상대 이동에 그대로 전파된다
[INFO] [1789009598.822412384] [sim_executor_bridge_node]: MoveLine ok: 45mm / 23 steps / 계획 0.28s 실소요 3.16s (worst step joint delta 0.3deg)
[INFO] [1789009600.445091213] [sim_executor_bridge_node]: MoveSplineJoint called with 12 points
[INFO] [1789009601.745435738] [sim_executor_bridge_node]: MoveSpline ok: 12 pts / 1.04s -> end=[4.4 31.0 123.9 175.6 64.6 94.7]deg
[INFO] [1789009601.749331150] [sim_executor_bridge_node]: MoveLine called (pos=[   0.    0. -120.    0.    0.    0.], ref=0, mode=1)
[INFO] [1789009601.750116027] [sim_executor_bridge_node]: MoveLine 120mm: 60 -> 24 steps (5.0mm/step, 자유공간 이송)
[INFO] [1789009606.369955579] [sim_executor_bridge_node]: MoveLine 실이동 115.9mm / 명령 120mm
[INFO] [1789009606.370224536] [sim_executor_bridge_node]: MoveLine ok: 120mm / 24 steps / 계획 1.50s 실소요 4.62s (worst step joint delta 0.9deg)
[INFO] [1789009606.407260551] [sim_executor_bridge_node]: SetPosition called to 600
[INFO] [1789009606.407582694] [sim_executor_bridge_node]: GRASP_RELEASE -> /sim/grasp_event
[INFO] [1789009607.408225615] [sim_executor_bridge_node]: MoveSplineJoint called with 12 points
[INFO] [1789009607.924436690] [sim_executor_bridge_node]: MoveSpline ok: 12 pts / 0.35s -> end=[4.4 31.0 123.9 175.6 64.6 94.7]deg
[INFO] [1789009609.430601312] [sim_executor_bridge_node]: MoveSplineJoint called with 12 points
[INFO] [1789009610.895215697] [sim_executor_bridge_node]: MoveSpline ok: 12 pts / 1.22s -> end=[150.2 -11.8 109.1 262.2 63.3 10.5]deg
[INFO] [1789009610.932565557] [sim_executor_bridge_node]: SetPosition called to 600
[INFO] [1789009611.988200193] [sim_executor_bridge_node]: MoveJoint called to [150.27 -11.92 109.11 262.19  63.33  10.46]
[INFO] [1789009615.046200392] [sim_executor_bridge_node]: MoveJoint called to [ 87.98 -94.92 129.89 175.94 -31.34  93.42]
