[0.000000] (-) TimerEvent: {}
[0.000301] (-) JobUnselected: {'identifier': 'dsr_bringup2'}
[0.000313] (-) JobUnselected: {'identifier': 'dsr_common2'}
[0.000320] (-) JobUnselected: {'identifier': 'dsr_controller2'}
[0.000326] (-) JobUnselected: {'identifier': 'dsr_description2'}
[0.000332] (-) JobUnselected: {'identifier': 'dsr_example'}
[0.000337] (-) JobUnselected: {'identifier': 'dsr_gazebo2'}
[0.000342] (-) JobUnselected: {'identifier': 'dsr_hardware2'}
[0.000348] (-) JobUnselected: {'identifier': 'dsr_moveit_config_a0509'}
[0.000353] (-) JobUnselected: {'identifier': 'dsr_moveit_config_a0912'}
[0.000358] (-) JobUnselected: {'identifier': 'dsr_moveit_config_e0509'}
[0.000363] (-) JobUnselected: {'identifier': 'dsr_moveit_config_h2017'}
[0.000368] (-) JobUnselected: {'identifier': 'dsr_moveit_config_h2515'}
[0.000373] (-) JobUnselected: {'identifier': 'dsr_moveit_config_m0609'}
[0.000378] (-) JobUnselected: {'identifier': 'dsr_moveit_config_m0617'}
[0.000383] (-) JobUnselected: {'identifier': 'dsr_moveit_config_m1013'}
[0.000388] (-) JobUnselected: {'identifier': 'dsr_moveit_config_m1509'}
[0.000393] (-) JobUnselected: {'identifier': 'dsr_moveit_config_p3020'}
[0.000398] (-) JobUnselected: {'identifier': 'dsr_msgs2'}
[0.000403] (-) JobUnselected: {'identifier': 'dsr_realtime_control'}
[0.000408] (-) JobUnselected: {'identifier': 'dsr_tests'}
[0.000413] (-) JobUnselected: {'identifier': 'dsr_visualservoing'}
[0.000418] (-) JobUnselected: {'identifier': 'rh_p12_rn'}
[0.000423] (-) JobUnselected: {'identifier': 'rh_p12_rn_base_module'}
[0.000428] (-) JobUnselected: {'identifier': 'rh_p12_rn_base_module_msgs'}
[0.000433] (-) JobUnselected: {'identifier': 'rh_p12_rn_description'}
[0.000438] (-) JobUnselected: {'identifier': 'rh_p12_rn_gazebo'}
[0.000443] (-) JobUnselected: {'identifier': 'rh_p12_rn_gui'}
[0.000447] (-) JobUnselected: {'identifier': 'rh_p12_rn_manager'}
[0.000454] (strawberry_grasp_description) JobQueued: {'identifier': 'strawberry_grasp_description', 'dependencies': OrderedDict([('rh_p12_rn_description', '/home/sun/strawberry_grasp_URDF/install/rh_p12_rn_description')])}
[0.000463] (strawberry_grasp_description) JobStarted: {'identifier': 'strawberry_grasp_description'}
[0.008964] (strawberry_grasp_description) JobEnded: {'identifier': 'strawberry_grasp_description', 'rc': 1}
[0.019338] (-) EventReactorShutdown: {}
