[0.079s] DEBUG:colcon:Command line arguments: ['/usr/bin/colcon', 'build', '--packages-select', 'strawberry_grasp_description']
[0.079s] DEBUG:colcon:Parsed command line arguments: Namespace(log_base=None, log_level=None, verb_name='build', build_base='build', install_base='install', merge_install=False, symlink_install=False, test_result_base=None, continue_on_error=False, executor='parallel', parallel_workers=24, event_handlers=None, ignore_user_meta=False, metas=['./colcon.meta'], base_paths=['.'], packages_ignore=None, packages_ignore_regex=None, paths=None, packages_up_to=None, packages_up_to_regex=None, packages_above=None, packages_above_and_dependencies=None, packages_above_depth=None, packages_select_by_dep=None, packages_skip_by_dep=None, packages_skip_up_to=None, packages_select_build_failed=False, packages_skip_build_finished=False, packages_select_test_failures=False, packages_skip_test_passed=False, packages_select=['strawberry_grasp_description'], packages_skip=None, packages_select_regex=None, packages_skip_regex=None, packages_start=None, packages_end=None, allow_overriding=[], cmake_args=None, cmake_target=None, cmake_target_skip_unavailable=False, cmake_clean_cache=False, cmake_clean_first=False, cmake_force_configure=False, ament_cmake_args=None, catkin_cmake_args=None, catkin_skip_building_tests=False, verb_parser=<colcon_defaults.argument_parser.defaults.DefaultArgumentsDecorator object at 0x7da64354e980>, verb_extension=<colcon_core.verb.build.BuildVerb object at 0x7da64354e2c0>, main=<bound method BuildVerb.main of <colcon_core.verb.build.BuildVerb object at 0x7da64354e2c0>>)
[0.160s] Level 1:colcon.colcon_core.package_discovery:discover_packages(colcon_meta) check parameters
[0.160s] Level 1:colcon.colcon_core.package_discovery:discover_packages(recursive) check parameters
[0.160s] Level 1:colcon.colcon_core.package_discovery:discover_packages(ignore) check parameters
[0.160s] Level 1:colcon.colcon_core.package_discovery:discover_packages(path) check parameters
[0.160s] Level 1:colcon.colcon_core.package_discovery:discover_packages(colcon_meta) discover
[0.160s] Level 1:colcon.colcon_core.package_discovery:discover_packages(recursive) discover
[0.160s] INFO:colcon.colcon_core.package_discovery:Crawling recursively for packages in '/home/sun/strawberry_grasp_URDF'
[0.160s] Level 1:colcon.colcon_core.package_identification:_identify(.) by extensions ['ignore', 'ignore_ament_install']
[0.160s] Level 1:colcon.colcon_core.package_identification:_identify(.) by extension 'ignore'
[0.160s] Level 1:colcon.colcon_core.package_identification:_identify(.) by extension 'ignore_ament_install'
[0.160s] Level 1:colcon.colcon_core.package_identification:_identify(.) by extensions ['colcon_pkg']
[0.160s] Level 1:colcon.colcon_core.package_identification:_identify(.) by extension 'colcon_pkg'
[0.160s] Level 1:colcon.colcon_core.package_identification:_identify(.) by extensions ['colcon_meta']
[0.160s] Level 1:colcon.colcon_core.package_identification:_identify(.) by extension 'colcon_meta'
[0.160s] Level 1:colcon.colcon_core.package_identification:_identify(.) by extensions ['ros']
[0.160s] Level 1:colcon.colcon_core.package_identification:_identify(.) by extension 'ros'
[0.165s] Level 1:colcon.colcon_core.package_identification:_identify(.) by extensions ['cmake', 'python']
[0.165s] Level 1:colcon.colcon_core.package_identification:_identify(.) by extension 'cmake'
[0.165s] Level 1:colcon.colcon_core.package_identification:_identify(.) by extension 'python'
[0.165s] Level 1:colcon.colcon_core.package_identification:_identify(.) by extensions ['python_setup_py']
[0.165s] Level 1:colcon.colcon_core.package_identification:_identify(.) by extension 'python_setup_py'
[0.165s] Level 1:colcon.colcon_core.package_identification:_identify(build) by extensions ['ignore', 'ignore_ament_install']
[0.165s] Level 1:colcon.colcon_core.package_identification:_identify(build) by extension 'ignore'
[0.165s] Level 1:colcon.colcon_core.package_identification:_identify(build) ignored
[0.165s] Level 1:colcon.colcon_core.package_identification:_identify(install) by extensions ['ignore', 'ignore_ament_install']
[0.165s] Level 1:colcon.colcon_core.package_identification:_identify(install) by extension 'ignore'
[0.165s] Level 1:colcon.colcon_core.package_identification:_identify(install) ignored
[0.165s] Level 1:colcon.colcon_core.package_identification:_identify(log) by extensions ['ignore', 'ignore_ament_install']
[0.165s] Level 1:colcon.colcon_core.package_identification:_identify(log) by extension 'ignore'
[0.165s] Level 1:colcon.colcon_core.package_identification:_identify(log) ignored
[0.165s] Level 1:colcon.colcon_core.package_identification:_identify(src) by extensions ['ignore', 'ignore_ament_install']
[0.165s] Level 1:colcon.colcon_core.package_identification:_identify(src) by extension 'ignore'
[0.165s] Level 1:colcon.colcon_core.package_identification:_identify(src) by extension 'ignore_ament_install'
[0.165s] Level 1:colcon.colcon_core.package_identification:_identify(src) by extensions ['colcon_pkg']
[0.166s] Level 1:colcon.colcon_core.package_identification:_identify(src) by extension 'colcon_pkg'
[0.166s] Level 1:colcon.colcon_core.package_identification:_identify(src) by extensions ['colcon_meta']
[0.166s] Level 1:colcon.colcon_core.package_identification:_identify(src) by extension 'colcon_meta'
[0.166s] Level 1:colcon.colcon_core.package_identification:_identify(src) by extensions ['ros']
[0.166s] Level 1:colcon.colcon_core.package_identification:_identify(src) by extension 'ros'
[0.166s] Level 1:colcon.colcon_core.package_identification:_identify(src) by extensions ['cmake', 'python']
[0.166s] Level 1:colcon.colcon_core.package_identification:_identify(src) by extension 'cmake'
[0.166s] Level 1:colcon.colcon_core.package_identification:_identify(src) by extension 'python'
[0.166s] Level 1:colcon.colcon_core.package_identification:_identify(src) by extensions ['python_setup_py']
[0.166s] Level 1:colcon.colcon_core.package_identification:_identify(src) by extension 'python_setup_py'
[0.166s] Level 1:colcon.colcon_core.package_identification:_identify(src/RH-P12-RN) by extensions ['ignore', 'ignore_ament_install']
[0.166s] Level 1:colcon.colcon_core.package_identification:_identify(src/RH-P12-RN) by extension 'ignore'
[0.166s] Level 1:colcon.colcon_core.package_identification:_identify(src/RH-P12-RN) by extension 'ignore_ament_install'
[0.166s] Level 1:colcon.colcon_core.package_identification:_identify(src/RH-P12-RN) by extensions ['colcon_pkg']
[0.166s] Level 1:colcon.colcon_core.package_identification:_identify(src/RH-P12-RN) by extension 'colcon_pkg'
[0.166s] Level 1:colcon.colcon_core.package_identification:_identify(src/RH-P12-RN) by extensions ['colcon_meta']
[0.166s] Level 1:colcon.colcon_core.package_identification:_identify(src/RH-P12-RN) by extension 'colcon_meta'
[0.166s] Level 1:colcon.colcon_core.package_identification:_identify(src/RH-P12-RN) by extensions ['ros']
[0.166s] Level 1:colcon.colcon_core.package_identification:_identify(src/RH-P12-RN) by extension 'ros'
[0.166s] Level 1:colcon.colcon_core.package_identification:_identify(src/RH-P12-RN) by extensions ['cmake', 'python']
[0.166s] Level 1:colcon.colcon_core.package_identification:_identify(src/RH-P12-RN) by extension 'cmake'
[0.166s] Level 1:colcon.colcon_core.package_identification:_identify(src/RH-P12-RN) by extension 'python'
[0.166s] Level 1:colcon.colcon_core.package_identification:_identify(src/RH-P12-RN) by extensions ['python_setup_py']
[0.166s] Level 1:colcon.colcon_core.package_identification:_identify(src/RH-P12-RN) by extension 'python_setup_py'
[0.166s] Level 1:colcon.colcon_core.package_identification:_identify(src/RH-P12-RN/rh_p12_rn) by extensions ['ignore', 'ignore_ament_install']
[0.166s] Level 1:colcon.colcon_core.package_identification:_identify(src/RH-P12-RN/rh_p12_rn) by extension 'ignore'
[0.166s] Level 1:colcon.colcon_core.package_identification:_identify(src/RH-P12-RN/rh_p12_rn) by extension 'ignore_ament_install'
[0.166s] Level 1:colcon.colcon_core.package_identification:_identify(src/RH-P12-RN/rh_p12_rn) by extensions ['colcon_pkg']
[0.166s] Level 1:colcon.colcon_core.package_identification:_identify(src/RH-P12-RN/rh_p12_rn) by extension 'colcon_pkg'
[0.166s] Level 1:colcon.colcon_core.package_identification:_identify(src/RH-P12-RN/rh_p12_rn) by extensions ['colcon_meta']
[0.166s] Level 1:colcon.colcon_core.package_identification:_identify(src/RH-P12-RN/rh_p12_rn) by extension 'colcon_meta'
[0.166s] Level 1:colcon.colcon_core.package_identification:_identify(src/RH-P12-RN/rh_p12_rn) by extensions ['ros']
[0.166s] Level 1:colcon.colcon_core.package_identification:_identify(src/RH-P12-RN/rh_p12_rn) by extension 'ros'
[0.167s] DEBUG:colcon.colcon_core.package_identification:Package 'src/RH-P12-RN/rh_p12_rn' with type 'ros.catkin' and name 'rh_p12_rn'
[0.167s] Level 1:colcon.colcon_core.package_identification:_identify(src/RH-P12-RN/rh_p12_rn_base_module) by extensions ['ignore', 'ignore_ament_install']
[0.167s] Level 1:colcon.colcon_core.package_identification:_identify(src/RH-P12-RN/rh_p12_rn_base_module) by extension 'ignore'
[0.167s] Level 1:colcon.colcon_core.package_identification:_identify(src/RH-P12-RN/rh_p12_rn_base_module) by extension 'ignore_ament_install'
[0.167s] Level 1:colcon.colcon_core.package_identification:_identify(src/RH-P12-RN/rh_p12_rn_base_module) by extensions ['colcon_pkg']
[0.167s] Level 1:colcon.colcon_core.package_identification:_identify(src/RH-P12-RN/rh_p12_rn_base_module) by extension 'colcon_pkg'
[0.167s] Level 1:colcon.colcon_core.package_identification:_identify(src/RH-P12-RN/rh_p12_rn_base_module) by extensions ['colcon_meta']
[0.167s] Level 1:colcon.colcon_core.package_identification:_identify(src/RH-P12-RN/rh_p12_rn_base_module) by extension 'colcon_meta'
[0.168s] Level 1:colcon.colcon_core.package_identification:_identify(src/RH-P12-RN/rh_p12_rn_base_module) by extensions ['ros']
[0.168s] Level 1:colcon.colcon_core.package_identification:_identify(src/RH-P12-RN/rh_p12_rn_base_module) by extension 'ros'
[0.168s] DEBUG:colcon.colcon_core.package_identification:Package 'src/RH-P12-RN/rh_p12_rn_base_module' with type 'ros.catkin' and name 'rh_p12_rn_base_module'
[0.168s] Level 1:colcon.colcon_core.package_identification:_identify(src/RH-P12-RN/rh_p12_rn_base_module_msgs) by extensions ['ignore', 'ignore_ament_install']
[0.168s] Level 1:colcon.colcon_core.package_identification:_identify(src/RH-P12-RN/rh_p12_rn_base_module_msgs) by extension 'ignore'
[0.168s] Level 1:colcon.colcon_core.package_identification:_identify(src/RH-P12-RN/rh_p12_rn_base_module_msgs) by extension 'ignore_ament_install'
[0.168s] Level 1:colcon.colcon_core.package_identification:_identify(src/RH-P12-RN/rh_p12_rn_base_module_msgs) by extensions ['colcon_pkg']
[0.168s] Level 1:colcon.colcon_core.package_identification:_identify(src/RH-P12-RN/rh_p12_rn_base_module_msgs) by extension 'colcon_pkg'
[0.168s] Level 1:colcon.colcon_core.package_identification:_identify(src/RH-P12-RN/rh_p12_rn_base_module_msgs) by extensions ['colcon_meta']
[0.168s] Level 1:colcon.colcon_core.package_identification:_identify(src/RH-P12-RN/rh_p12_rn_base_module_msgs) by extension 'colcon_meta'
[0.168s] Level 1:colcon.colcon_core.package_identification:_identify(src/RH-P12-RN/rh_p12_rn_base_module_msgs) by extensions ['ros']
[0.168s] Level 1:colcon.colcon_core.package_identification:_identify(src/RH-P12-RN/rh_p12_rn_base_module_msgs) by extension 'ros'
[0.168s] DEBUG:colcon.colcon_core.package_identification:Package 'src/RH-P12-RN/rh_p12_rn_base_module_msgs' with type 'ros.catkin' and name 'rh_p12_rn_base_module_msgs'
[0.169s] Level 1:colcon.colcon_core.package_identification:_identify(src/RH-P12-RN/rh_p12_rn_description) by extensions ['ignore', 'ignore_ament_install']
[0.169s] Level 1:colcon.colcon_core.package_identification:_identify(src/RH-P12-RN/rh_p12_rn_description) by extension 'ignore'
[0.169s] Level 1:colcon.colcon_core.package_identification:_identify(src/RH-P12-RN/rh_p12_rn_description) by extension 'ignore_ament_install'
[0.169s] Level 1:colcon.colcon_core.package_identification:_identify(src/RH-P12-RN/rh_p12_rn_description) by extensions ['colcon_pkg']
[0.169s] Level 1:colcon.colcon_core.package_identification:_identify(src/RH-P12-RN/rh_p12_rn_description) by extension 'colcon_pkg'
[0.169s] Level 1:colcon.colcon_core.package_identification:_identify(src/RH-P12-RN/rh_p12_rn_description) by extensions ['colcon_meta']
[0.169s] Level 1:colcon.colcon_core.package_identification:_identify(src/RH-P12-RN/rh_p12_rn_description) by extension 'colcon_meta'
[0.169s] Level 1:colcon.colcon_core.package_identification:_identify(src/RH-P12-RN/rh_p12_rn_description) by extensions ['ros']
[0.169s] Level 1:colcon.colcon_core.package_identification:_identify(src/RH-P12-RN/rh_p12_rn_description) by extension 'ros'
[0.169s] DEBUG:colcon.colcon_core.package_identification:Package 'src/RH-P12-RN/rh_p12_rn_description' with type 'ros.catkin' and name 'rh_p12_rn_description'
[0.169s] Level 1:colcon.colcon_core.package_identification:_identify(src/RH-P12-RN/rh_p12_rn_gazebo) by extensions ['ignore', 'ignore_ament_install']
[0.169s] Level 1:colcon.colcon_core.package_identification:_identify(src/RH-P12-RN/rh_p12_rn_gazebo) by extension 'ignore'
[0.169s] Level 1:colcon.colcon_core.package_identification:_identify(src/RH-P12-RN/rh_p12_rn_gazebo) by extension 'ignore_ament_install'
[0.169s] Level 1:colcon.colcon_core.package_identification:_identify(src/RH-P12-RN/rh_p12_rn_gazebo) by extensions ['colcon_pkg']
[0.169s] Level 1:colcon.colcon_core.package_identification:_identify(src/RH-P12-RN/rh_p12_rn_gazebo) by extension 'colcon_pkg'
[0.169s] Level 1:colcon.colcon_core.package_identification:_identify(src/RH-P12-RN/rh_p12_rn_gazebo) by extensions ['colcon_meta']
[0.169s] Level 1:colcon.colcon_core.package_identification:_identify(src/RH-P12-RN/rh_p12_rn_gazebo) by extension 'colcon_meta'
[0.169s] Level 1:colcon.colcon_core.package_identification:_identify(src/RH-P12-RN/rh_p12_rn_gazebo) by extensions ['ros']
[0.169s] Level 1:colcon.colcon_core.package_identification:_identify(src/RH-P12-RN/rh_p12_rn_gazebo) by extension 'ros'
[0.169s] DEBUG:colcon.colcon_core.package_identification:Package 'src/RH-P12-RN/rh_p12_rn_gazebo' with type 'ros.catkin' and name 'rh_p12_rn_gazebo'
[0.169s] Level 1:colcon.colcon_core.package_identification:_identify(src/RH-P12-RN/rh_p12_rn_gui) by extensions ['ignore', 'ignore_ament_install']
[0.169s] Level 1:colcon.colcon_core.package_identification:_identify(src/RH-P12-RN/rh_p12_rn_gui) by extension 'ignore'
[0.169s] Level 1:colcon.colcon_core.package_identification:_identify(src/RH-P12-RN/rh_p12_rn_gui) by extension 'ignore_ament_install'
[0.169s] Level 1:colcon.colcon_core.package_identification:_identify(src/RH-P12-RN/rh_p12_rn_gui) by extensions ['colcon_pkg']
[0.169s] Level 1:colcon.colcon_core.package_identification:_identify(src/RH-P12-RN/rh_p12_rn_gui) by extension 'colcon_pkg'
[0.169s] Level 1:colcon.colcon_core.package_identification:_identify(src/RH-P12-RN/rh_p12_rn_gui) by extensions ['colcon_meta']
[0.169s] Level 1:colcon.colcon_core.package_identification:_identify(src/RH-P12-RN/rh_p12_rn_gui) by extension 'colcon_meta'
[0.169s] Level 1:colcon.colcon_core.package_identification:_identify(src/RH-P12-RN/rh_p12_rn_gui) by extensions ['ros']
[0.170s] Level 1:colcon.colcon_core.package_identification:_identify(src/RH-P12-RN/rh_p12_rn_gui) by extension 'ros'
[0.170s] DEBUG:colcon.colcon_core.package_identification:Package 'src/RH-P12-RN/rh_p12_rn_gui' with type 'ros.catkin' and name 'rh_p12_rn_gui'
[0.170s] Level 1:colcon.colcon_core.package_identification:_identify(src/RH-P12-RN/rh_p12_rn_manager) by extensions ['ignore', 'ignore_ament_install']
[0.170s] Level 1:colcon.colcon_core.package_identification:_identify(src/RH-P12-RN/rh_p12_rn_manager) by extension 'ignore'
[0.170s] Level 1:colcon.colcon_core.package_identification:_identify(src/RH-P12-RN/rh_p12_rn_manager) by extension 'ignore_ament_install'
[0.170s] Level 1:colcon.colcon_core.package_identification:_identify(src/RH-P12-RN/rh_p12_rn_manager) by extensions ['colcon_pkg']
[0.170s] Level 1:colcon.colcon_core.package_identification:_identify(src/RH-P12-RN/rh_p12_rn_manager) by extension 'colcon_pkg'
[0.170s] Level 1:colcon.colcon_core.package_identification:_identify(src/RH-P12-RN/rh_p12_rn_manager) by extensions ['colcon_meta']
[0.170s] Level 1:colcon.colcon_core.package_identification:_identify(src/RH-P12-RN/rh_p12_rn_manager) by extension 'colcon_meta'
[0.170s] Level 1:colcon.colcon_core.package_identification:_identify(src/RH-P12-RN/rh_p12_rn_manager) by extensions ['ros']
[0.170s] Level 1:colcon.colcon_core.package_identification:_identify(src/RH-P12-RN/rh_p12_rn_manager) by extension 'ros'
[0.170s] DEBUG:colcon.colcon_core.package_identification:Package 'src/RH-P12-RN/rh_p12_rn_manager' with type 'ros.catkin' and name 'rh_p12_rn_manager'
[0.170s] Level 1:colcon.colcon_core.package_identification:_identify(src/doosan_robot2) by extensions ['ignore', 'ignore_ament_install']
[0.170s] Level 1:colcon.colcon_core.package_identification:_identify(src/doosan_robot2) by extension 'ignore'
[0.171s] Level 1:colcon.colcon_core.package_identification:_identify(src/doosan_robot2) by extension 'ignore_ament_install'
[0.171s] Level 1:colcon.colcon_core.package_identification:_identify(src/doosan_robot2) by extensions ['colcon_pkg']
[0.171s] Level 1:colcon.colcon_core.package_identification:_identify(src/doosan_robot2) by extension 'colcon_pkg'
[0.171s] Level 1:colcon.colcon_core.package_identification:_identify(src/doosan_robot2) by extensions ['colcon_meta']
[0.171s] Level 1:colcon.colcon_core.package_identification:_identify(src/doosan_robot2) by extension 'colcon_meta'
[0.171s] Level 1:colcon.colcon_core.package_identification:_identify(src/doosan_robot2) by extensions ['ros']
[0.171s] Level 1:colcon.colcon_core.package_identification:_identify(src/doosan_robot2) by extension 'ros'
[0.171s] Level 1:colcon.colcon_core.package_identification:_identify(src/doosan_robot2) by extensions ['cmake', 'python']
[0.171s] Level 1:colcon.colcon_core.package_identification:_identify(src/doosan_robot2) by extension 'cmake'
[0.171s] Level 1:colcon.colcon_core.package_identification:_identify(src/doosan_robot2) by extension 'python'
[0.171s] Level 1:colcon.colcon_core.package_identification:_identify(src/doosan_robot2) by extensions ['python_setup_py']
[0.171s] Level 1:colcon.colcon_core.package_identification:_identify(src/doosan_robot2) by extension 'python_setup_py'
[0.171s] Level 1:colcon.colcon_core.package_identification:_identify(src/doosan_robot2/dsr_bringup2) by extensions ['ignore', 'ignore_ament_install']
[0.171s] Level 1:colcon.colcon_core.package_identification:_identify(src/doosan_robot2/dsr_bringup2) by extension 'ignore'
[0.171s] Level 1:colcon.colcon_core.package_identification:_identify(src/doosan_robot2/dsr_bringup2) by extension 'ignore_ament_install'
[0.171s] Level 1:colcon.colcon_core.package_identification:_identify(src/doosan_robot2/dsr_bringup2) by extensions ['colcon_pkg']
[0.171s] Level 1:colcon.colcon_core.package_identification:_identify(src/doosan_robot2/dsr_bringup2) by extension 'colcon_pkg'
[0.171s] Level 1:colcon.colcon_core.package_identification:_identify(src/doosan_robot2/dsr_bringup2) by extensions ['colcon_meta']
[0.171s] Level 1:colcon.colcon_core.package_identification:_identify(src/doosan_robot2/dsr_bringup2) by extension 'colcon_meta'
[0.171s] Level 1:colcon.colcon_core.package_identification:_identify(src/doosan_robot2/dsr_bringup2) by extensions ['ros']
[0.171s] Level 1:colcon.colcon_core.package_identification:_identify(src/doosan_robot2/dsr_bringup2) by extension 'ros'
[0.171s] DEBUG:colcon.colcon_core.package_identification:Package 'src/doosan_robot2/dsr_bringup2' with type 'ros.ament_python' and name 'dsr_bringup2'
[0.171s] Level 1:colcon.colcon_core.package_identification:_identify(src/doosan_robot2/dsr_common2) by extensions ['ignore', 'ignore_ament_install']
[0.171s] Level 1:colcon.colcon_core.package_identification:_identify(src/doosan_robot2/dsr_common2) by extension 'ignore'
[0.171s] Level 1:colcon.colcon_core.package_identification:_identify(src/doosan_robot2/dsr_common2) by extension 'ignore_ament_install'
[0.171s] Level 1:colcon.colcon_core.package_identification:_identify(src/doosan_robot2/dsr_common2) by extensions ['colcon_pkg']
[0.171s] Level 1:colcon.colcon_core.package_identification:_identify(src/doosan_robot2/dsr_common2) by extension 'colcon_pkg'
[0.171s] Level 1:colcon.colcon_core.package_identification:_identify(src/doosan_robot2/dsr_common2) by extensions ['colcon_meta']
[0.171s] Level 1:colcon.colcon_core.package_identification:_identify(src/doosan_robot2/dsr_common2) by extension 'colcon_meta'
[0.171s] Level 1:colcon.colcon_core.package_identification:_identify(src/doosan_robot2/dsr_common2) by extensions ['ros']
[0.171s] Level 1:colcon.colcon_core.package_identification:_identify(src/doosan_robot2/dsr_common2) by extension 'ros'
[0.171s] DEBUG:colcon.colcon_core.package_identification:Package 'src/doosan_robot2/dsr_common2' with type 'ros.ament_cmake' and name 'dsr_common2'
[0.171s] Level 1:colcon.colcon_core.package_identification:_identify(src/doosan_robot2/dsr_controller2) by extensions ['ignore', 'ignore_ament_install']
[0.171s] Level 1:colcon.colcon_core.package_identification:_identify(src/doosan_robot2/dsr_controller2) by extension 'ignore'
[0.172s] Level 1:colcon.colcon_core.package_identification:_identify(src/doosan_robot2/dsr_controller2) by extension 'ignore_ament_install'
[0.172s] Level 1:colcon.colcon_core.package_identification:_identify(src/doosan_robot2/dsr_controller2) by extensions ['colcon_pkg']
[0.172s] Level 1:colcon.colcon_core.package_identification:_identify(src/doosan_robot2/dsr_controller2) by extension 'colcon_pkg'
[0.172s] Level 1:colcon.colcon_core.package_identification:_identify(src/doosan_robot2/dsr_controller2) by extensions ['colcon_meta']
[0.172s] Level 1:colcon.colcon_core.package_identification:_identify(src/doosan_robot2/dsr_controller2) by extension 'colcon_meta'
[0.172s] Level 1:colcon.colcon_core.package_identification:_identify(src/doosan_robot2/dsr_controller2) by extensions ['ros']
[0.172s] Level 1:colcon.colcon_core.package_identification:_identify(src/doosan_robot2/dsr_controller2) by extension 'ros'
[0.172s] DEBUG:colcon.colcon_core.package_identification:Package 'src/doosan_robot2/dsr_controller2' with type 'ros.ament_cmake' and name 'dsr_controller2'
[0.172s] Level 1:colcon.colcon_core.package_identification:_identify(src/doosan_robot2/dsr_description2) by extensions ['ignore', 'ignore_ament_install']
[0.172s] Level 1:colcon.colcon_core.package_identification:_identify(src/doosan_robot2/dsr_description2) by extension 'ignore'
[0.172s] Level 1:colcon.colcon_core.package_identification:_identify(src/doosan_robot2/dsr_description2) by extension 'ignore_ament_install'
[0.172s] Level 1:colcon.colcon_core.package_identification:_identify(src/doosan_robot2/dsr_description2) by extensions ['colcon_pkg']
[0.172s] Level 1:colcon.colcon_core.package_identification:_identify(src/doosan_robot2/dsr_description2) by extension 'colcon_pkg'
[0.172s] Level 1:colcon.colcon_core.package_identification:_identify(src/doosan_robot2/dsr_description2) by extensions ['colcon_meta']
[0.172s] Level 1:colcon.colcon_core.package_identification:_identify(src/doosan_robot2/dsr_description2) by extension 'colcon_meta'
[0.172s] Level 1:colcon.colcon_core.package_identification:_identify(src/doosan_robot2/dsr_description2) by extensions ['ros']
[0.172s] Level 1:colcon.colcon_core.package_identification:_identify(src/doosan_robot2/dsr_description2) by extension 'ros'
[0.173s] DEBUG:colcon.colcon_core.package_identification:Package 'src/doosan_robot2/dsr_description2' with type 'ros.ament_cmake' and name 'dsr_description2'
[0.173s] Level 1:colcon.colcon_core.package_identification:_identify(src/doosan_robot2/dsr_example2) by extensions ['ignore', 'ignore_ament_install']
[0.173s] Level 1:colcon.colcon_core.package_identification:_identify(src/doosan_robot2/dsr_example2) by extension 'ignore'
[0.173s] Level 1:colcon.colcon_core.package_identification:_identify(src/doosan_robot2/dsr_example2) by extension 'ignore_ament_install'
[0.173s] Level 1:colcon.colcon_core.package_identification:_identify(src/doosan_robot2/dsr_example2) by extensions ['colcon_pkg']
[0.173s] Level 1:colcon.colcon_core.package_identification:_identify(src/doosan_robot2/dsr_example2) by extension 'colcon_pkg'
[0.173s] Level 1:colcon.colcon_core.package_identification:_identify(src/doosan_robot2/dsr_example2) by extensions ['colcon_meta']
[0.173s] Level 1:colcon.colcon_core.package_identification:_identify(src/doosan_robot2/dsr_example2) by extension 'colcon_meta'
[0.173s] Level 1:colcon.colcon_core.package_identification:_identify(src/doosan_robot2/dsr_example2) by extensions ['ros']
[0.173s] Level 1:colcon.colcon_core.package_identification:_identify(src/doosan_robot2/dsr_example2) by extension 'ros'
[0.173s] Level 1:colcon.colcon_core.package_identification:_identify(src/doosan_robot2/dsr_example2) by extensions ['cmake', 'python']
[0.173s] Level 1:colcon.colcon_core.package_identification:_identify(src/doosan_robot2/dsr_example2) by extension 'cmake'
[0.173s] Level 1:colcon.colcon_core.package_identification:_identify(src/doosan_robot2/dsr_example2) by extension 'python'
[0.173s] Level 1:colcon.colcon_core.package_identification:_identify(src/doosan_robot2/dsr_example2) by extensions ['python_setup_py']
[0.173s] Level 1:colcon.colcon_core.package_identification:_identify(src/doosan_robot2/dsr_example2) by extension 'python_setup_py'
[0.173s] Level 1:colcon.colcon_core.package_identification:_identify(src/doosan_robot2/dsr_example2/dsr_example) by extensions ['ignore', 'ignore_ament_install']
[0.173s] Level 1:colcon.colcon_core.package_identification:_identify(src/doosan_robot2/dsr_example2/dsr_example) by extension 'ignore'
[0.173s] Level 1:colcon.colcon_core.package_identification:_identify(src/doosan_robot2/dsr_example2/dsr_example) by extension 'ignore_ament_install'
[0.173s] Level 1:colcon.colcon_core.package_identification:_identify(src/doosan_robot2/dsr_example2/dsr_example) by extensions ['colcon_pkg']
[0.173s] Level 1:colcon.colcon_core.package_identification:_identify(src/doosan_robot2/dsr_example2/dsr_example) by extension 'colcon_pkg'
[0.173s] Level 1:colcon.colcon_core.package_identification:_identify(src/doosan_robot2/dsr_example2/dsr_example) by extensions ['colcon_meta']
[0.173s] Level 1:colcon.colcon_core.package_identification:_identify(src/doosan_robot2/dsr_example2/dsr_example) by extension 'colcon_meta'
[0.173s] Level 1:colcon.colcon_core.package_identification:_identify(src/doosan_robot2/dsr_example2/dsr_example) by extensions ['ros']
[0.173s] Level 1:colcon.colcon_core.package_identification:_identify(src/doosan_robot2/dsr_example2/dsr_example) by extension 'ros'
[0.173s] DEBUG:colcon.colcon_core.package_identification:Package 'src/doosan_robot2/dsr_example2/dsr_example' with type 'ros.ament_python' and name 'dsr_example'
[0.173s] Level 1:colcon.colcon_core.package_identification:_identify(src/doosan_robot2/dsr_example2/dsr_realtime_control) by extensions ['ignore', 'ignore_ament_install']
[0.173s] Level 1:colcon.colcon_core.package_identification:_identify(src/doosan_robot2/dsr_example2/dsr_realtime_control) by extension 'ignore'
[0.173s] Level 1:colcon.colcon_core.package_identification:_identify(src/doosan_robot2/dsr_example2/dsr_realtime_control) by extension 'ignore_ament_install'
[0.173s] Level 1:colcon.colcon_core.package_identification:_identify(src/doosan_robot2/dsr_example2/dsr_realtime_control) by extensions ['colcon_pkg']
[0.173s] Level 1:colcon.colcon_core.package_identification:_identify(src/doosan_robot2/dsr_example2/dsr_realtime_control) by extension 'colcon_pkg'
[0.173s] Level 1:colcon.colcon_core.package_identification:_identify(src/doosan_robot2/dsr_example2/dsr_realtime_control) by extensions ['colcon_meta']
[0.173s] Level 1:colcon.colcon_core.package_identification:_identify(src/doosan_robot2/dsr_example2/dsr_realtime_control) by extension 'colcon_meta'
[0.173s] Level 1:colcon.colcon_core.package_identification:_identify(src/doosan_robot2/dsr_example2/dsr_realtime_control) by extensions ['ros']
[0.173s] Level 1:colcon.colcon_core.package_identification:_identify(src/doosan_robot2/dsr_example2/dsr_realtime_control) by extension 'ros'
[0.174s] DEBUG:colcon.colcon_core.package_identification:Package 'src/doosan_robot2/dsr_example2/dsr_realtime_control' with type 'ros.ament_cmake' and name 'dsr_realtime_control'
[0.174s] Level 1:colcon.colcon_core.package_identification:_identify(src/doosan_robot2/dsr_example2/dsr_visualservoing) by extensions ['ignore', 'ignore_ament_install']
[0.174s] Level 1:colcon.colcon_core.package_identification:_identify(src/doosan_robot2/dsr_example2/dsr_visualservoing) by extension 'ignore'
[0.174s] Level 1:colcon.colcon_core.package_identification:_identify(src/doosan_robot2/dsr_example2/dsr_visualservoing) by extension 'ignore_ament_install'
[0.174s] Level 1:colcon.colcon_core.package_identification:_identify(src/doosan_robot2/dsr_example2/dsr_visualservoing) by extensions ['colcon_pkg']
[0.174s] Level 1:colcon.colcon_core.package_identification:_identify(src/doosan_robot2/dsr_example2/dsr_visualservoing) by extension 'colcon_pkg'
[0.174s] Level 1:colcon.colcon_core.package_identification:_identify(src/doosan_robot2/dsr_example2/dsr_visualservoing) by extensions ['colcon_meta']
[0.174s] Level 1:colcon.colcon_core.package_identification:_identify(src/doosan_robot2/dsr_example2/dsr_visualservoing) by extension 'colcon_meta'
[0.174s] Level 1:colcon.colcon_core.package_identification:_identify(src/doosan_robot2/dsr_example2/dsr_visualservoing) by extensions ['ros']
[0.174s] Level 1:colcon.colcon_core.package_identification:_identify(src/doosan_robot2/dsr_example2/dsr_visualservoing) by extension 'ros'
[0.174s] DEBUG:colcon.colcon_core.package_identification:Package 'src/doosan_robot2/dsr_example2/dsr_visualservoing' with type 'ros.ament_python' and name 'dsr_visualservoing'
[0.174s] Level 1:colcon.colcon_core.package_identification:_identify(src/doosan_robot2/dsr_gazebo2) by extensions ['ignore', 'ignore_ament_install']
[0.174s] Level 1:colcon.colcon_core.package_identification:_identify(src/doosan_robot2/dsr_gazebo2) by extension 'ignore'
[0.174s] Level 1:colcon.colcon_core.package_identification:_identify(src/doosan_robot2/dsr_gazebo2) by extension 'ignore_ament_install'
[0.174s] Level 1:colcon.colcon_core.package_identification:_identify(src/doosan_robot2/dsr_gazebo2) by extensions ['colcon_pkg']
[0.174s] Level 1:colcon.colcon_core.package_identification:_identify(src/doosan_robot2/dsr_gazebo2) by extension 'colcon_pkg'
[0.174s] Level 1:colcon.colcon_core.package_identification:_identify(src/doosan_robot2/dsr_gazebo2) by extensions ['colcon_meta']
[0.174s] Level 1:colcon.colcon_core.package_identification:_identify(src/doosan_robot2/dsr_gazebo2) by extension 'colcon_meta'
[0.174s] Level 1:colcon.colcon_core.package_identification:_identify(src/doosan_robot2/dsr_gazebo2) by extensions ['ros']
[0.174s] Level 1:colcon.colcon_core.package_identification:_identify(src/doosan_robot2/dsr_gazebo2) by extension 'ros'
[0.175s] DEBUG:colcon.colcon_core.package_identification:Package 'src/doosan_robot2/dsr_gazebo2' with type 'ros.ament_cmake' and name 'dsr_gazebo2'
[0.175s] Level 1:colcon.colcon_core.package_identification:_identify(src/doosan_robot2/dsr_hardware2) by extensions ['ignore', 'ignore_ament_install']
[0.175s] Level 1:colcon.colcon_core.package_identification:_identify(src/doosan_robot2/dsr_hardware2) by extension 'ignore'
[0.175s] Level 1:colcon.colcon_core.package_identification:_identify(src/doosan_robot2/dsr_hardware2) by extension 'ignore_ament_install'
[0.175s] Level 1:colcon.colcon_core.package_identification:_identify(src/doosan_robot2/dsr_hardware2) by extensions ['colcon_pkg']
[0.175s] Level 1:colcon.colcon_core.package_identification:_identify(src/doosan_robot2/dsr_hardware2) by extension 'colcon_pkg'
[0.175s] Level 1:colcon.colcon_core.package_identification:_identify(src/doosan_robot2/dsr_hardware2) by extensions ['colcon_meta']
[0.175s] Level 1:colcon.colcon_core.package_identification:_identify(src/doosan_robot2/dsr_hardware2) by extension 'colcon_meta'
[0.175s] Level 1:colcon.colcon_core.package_identification:_identify(src/doosan_robot2/dsr_hardware2) by extensions ['ros']
[0.175s] Level 1:colcon.colcon_core.package_identification:_identify(src/doosan_robot2/dsr_hardware2) by extension 'ros'
[0.175s] DEBUG:colcon.colcon_core.package_identification:Package 'src/doosan_robot2/dsr_hardware2' with type 'ros.ament_cmake' and name 'dsr_hardware2'
[0.175s] Level 1:colcon.colcon_core.package_identification:_identify(src/doosan_robot2/dsr_moveit2) by extensions ['ignore', 'ignore_ament_install']
[0.175s] Level 1:colcon.colcon_core.package_identification:_identify(src/doosan_robot2/dsr_moveit2) by extension 'ignore'
[0.175s] Level 1:colcon.colcon_core.package_identification:_identify(src/doosan_robot2/dsr_moveit2) by extension 'ignore_ament_install'
[0.175s] Level 1:colcon.colcon_core.package_identification:_identify(src/doosan_robot2/dsr_moveit2) by extensions ['colcon_pkg']
[0.175s] Level 1:colcon.colcon_core.package_identification:_identify(src/doosan_robot2/dsr_moveit2) by extension 'colcon_pkg'
[0.175s] Level 1:colcon.colcon_core.package_identification:_identify(src/doosan_robot2/dsr_moveit2) by extensions ['colcon_meta']
[0.175s] Level 1:colcon.colcon_core.package_identification:_identify(src/doosan_robot2/dsr_moveit2) by extension 'colcon_meta'
[0.176s] Level 1:colcon.colcon_core.package_identification:_identify(src/doosan_robot2/dsr_moveit2) by extensions ['ros']
[0.176s] Level 1:colcon.colcon_core.package_identification:_identify(src/doosan_robot2/dsr_moveit2) by extension 'ros'
[0.176s] Level 1:colcon.colcon_core.package_identification:_identify(src/doosan_robot2/dsr_moveit2) by extensions ['cmake', 'python']
[0.176s] Level 1:colcon.colcon_core.package_identification:_identify(src/doosan_robot2/dsr_moveit2) by extension 'cmake'
[0.176s] Level 1:colcon.colcon_core.package_identification:_identify(src/doosan_robot2/dsr_moveit2) by extension 'python'
[0.176s] Level 1:colcon.colcon_core.package_identification:_identify(src/doosan_robot2/dsr_moveit2) by extensions ['python_setup_py']
[0.176s] Level 1:colcon.colcon_core.package_identification:_identify(src/doosan_robot2/dsr_moveit2) by extension 'python_setup_py'
[0.176s] Level 1:colcon.colcon_core.package_identification:_identify(src/doosan_robot2/dsr_moveit2/dsr_moveit_config_a0509) by extensions ['ignore', 'ignore_ament_install']
[0.176s] Level 1:colcon.colcon_core.package_identification:_identify(src/doosan_robot2/dsr_moveit2/dsr_moveit_config_a0509) by extension 'ignore'
[0.176s] Level 1:colcon.colcon_core.package_identification:_identify(src/doosan_robot2/dsr_moveit2/dsr_moveit_config_a0509) by extension 'ignore_ament_install'
[0.176s] Level 1:colcon.colcon_core.package_identification:_identify(src/doosan_robot2/dsr_moveit2/dsr_moveit_config_a0509) by extensions ['colcon_pkg']
[0.176s] Level 1:colcon.colcon_core.package_identification:_identify(src/doosan_robot2/dsr_moveit2/dsr_moveit_config_a0509) by extension 'colcon_pkg'
[0.176s] Level 1:colcon.colcon_core.package_identification:_identify(src/doosan_robot2/dsr_moveit2/dsr_moveit_config_a0509) by extensions ['colcon_meta']
[0.176s] Level 1:colcon.colcon_core.package_identification:_identify(src/doosan_robot2/dsr_moveit2/dsr_moveit_config_a0509) by extension 'colcon_meta'
[0.176s] Level 1:colcon.colcon_core.package_identification:_identify(src/doosan_robot2/dsr_moveit2/dsr_moveit_config_a0509) by extensions ['ros']
[0.176s] Level 1:colcon.colcon_core.package_identification:_identify(src/doosan_robot2/dsr_moveit2/dsr_moveit_config_a0509) by extension 'ros'
[0.176s] DEBUG:colcon.colcon_core.package_identification:Package 'src/doosan_robot2/dsr_moveit2/dsr_moveit_config_a0509' with type 'ros.ament_cmake' and name 'dsr_moveit_config_a0509'
[0.176s] Level 1:colcon.colcon_core.package_identification:_identify(src/doosan_robot2/dsr_moveit2/dsr_moveit_config_a0912) by extensions ['ignore', 'ignore_ament_install']
[0.176s] Level 1:colcon.colcon_core.package_identification:_identify(src/doosan_robot2/dsr_moveit2/dsr_moveit_config_a0912) by extension 'ignore'
[0.176s] Level 1:colcon.colcon_core.package_identification:_identify(src/doosan_robot2/dsr_moveit2/dsr_moveit_config_a0912) by extension 'ignore_ament_install'
[0.176s] Level 1:colcon.colcon_core.package_identification:_identify(src/doosan_robot2/dsr_moveit2/dsr_moveit_config_a0912) by extensions ['colcon_pkg']
[0.176s] Level 1:colcon.colcon_core.package_identification:_identify(src/doosan_robot2/dsr_moveit2/dsr_moveit_config_a0912) by extension 'colcon_pkg'
[0.176s] Level 1:colcon.colcon_core.package_identification:_identify(src/doosan_robot2/dsr_moveit2/dsr_moveit_config_a0912) by extensions ['colcon_meta']
[0.176s] Level 1:colcon.colcon_core.package_identification:_identify(src/doosan_robot2/dsr_moveit2/dsr_moveit_config_a0912) by extension 'colcon_meta'
[0.176s] Level 1:colcon.colcon_core.package_identification:_identify(src/doosan_robot2/dsr_moveit2/dsr_moveit_config_a0912) by extensions ['ros']
[0.176s] Level 1:colcon.colcon_core.package_identification:_identify(src/doosan_robot2/dsr_moveit2/dsr_moveit_config_a0912) by extension 'ros'
[0.176s] DEBUG:colcon.colcon_core.package_identification:Package 'src/doosan_robot2/dsr_moveit2/dsr_moveit_config_a0912' with type 'ros.ament_cmake' and name 'dsr_moveit_config_a0912'
[0.176s] Level 1:colcon.colcon_core.package_identification:_identify(src/doosan_robot2/dsr_moveit2/dsr_moveit_config_e0509) by extensions ['ignore', 'ignore_ament_install']
[0.176s] Level 1:colcon.colcon_core.package_identification:_identify(src/doosan_robot2/dsr_moveit2/dsr_moveit_config_e0509) by extension 'ignore'
[0.176s] Level 1:colcon.colcon_core.package_identification:_identify(src/doosan_robot2/dsr_moveit2/dsr_moveit_config_e0509) by extension 'ignore_ament_install'
[0.176s] Level 1:colcon.colcon_core.package_identification:_identify(src/doosan_robot2/dsr_moveit2/dsr_moveit_config_e0509) by extensions ['colcon_pkg']
[0.176s] Level 1:colcon.colcon_core.package_identification:_identify(src/doosan_robot2/dsr_moveit2/dsr_moveit_config_e0509) by extension 'colcon_pkg'
[0.176s] Level 1:colcon.colcon_core.package_identification:_identify(src/doosan_robot2/dsr_moveit2/dsr_moveit_config_e0509) by extensions ['colcon_meta']
[0.176s] Level 1:colcon.colcon_core.package_identification:_identify(src/doosan_robot2/dsr_moveit2/dsr_moveit_config_e0509) by extension 'colcon_meta'
[0.176s] Level 1:colcon.colcon_core.package_identification:_identify(src/doosan_robot2/dsr_moveit2/dsr_moveit_config_e0509) by extensions ['ros']
[0.177s] Level 1:colcon.colcon_core.package_identification:_identify(src/doosan_robot2/dsr_moveit2/dsr_moveit_config_e0509) by extension 'ros'
[0.177s] DEBUG:colcon.colcon_core.package_identification:Package 'src/doosan_robot2/dsr_moveit2/dsr_moveit_config_e0509' with type 'ros.ament_cmake' and name 'dsr_moveit_config_e0509'
[0.177s] Level 1:colcon.colcon_core.package_identification:_identify(src/doosan_robot2/dsr_moveit2/dsr_moveit_config_h2017) by extensions ['ignore', 'ignore_ament_install']
[0.177s] Level 1:colcon.colcon_core.package_identification:_identify(src/doosan_robot2/dsr_moveit2/dsr_moveit_config_h2017) by extension 'ignore'
[0.177s] Level 1:colcon.colcon_core.package_identification:_identify(src/doosan_robot2/dsr_moveit2/dsr_moveit_config_h2017) by extension 'ignore_ament_install'
[0.177s] Level 1:colcon.colcon_core.package_identification:_identify(src/doosan_robot2/dsr_moveit2/dsr_moveit_config_h2017) by extensions ['colcon_pkg']
[0.177s] Level 1:colcon.colcon_core.package_identification:_identify(src/doosan_robot2/dsr_moveit2/dsr_moveit_config_h2017) by extension 'colcon_pkg'
[0.177s] Level 1:colcon.colcon_core.package_identification:_identify(src/doosan_robot2/dsr_moveit2/dsr_moveit_config_h2017) by extensions ['colcon_meta']
[0.177s] Level 1:colcon.colcon_core.package_identification:_identify(src/doosan_robot2/dsr_moveit2/dsr_moveit_config_h2017) by extension 'colcon_meta'
[0.177s] Level 1:colcon.colcon_core.package_identification:_identify(src/doosan_robot2/dsr_moveit2/dsr_moveit_config_h2017) by extensions ['ros']
[0.177s] Level 1:colcon.colcon_core.package_identification:_identify(src/doosan_robot2/dsr_moveit2/dsr_moveit_config_h2017) by extension 'ros'
[0.177s] DEBUG:colcon.colcon_core.package_identification:Package 'src/doosan_robot2/dsr_moveit2/dsr_moveit_config_h2017' with type 'ros.ament_cmake' and name 'dsr_moveit_config_h2017'
[0.178s] Level 1:colcon.colcon_core.package_identification:_identify(src/doosan_robot2/dsr_moveit2/dsr_moveit_config_h2515) by extensions ['ignore', 'ignore_ament_install']
[0.178s] Level 1:colcon.colcon_core.package_identification:_identify(src/doosan_robot2/dsr_moveit2/dsr_moveit_config_h2515) by extension 'ignore'
[0.178s] Level 1:colcon.colcon_core.package_identification:_identify(src/doosan_robot2/dsr_moveit2/dsr_moveit_config_h2515) by extension 'ignore_ament_install'
[0.178s] Level 1:colcon.colcon_core.package_identification:_identify(src/doosan_robot2/dsr_moveit2/dsr_moveit_config_h2515) by extensions ['colcon_pkg']
[0.178s] Level 1:colcon.colcon_core.package_identification:_identify(src/doosan_robot2/dsr_moveit2/dsr_moveit_config_h2515) by extension 'colcon_pkg'
[0.178s] Level 1:colcon.colcon_core.package_identification:_identify(src/doosan_robot2/dsr_moveit2/dsr_moveit_config_h2515) by extensions ['colcon_meta']
[0.178s] Level 1:colcon.colcon_core.package_identification:_identify(src/doosan_robot2/dsr_moveit2/dsr_moveit_config_h2515) by extension 'colcon_meta'
[0.178s] Level 1:colcon.colcon_core.package_identification:_identify(src/doosan_robot2/dsr_moveit2/dsr_moveit_config_h2515) by extensions ['ros']
[0.178s] Level 1:colcon.colcon_core.package_identification:_identify(src/doosan_robot2/dsr_moveit2/dsr_moveit_config_h2515) by extension 'ros'
[0.178s] DEBUG:colcon.colcon_core.package_identification:Package 'src/doosan_robot2/dsr_moveit2/dsr_moveit_config_h2515' with type 'ros.ament_cmake' and name 'dsr_moveit_config_h2515'
[0.178s] Level 1:colcon.colcon_core.package_identification:_identify(src/doosan_robot2/dsr_moveit2/dsr_moveit_config_m0609) by extensions ['ignore', 'ignore_ament_install']
[0.178s] Level 1:colcon.colcon_core.package_identification:_identify(src/doosan_robot2/dsr_moveit2/dsr_moveit_config_m0609) by extension 'ignore'
[0.178s] Level 1:colcon.colcon_core.package_identification:_identify(src/doosan_robot2/dsr_moveit2/dsr_moveit_config_m0609) by extension 'ignore_ament_install'
[0.178s] Level 1:colcon.colcon_core.package_identification:_identify(src/doosan_robot2/dsr_moveit2/dsr_moveit_config_m0609) by extensions ['colcon_pkg']
[0.178s] Level 1:colcon.colcon_core.package_identification:_identify(src/doosan_robot2/dsr_moveit2/dsr_moveit_config_m0609) by extension 'colcon_pkg'
[0.178s] Level 1:colcon.colcon_core.package_identification:_identify(src/doosan_robot2/dsr_moveit2/dsr_moveit_config_m0609) by extensions ['colcon_meta']
[0.178s] Level 1:colcon.colcon_core.package_identification:_identify(src/doosan_robot2/dsr_moveit2/dsr_moveit_config_m0609) by extension 'colcon_meta'
[0.178s] Level 1:colcon.colcon_core.package_identification:_identify(src/doosan_robot2/dsr_moveit2/dsr_moveit_config_m0609) by extensions ['ros']
[0.178s] Level 1:colcon.colcon_core.package_identification:_identify(src/doosan_robot2/dsr_moveit2/dsr_moveit_config_m0609) by extension 'ros'
[0.178s] DEBUG:colcon.colcon_core.package_identification:Package 'src/doosan_robot2/dsr_moveit2/dsr_moveit_config_m0609' with type 'ros.ament_cmake' and name 'dsr_moveit_config_m0609'
[0.178s] Level 1:colcon.colcon_core.package_identification:_identify(src/doosan_robot2/dsr_moveit2/dsr_moveit_config_m0617) by extensions ['ignore', 'ignore_ament_install']
[0.178s] Level 1:colcon.colcon_core.package_identification:_identify(src/doosan_robot2/dsr_moveit2/dsr_moveit_config_m0617) by extension 'ignore'
[0.178s] Level 1:colcon.colcon_core.package_identification:_identify(src/doosan_robot2/dsr_moveit2/dsr_moveit_config_m0617) by extension 'ignore_ament_install'
[0.178s] Level 1:colcon.colcon_core.package_identification:_identify(src/doosan_robot2/dsr_moveit2/dsr_moveit_config_m0617) by extensions ['colcon_pkg']
[0.178s] Level 1:colcon.colcon_core.package_identification:_identify(src/doosan_robot2/dsr_moveit2/dsr_moveit_config_m0617) by extension 'colcon_pkg'
[0.178s] Level 1:colcon.colcon_core.package_identification:_identify(src/doosan_robot2/dsr_moveit2/dsr_moveit_config_m0617) by extensions ['colcon_meta']
[0.178s] Level 1:colcon.colcon_core.package_identification:_identify(src/doosan_robot2/dsr_moveit2/dsr_moveit_config_m0617) by extension 'colcon_meta'
[0.178s] Level 1:colcon.colcon_core.package_identification:_identify(src/doosan_robot2/dsr_moveit2/dsr_moveit_config_m0617) by extensions ['ros']
[0.178s] Level 1:colcon.colcon_core.package_identification:_identify(src/doosan_robot2/dsr_moveit2/dsr_moveit_config_m0617) by extension 'ros'
[0.179s] DEBUG:colcon.colcon_core.package_identification:Package 'src/doosan_robot2/dsr_moveit2/dsr_moveit_config_m0617' with type 'ros.ament_cmake' and name 'dsr_moveit_config_m0617'
[0.179s] Level 1:colcon.colcon_core.package_identification:_identify(src/doosan_robot2/dsr_moveit2/dsr_moveit_config_m1013) by extensions ['ignore', 'ignore_ament_install']
[0.179s] Level 1:colcon.colcon_core.package_identification:_identify(src/doosan_robot2/dsr_moveit2/dsr_moveit_config_m1013) by extension 'ignore'
[0.179s] Level 1:colcon.colcon_core.package_identification:_identify(src/doosan_robot2/dsr_moveit2/dsr_moveit_config_m1013) by extension 'ignore_ament_install'
[0.179s] Level 1:colcon.colcon_core.package_identification:_identify(src/doosan_robot2/dsr_moveit2/dsr_moveit_config_m1013) by extensions ['colcon_pkg']
[0.179s] Level 1:colcon.colcon_core.package_identification:_identify(src/doosan_robot2/dsr_moveit2/dsr_moveit_config_m1013) by extension 'colcon_pkg'
[0.179s] Level 1:colcon.colcon_core.package_identification:_identify(src/doosan_robot2/dsr_moveit2/dsr_moveit_config_m1013) by extensions ['colcon_meta']
[0.179s] Level 1:colcon.colcon_core.package_identification:_identify(src/doosan_robot2/dsr_moveit2/dsr_moveit_config_m1013) by extension 'colcon_meta'
[0.179s] Level 1:colcon.colcon_core.package_identification:_identify(src/doosan_robot2/dsr_moveit2/dsr_moveit_config_m1013) by extensions ['ros']
[0.179s] Level 1:colcon.colcon_core.package_identification:_identify(src/doosan_robot2/dsr_moveit2/dsr_moveit_config_m1013) by extension 'ros'
[0.179s] DEBUG:colcon.colcon_core.package_identification:Package 'src/doosan_robot2/dsr_moveit2/dsr_moveit_config_m1013' with type 'ros.ament_cmake' and name 'dsr_moveit_config_m1013'
[0.179s] Level 1:colcon.colcon_core.package_identification:_identify(src/doosan_robot2/dsr_moveit2/dsr_moveit_config_m1509) by extensions ['ignore', 'ignore_ament_install']
[0.179s] Level 1:colcon.colcon_core.package_identification:_identify(src/doosan_robot2/dsr_moveit2/dsr_moveit_config_m1509) by extension 'ignore'
[0.179s] Level 1:colcon.colcon_core.package_identification:_identify(src/doosan_robot2/dsr_moveit2/dsr_moveit_config_m1509) by extension 'ignore_ament_install'
[0.179s] Level 1:colcon.colcon_core.package_identification:_identify(src/doosan_robot2/dsr_moveit2/dsr_moveit_config_m1509) by extensions ['colcon_pkg']
[0.179s] Level 1:colcon.colcon_core.package_identification:_identify(src/doosan_robot2/dsr_moveit2/dsr_moveit_config_m1509) by extension 'colcon_pkg'
[0.179s] Level 1:colcon.colcon_core.package_identification:_identify(src/doosan_robot2/dsr_moveit2/dsr_moveit_config_m1509) by extensions ['colcon_meta']
[0.179s] Level 1:colcon.colcon_core.package_identification:_identify(src/doosan_robot2/dsr_moveit2/dsr_moveit_config_m1509) by extension 'colcon_meta'
[0.179s] Level 1:colcon.colcon_core.package_identification:_identify(src/doosan_robot2/dsr_moveit2/dsr_moveit_config_m1509) by extensions ['ros']
[0.179s] Level 1:colcon.colcon_core.package_identification:_identify(src/doosan_robot2/dsr_moveit2/dsr_moveit_config_m1509) by extension 'ros'
[0.184s] DEBUG:colcon.colcon_core.package_identification:Package 'src/doosan_robot2/dsr_moveit2/dsr_moveit_config_m1509' with type 'ros.ament_cmake' and name 'dsr_moveit_config_m1509'
[0.184s] Level 1:colcon.colcon_core.package_identification:_identify(src/doosan_robot2/dsr_moveit2/dsr_moveit_config_p3020) by extensions ['ignore', 'ignore_ament_install']
[0.184s] Level 1:colcon.colcon_core.package_identification:_identify(src/doosan_robot2/dsr_moveit2/dsr_moveit_config_p3020) by extension 'ignore'
[0.184s] Level 1:colcon.colcon_core.package_identification:_identify(src/doosan_robot2/dsr_moveit2/dsr_moveit_config_p3020) by extension 'ignore_ament_install'
[0.184s] Level 1:colcon.colcon_core.package_identification:_identify(src/doosan_robot2/dsr_moveit2/dsr_moveit_config_p3020) by extensions ['colcon_pkg']
[0.184s] Level 1:colcon.colcon_core.package_identification:_identify(src/doosan_robot2/dsr_moveit2/dsr_moveit_config_p3020) by extension 'colcon_pkg'
[0.184s] Level 1:colcon.colcon_core.package_identification:_identify(src/doosan_robot2/dsr_moveit2/dsr_moveit_config_p3020) by extensions ['colcon_meta']
[0.184s] Level 1:colcon.colcon_core.package_identification:_identify(src/doosan_robot2/dsr_moveit2/dsr_moveit_config_p3020) by extension 'colcon_meta'
[0.184s] Level 1:colcon.colcon_core.package_identification:_identify(src/doosan_robot2/dsr_moveit2/dsr_moveit_config_p3020) by extensions ['ros']
[0.184s] Level 1:colcon.colcon_core.package_identification:_identify(src/doosan_robot2/dsr_moveit2/dsr_moveit_config_p3020) by extension 'ros'
[0.184s] DEBUG:colcon.colcon_core.package_identification:Package 'src/doosan_robot2/dsr_moveit2/dsr_moveit_config_p3020' with type 'ros.ament_cmake' and name 'dsr_moveit_config_p3020'
[0.184s] Level 1:colcon.colcon_core.package_identification:_identify(src/doosan_robot2/dsr_msgs2) by extensions ['ignore', 'ignore_ament_install']
[0.184s] Level 1:colcon.colcon_core.package_identification:_identify(src/doosan_robot2/dsr_msgs2) by extension 'ignore'
[0.184s] Level 1:colcon.colcon_core.package_identification:_identify(src/doosan_robot2/dsr_msgs2) by extension 'ignore_ament_install'
[0.184s] Level 1:colcon.colcon_core.package_identification:_identify(src/doosan_robot2/dsr_msgs2) by extensions ['colcon_pkg']
[0.184s] Level 1:colcon.colcon_core.package_identification:_identify(src/doosan_robot2/dsr_msgs2) by extension 'colcon_pkg'
[0.184s] Level 1:colcon.colcon_core.package_identification:_identify(src/doosan_robot2/dsr_msgs2) by extensions ['colcon_meta']
[0.184s] Level 1:colcon.colcon_core.package_identification:_identify(src/doosan_robot2/dsr_msgs2) by extension 'colcon_meta'
[0.184s] Level 1:colcon.colcon_core.package_identification:_identify(src/doosan_robot2/dsr_msgs2) by extensions ['ros']
[0.184s] Level 1:colcon.colcon_core.package_identification:_identify(src/doosan_robot2/dsr_msgs2) by extension 'ros'
[0.185s] DEBUG:colcon.colcon_core.package_identification:Package 'src/doosan_robot2/dsr_msgs2' with type 'ros.ament_cmake' and name 'dsr_msgs2'
[0.185s] Level 1:colcon.colcon_core.package_identification:_identify(src/doosan_robot2/dsr_tests) by extensions ['ignore', 'ignore_ament_install']
[0.185s] Level 1:colcon.colcon_core.package_identification:_identify(src/doosan_robot2/dsr_tests) by extension 'ignore'
[0.185s] Level 1:colcon.colcon_core.package_identification:_identify(src/doosan_robot2/dsr_tests) by extension 'ignore_ament_install'
[0.185s] Level 1:colcon.colcon_core.package_identification:_identify(src/doosan_robot2/dsr_tests) by extensions ['colcon_pkg']
[0.185s] Level 1:colcon.colcon_core.package_identification:_identify(src/doosan_robot2/dsr_tests) by extension 'colcon_pkg'
[0.185s] Level 1:colcon.colcon_core.package_identification:_identify(src/doosan_robot2/dsr_tests) by extensions ['colcon_meta']
[0.185s] Level 1:colcon.colcon_core.package_identification:_identify(src/doosan_robot2/dsr_tests) by extension 'colcon_meta'
[0.185s] Level 1:colcon.colcon_core.package_identification:_identify(src/doosan_robot2/dsr_tests) by extensions ['ros']
[0.185s] Level 1:colcon.colcon_core.package_identification:_identify(src/doosan_robot2/dsr_tests) by extension 'ros'
[0.185s] DEBUG:colcon.colcon_core.package_identification:Package 'src/doosan_robot2/dsr_tests' with type 'ros.ament_python' and name 'dsr_tests'
[0.185s] Level 1:colcon.colcon_core.package_identification:_identify(src/strawberry_grasp_description) by extensions ['ignore', 'ignore_ament_install']
[0.185s] Level 1:colcon.colcon_core.package_identification:_identify(src/strawberry_grasp_description) by extension 'ignore'
[0.185s] Level 1:colcon.colcon_core.package_identification:_identify(src/strawberry_grasp_description) by extension 'ignore_ament_install'
[0.185s] Level 1:colcon.colcon_core.package_identification:_identify(src/strawberry_grasp_description) by extensions ['colcon_pkg']
[0.185s] Level 1:colcon.colcon_core.package_identification:_identify(src/strawberry_grasp_description) by extension 'colcon_pkg'
[0.185s] Level 1:colcon.colcon_core.package_identification:_identify(src/strawberry_grasp_description) by extensions ['colcon_meta']
[0.185s] Level 1:colcon.colcon_core.package_identification:_identify(src/strawberry_grasp_description) by extension 'colcon_meta'
[0.185s] Level 1:colcon.colcon_core.package_identification:_identify(src/strawberry_grasp_description) by extensions ['ros']
[0.185s] Level 1:colcon.colcon_core.package_identification:_identify(src/strawberry_grasp_description) by extension 'ros'
[0.185s] DEBUG:colcon.colcon_core.package_identification:Package 'src/strawberry_grasp_description' with type 'ros.ament_cmake' and name 'strawberry_grasp_description'
[0.185s] Level 1:colcon.colcon_core.package_discovery:discover_packages(recursive) using defaults
[0.185s] Level 1:colcon.colcon_core.package_discovery:discover_packages(ignore) discover
[0.185s] Level 1:colcon.colcon_core.package_discovery:discover_packages(ignore) using defaults
[0.185s] Level 1:colcon.colcon_core.package_discovery:discover_packages(path) discover
[0.185s] Level 1:colcon.colcon_core.package_discovery:discover_packages(path) using defaults
[0.200s] INFO:colcon.colcon_core.package_selection:Skipping not selected package 'dsr_common2' in 'src/doosan_robot2/dsr_common2'
[0.200s] INFO:colcon.colcon_core.package_selection:Skipping not selected package 'dsr_description2' in 'src/doosan_robot2/dsr_description2'
[0.200s] INFO:colcon.colcon_core.package_selection:Skipping not selected package 'dsr_moveit_config_a0509' in 'src/doosan_robot2/dsr_moveit2/dsr_moveit_config_a0509'
[0.200s] INFO:colcon.colcon_core.package_selection:Skipping not selected package 'dsr_moveit_config_a0912' in 'src/doosan_robot2/dsr_moveit2/dsr_moveit_config_a0912'
[0.200s] INFO:colcon.colcon_core.package_selection:Skipping not selected package 'dsr_moveit_config_e0509' in 'src/doosan_robot2/dsr_moveit2/dsr_moveit_config_e0509'
[0.200s] INFO:colcon.colcon_core.package_selection:Skipping not selected package 'dsr_moveit_config_h2017' in 'src/doosan_robot2/dsr_moveit2/dsr_moveit_config_h2017'
[0.200s] INFO:colcon.colcon_core.package_selection:Skipping not selected package 'dsr_moveit_config_h2515' in 'src/doosan_robot2/dsr_moveit2/dsr_moveit_config_h2515'
[0.200s] INFO:colcon.colcon_core.package_selection:Skipping not selected package 'dsr_moveit_config_m0609' in 'src/doosan_robot2/dsr_moveit2/dsr_moveit_config_m0609'
[0.200s] INFO:colcon.colcon_core.package_selection:Skipping not selected package 'dsr_moveit_config_m0617' in 'src/doosan_robot2/dsr_moveit2/dsr_moveit_config_m0617'
[0.200s] INFO:colcon.colcon_core.package_selection:Skipping not selected package 'dsr_moveit_config_m1013' in 'src/doosan_robot2/dsr_moveit2/dsr_moveit_config_m1013'
[0.200s] INFO:colcon.colcon_core.package_selection:Skipping not selected package 'dsr_moveit_config_m1509' in 'src/doosan_robot2/dsr_moveit2/dsr_moveit_config_m1509'
[0.200s] INFO:colcon.colcon_core.package_selection:Skipping not selected package 'dsr_moveit_config_p3020' in 'src/doosan_robot2/dsr_moveit2/dsr_moveit_config_p3020'
[0.200s] INFO:colcon.colcon_core.package_selection:Skipping not selected package 'dsr_msgs2' in 'src/doosan_robot2/dsr_msgs2'
[0.200s] INFO:colcon.colcon_core.package_selection:Skipping not selected package 'dsr_tests' in 'src/doosan_robot2/dsr_tests'
[0.200s] INFO:colcon.colcon_core.package_selection:Skipping not selected package 'dsr_visualservoing' in 'src/doosan_robot2/dsr_example2/dsr_visualservoing'
[0.200s] INFO:colcon.colcon_core.package_selection:Skipping not selected package 'rh_p12_rn_base_module_msgs' in 'src/RH-P12-RN/rh_p12_rn_base_module_msgs'
[0.200s] INFO:colcon.colcon_core.package_selection:Skipping not selected package 'rh_p12_rn_description' in 'src/RH-P12-RN/rh_p12_rn_description'
[0.200s] INFO:colcon.colcon_core.package_selection:Skipping not selected package 'rh_p12_rn_gazebo' in 'src/RH-P12-RN/rh_p12_rn_gazebo'
[0.200s] INFO:colcon.colcon_core.package_selection:Skipping not selected package 'dsr_bringup2' in 'src/doosan_robot2/dsr_bringup2'
[0.200s] INFO:colcon.colcon_core.package_selection:Skipping not selected package 'dsr_example' in 'src/doosan_robot2/dsr_example2/dsr_example'
[0.200s] INFO:colcon.colcon_core.package_selection:Skipping not selected package 'dsr_gazebo2' in 'src/doosan_robot2/dsr_gazebo2'
[0.200s] INFO:colcon.colcon_core.package_selection:Skipping not selected package 'dsr_hardware2' in 'src/doosan_robot2/dsr_hardware2'
[0.200s] INFO:colcon.colcon_core.package_selection:Skipping not selected package 'dsr_realtime_control' in 'src/doosan_robot2/dsr_example2/dsr_realtime_control'
[0.200s] INFO:colcon.colcon_core.package_selection:Skipping not selected package 'rh_p12_rn_base_module' in 'src/RH-P12-RN/rh_p12_rn_base_module'
[0.200s] INFO:colcon.colcon_core.package_selection:Skipping not selected package 'rh_p12_rn_gui' in 'src/RH-P12-RN/rh_p12_rn_gui'
[0.200s] INFO:colcon.colcon_core.package_selection:Skipping not selected package 'dsr_controller2' in 'src/doosan_robot2/dsr_controller2'
[0.200s] INFO:colcon.colcon_core.package_selection:Skipping not selected package 'rh_p12_rn_manager' in 'src/RH-P12-RN/rh_p12_rn_manager'
[0.200s] INFO:colcon.colcon_core.package_selection:Skipping not selected package 'rh_p12_rn' in 'src/RH-P12-RN/rh_p12_rn'
[0.200s] Level 1:colcon.colcon_core.package_discovery:discover_packages(prefix_path) check parameters
[0.200s] Level 1:colcon.colcon_core.package_discovery:discover_packages(prefix_path) discover
[0.202s] DEBUG:colcon.colcon_installed_package_information.package_discovery:Found 27 installed packages in /home/sun/doosan_ws/install
[0.202s] DEBUG:colcon.colcon_installed_package_information.package_discovery:Found 376 installed packages in /opt/ros/humble
[0.203s] Level 1:colcon.colcon_core.package_discovery:discover_packages(prefix_path) using defaults
[0.234s] Level 5:colcon.colcon_core.verb:set package 'strawberry_grasp_description' build argument 'cmake_args' from command line to 'None'
[0.234s] Level 5:colcon.colcon_core.verb:set package 'strawberry_grasp_description' build argument 'cmake_target' from command line to 'None'
[0.234s] Level 5:colcon.colcon_core.verb:set package 'strawberry_grasp_description' build argument 'cmake_target_skip_unavailable' from command line to 'False'
[0.234s] Level 5:colcon.colcon_core.verb:set package 'strawberry_grasp_description' build argument 'cmake_clean_cache' from command line to 'False'
[0.234s] Level 5:colcon.colcon_core.verb:set package 'strawberry_grasp_description' build argument 'cmake_clean_first' from command line to 'False'
[0.234s] Level 5:colcon.colcon_core.verb:set package 'strawberry_grasp_description' build argument 'cmake_force_configure' from command line to 'False'
[0.234s] Level 5:colcon.colcon_core.verb:set package 'strawberry_grasp_description' build argument 'ament_cmake_args' from command line to 'None'
[0.234s] Level 5:colcon.colcon_core.verb:set package 'strawberry_grasp_description' build argument 'catkin_cmake_args' from command line to 'None'
[0.234s] Level 5:colcon.colcon_core.verb:set package 'strawberry_grasp_description' build argument 'catkin_skip_building_tests' from command line to 'False'
[0.234s] DEBUG:colcon.colcon_core.verb:Building package 'strawberry_grasp_description' with the following arguments: {'ament_cmake_args': None, 'build_base': '/home/sun/strawberry_grasp_URDF/build/strawberry_grasp_description', 'catkin_cmake_args': None, 'catkin_skip_building_tests': False, 'cmake_args': None, 'cmake_clean_cache': False, 'cmake_clean_first': False, 'cmake_force_configure': False, 'cmake_target': None, 'cmake_target_skip_unavailable': False, 'install_base': '/home/sun/strawberry_grasp_URDF/install/strawberry_grasp_description', 'merge_install': False, 'path': '/home/sun/strawberry_grasp_URDF/src/strawberry_grasp_description', 'symlink_install': False, 'test_result_base': None}
[0.234s] INFO:colcon.colcon_core.executor:Executing jobs using 'parallel' executor
[0.235s] DEBUG:colcon.colcon_parallel_executor.executor.parallel:run_until_complete
[0.235s] INFO:colcon.colcon_ros.task.ament_cmake.build:Building ROS package in '/home/sun/strawberry_grasp_URDF/src/strawberry_grasp_description' with build type 'ament_cmake'
[0.235s] INFO:colcon.colcon_cmake.task.cmake.build:Building CMake package in '/home/sun/strawberry_grasp_URDF/src/strawberry_grasp_description'
[0.238s] INFO:colcon.colcon_core.plugin_system:Skipping extension 'colcon_core.shell.bat': Not used on non-Windows systems
[0.238s] INFO:colcon.colcon_core.shell:Skip shell extension 'powershell' for command environment: Not usable outside of PowerShell
[0.238s] DEBUG:colcon.colcon_core.shell:Skip shell extension 'dsv' for command environment
[0.239s] ERROR:colcon.colcon_cmake.task.cmake.build:Failed to find the following files:
- /home/sun/strawberry_grasp_URDF/install/rh_p12_rn_description/share/rh_p12_rn_description/package.sh
Check that the following packages have been built:
- rh_p12_rn_description
[0.239s] Level 1:colcon.colcon_core.environment:create_environment_scripts_only(strawberry_grasp_description)
[0.241s] Level 1:colcon.colcon_core.environment:checking '/home/sun/strawberry_grasp_URDF/install/strawberry_grasp_description' for CMake module files
[0.241s] Level 1:colcon.colcon_core.environment:checking '/home/sun/strawberry_grasp_URDF/install/strawberry_grasp_description' for CMake config files
[0.241s] Level 1:colcon.colcon_core.environment:checking '/home/sun/strawberry_grasp_URDF/install/strawberry_grasp_description/bin'
[0.241s] Level 1:colcon.colcon_core.environment:checking '/home/sun/strawberry_grasp_URDF/install/strawberry_grasp_description/lib/pkgconfig/strawberry_grasp_description.pc'
[0.242s] Level 1:colcon.colcon_core.environment:checking '/home/sun/strawberry_grasp_URDF/install/strawberry_grasp_description/lib/python3.10/site-packages'
[0.242s] Level 1:colcon.colcon_core.environment:checking '/home/sun/strawberry_grasp_URDF/install/strawberry_grasp_description/bin'
[0.242s] INFO:colcon.colcon_core.shell:Creating package script '/home/sun/strawberry_grasp_URDF/install/strawberry_grasp_description/share/strawberry_grasp_description/package.ps1'
[0.242s] INFO:colcon.colcon_core.shell:Creating package descriptor '/home/sun/strawberry_grasp_URDF/install/strawberry_grasp_description/share/strawberry_grasp_description/package.dsv'
[0.243s] INFO:colcon.colcon_core.shell:Creating package script '/home/sun/strawberry_grasp_URDF/install/strawberry_grasp_description/share/strawberry_grasp_description/package.sh'
[0.243s] INFO:colcon.colcon_core.shell:Creating package script '/home/sun/strawberry_grasp_URDF/install/strawberry_grasp_description/share/strawberry_grasp_description/package.bash'
[0.243s] INFO:colcon.colcon_core.shell:Creating package script '/home/sun/strawberry_grasp_URDF/install/strawberry_grasp_description/share/strawberry_grasp_description/package.zsh'
[0.244s] Level 1:colcon.colcon_core.environment:create_file_with_runtime_dependencies(/home/sun/strawberry_grasp_URDF/install/strawberry_grasp_description/share/colcon-core/packages/strawberry_grasp_description)
[0.254s] DEBUG:colcon.colcon_parallel_executor.executor.parallel:closing loop
[0.254s] DEBUG:colcon.colcon_parallel_executor.executor.parallel:loop closed
[0.254s] DEBUG:colcon.colcon_parallel_executor.executor.parallel:run_until_complete finished with '1'
[0.254s] DEBUG:colcon.colcon_core.event_reactor:joining thread
[0.258s] INFO:colcon.colcon_core.plugin_system:Skipping extension 'colcon_notification.desktop_notification.terminal_notifier': Not used on non-Darwin systems
[0.258s] INFO:colcon.colcon_core.plugin_system:Skipping extension 'colcon_notification.desktop_notification.win32': Not used on non-Windows systems
[0.258s] INFO:colcon.colcon_notification.desktop_notification:Sending desktop notification using 'notify2'
[0.264s] DEBUG:colcon.colcon_core.event_reactor:joined thread
[0.265s] INFO:colcon.colcon_core.shell:Creating prefix script '/home/sun/strawberry_grasp_URDF/install/local_setup.ps1'
[0.265s] INFO:colcon.colcon_core.shell:Creating prefix util module '/home/sun/strawberry_grasp_URDF/install/_local_setup_util_ps1.py'
[0.266s] INFO:colcon.colcon_core.shell:Creating prefix chain script '/home/sun/strawberry_grasp_URDF/install/setup.ps1'
[0.266s] INFO:colcon.colcon_core.shell:Creating prefix script '/home/sun/strawberry_grasp_URDF/install/local_setup.sh'
[0.267s] INFO:colcon.colcon_core.shell:Creating prefix util module '/home/sun/strawberry_grasp_URDF/install/_local_setup_util_sh.py'
[0.267s] INFO:colcon.colcon_core.shell:Creating prefix chain script '/home/sun/strawberry_grasp_URDF/install/setup.sh'
[0.268s] INFO:colcon.colcon_core.shell:Creating prefix script '/home/sun/strawberry_grasp_URDF/install/local_setup.bash'
[0.268s] INFO:colcon.colcon_core.shell:Creating prefix chain script '/home/sun/strawberry_grasp_URDF/install/setup.bash'
[0.268s] INFO:colcon.colcon_core.shell:Creating prefix script '/home/sun/strawberry_grasp_URDF/install/local_setup.zsh'
[0.269s] INFO:colcon.colcon_core.shell:Creating prefix chain script '/home/sun/strawberry_grasp_URDF/install/setup.zsh'
