[bridge] initialize failed (1 so far): AttributeError("'NoneType' object has no attribute 'create_articulation_view'")
[bridge] articulation (re)initialized
[bridge] DOF map: {'joint_1': 0, 'joint_2': 1, 'joint_3': 2, 'joint_4': 3, 'joint_5': 4, 'joint_6': 5, 'rh_l1': 6, 'rh_p12_rn': 7, 'rh_l2': 8, 'rh_r2': 9}
[bridge] apply_action recovered (after 1 failures)
[bridge] gripper pose source: SingleRigidPrim
[bridge] ATTACH strawberry_ripe_01  match 0.0 mm  offset from gripper base (30.6, -0.4, 256.2) mm
[bridge] tray box x[0.565, 0.841] y[-0.205, 0.207] z<=0.357 (from /World/egg_carton)
[bridge] RELEASE strawberry_ripe_01  DROPPED outside tray at (-109.2, 738.9, 650.0) mm -> falls  harvested=1 dropped=1
[bridge] DROP_REST strawberry_ripe_01  at (-90.7, 767.0, -731.5) mm after 3.0 s -> on floor
[bridge] ATTACH strawberry_ripe_08  match 0.0 mm  offset from gripper base (29.6, -0.1, 253.2) mm
[bridge] RELEASE strawberry_ripe_08  DROPPED outside tray at (19.7, 738.6, 721.2) mm -> falls  harvested=2 dropped=2
[bridge] DROP_REST strawberry_ripe_08  at (12.1, 758.2, -729.4) mm after 3.0 s -> on floor
[bridge] ATTACH strawberry_ripe_07  match 0.0 mm  offset from gripper base (29.6, 0.9, 252.5) mm
[bridge] RELEASE strawberry_ripe_07  PLACED in tray, frozen at (769.7, 138.0, 36.2) mm  harvested=3
[bridge] ATTACH strawberry_ripe_02  match 0.0 mm  offset from gripper base (30.2, 0.5, 258.0) mm
[bridge] RELEASE strawberry_ripe_02  DROPPED outside tray at (105.8, 738.7, 352.9) mm -> falls  harvested=4 dropped=3
[bridge] DROP_REST strawberry_ripe_02  at (87.5, 749.8, -731.5) mm after 3.0 s -> on floor
[bridge] ATTACH strawberry_ripe_06  match 0.0 mm  offset from gripper base (27.5, 1.4, 255.1) mm
[bridge] RELEASE strawberry_ripe_06  PLACED in tray, frozen at (704.4, 137.6, 37.2) mm  harvested=5
[bridge] ATTACH strawberry_ripe_05  match 0.0 mm  offset from gripper base (27.7, 1.7, 253.5) mm
[bridge] RELEASE strawberry_ripe_05  DROPPED outside tray at (417.4, 738.8, 569.7) mm -> falls  harvested=6 dropped=4
[bridge] DROP_REST strawberry_ripe_05  at (437.8, 772.3, -731.5) mm after 3.0 s -> on floor
[bridge] ATTACH strawberry_ripe_04  match 0.0 mm  offset from gripper base (33.7, -0.0, 252.2) mm
[bridge] RELEASE strawberry_ripe_04  PLACED in tray, frozen at (768.8, 69.6, 30.8) mm  harvested=7
