[WARN] [1789449182.476106052] [curobo_planner_node]: EE_TO_TCP_OFFSET_OVERRIDE: 160mm -> 236mm (profile=legacy_160mm)
[INFO] [1789449190.316064250] [curobo_planner_node]: cuRobo MotionGen warmed up!
[INFO] [1789449190.338240648] [curobo_planner_node]: cuRobo Planner Ready!
[INFO] [1789449190.338411573] [curobo_planner_node]: Runtime JSONL: /home/oceanshape/strawberry_grasp_environment/src/e0509_gripper_description/logs/runtime/2026-09-15/curobo_planner_node_20260915T141302-5c8c7687.jsonl
[INFO] [1789449190.338906941] [curobo_planner_node]:   ENV_CUBOIDS=1  SELF_COLLISION=False
[WARN] [1789449190.339105655] [curobo_planner_node]: Leaf/stem geometry is not in the cuRobo world; visually occluded targets require reobserve/skip instead of forced approach
[INFO] [1789449190.339337154] [curobo_planner_node]:   WALL_QUAT_WXYZ=[0.497, -0.497, 0.503, 0.503] approach_dir=[0.0, 1.0, -0.0] elevation=-0.0deg  variants=4
[INFO] [1789449190.339727357] [curobo_planner_node]:   LEFTMOST horizontal fallback x_corr=+5mm offsets_mm=[15, 20, 25] extra_request=0mm wall_margin=-30mm wall_override=False pre_approach=60mm
[WARN] [1789449190.339972813] [curobo_planner_node]:   TOOL_GEOMETRY_LEGACY: planner offset=160mm, measured grasp center=260mm (model shortfall=100mm).
[INFO] [1789449190.340124289] [curobo_planner_node]:   environment loaded: /home/oceanshape/strawberry_grasp_environment/src/e0509_gripper_description/config/environment.yaml
[INFO] [1789449190.340273104] [curobo_planner_node]:   marker place: enabled=True release=True taught_slot0_reference=True hold_after_slot0=False hold_on_failure=False open_stem_descent=True straight_reverse_retreat=True slot_sequence=[0, 1, 3, 4, 6, 7, 9, 10] slot_step=1 skip_row2=False orthogonalize_taught_grid=True taught_grid_shift_y_m=0.0452 taught_grid_pitch_override_m=0.0680 allow_generated_slot_release=True allow_unverified_grasp=False max_age=3600s
[INFO] [1789449190.340443704] [curobo_planner_node]:   SafeGrasp: enabled=False target=700 max_current=400 delta_threshold=40 timeout=5.0s contact_pos<=685 empty_pos>=695
[INFO] [1789449190.340627820] [curobo_planner_node]:   grasp verification: position-only (contact <= 685, empty >= 695; current is logged only)
[harvest_probe] 계측 부착: role=planner -> /tmp/harvest_hud_planner.json
[INFO] [1789449229.401297916] [curobo_planner_node]: Operation speed set to 100%
[INFO] [1789449229.403549672] [curobo_planner_node]: === PICK 딸기 raw=(-380,783,720)mm grasp=(-380,783,755)mm det_y=783mm x_bias=+0mm z_bias=+35mm ===
[INFO] [1789449229.404220548] [curobo_planner_node]: 1 open gripper for stem descent: set_position=600
[INFO] [1789449229.459964883] [curobo_planner_node]: World updated (neighbor obstacles registered): static=1 dynamic=0 neighbor_spheres=1
[INFO] [1789449229.460518363] [curobo_planner_node]: Registered 1 neighbor sphere obstacle(s); self-excluded 1 within 50mm of target
[INFO] [1789449229.463374266] [curobo_planner_node]: 2 grasp (CuRobo 2-step 6cm pre) — trying 3 offsets × 4 quats | target=(-375,783,755)mm | start_J1=144.6°
[ERROR] [1789449230.191958738] [curobo_planner_node]: Plan FAIL 728ms | status=MotionGenStatus.IK_FAIL | goal=['-375', '491', '836']mm | start_J=[144.6, 31.9, 10.9, 114.4, -65.7, 128.3]deg
[ERROR] [1789449230.375278286] [curobo_planner_node]: Plan FAIL 183ms | status=MotionGenStatus.IK_FAIL | goal=['-375', '488', '811']mm | start_J=[144.6, 31.9, 10.9, 114.4, -65.7, 128.3]deg
[ERROR] [1789449230.535046278] [curobo_planner_node]: Plan FAIL 159ms | status=MotionGenStatus.IK_FAIL | goal=['-375', '487', '785']mm | start_J=[144.6, 31.9, 10.9, 114.4, -65.7, 128.3]deg
[INFO] [1789449231.464442618] [curobo_planner_node]: Plan OK 928ms 31pts 0.56s | goal=['-375', '488', '759']mm | end_J=[139.9, 30.1, 24.3, 111.7, -55.0, 140.1]deg
[ERROR] [1789449231.914886924] [curobo_planner_node]: Plan FAIL 450ms | status=MotionGenStatus.IK_FAIL | goal=['-375', '533', '763']mm | start_J=[139.9, 30.1, 24.3, 111.7, -55.0, 140.1]deg
[INFO] [1789449232.865433058] [curobo_planner_node]: Plan OK 949ms 31pts 0.56s | goal=['-375', '528', '763']mm | end_J=[136.5, 43.6, -0.0, 121.2, -57.4, 127.0]deg
[INFO] [1789449232.866252921] [curobo_planner_node]: Spline 12pts plan=0.56s exec=0.58s -> end=['139.9', '30.1', '24.3', '111.7', '-55.0', '140.1']deg
[INFO] [1789449233.668349542] [curobo_planner_node]: PRE_APPROACH_REACHED — settling 0.3s before 40mm straight approach
[INFO] [1789449233.969048391] [curobo_planner_node]: FINAL_APPROACH_STRAIGHT TOOL +Z 40.0mm vel=60.0mm/s
[INFO] [1789449237.725286307] [curobo_planner_node]: GRASP_POSE_REACHED — offset=+0.020m pre=6cm+40mm+0mm variant=('base', [1, 0, 0], 5.0) elevation=+5.0deg (attempt 11/12)
[WARN] [1789449237.725953818] [curobo_planner_node]: OPEN_DESCENT_DYNAMIC: kp1_z=755mm reached_z=783mm overshoot=28mm extra_below_kp1=0mm -> descent=28mm
[INFO] [1789449237.726382292] [curobo_planner_node]: OPEN_STEM_DESCENT — gripper=600, BASE -Z 28mm to KP1
[INFO] [1789449237.726923687] [curobo_planner_node]: OPEN_STEM_DESCENT BASE REL xyz=[np.float64(0.0), np.float64(0.0), np.float64(-28.3)]mm dist=28.3mm vel=40.0mm/s
[INFO] [1789449240.331068961] [curobo_planner_node]: 3 close gripper + verify grasp
[INFO] [1789449240.732220194] [curobo_planner_node]: VERIFY_GRASP: GRASP_CONTACT_DETECTED present_pos=670 current_raw=200 — jaw stopped before calibrated contact threshold (pos=670 <= 685); position-based grasp detected
[INFO] [1789449240.732653488] [curobo_planner_node]: 4 detach pull — BASE -Z 40mm at 50mm/s
[INFO] [1789449244.340031475] [curobo_planner_node]: DETACH_PULL_DOWN: BASE -Z 40mm -> OK
[INFO] [1789449244.341016763] [curobo_planner_node]: RETREAT TOOL -Z 40.0mm vel=80.0mm/s
[WARN] [1789449247.647453747] [curobo_planner_node]: TAUGHT_TRAY_GRID_PLACE active: slot=0; fixed tray pose only; marker localization is bypassed
[INFO] [1789449247.648356192] [curobo_planner_node]: TAUGHT_TRAY_SLOT0_ABOVE generated from Slot0 FK + grid offset: clearance=120mm goal_mm=[519.9, 97.5, 185.6]
[INFO] [1789449247.699168286] [curobo_planner_node]: Operation speed set to 100%
[INFO] [1789449249.129211025] [curobo_planner_node]: Cartesian plan joint equivalent rewrite: J6 160.0~271.2 -> -133.7~222.9
[WARN] [1789449249.129627943] [curobo_planner_node]: Cartesian plan rejected: J6 spline jump 356.6deg > 270.0deg at waypoint 29 (limit boundary crossing - normalize discontinuity)
[ERROR] [1789449249.130167673] [curobo_planner_node]: TAUGHT_TRAY_SLOT0_PLACE_BLOCKED: above plan failed; holding fruit
[INFO] [1789449249.131470169] [curobo_planner_node]: World updated (neighbor obstacles cleared): static=1 dynamic=0 neighbor_spheres=0
[WARN] [1789449249.181983443] [curobo_planner_node]: PICK_SEQUENCE_CONTINUE place_status=failed: released fruit here and continuing to the next target (hold_on_place_failure=false)
[INFO] [1789449249.182663409] [curobo_planner_node]: 7 return to pick-start scan pose
[INFO] [1789449253.721413439] [curobo_planner_node]: pick-start scan pose after pick/place JS Plan OK 4538ms 33pts 0.59s | goal=['144.6', '31.9', '10.9', '114.4', '-65.7', '128.3']deg
[INFO] [1789449253.722143451] [curobo_planner_node]: Spline 12pts plan=0.59s exec=0.58s -> end=['144.6', '31.9', '10.9', '114.4', '-65.7', '128.3']deg
[INFO] [1789449254.724411344] [curobo_planner_node]: === PICK COMPLETE (DETACH_SUCCESS_UNVERIFIED) ===
[INFO] [1789449255.778563799] [curobo_planner_node]: Operation speed set to 100%
[INFO] [1789449255.779950887] [curobo_planner_node]: === PICK 딸기 raw=(-250,783,740)mm grasp=(-250,783,775)mm det_y=783mm x_bias=+0mm z_bias=+35mm ===
[INFO] [1789449255.780164208] [curobo_planner_node]: 1 open gripper for stem descent: set_position=600
[INFO] [1789449255.833323937] [curobo_planner_node]: World updated (neighbor obstacles registered): static=1 dynamic=0 neighbor_spheres=0
[INFO] [1789449255.833802148] [curobo_planner_node]: Registered 0 neighbor sphere obstacle(s); self-excluded 1 within 50mm of target
[INFO] [1789449255.834574778] [curobo_planner_node]: 2 grasp (CuRobo 2-step 6cm pre) — trying 3 offsets × 4 quats | target=(-250,783,775)mm | start_J1=144.6°
[ERROR] [1789449256.296681154] [curobo_planner_node]: Plan FAIL 461ms | status=MotionGenStatus.IK_FAIL | goal=['-250', '491', '856']mm | start_J=[144.6, 32.0, 10.9, 114.4, -65.7, 128.3]deg
[ERROR] [1789449256.430956841] [curobo_planner_node]: Plan FAIL 134ms | status=MotionGenStatus.IK_FAIL | goal=['-250', '488', '831']mm | start_J=[144.6, 32.0, 10.9, 114.4, -65.7, 128.3]deg
[INFO] [1789449257.350364464] [curobo_planner_node]: Plan OK 918ms 31pts 0.56s | goal=['-250', '487', '805']mm | end_J=[128.5, 19.3, 28.9, 130.0, -54.3, 125.6]deg
[INFO] [1789449258.573098217] [curobo_planner_node]: Plan OK 1221ms 31pts 0.56s | goal=['-250', '532', '805']mm | end_J=[124.8, 31.0, 10.1, 137.3, -57.3, 117.2]deg
[INFO] [1789449258.574395582] [curobo_planner_node]: Spline 12pts plan=0.56s exec=0.58s -> end=['128.5', '19.3', '28.9', '130.0', '-54.3', '125.6']deg
[INFO] [1789449259.426261914] [curobo_planner_node]: PRE_APPROACH_REACHED — settling 0.3s before 45mm straight approach
[INFO] [1789449259.727124031] [curobo_planner_node]: FINAL_APPROACH_STRAIGHT TOOL +Z 45.0mm vel=60.0mm/s
[INFO] [1789449263.583753393] [curobo_planner_node]: GRASP_POSE_REACHED — offset=+0.015m pre=6cm+45mm+0mm variant=('base', [1, 0, 0], 0.0) elevation=-0.0deg (attempt 7/12)
[WARN] [1789449263.584687505] [curobo_planner_node]: OPEN_DESCENT_DYNAMIC: kp1_z=775mm reached_z=805mm overshoot=30mm extra_below_kp1=0mm -> descent=30mm
[INFO] [1789449263.585106975] [curobo_planner_node]: OPEN_STEM_DESCENT — gripper=600, BASE -Z 30mm to KP1
[INFO] [1789449263.585653241] [curobo_planner_node]: OPEN_STEM_DESCENT BASE REL xyz=[np.float64(0.0), np.float64(0.0), np.float64(-30.0)]mm dist=30.0mm vel=40.0mm/s
[INFO] [1789449266.339964487] [curobo_planner_node]: 3 close gripper + verify grasp
[INFO] [1789449266.741083685] [curobo_planner_node]: VERIFY_GRASP: GRASP_CONTACT_DETECTED present_pos=670 current_raw=200 — jaw stopped before calibrated contact threshold (pos=670 <= 685); position-based grasp detected
[INFO] [1789449266.741731505] [curobo_planner_node]: 4 detach pull — BASE -Z 40mm at 50mm/s
[INFO] [1789449269.998209753] [curobo_planner_node]: DETACH_PULL_DOWN: BASE -Z 40mm -> OK
[INFO] [1789449269.998697977] [curobo_planner_node]: RETREAT TOOL -Z 45.0mm vel=80.0mm/s
[WARN] [1789449273.605749495] [curobo_planner_node]: TAUGHT_TRAY_GRID_PLACE active: slot=0; fixed tray pose only; marker localization is bypassed
[INFO] [1789449273.606616562] [curobo_planner_node]: TAUGHT_TRAY_SLOT0_ABOVE generated from Slot0 FK + grid offset: clearance=120mm goal_mm=[519.9, 97.5, 185.6]
[INFO] [1789449273.657038817] [curobo_planner_node]: Operation speed set to 100%
[INFO] [1789449274.907954122] [curobo_planner_node]: Plan OK 1249ms 55pts 0.99s | goal=['520', '98', '186']mm | end_J=[11.7, 31.5, 122.8, 183.6, 64.0, 91.2]deg
[INFO] [1789449274.908804929] [curobo_planner_node]: Spline 12pts plan=0.99s exec=0.86s -> end=['11.7', '31.5', '122.8', '183.6', '64.0', '91.2']deg
[INFO] [1789449276.312603555] [curobo_planner_node]: TAUGHT_SLOT0_RELEASE_DESCEND BASE -Z 120mm
[INFO] [1789449276.313193198] [curobo_planner_node]: TAUGHT_SLOT0_RELEASE_DESCEND BASE REL xyz=[np.float64(0.0), np.float64(0.0), np.float64(-120.0)]mm dist=120.0mm vel=40.0mm/s
[WARN] [1789449281.271624850] [curobo_planner_node]: TAUGHT_TRAY_SLOT0_PLACE_RELEASE: position_cmd=600
[INFO] [1789449281.322366814] [curobo_planner_node]: TAUGHT_SLOT0_RELEASE_ASCEND joint-space return to above pose (avoid raw BASE +Z branch/limit jump after release)
[INFO] [1789449282.455939330] [curobo_planner_node]: Plan OK 1132ms 31pts 0.56s | goal=['520', '98', '186']mm | end_J=[11.7, 31.5, 122.8, 183.6, 64.0, 91.2]deg
[INFO] [1789449282.456908906] [curobo_planner_node]: Spline 12pts plan=0.56s exec=0.58s -> end=['11.7', '31.5', '122.8', '183.6', '64.0', '91.2']deg
[WARN] [1789449283.359074830] [curobo_planner_node]: TAUGHT_TRAY_SLOT_SEQUENCE: slot 0 -> 1 (sequence=[0, 1, 3, 4, 6, 7, 9, 10])
[INFO] [1789449283.359310157] [curobo_planner_node]: 7 return to pick-start scan pose
[INFO] [1789449285.376906724] [curobo_planner_node]: pick-start scan pose after pick/place JS Plan OK 2017ms 80pts 1.44s | goal=['144.6', '32.0', '10.9', '114.4', '-65.7', '128.3']deg
[INFO] [1789449285.377746372] [curobo_planner_node]: Spline 12pts plan=1.44s exec=1.25s -> end=['144.6', '32.0', '10.9', '114.4', '-65.7', '128.3']deg
[INFO] [1789449287.281756434] [curobo_planner_node]: === PICK COMPLETE (DETACH_SUCCESS_UNVERIFIED) ===
[INFO] [1789449293.026777328] [curobo_planner_node]: Operation speed set to 100%
[INFO] [1789449293.027380740] [curobo_planner_node]: === PICK 딸기 raw=(-120,783,760)mm grasp=(-120,783,795)mm det_y=783mm x_bias=+0mm z_bias=+35mm ===
[INFO] [1789449293.027611406] [curobo_planner_node]: 1 open gripper for stem descent: set_position=600
[INFO] [1789449293.080185447] [curobo_planner_node]: World updated (neighbor obstacles registered): static=1 dynamic=0 neighbor_spheres=0
[INFO] [1789449293.080784248] [curobo_planner_node]: Registered 0 neighbor sphere obstacle(s); self-excluded 1 within 50mm of target
[INFO] [1789449293.083700230] [curobo_planner_node]: 2 grasp (CuRobo 2-step 6cm pre) — trying 3 offsets × 4 quats | target=(-120,783,795)mm | start_J1=109.8°
[ERROR] [1789449293.596442362] [curobo_planner_node]: Plan FAIL 512ms | status=MotionGenStatus.IK_FAIL | goal=['-120', '491', '876']mm | start_J=[109.8, 54.1, -57.9, 158.6, -90.9, 88.7]deg
[INFO] [1789449294.672301494] [curobo_planner_node]: Plan OK 1075ms 33pts 0.58s | goal=['-120', '488', '851']mm | end_J=[110.8, 32.4, -10.7, 158.5, -74.7, 98.5]deg
[ERROR] [1789449295.111695952] [curobo_planner_node]: Plan FAIL 439ms | status=MotionGenStatus.IK_FAIL | goal=['-120', '533', '847']mm | start_J=[110.8, 32.4, -10.7, 158.5, -74.7, 98.5]deg
[ERROR] [1789449295.280128794] [curobo_planner_node]: Plan FAIL 168ms | status=MotionGenStatus.IK_FAIL | goal=['-120', '528', '847']mm | start_J=[110.8, 32.4, -10.7, 158.5, -74.7, 98.5]deg
[ERROR] [1789449295.446943605] [curobo_planner_node]: Plan FAIL 166ms | status=MotionGenStatus.IK_FAIL | goal=['-120', '523', '848']mm | start_J=[110.8, 32.4, -10.7, 158.5, -74.7, 98.5]deg
[INFO] [1789449296.748784676] [curobo_planner_node]: Plan OK 1301ms 31pts 0.56s | goal=['-120', '487', '825']mm | end_J=[110.9, 47.4, -37.8, 158.8, -81.1, 94.1]deg
[INFO] [1789449298.089307435] [curobo_planner_node]: Plan OK 1340ms 31pts 0.56s | goal=['-120', '532', '825']mm | end_J=[108.5, 44.4, -25.9, 160.6, -72.5, 96.7]deg
[INFO] [1789449298.090159849] [curobo_planner_node]: Spline 12pts plan=0.56s exec=0.58s -> end=['110.9', '47.4', '-37.8', '158.8', '-81.1', '94.1']deg
[INFO] [1789449298.942721569] [curobo_planner_node]: PRE_APPROACH_REACHED — settling 0.3s before 45mm straight approach
[INFO] [1789449299.243798657] [curobo_planner_node]: FINAL_APPROACH_STRAIGHT TOOL +Z 45.0mm vel=60.0mm/s
[INFO] [1789449302.899689377] [curobo_planner_node]: GRASP_POSE_REACHED — offset=+0.015m pre=6cm+45mm+0mm variant=('base', [1, 0, 0], 0.0) elevation=-0.0deg (attempt 7/12)
[WARN] [1789449302.900411040] [curobo_planner_node]: OPEN_DESCENT_DYNAMIC: kp1_z=795mm reached_z=825mm overshoot=30mm extra_below_kp1=0mm -> descent=30mm
[INFO] [1789449302.900869296] [curobo_planner_node]: OPEN_STEM_DESCENT — gripper=600, BASE -Z 30mm to KP1
[INFO] [1789449302.901443506] [curobo_planner_node]: OPEN_STEM_DESCENT BASE REL xyz=[np.float64(0.0), np.float64(0.0), np.float64(-30.0)]mm dist=30.0mm vel=40.0mm/s
[INFO] [1789449305.857835887] [curobo_planner_node]: 3 close gripper + verify grasp
[INFO] [1789449306.258785648] [curobo_planner_node]: VERIFY_GRASP: GRASP_CONTACT_DETECTED present_pos=670 current_raw=200 — jaw stopped before calibrated contact threshold (pos=670 <= 685); position-based grasp detected
[INFO] [1789449306.259117187] [curobo_planner_node]: 4 detach pull — BASE -Z 40mm at 50mm/s
[INFO] [1789449309.614999625] [curobo_planner_node]: DETACH_PULL_DOWN: BASE -Z 40mm -> OK
[INFO] [1789449309.615936288] [curobo_planner_node]: RETREAT TOOL -Z 45.0mm vel=80.0mm/s
[WARN] [1789449313.322717808] [curobo_planner_node]: TAUGHT_TRAY_GRID_PLACE active: slot=1; fixed tray pose only; marker localization is bypassed
[INFO] [1789449313.325491886] [curobo_planner_node]: TAUGHT_TRAY_SLOT1_ABOVE generated from Slot0 FK + grid offset: clearance=120mm goal_mm=[451.9, 97.5, 185.6]
[INFO] [1789449313.375927413] [curobo_planner_node]: Operation speed set to 100%
[INFO] [1789449314.653574628] [curobo_planner_node]: Cartesian plan joint equivalent rewrite: J6 91.1~270.7 -> -131.9~224.1
[WARN] [1789449314.653918423] [curobo_planner_node]: Cartesian plan rejected: J6 spline jump 356.0deg > 270.0deg at waypoint 42 (limit boundary crossing - normalize discontinuity)
[ERROR] [1789449314.655505519] [curobo_planner_node]: TAUGHT_TRAY_SLOT1_PLACE_BLOCKED: above plan failed; holding fruit
[WARN] [1789449314.706167830] [curobo_planner_node]: PICK_SEQUENCE_CONTINUE place_status=failed: released fruit here and continuing to the next target (hold_on_place_failure=false)
[INFO] [1789449314.707473499] [curobo_planner_node]: 7 return to pick-start scan pose
[INFO] [1789449316.429038410] [curobo_planner_node]: pick-start scan pose after pick/place JS Plan OK 1721ms 31pts 0.56s | goal=['109.8', '54.1', '-57.9', '158.6', '-90.9', '88.7']deg
[INFO] [1789449316.429719253] [curobo_planner_node]: Spline 12pts plan=0.56s exec=0.58s -> end=['109.8', '54.1', '-57.9', '158.6', '-90.9', '88.7']deg
[INFO] [1789449317.232156424] [curobo_planner_node]: === PICK COMPLETE (DETACH_SUCCESS_UNVERIFIED) ===
[INFO] [1789449327.812062473] [curobo_planner_node]: Operation speed set to 100%
[INFO] [1789449327.812664335] [curobo_planner_node]: === PICK 딸기 raw=(280,783,700)mm grasp=(280,783,735)mm det_y=783mm x_bias=+0mm z_bias=+35mm ===
[INFO] [1789449327.812886981] [curobo_planner_node]: 1 open gripper for stem descent: set_position=600
[INFO] [1789449327.864540690] [curobo_planner_node]: World updated (neighbor obstacles registered): static=1 dynamic=0 neighbor_spheres=1
[INFO] [1789449327.864867191] [curobo_planner_node]: Registered 1 neighbor sphere obstacle(s); self-excluded 1 within 50mm of target
[INFO] [1789449327.865297770] [curobo_planner_node]: 2 grasp (CuRobo 2-step 6cm pre) — trying 5 offsets × 4 quats | target=(280,783,735)mm | start_J1=18.9°
[ERROR] [1789449328.326010376] [curobo_planner_node]: Plan FAIL 460ms | status=MotionGenStatus.IK_FAIL | goal=['280', '491', '816']mm | start_J=[18.9, 26.0, 1.0, 74.6, 78.2, 244.4]deg
[INFO] [1789449329.299717229] [curobo_planner_node]: Cartesian plan joint equivalent rewrite: J6 238.7~244.4 -> -121.3~-115.6
[INFO] [1789449329.300246568] [curobo_planner_node]: Plan OK 972ms 31pts 0.56s | goal=['280', '488', '791']mm | end_J=[48.5, 25.1, 19.9, 48.3, 62.2, -121.3]deg
[ERROR] [1789449329.735645389] [curobo_planner_node]: Plan FAIL 435ms | status=MotionGenStatus.IK_FAIL | goal=['280', '578', '783']mm | start_J=[48.5, 25.1, 19.9, 48.3, 62.2, -121.3]deg
[ERROR] [1789449329.880387546] [curobo_planner_node]: Plan FAIL 144ms | status=MotionGenStatus.IK_FAIL | goal=['280', '548', '786']mm | start_J=[48.5, 25.1, 19.9, 48.3, 62.2, -121.3]deg
[INFO] [1789449330.897733747] [curobo_planner_node]: Plan OK 1016ms 31pts 0.56s | goal=['280', '533', '787']mm | end_J=[52.2, 37.0, 0.9, 42.1, 65.1, -113.7]deg
[INFO] [1789449330.899724239] [curobo_planner_node]: Spline 12pts plan=0.56s exec=0.58s -> end=['48.5', '25.1', '19.9', '48.3', '62.2', '-121.3']deg
[INFO] [1789449334.605536250] [curobo_planner_node]: PRE_APPROACH_REACHED — settling 0.3s before 45mm straight approach
[INFO] [1789449334.906074376] [curobo_planner_node]: FINAL_APPROACH_STRAIGHT TOOL +Z 45.0mm vel=60.0mm/s
[INFO] [1789449338.563888920] [curobo_planner_node]: GRASP_POSE_REACHED — offset=+0.015m pre=6cm+45mm+0mm variant=('base', [1, 0, 0], -5.0) elevation=-5.0deg (attempt 8/20)
[WARN] [1789449338.564683826] [curobo_planner_node]: OPEN_DESCENT_DYNAMIC: kp1_z=735mm reached_z=766mm overshoot=31mm extra_below_kp1=0mm -> descent=31mm
[INFO] [1789449338.565118898] [curobo_planner_node]: OPEN_STEM_DESCENT — gripper=600, BASE -Z 31mm to KP1
[INFO] [1789449338.565690016] [curobo_planner_node]: OPEN_STEM_DESCENT BASE REL xyz=[np.float64(0.0), np.float64(0.0), np.float64(-31.3)]mm dist=31.3mm vel=40.0mm/s
[INFO] [1789449341.420118580] [curobo_planner_node]: 3 close gripper + verify grasp
[INFO] [1789449341.821022194] [curobo_planner_node]: VERIFY_GRASP: GRASP_CONTACT_DETECTED present_pos=670 current_raw=200 — jaw stopped before calibrated contact threshold (pos=670 <= 685); position-based grasp detected
[INFO] [1789449341.821337981] [curobo_planner_node]: 4 detach pull — BASE -Z 40mm at 50mm/s
[INFO] [1789449345.427110587] [curobo_planner_node]: DETACH_PULL_DOWN: BASE -Z 40mm -> OK
[INFO] [1789449345.427559320] [curobo_planner_node]: RETREAT TOOL -Z 45.0mm vel=80.0mm/s
[WARN] [1789449349.234100358] [curobo_planner_node]: TAUGHT_TRAY_GRID_PLACE active: slot=1; fixed tray pose only; marker localization is bypassed
[INFO] [1789449349.237892435] [curobo_planner_node]: TAUGHT_TRAY_SLOT1_ABOVE generated from Slot0 FK + grid offset: clearance=120mm goal_mm=[451.9, 97.5, 185.6]
[INFO] [1789449349.288347029] [curobo_planner_node]: Operation speed set to 100%
[INFO] [1789449350.506739968] [curobo_planner_node]: Plan OK 1218ms 58pts 1.05s | goal=['452', '98', '186']mm | end_J=[14.4, 26.5, 134.1, 6.4, -70.3, -89.3]deg
[INFO] [1789449350.507469170] [curobo_planner_node]: Spline 12pts plan=1.05s exec=0.91s -> end=['14.4', '26.5', '134.1', '6.4', '-70.3', '-89.3']deg
[INFO] [1789449351.960905503] [curobo_planner_node]: TAUGHT_SLOT0_RELEASE_DESCEND BASE -Z 120mm
[INFO] [1789449351.961486121] [curobo_planner_node]: TAUGHT_SLOT0_RELEASE_DESCEND BASE REL xyz=[np.float64(0.0), np.float64(0.0), np.float64(-120.0)]mm dist=120.0mm vel=40.0mm/s
[WARN] [1789449357.020940169] [curobo_planner_node]: TAUGHT_TRAY_SLOT1_PLACE_RELEASE: position_cmd=600
[INFO] [1789449357.071467997] [curobo_planner_node]: TAUGHT_SLOT0_RELEASE_ASCEND joint-space return to above pose (avoid raw BASE +Z branch/limit jump after release)
[INFO] [1789449358.174015328] [curobo_planner_node]: Plan OK 1102ms 45pts 0.81s | goal=['452', '98', '186']mm | end_J=[14.4, 26.5, 134.1, 6.3, -70.3, -89.3]deg
[INFO] [1789449358.174777610] [curobo_planner_node]: Spline 12pts plan=0.81s exec=0.70s -> end=['14.4', '26.5', '134.1', '6.3', '-70.3', '-89.3']deg
[WARN] [1789449359.177276926] [curobo_planner_node]: TAUGHT_TRAY_SLOT_SEQUENCE: slot 1 -> 3 (sequence=[0, 1, 3, 4, 6, 7, 9, 10])
[INFO] [1789449359.177538517] [curobo_planner_node]: 7 return to pick-start scan pose
[INFO] [1789449360.776681333] [curobo_planner_node]: pick-start scan pose after pick/place JS Plan OK 1598ms 67pts 1.21s | goal=['18.9', '26.0', '1.0', '74.6', '78.2', '-115.6']deg
[INFO] [1789449360.777964923] [curobo_planner_node]: Spline 12pts plan=1.21s exec=1.05s -> end=['18.9', '26.0', '1.0', '74.6', '78.2', '-115.6']deg
[INFO] [1789449362.432701882] [curobo_planner_node]: World updated (neighbor obstacles cleared): static=1 dynamic=0 neighbor_spheres=0
[INFO] [1789449362.483829796] [curobo_planner_node]: === PICK COMPLETE (DETACH_SUCCESS_UNVERIFIED) ===
[INFO] [1789449363.537776825] [curobo_planner_node]: Operation speed set to 100%
[INFO] [1789449363.538381482] [curobo_planner_node]: === PICK 딸기 raw=(200,783,740)mm grasp=(200,783,775)mm det_y=783mm x_bias=+0mm z_bias=+35mm ===
[INFO] [1789449363.538613199] [curobo_planner_node]: 1 open gripper for stem descent: set_position=600
[INFO] [1789449363.593894863] [curobo_planner_node]: World updated (neighbor obstacles registered): static=1 dynamic=0 neighbor_spheres=0
[INFO] [1789449363.594223040] [curobo_planner_node]: Registered 0 neighbor sphere obstacle(s); self-excluded 1 within 50mm of target
[INFO] [1789449363.595038515] [curobo_planner_node]: 2 grasp (CuRobo 2-step 6cm pre) — trying 3 offsets × 4 quats | target=(200,783,775)mm | start_J1=18.9°
[ERROR] [1789449364.120567164] [curobo_planner_node]: Plan FAIL 525ms | status=MotionGenStatus.IK_FAIL | goal=['200', '491', '856']mm | start_J=[18.9, 26.1, 1.0, 74.6, 78.2, -115.6]deg
[INFO] [1789449365.075933660] [curobo_planner_node]: Plan OK 954ms 32pts 0.56s | goal=['200', '488', '831']mm | end_J=[57.7, 24.7, 11.2, 36.0, 65.0, -109.5]deg
[ERROR] [1789449365.499274789] [curobo_planner_node]: Plan FAIL 423ms | status=MotionGenStatus.IK_FAIL | goal=['200', '533', '827']mm | start_J=[57.7, 24.7, 11.2, 36.0, 65.0, -109.5]deg
[ERROR] [1789449365.652511731] [curobo_planner_node]: Plan FAIL 153ms | status=MotionGenStatus.IK_FAIL | goal=['200', '528', '827']mm | start_J=[57.7, 24.7, 11.2, 36.0, 65.0, -109.5]deg
[ERROR] [1789449365.800345072] [curobo_planner_node]: Plan FAIL 147ms | status=MotionGenStatus.IK_FAIL | goal=['200', '523', '828']mm | start_J=[57.7, 24.7, 11.2, 36.0, 65.0, -109.5]deg
[INFO] [1789449367.124221042] [curobo_planner_node]: Plan OK 1322ms 32pts 0.56s | goal=['200', '487', '805']mm | end_J=[57.5, 13.1, 37.4, 45.0, 49.4, -122.4]deg
[INFO] [1789449368.339098555] [curobo_planner_node]: Plan OK 1214ms 31pts 0.56s | goal=['200', '532', '805']mm | end_J=[60.9, 21.7, 25.4, 39.3, 50.2, -116.9]deg
[INFO] [1789449368.339854480] [curobo_planner_node]: Spline 12pts plan=0.56s exec=0.58s -> end=['57.5', '13.1', '37.4', '45.0', '49.4', '-122.4']deg
[INFO] [1789449369.291918545] [curobo_planner_node]: PRE_APPROACH_REACHED — settling 0.3s before 45mm straight approach
[INFO] [1789449369.592954396] [curobo_planner_node]: FINAL_APPROACH_STRAIGHT TOOL +Z 45.0mm vel=60.0mm/s
[INFO] [1789449373.100163711] [curobo_planner_node]: GRASP_POSE_REACHED — offset=+0.015m pre=6cm+45mm+0mm variant=('base', [1, 0, 0], 0.0) elevation=-0.0deg (attempt 7/12)
[WARN] [1789449373.100521798] [curobo_planner_node]: OPEN_DESCENT_DYNAMIC: kp1_z=775mm reached_z=805mm overshoot=30mm extra_below_kp1=0mm -> descent=30mm
[INFO] [1789449373.100735020] [curobo_planner_node]: OPEN_STEM_DESCENT — gripper=600, BASE -Z 30mm to KP1
[INFO] [1789449373.101020363] [curobo_planner_node]: OPEN_STEM_DESCENT BASE REL xyz=[np.float64(0.0), np.float64(0.0), np.float64(-30.0)]mm dist=30.0mm vel=40.0mm/s
[INFO] [1789449375.906656165] [curobo_planner_node]: 3 close gripper + verify grasp
[INFO] [1789449376.308043772] [curobo_planner_node]: VERIFY_GRASP: GRASP_CONTACT_DETECTED present_pos=670 current_raw=200 — jaw stopped before calibrated contact threshold (pos=670 <= 685); position-based grasp detected
[INFO] [1789449376.308466472] [curobo_planner_node]: 4 detach pull — BASE -Z 40mm at 50mm/s
[INFO] [1789449379.665477802] [curobo_planner_node]: DETACH_PULL_DOWN: BASE -Z 40mm -> OK
[INFO] [1789449379.666164821] [curobo_planner_node]: RETREAT TOOL -Z 45.0mm vel=80.0mm/s
[WARN] [1789449383.422093863] [curobo_planner_node]: TAUGHT_TRAY_GRID_PLACE active: slot=3; fixed tray pose only; marker localization is bypassed
[INFO] [1789449383.423003207] [curobo_planner_node]: TAUGHT_TRAY_SLOT3_ABOVE generated from Slot0 FK + grid offset: clearance=120mm goal_mm=[519.9, 29.5, 185.6]
[INFO] [1789449383.473426608] [curobo_planner_node]: Operation speed set to 100%
[INFO] [1789449384.728268414] [curobo_planner_node]: Plan OK 1254ms 48pts 0.87s | goal=['520', '30', '186']mm | end_J=[0.7, 30.9, 124.1, -8.5, -64.9, -83.6]deg
[INFO] [1789449384.729019665] [curobo_planner_node]: Spline 12pts plan=0.87s exec=0.75s -> end=['0.7', '30.9', '124.1', '-8.5', '-64.9', '-83.6']deg
[INFO] [1789449386.031424041] [curobo_planner_node]: TAUGHT_SLOT0_RELEASE_DESCEND BASE -Z 120mm
[INFO] [1789449386.031793239] [curobo_planner_node]: TAUGHT_SLOT0_RELEASE_DESCEND BASE REL xyz=[np.float64(0.0), np.float64(0.0), np.float64(-120.0)]mm dist=120.0mm vel=40.0mm/s
[WARN] [1789449391.242217811] [curobo_planner_node]: TAUGHT_TRAY_SLOT3_PLACE_RELEASE: position_cmd=600
[INFO] [1789449391.292805793] [curobo_planner_node]: TAUGHT_SLOT0_RELEASE_ASCEND joint-space return to above pose (avoid raw BASE +Z branch/limit jump after release)
[INFO] [1789449392.343543669] [curobo_planner_node]: Plan OK 1049ms 31pts 0.56s | goal=['520', '30', '186']mm | end_J=[0.7, 30.9, 124.1, -8.5, -64.9, -83.6]deg
[INFO] [1789449392.344397551] [curobo_planner_node]: Spline 12pts plan=0.56s exec=0.58s -> end=['0.7', '30.9', '124.1', '-8.5', '-64.9', '-83.6']deg
[WARN] [1789449393.196531861] [curobo_planner_node]: TAUGHT_TRAY_SLOT_SEQUENCE: slot 3 -> 4 (sequence=[0, 1, 3, 4, 6, 7, 9, 10])
[INFO] [1789449393.196976419] [curobo_planner_node]: 7 return to pick-start scan pose
[INFO] [1789449394.716031236] [curobo_planner_node]: pick-start scan pose after pick/place JS Plan OK 1517ms 63pts 1.13s | goal=['18.9', '26.1', '1.0', '74.6', '78.2', '-115.6']deg
[INFO] [1789449394.716822734] [curobo_planner_node]: Spline 12pts plan=1.13s exec=0.99s -> end=['18.9', '26.1', '1.0', '74.6', '78.2', '-115.6']deg
[INFO] [1789449396.370522841] [curobo_planner_node]: === PICK COMPLETE (DETACH_SUCCESS_UNVERIFIED) ===
[INFO] [1789449411.706640889] [curobo_planner_node]: Operation speed set to 100%
[INFO] [1789449411.707205617] [curobo_planner_node]: === PICK 딸기 raw=(-100,783,440)mm grasp=(-100,783,475)mm det_y=783mm x_bias=+0mm z_bias=+35mm ===
[INFO] [1789449411.707423170] [curobo_planner_node]: 1 open gripper for stem descent: set_position=600
[INFO] [1789449411.762171478] [curobo_planner_node]: World updated (neighbor obstacles registered): static=1 dynamic=0 neighbor_spheres=0
[INFO] [1789449411.762509742] [curobo_planner_node]: Registered 0 neighbor sphere obstacle(s); self-excluded 1 within 50mm of target
[INFO] [1789449411.763039830] [curobo_planner_node]: 2 grasp (CuRobo 2-step 6cm pre) — trying 3 offsets × 4 quats | target=(-100,783,475)mm | start_J1=114.4°
[INFO] [1789449413.016455628] [curobo_planner_node]: Cartesian plan joint equivalent rewrite: J6 -311.7~-212.4 -> 48.3~147.6
[INFO] [1789449413.017227547] [curobo_planner_node]: Plan OK 1252ms 49pts 0.88s | goal=['-100', '491', '556']mm | end_J=[107.3, -5.6, 93.9, 124.4, -20.8, 147.6]deg
[INFO] [1789449414.246505567] [curobo_planner_node]: Plan OK 1228ms 31pts 0.56s | goal=['-100', '536', '549']mm | end_J=[105.3, 0.9, 88.9, 124.2, -18.3, 147.8]deg
[INFO] [1789449414.247343552] [curobo_planner_node]: Spline 12pts plan=0.88s exec=0.77s -> end=['107.3', '-5.6', '93.9', '124.4', '-20.8', '147.6']deg
[INFO] [1789449418.603838641] [curobo_planner_node]: PRE_APPROACH_REACHED — settling 0.3s before 45mm straight approach
[INFO] [1789449418.904609883] [curobo_planner_node]: FINAL_APPROACH_STRAIGHT TOOL +Z 45.0mm vel=60.0mm/s
[INFO] [1789449422.360567924] [curobo_planner_node]: GRASP_POSE_REACHED — offset=+0.015m pre=6cm+45mm+0mm variant=('base', [1, 0, 0], -10.0) elevation=-10.0deg (attempt 1/12)
[WARN] [1789449422.361027222] [curobo_planner_node]: OPEN_DESCENT_DYNAMIC: kp1_z=475mm reached_z=508mm overshoot=33mm extra_below_kp1=0mm -> descent=33mm
[INFO] [1789449422.361261582] [curobo_planner_node]: OPEN_STEM_DESCENT — gripper=600, BASE -Z 33mm to KP1
[INFO] [1789449422.361543180] [curobo_planner_node]: OPEN_STEM_DESCENT BASE REL xyz=[np.float64(0.0), np.float64(0.0), np.float64(-32.6)]mm dist=32.6mm vel=40.0mm/s
[INFO] [1789449425.366942461] [curobo_planner_node]: 3 close gripper + verify grasp
[INFO] [1789449425.768305979] [curobo_planner_node]: VERIFY_GRASP: GRASP_CONTACT_DETECTED present_pos=670 current_raw=200 — jaw stopped before calibrated contact threshold (pos=670 <= 685); position-based grasp detected
[INFO] [1789449425.768858673] [curobo_planner_node]: 4 detach pull — BASE -Z 40mm at 50mm/s
[INFO] [1789449429.325145532] [curobo_planner_node]: DETACH_PULL_DOWN: BASE -Z 40mm -> OK
[INFO] [1789449429.325933309] [curobo_planner_node]: RETREAT TOOL -Z 45.0mm vel=80.0mm/s
[WARN] [1789449433.082409112] [curobo_planner_node]: TAUGHT_TRAY_GRID_PLACE active: slot=4; fixed tray pose only; marker localization is bypassed
[INFO] [1789449433.087853210] [curobo_planner_node]: TAUGHT_TRAY_SLOT4_ABOVE generated from Slot0 FK + grid offset: clearance=120mm goal_mm=[451.9, 29.5, 185.6]
[INFO] [1789449433.138497372] [curobo_planner_node]: Operation speed set to 100%
[INFO] [1789449434.449286864] [curobo_planner_node]: Cartesian plan joint equivalent rewrite: J6 180.5~275.4 -> -134.0~223.3
[WARN] [1789449434.449694083] [curobo_planner_node]: Cartesian plan rejected: J6 spline jump 357.2deg > 270.0deg at waypoint 25 (limit boundary crossing - normalize discontinuity)
[ERROR] [1789449434.450160093] [curobo_planner_node]: TAUGHT_TRAY_SLOT4_PLACE_BLOCKED: above plan failed; holding fruit
[WARN] [1789449434.500821836] [curobo_planner_node]: PICK_SEQUENCE_CONTINUE place_status=failed: released fruit here and continuing to the next target (hold_on_place_failure=false)
[INFO] [1789449434.501181207] [curobo_planner_node]: 7 return to pick-start scan pose
[INFO] [1789449436.149356133] [curobo_planner_node]: pick-start scan pose after pick/place JS Plan OK 1647ms 61pts 1.10s | goal=['114.4', '-8.5', '122.1', '227.1', '37.7', '48.3']deg
[INFO] [1789449436.150170173] [curobo_planner_node]: Spline 12pts plan=1.10s exec=0.95s -> end=['114.4', '-8.5', '122.1', '227.1', '37.7', '48.3']deg
[INFO] [1789449437.753981229] [curobo_planner_node]: === PICK COMPLETE (DETACH_SUCCESS_UNVERIFIED) ===
[INFO] [1789449443.317484244] [curobo_planner_node]: Operation speed set to 100%
[INFO] [1789449443.318379779] [curobo_planner_node]: === PICK 딸기 raw=(-250,783,500)mm grasp=(-250,783,535)mm det_y=783mm x_bias=+0mm z_bias=+35mm ===
[INFO] [1789449443.318808656] [curobo_planner_node]: 1 open gripper for stem descent: set_position=600
[INFO] [1789449443.371730640] [curobo_planner_node]: World updated (neighbor obstacles registered): static=1 dynamic=0 neighbor_spheres=0
[INFO] [1789449443.372055315] [curobo_planner_node]: Registered 0 neighbor sphere obstacle(s); self-excluded 1 within 50mm of target
[INFO] [1789449443.372455980] [curobo_planner_node]: 2 grasp (CuRobo 2-step 6cm pre) — trying 3 offsets × 4 quats | target=(-250,783,535)mm | start_J1=146.3°
[INFO] [1789449444.531914202] [curobo_planner_node]: Plan OK 1158ms 31pts 0.56s | goal=['-250', '491', '616']mm | end_J=[127.9, 6.3, 72.7, 297.8, 43.1, -27.5]deg
[INFO] [1789449445.679031071] [curobo_planner_node]: Plan OK 1146ms 31pts 0.56s | goal=['-250', '536', '609']mm | end_J=[124.4, 11.8, 67.5, 300.0, 39.9, -29.5]deg
[INFO] [1789449445.679799989] [curobo_planner_node]: Spline 12pts plan=0.56s exec=0.58s -> end=['127.9', '6.3', '72.7', '297.8', '43.1', '-27.5']deg
[INFO] [1789449446.581922072] [curobo_planner_node]: PRE_APPROACH_REACHED — settling 0.3s before 45mm straight approach
[INFO] [1789449446.882847286] [curobo_planner_node]: FINAL_APPROACH_STRAIGHT TOOL +Z 45.0mm vel=60.0mm/s
[INFO] [1789449450.489047838] [curobo_planner_node]: GRASP_POSE_REACHED — offset=+0.015m pre=6cm+45mm+0mm variant=('base', [1, 0, 0], -10.0) elevation=-10.0deg (attempt 1/12)
[WARN] [1789449450.489463402] [curobo_planner_node]: OPEN_DESCENT_DYNAMIC: kp1_z=535mm reached_z=568mm overshoot=33mm extra_below_kp1=0mm -> descent=33mm
[INFO] [1789449450.489694117] [curobo_planner_node]: OPEN_STEM_DESCENT — gripper=600, BASE -Z 33mm to KP1
[INFO] [1789449450.490007403] [curobo_planner_node]: OPEN_STEM_DESCENT BASE REL xyz=[np.float64(0.0), np.float64(0.0), np.float64(-32.6)]mm dist=32.6mm vel=40.0mm/s
[INFO] [1789449453.444422407] [curobo_planner_node]: 3 close gripper + verify grasp
[INFO] [1789449453.845675663] [curobo_planner_node]: VERIFY_GRASP: GRASP_CONTACT_DETECTED present_pos=670 current_raw=200 — jaw stopped before calibrated contact threshold (pos=670 <= 685); position-based grasp detected
[INFO] [1789449453.846037578] [curobo_planner_node]: 4 detach pull — BASE -Z 40mm at 50mm/s
[INFO] [1789449457.052212367] [curobo_planner_node]: DETACH_PULL_DOWN: BASE -Z 40mm -> OK
[INFO] [1789449457.052681162] [curobo_planner_node]: RETREAT TOOL -Z 45.0mm vel=80.0mm/s
[WARN] [1789449460.709360393] [curobo_planner_node]: TAUGHT_TRAY_GRID_PLACE active: slot=4; fixed tray pose only; marker localization is bypassed
[INFO] [1789449460.710479815] [curobo_planner_node]: TAUGHT_TRAY_SLOT4_ABOVE generated from Slot0 FK + grid offset: clearance=120mm goal_mm=[451.9, 29.5, 185.6]
[INFO] [1789449460.761034260] [curobo_planner_node]: Operation speed set to 100%
[INFO] [1789449462.067095740] [curobo_planner_node]: Plan OK 1304ms 70pts 1.26s | goal=['452', '30', '186']mm | end_J=[0.9, 26.1, 135.0, 351.9, -71.1, -84.6]deg
[INFO] [1789449462.068347216] [curobo_planner_node]: Spline 12pts plan=1.26s exec=1.09s -> end=['0.9', '26.1', '135.0', '351.9', '-71.1', '-84.6']deg
[INFO] [1789449463.571727205] [curobo_planner_node]: TAUGHT_SLOT0_RELEASE_DESCEND BASE -Z 120mm
[INFO] [1789449463.572077955] [curobo_planner_node]: TAUGHT_SLOT0_RELEASE_DESCEND BASE REL xyz=[np.float64(0.0), np.float64(0.0), np.float64(-120.0)]mm dist=120.0mm vel=40.0mm/s
[WARN] [1789449468.730023623] [curobo_planner_node]: TAUGHT_TRAY_SLOT4_PLACE_RELEASE: position_cmd=600
[INFO] [1789449468.780548321] [curobo_planner_node]: TAUGHT_SLOT0_RELEASE_ASCEND joint-space return to above pose (avoid raw BASE +Z branch/limit jump after release)
[INFO] [1789449469.854962059] [curobo_planner_node]: Plan OK 1074ms 84pts 1.51s | goal=['452', '30', '186']mm | end_J=[0.8, 26.1, 135.0, 351.9, -71.1, -84.6]deg
[INFO] [1789449469.855768201] [curobo_planner_node]: Spline 12pts plan=1.51s exec=1.31s -> end=['0.8', '26.1', '135.0', '351.9', '-71.1', '-84.6']deg
[WARN] [1789449471.510022637] [curobo_planner_node]: TAUGHT_TRAY_SLOT_SEQUENCE: slot 4 -> 6 (sequence=[0, 1, 3, 4, 6, 7, 9, 10])
[INFO] [1789449471.510476784] [curobo_planner_node]: 7 return to pick-start scan pose
[INFO] [1789449473.082787173] [curobo_planner_node]: pick-start scan pose after pick/place JS Plan OK 1571ms 98pts 1.76s | goal=['146.3', '15.8', '65.3', '271.2', '58.3', '-7.7']deg
[INFO] [1789449473.083981941] [curobo_planner_node]: Spline 12pts plan=1.76s exec=1.53s -> end=['146.3', '15.8', '65.3', '271.2', '58.3', '-7.7']deg
[INFO] [1789449475.088212511] [curobo_planner_node]: === PICK COMPLETE (DETACH_SUCCESS_UNVERIFIED) ===
[INFO] [1789449480.614369335] [curobo_planner_node]: Operation speed set to 100%
[INFO] [1789449480.614957018] [curobo_planner_node]: === PICK 딸기 raw=(-220,783,560)mm grasp=(-220,783,595)mm det_y=783mm x_bias=+0mm z_bias=+35mm ===
[INFO] [1789449480.615183400] [curobo_planner_node]: 1 open gripper for stem descent: set_position=600
[INFO] [1789449480.666831612] [curobo_planner_node]: World updated (neighbor obstacles registered): static=1 dynamic=0 neighbor_spheres=0
[INFO] [1789449480.667167879] [curobo_planner_node]: Registered 0 neighbor sphere obstacle(s); self-excluded 1 within 50mm of target
[INFO] [1789449480.667779462] [curobo_planner_node]: 2 grasp (CuRobo 2-step 6cm pre) — trying 3 offsets × 4 quats | target=(-220,783,595)mm | start_J1=129.1°
[INFO] [1789449481.917385859] [curobo_planner_node]: Plan OK 1249ms 32pts 0.56s | goal=['-220', '491', '676']mm | end_J=[124.4, 6.2, 63.2, 308.9, 45.6, -41.6]deg
[INFO] [1789449483.202490272] [curobo_planner_node]: Plan OK 1284ms 31pts 0.56s | goal=['-220', '536', '669']mm | end_J=[121.0, 11.9, 57.9, 311.9, 43.0, -44.1]deg
[INFO] [1789449483.203319308] [curobo_planner_node]: Spline 12pts plan=0.56s exec=0.58s -> end=['124.4', '6.2', '63.2', '308.9', '45.6', '-41.6']deg
[INFO] [1789449484.155180728] [curobo_planner_node]: PRE_APPROACH_REACHED — settling 0.3s before 45mm straight approach
[INFO] [1789449484.455953616] [curobo_planner_node]: FINAL_APPROACH_STRAIGHT TOOL +Z 45.0mm vel=60.0mm/s
[INFO] [1789449488.012123817] [curobo_planner_node]: GRASP_POSE_REACHED — offset=+0.015m pre=6cm+45mm+0mm variant=('base', [1, 0, 0], -10.0) elevation=-10.0deg (attempt 1/12)
[WARN] [1789449488.012757011] [curobo_planner_node]: OPEN_DESCENT_DYNAMIC: kp1_z=595mm reached_z=628mm overshoot=33mm extra_below_kp1=0mm -> descent=33mm
[INFO] [1789449488.013175627] [curobo_planner_node]: OPEN_STEM_DESCENT — gripper=600, BASE -Z 33mm to KP1
[INFO] [1789449488.013694428] [curobo_planner_node]: OPEN_STEM_DESCENT BASE REL xyz=[np.float64(0.0), np.float64(0.0), np.float64(-32.6)]mm dist=32.6mm vel=40.0mm/s
[INFO] [1789449490.818279243] [curobo_planner_node]: 3 close gripper + verify grasp
[INFO] [1789449491.219402235] [curobo_planner_node]: VERIFY_GRASP: GRASP_CONTACT_DETECTED present_pos=670 current_raw=200 — jaw stopped before calibrated contact threshold (pos=670 <= 685); position-based grasp detected
[INFO] [1789449491.219737749] [curobo_planner_node]: 4 detach pull — BASE -Z 40mm at 50mm/s
[INFO] [1789449494.625725680] [curobo_planner_node]: DETACH_PULL_DOWN: BASE -Z 40mm -> OK
[INFO] [1789449494.626157253] [curobo_planner_node]: RETREAT TOOL -Z 45.0mm vel=80.0mm/s
[WARN] [1789449498.383350423] [curobo_planner_node]: TAUGHT_TRAY_GRID_PLACE active: slot=6; fixed tray pose only; marker localization is bypassed
[INFO] [1789449498.385991575] [curobo_planner_node]: TAUGHT_TRAY_SLOT6_ABOVE generated from Slot0 FK + grid offset: clearance=120mm goal_mm=[519.9, -38.5, 185.6]
[INFO] [1789449498.436624490] [curobo_planner_node]: Operation speed set to 100%
[WARN] [1789449499.692233837] [curobo_planner_node]: Cartesian plan rejected: J3 swing 201.1deg > 120.0deg (start=78.0deg -> end=-123.1deg)
[ERROR] [1789449499.693188700] [curobo_planner_node]: TAUGHT_TRAY_SLOT6_PLACE_BLOCKED: above plan failed; holding fruit
[WARN] [1789449499.744092225] [curobo_planner_node]: PICK_SEQUENCE_CONTINUE place_status=failed: released fruit here and continuing to the next target (hold_on_place_failure=false)
[INFO] [1789449499.744716312] [curobo_planner_node]: 7 return to pick-start scan pose
[INFO] [1789449501.322161937] [curobo_planner_node]: pick-start scan pose after pick/place JS Plan OK 1577ms 31pts 0.56s | goal=['129.1', '-28.0', '104.4', '279.8', '42.0', '-15.8']deg
[INFO] [1789449501.322844639] [curobo_planner_node]: Spline 12pts plan=0.56s exec=0.58s -> end=['129.1', '-28.0', '104.4', '279.8', '42.0', '-15.8']deg
[INFO] [1789449502.274950154] [curobo_planner_node]: === PICK COMPLETE (DETACH_SUCCESS_UNVERIFIED) ===
