[WARN] [1789005924.678869830] [curobo_planner_node]: EE_TO_TCP_OFFSET_OVERRIDE: 160mm -> 236mm (profile=legacy_160mm)
[INFO] [1789005932.328806119] [curobo_planner_node]: cuRobo MotionGen warmed up!
[INFO] [1789005932.342388148] [curobo_planner_node]: cuRobo Planner Ready!
[INFO] [1789005932.342551848] [curobo_planner_node]: Runtime JSONL: /home/oceanshape/strawberry_grasp_environment/src/e0509_gripper_description/logs/runtime/2026-09-10/curobo_planner_node_20260910T110524-e89f4f91.jsonl
[INFO] [1789005932.343015598] [curobo_planner_node]:   ENV_CUBOIDS=1  SELF_COLLISION=False
[WARN] [1789005932.343192191] [curobo_planner_node]: Leaf/stem geometry is not in the cuRobo world; visually occluded targets require reobserve/skip instead of forced approach
[INFO] [1789005932.343358110] [curobo_planner_node]:   WALL_QUAT_WXYZ=[0.497, -0.497, 0.503, 0.503] approach_dir=[0.0, 1.0, -0.0] elevation=-0.0deg  variants=4
[INFO] [1789005932.343500578] [curobo_planner_node]:   LEFTMOST horizontal fallback x_corr=+5mm offsets_mm=[15, 20, 25] extra_request=0mm wall_margin=-30mm wall_override=False pre_approach=60mm
[WARN] [1789005932.343663479] [curobo_planner_node]:   TOOL_GEOMETRY_LEGACY: planner offset=160mm, measured grasp center=260mm (model shortfall=100mm).
[INFO] [1789005932.343798041] [curobo_planner_node]:   environment loaded: /home/oceanshape/strawberry_grasp_environment/src/e0509_gripper_description/config/environment.yaml
[INFO] [1789005932.343933926] [curobo_planner_node]:   marker place: enabled=True release=True taught_slot0_reference=True hold_after_slot0=False hold_on_failure=False open_stem_descent=True straight_reverse_retreat=True slot_sequence=[0, 0, 0, 0, 0, 0] slot_step=1 skip_row2=False allow_generated_slot_release=True allow_unverified_grasp=False max_age=3600s
[INFO] [1789005932.344069182] [curobo_planner_node]:   SafeGrasp: enabled=False target=700 max_current=400 delta_threshold=40 timeout=5.0s contact_pos<=685 empty_pos>=695
[INFO] [1789005932.344201349] [curobo_planner_node]:   grasp verification: position-only (contact <= 685, empty >= 695; current is logged only)
[INFO] [1789005953.582580682] [curobo_planner_node]: Operation speed set to 100%
[INFO] [1789005953.583493724] [curobo_planner_node]: === PICK 딸기 raw=(-250,783,740)mm grasp=(-250,783,775)mm det_y=783mm x_bias=+0mm z_bias=+35mm ===
[INFO] [1789005953.583797695] [curobo_planner_node]: 1 open gripper for stem descent: set_position=600
[INFO] [1789005953.640744300] [curobo_planner_node]: World updated (neighbor obstacles registered): static=1 dynamic=0 neighbor_spheres=1
[INFO] [1789005953.641065577] [curobo_planner_node]: Registered 1 neighbor sphere obstacle(s); self-excluded 1 within 50mm of target
[INFO] [1789005953.643000417] [curobo_planner_node]: 2 grasp (CuRobo 2-step 6cm pre) — trying 3 offsets × 4 quats | target=(-250,783,775)mm | start_J1=144.1°
[ERROR] [1789005954.328317232] [curobo_planner_node]: Plan FAIL 685ms | status=MotionGenStatus.IK_FAIL | goal=['-250', '491', '856']mm | start_J=[144.1, 23.0, -1.0, 121.5, -75.3, 108.7]deg
[ERROR] [1789005954.539992888] [curobo_planner_node]: Plan FAIL 211ms | status=MotionGenStatus.IK_FAIL | goal=['-250', '488', '831']mm | start_J=[144.1, 23.0, -1.0, 121.5, -75.3, 108.7]deg
[INFO] [1789005955.657469116] [curobo_planner_node]: Plan OK 1116ms 31pts 0.56s | goal=['-250', '487', '805']mm | end_J=[128.5, 48.2, -28.9, 139.9, -75.0, 103.0]deg
[INFO] [1789005957.072866118] [curobo_planner_node]: Plan OK 1413ms 31pts 0.56s | goal=['-250', '532', '805']mm | end_J=[124.8, 41.1, -10.1, 140.9, -65.0, 109.7]deg
[INFO] [1789005957.074351909] [curobo_planner_node]: Spline 12pts plan=0.56s exec=0.58s -> end=['128.5', '48.2', '-28.9', '139.9', '-75.0', '103.0']deg
[INFO] [1789005957.626263482] [curobo_planner_node]: PRE_APPROACH_REACHED — settling 0.3s before 45mm straight approach
[INFO] [1789005957.927386985] [curobo_planner_node]: FINAL_APPROACH_STRAIGHT TOOL +Z 45.0mm vel=60.0mm/s
[INFO] [1789005962.084789360] [curobo_planner_node]: GRASP_POSE_REACHED — offset=+0.015m pre=6cm+45mm+0mm variant=('base', [1, 0, 0], 0.0) elevation=-0.0deg (attempt 7/12)
[WARN] [1789005962.085489696] [curobo_planner_node]: OPEN_DESCENT_DYNAMIC: kp1_z=775mm reached_z=805mm overshoot=30mm extra_below_kp1=0mm -> descent=30mm
[INFO] [1789005962.085996070] [curobo_planner_node]: OPEN_STEM_DESCENT — gripper=600, BASE -Z 30mm to KP1
[INFO] [1789005962.086497389] [curobo_planner_node]: OPEN_STEM_DESCENT BASE REL xyz=[np.float64(0.0), np.float64(0.0), np.float64(-30.0)]mm dist=30.0mm vel=40.0mm/s
[INFO] [1789005964.691308084] [curobo_planner_node]: 3 close gripper + verify grasp
[INFO] [1789005965.092560986] [curobo_planner_node]: VERIFY_GRASP: GRASP_CONTACT_DETECTED present_pos=670 current_raw=200 — jaw stopped before calibrated contact threshold (pos=670 <= 685); position-based grasp detected
[INFO] [1789005965.092911379] [curobo_planner_node]: 4 detach pull — BASE -Z 40mm at 50mm/s
[INFO] [1789005968.047885231] [curobo_planner_node]: DETACH_PULL_DOWN: BASE -Z 40mm -> OK
[INFO] [1789005968.048683080] [curobo_planner_node]: RETREAT TOOL -Z 45.0mm vel=80.0mm/s
[WARN] [1789005971.555264757] [curobo_planner_node]: TAUGHT_TRAY_GRID_PLACE active: slot=0; fixed tray pose only; marker localization is bypassed
[INFO] [1789005971.556590379] [curobo_planner_node]: TAUGHT_TRAY_SLOT0_ABOVE generated from Slot0 FK + grid offset: clearance=120mm goal_mm=[519.9, 52.3, 185.6]
[INFO] [1789005971.607271117] [curobo_planner_node]: Operation speed set to 100%
[INFO] [1789005973.033763398] [curobo_planner_node]: Plan OK 1425ms 65pts 1.17s | goal=['520', '52', '186']mm | end_J=[184.4, -31.0, -123.9, 175.6, -64.6, 274.7]deg
[INFO] [1789005973.034597795] [curobo_planner_node]: Spline 12pts plan=1.17s exec=1.02s -> end=['184.4', '-31.0', '-123.9', '175.6', '-64.6', '274.7']deg
[INFO] [1789005974.737951724] [curobo_planner_node]: TAUGHT_SLOT0_RELEASE_DESCEND BASE -Z 120mm
[INFO] [1789005974.738492239] [curobo_planner_node]: TAUGHT_SLOT0_RELEASE_DESCEND BASE REL xyz=[np.float64(0.0), np.float64(0.0), np.float64(-120.0)]mm dist=120.0mm vel=40.0mm/s
[WARN] [1789005979.648308610] [curobo_planner_node]: TAUGHT_TRAY_SLOT0_PLACE_RELEASE: position_cmd=600
[INFO] [1789005979.699119469] [curobo_planner_node]: TAUGHT_SLOT0_RELEASE_ASCEND joint-space return to above pose (avoid raw BASE +Z branch/limit jump after release)
[INFO] [1789005980.863150228] [curobo_planner_node]: Plan OK 1162ms 31pts 0.56s | goal=['520', '52', '186']mm | end_J=[184.4, -31.0, -123.9, 175.6, -64.6, 274.7]deg
[INFO] [1789005980.863854104] [curobo_planner_node]: Spline 12pts plan=0.56s exec=0.58s -> end=['184.4', '-31.0', '-123.9', '175.6', '-64.6', '274.7']deg
[WARN] [1789005981.365670989] [curobo_planner_node]: TAUGHT_TRAY_SLOT_SEQUENCE: slot 0 -> 0 (sequence=[0, 0, 0, 0, 0, 0])
[INFO] [1789005981.366135447] [curobo_planner_node]: 7 return to pick-start scan pose
[INFO] [1789005986.630886166] [curobo_planner_node]: pick-start scan pose after pick/place JS Plan OK 5264ms 68pts 1.22s | goal=['144.1', '23.0', '-1.0', '121.5', '-75.3', '108.7']deg
[INFO] [1789005986.631689541] [curobo_planner_node]: Spline 12pts plan=1.22s exec=1.06s -> end=['144.1', '23.0', '-1.0', '121.5', '-75.3', '108.7']deg
[INFO] [1789005988.536422780] [curobo_planner_node]: World updated (neighbor obstacles cleared): static=1 dynamic=0 neighbor_spheres=0
[INFO] [1789005988.587189015] [curobo_planner_node]: === PICK COMPLETE (DETACH_SUCCESS_UNVERIFIED) ===
[INFO] [1789005989.643777401] [curobo_planner_node]: Operation speed set to 100%
[INFO] [1789005989.644364264] [curobo_planner_node]: === PICK 딸기 raw=(-120,783,760)mm grasp=(-120,783,795)mm det_y=783mm x_bias=+0mm z_bias=+35mm ===
[INFO] [1789005989.644588598] [curobo_planner_node]: 1 open gripper for stem descent: set_position=600
[INFO] [1789005989.697311666] [curobo_planner_node]: World updated (neighbor obstacles registered): static=1 dynamic=0 neighbor_spheres=1
[INFO] [1789005989.697908850] [curobo_planner_node]: Registered 1 neighbor sphere obstacle(s); self-excluded 1 within 50mm of target
[INFO] [1789005989.700234737] [curobo_planner_node]: 2 grasp (CuRobo 2-step 6cm pre) — trying 3 offsets × 4 quats | target=(-120,783,795)mm | start_J1=144.1°
[ERROR] [1789005990.209939389] [curobo_planner_node]: Plan FAIL 509ms | status=MotionGenStatus.IK_FAIL | goal=['-120', '491', '876']mm | start_J=[144.1, 23.0, -0.9, 121.5, -75.3, 108.7]deg
[INFO] [1789005991.205091042] [curobo_planner_node]: Plan OK 993ms 31pts 0.56s | goal=['-120', '488', '851']mm | end_J=[110.8, 21.7, 10.7, 157.0, -64.8, 102.8]deg
[ERROR] [1789005991.631468662] [curobo_planner_node]: Plan FAIL 426ms | status=MotionGenStatus.IK_FAIL | goal=['-120', '533', '847']mm | start_J=[110.8, 21.7, 10.7, 157.0, -64.8, 102.8]deg
[ERROR] [1789005991.796649047] [curobo_planner_node]: Plan FAIL 165ms | status=MotionGenStatus.IK_FAIL | goal=['-120', '528', '847']mm | start_J=[110.8, 21.7, 10.7, 157.0, -64.8, 102.8]deg
[ERROR] [1789005991.966589454] [curobo_planner_node]: Plan FAIL 169ms | status=MotionGenStatus.IK_FAIL | goal=['-120', '523', '848']mm | start_J=[110.8, 21.7, 10.7, 157.0, -64.8, 102.8]deg
[INFO] [1789005993.451474679] [curobo_planner_node]: Plan OK 1484ms 32pts 0.56s | goal=['-120', '487', '825']mm | end_J=[110.9, 9.6, 37.8, 150.6, -46.6, 111.9]deg
[INFO] [1789005994.920452685] [curobo_planner_node]: Plan OK 1468ms 31pts 0.56s | goal=['-120', '532', '825']mm | end_J=[108.5, 18.4, 25.9, 155.0, -48.5, 107.9]deg
[INFO] [1789005994.921203835] [curobo_planner_node]: Spline 12pts plan=0.56s exec=0.58s -> end=['110.9', '9.6', '37.8', '150.6', '-46.6', '111.9']deg
[INFO] [1789005995.522584537] [curobo_planner_node]: PRE_APPROACH_REACHED — settling 0.3s before 45mm straight approach
[INFO] [1789005995.823490919] [curobo_planner_node]: FINAL_APPROACH_STRAIGHT TOOL +Z 45.0mm vel=60.0mm/s
[INFO] [1789005999.480334691] [curobo_planner_node]: GRASP_POSE_REACHED — offset=+0.015m pre=6cm+45mm+0mm variant=('base', [1, 0, 0], 0.0) elevation=-0.0deg (attempt 7/12)
[WARN] [1789005999.480777581] [curobo_planner_node]: OPEN_DESCENT_DYNAMIC: kp1_z=795mm reached_z=825mm overshoot=30mm extra_below_kp1=0mm -> descent=30mm
[INFO] [1789005999.481080095] [curobo_planner_node]: OPEN_STEM_DESCENT — gripper=600, BASE -Z 30mm to KP1
[INFO] [1789005999.481449495] [curobo_planner_node]: OPEN_STEM_DESCENT BASE REL xyz=[np.float64(0.0), np.float64(0.0), np.float64(-30.0)]mm dist=30.0mm vel=40.0mm/s
[INFO] [1789006001.836150466] [curobo_planner_node]: 3 close gripper + verify grasp
[INFO] [1789006002.237582123] [curobo_planner_node]: VERIFY_GRASP: GRASP_CONTACT_DETECTED present_pos=670 current_raw=200 — jaw stopped before calibrated contact threshold (pos=670 <= 685); position-based grasp detected
[INFO] [1789006002.238179982] [curobo_planner_node]: 4 detach pull — BASE -Z 40mm at 50mm/s
[INFO] [1789006005.244339241] [curobo_planner_node]: DETACH_PULL_DOWN: BASE -Z 40mm -> OK
[INFO] [1789006005.244821252] [curobo_planner_node]: RETREAT TOOL -Z 45.0mm vel=80.0mm/s
[WARN] [1789006008.951850223] [curobo_planner_node]: TAUGHT_TRAY_GRID_PLACE active: slot=0; fixed tray pose only; marker localization is bypassed
[INFO] [1789006008.953907532] [curobo_planner_node]: TAUGHT_TRAY_SLOT0_ABOVE generated from Slot0 FK + grid offset: clearance=120mm goal_mm=[519.9, 52.3, 185.6]
[INFO] [1789006009.004562515] [curobo_planner_node]: Operation speed set to 100%
[INFO] [1789006010.150858545] [curobo_planner_node]: Plan OK 1145ms 53pts 0.96s | goal=['520', '52', '186']mm | end_J=[4.4, 31.0, 123.9, 175.6, 64.6, 94.7]deg
[INFO] [1789006010.151932042] [curobo_planner_node]: Spline 12pts plan=0.96s exec=0.83s -> end=['4.4', '31.0', '123.9', '175.6', '64.6', '94.7']deg
[INFO] [1789006011.305190783] [curobo_planner_node]: TAUGHT_SLOT0_RELEASE_DESCEND BASE -Z 120mm
[INFO] [1789006011.305551486] [curobo_planner_node]: TAUGHT_SLOT0_RELEASE_DESCEND BASE REL xyz=[np.float64(0.0), np.float64(0.0), np.float64(-120.0)]mm dist=120.0mm vel=40.0mm/s
[WARN] [1789006015.664272143] [curobo_planner_node]: TAUGHT_TRAY_SLOT0_PLACE_RELEASE: position_cmd=600
[INFO] [1789006015.715014783] [curobo_planner_node]: TAUGHT_SLOT0_RELEASE_ASCEND joint-space return to above pose (avoid raw BASE +Z branch/limit jump after release)
[INFO] [1789006016.764506561] [curobo_planner_node]: Plan OK 1048ms 31pts 0.56s | goal=['520', '52', '186']mm | end_J=[4.4, 31.0, 123.9, 175.6, 64.6, 94.7]deg
[INFO] [1789006016.765159990] [curobo_planner_node]: Spline 12pts plan=0.56s exec=0.58s -> end=['4.4', '31.0', '123.9', '175.6', '64.6', '94.7']deg
[WARN] [1789006017.317099353] [curobo_planner_node]: TAUGHT_TRAY_SLOT_SEQUENCE: slot 0 -> 0 (sequence=[0, 0, 0, 0, 0, 0])
[INFO] [1789006017.317582300] [curobo_planner_node]: 7 return to pick-start scan pose
[INFO] [1789006019.002173041] [curobo_planner_node]: pick-start scan pose after pick/place JS Plan OK 1684ms 67pts 1.21s | goal=['144.1', '23.0', '-0.9', '121.5', '-75.3', '108.7']deg
[INFO] [1789006019.003050135] [curobo_planner_node]: Spline 12pts plan=1.21s exec=1.05s -> end=['144.1', '23.0', '-0.9', '121.5', '-75.3', '108.7']deg
[INFO] [1789006020.509648399] [curobo_planner_node]: World updated (neighbor obstacles cleared): static=1 dynamic=0 neighbor_spheres=0
[INFO] [1789006020.560624685] [curobo_planner_node]: === PICK COMPLETE (DETACH_SUCCESS_UNVERIFIED) ===
[INFO] [1789006028.933822863] [curobo_planner_node]: Operation speed set to 100%
[INFO] [1789006028.934609088] [curobo_planner_node]: === PICK 딸기 raw=(200,783,740)mm grasp=(200,783,775)mm det_y=783mm x_bias=+0mm z_bias=+35mm ===
[INFO] [1789006028.934840158] [curobo_planner_node]: 1 open gripper for stem descent: set_position=600
[INFO] [1789006028.988573848] [curobo_planner_node]: World updated (neighbor obstacles registered): static=1 dynamic=0 neighbor_spheres=0
[INFO] [1789006028.988869056] [curobo_planner_node]: Registered 0 neighbor sphere obstacle(s); self-excluded 1 within 50mm of target
[INFO] [1789006028.990810349] [curobo_planner_node]: 2 grasp (CuRobo 2-step 6cm pre) — trying 3 offsets × 4 quats | target=(200,783,775)mm | start_J1=18.9°
[ERROR] [1789006029.437561143] [curobo_planner_node]: Plan FAIL 446ms | status=MotionGenStatus.IK_FAIL | goal=['200', '491', '856']mm | start_J=[18.9, 26.0, 1.0, 74.6, 78.2, 244.4]deg
[INFO] [1789006030.409974769] [curobo_planner_node]: Plan OK 972ms 32pts 0.56s | goal=['200', '488', '831']mm | end_J=[57.7, 24.7, 11.2, 36.0, 65.0, 250.5]deg
[ERROR] [1789006030.829302890] [curobo_planner_node]: Plan FAIL 419ms | status=MotionGenStatus.IK_FAIL | goal=['200', '533', '827']mm | start_J=[57.7, 24.7, 11.2, 36.0, 65.0, 250.5]deg
[ERROR] [1789006030.973763197] [curobo_planner_node]: Plan FAIL 144ms | status=MotionGenStatus.IK_FAIL | goal=['200', '528', '827']mm | start_J=[57.7, 24.7, 11.2, 36.0, 65.0, 250.5]deg
[ERROR] [1789006031.125666378] [curobo_planner_node]: Plan FAIL 151ms | status=MotionGenStatus.IK_FAIL | goal=['200', '523', '828']mm | start_J=[57.7, 24.7, 11.2, 36.0, 65.0, 250.5]deg
[INFO] [1789006032.344615029] [curobo_planner_node]: Plan OK 1218ms 32pts 0.56s | goal=['200', '487', '805']mm | end_J=[57.5, 13.1, 37.4, 45.0, 49.4, 237.6]deg
[INFO] [1789006033.513841664] [curobo_planner_node]: Plan OK 1168ms 31pts 0.56s | goal=['200', '532', '805']mm | end_J=[60.9, 21.7, 25.4, 39.3, 50.2, 243.1]deg
[INFO] [1789006033.514581436] [curobo_planner_node]: Spline 12pts plan=0.56s exec=0.58s -> end=['57.5', '13.1', '37.4', '45.0', '49.4', '237.6']deg
[INFO] [1789006034.116271248] [curobo_planner_node]: PRE_APPROACH_REACHED — settling 0.3s before 45mm straight approach
[INFO] [1789006034.417347910] [curobo_planner_node]: FINAL_APPROACH_STRAIGHT TOOL +Z 45.0mm vel=60.0mm/s
[INFO] [1789006037.572691471] [curobo_planner_node]: GRASP_POSE_REACHED — offset=+0.015m pre=6cm+45mm+0mm variant=('base', [1, 0, 0], 0.0) elevation=-0.0deg (attempt 7/12)
[WARN] [1789006037.573148335] [curobo_planner_node]: OPEN_DESCENT_DYNAMIC: kp1_z=775mm reached_z=805mm overshoot=30mm extra_below_kp1=0mm -> descent=30mm
[INFO] [1789006037.573420564] [curobo_planner_node]: OPEN_STEM_DESCENT — gripper=600, BASE -Z 30mm to KP1
[INFO] [1789006037.573793264] [curobo_planner_node]: OPEN_STEM_DESCENT BASE REL xyz=[np.float64(0.0), np.float64(0.0), np.float64(-30.0)]mm dist=30.0mm vel=40.0mm/s
[INFO] [1789006039.877662923] [curobo_planner_node]: 3 close gripper + verify grasp
[INFO] [1789006040.278752719] [curobo_planner_node]: VERIFY_GRASP: GRASP_CONTACT_DETECTED present_pos=670 current_raw=200 — jaw stopped before calibrated contact threshold (pos=670 <= 685); position-based grasp detected
[INFO] [1789006040.279353927] [curobo_planner_node]: 4 detach pull — BASE -Z 40mm at 50mm/s
[INFO] [1789006043.134142732] [curobo_planner_node]: DETACH_PULL_DOWN: BASE -Z 40mm -> OK
[INFO] [1789006043.134861745] [curobo_planner_node]: RETREAT TOOL -Z 45.0mm vel=80.0mm/s
[WARN] [1789006046.491711527] [curobo_planner_node]: TAUGHT_TRAY_GRID_PLACE active: slot=0; fixed tray pose only; marker localization is bypassed
[INFO] [1789006046.492878456] [curobo_planner_node]: TAUGHT_TRAY_SLOT0_ABOVE generated from Slot0 FK + grid offset: clearance=120mm goal_mm=[519.9, 52.3, 185.6]
[INFO] [1789006046.543569948] [curobo_planner_node]: Operation speed set to 100%
[INFO] [1789006047.674768715] [curobo_planner_node]: Plan OK 1129ms 47pts 0.85s | goal=['520', '52', '186']mm | end_J=[4.4, 31.0, 123.9, -4.4, -64.6, 274.7]deg
[INFO] [1789006047.675798261] [curobo_planner_node]: Spline 12pts plan=0.85s exec=0.74s -> end=['4.4', '31.0', '123.9', '-4.4', '-64.6', '274.7']deg
[INFO] [1789006048.828034789] [curobo_planner_node]: TAUGHT_SLOT0_RELEASE_DESCEND BASE -Z 120mm
[INFO] [1789006048.828418990] [curobo_planner_node]: TAUGHT_SLOT0_RELEASE_DESCEND BASE REL xyz=[np.float64(0.0), np.float64(0.0), np.float64(-120.0)]mm dist=120.0mm vel=40.0mm/s
[WARN] [1789006053.134864376] [curobo_planner_node]: TAUGHT_TRAY_SLOT0_PLACE_RELEASE: position_cmd=600
[INFO] [1789006053.185614929] [curobo_planner_node]: TAUGHT_SLOT0_RELEASE_ASCEND joint-space return to above pose (avoid raw BASE +Z branch/limit jump after release)
[INFO] [1789006054.135686251] [curobo_planner_node]: Plan OK 949ms 31pts 0.56s | goal=['520', '52', '186']mm | end_J=[4.4, 31.0, 123.9, -4.4, -64.6, 274.7]deg
[INFO] [1789006054.136398541] [curobo_planner_node]: Spline 12pts plan=0.56s exec=0.58s -> end=['4.4', '31.0', '123.9', '-4.4', '-64.6', '274.7']deg
[WARN] [1789006054.638753479] [curobo_planner_node]: TAUGHT_TRAY_SLOT_SEQUENCE: slot 0 -> 0 (sequence=[0, 0, 0, 0, 0, 0])
[INFO] [1789006054.639196887] [curobo_planner_node]: 7 return to pick-start scan pose
[INFO] [1789006056.127566779] [curobo_planner_node]: pick-start scan pose after pick/place JS Plan OK 1488ms 63pts 1.14s | goal=['18.9', '26.0', '1.0', '74.6', '78.2', '244.4']deg
[INFO] [1789006056.128370566] [curobo_planner_node]: Spline 12pts plan=1.14s exec=0.99s -> end=['18.9', '26.0', '1.0', '74.6', '78.2', '244.4']deg
[INFO] [1789006057.682739032] [curobo_planner_node]: === PICK COMPLETE (DETACH_SUCCESS_UNVERIFIED) ===
[INFO] [1789006066.759738325] [curobo_planner_node]: Operation speed set to 100%
[INFO] [1789006066.760630089] [curobo_planner_node]: === PICK 딸기 raw=(-100,783,440)mm grasp=(-100,783,475)mm det_y=783mm x_bias=+0mm z_bias=+35mm ===
[INFO] [1789006066.761051416] [curobo_planner_node]: 1 open gripper for stem descent: set_position=600
[INFO] [1789006066.813496502] [curobo_planner_node]: World updated (neighbor obstacles registered): static=1 dynamic=0 neighbor_spheres=2
[INFO] [1789006066.814041504] [curobo_planner_node]: Registered 2 neighbor sphere obstacle(s); self-excluded 1 within 50mm of target
[INFO] [1789006066.814782650] [curobo_planner_node]: 2 grasp (CuRobo 2-step 6cm pre) — trying 3 offsets × 4 quats | target=(-100,783,475)mm | start_J1=150.3°
[INFO] [1789006068.114717885] [curobo_planner_node]: Plan OK 1299ms 32pts 0.58s | goal=['-100', '491', '556']mm | end_J=[107.3, -5.6, 93.9, 304.4, 20.8, -32.4]deg
[INFO] [1789006069.332949709] [curobo_planner_node]: Plan OK 1217ms 31pts 0.56s | goal=['-100', '536', '549']mm | end_J=[105.3, 0.9, 88.9, 304.2, 18.3, -32.2]deg
[INFO] [1789006069.333718905] [curobo_planner_node]: Spline 12pts plan=0.58s exec=0.58s -> end=['107.3', '-5.6', '93.9', '304.4', '20.8', '-32.4']deg
[INFO] [1789006069.985474379] [curobo_planner_node]: PRE_APPROACH_REACHED — settling 0.3s before 45mm straight approach
[INFO] [1789006070.286505208] [curobo_planner_node]: FINAL_APPROACH_STRAIGHT TOOL +Z 45.0mm vel=60.0mm/s
[INFO] [1789006073.241245122] [curobo_planner_node]: GRASP_POSE_REACHED — offset=+0.015m pre=6cm+45mm+0mm variant=('base', [1, 0, 0], -10.0) elevation=-10.0deg (attempt 1/12)
[WARN] [1789006073.241604068] [curobo_planner_node]: OPEN_DESCENT_DYNAMIC: kp1_z=475mm reached_z=508mm overshoot=33mm extra_below_kp1=0mm -> descent=33mm
[INFO] [1789006073.241815068] [curobo_planner_node]: OPEN_STEM_DESCENT — gripper=600, BASE -Z 33mm to KP1
[INFO] [1789006073.242117466] [curobo_planner_node]: OPEN_STEM_DESCENT BASE REL xyz=[np.float64(0.0), np.float64(0.0), np.float64(-32.6)]mm dist=32.6mm vel=40.0mm/s
[INFO] [1789006075.546049021] [curobo_planner_node]: 3 close gripper + verify grasp
[INFO] [1789006075.947011749] [curobo_planner_node]: VERIFY_GRASP: GRASP_CONTACT_DETECTED present_pos=670 current_raw=200 — jaw stopped before calibrated contact threshold (pos=670 <= 685); position-based grasp detected
[INFO] [1789006075.947377628] [curobo_planner_node]: 4 detach pull — BASE -Z 40mm at 50mm/s
[INFO] [1789006078.852190346] [curobo_planner_node]: DETACH_PULL_DOWN: BASE -Z 40mm -> OK
[INFO] [1789006078.852934269] [curobo_planner_node]: RETREAT TOOL -Z 45.0mm vel=80.0mm/s
[WARN] [1789006082.159451847] [curobo_planner_node]: TAUGHT_TRAY_GRID_PLACE active: slot=0; fixed tray pose only; marker localization is bypassed
[INFO] [1789006082.160597472] [curobo_planner_node]: TAUGHT_TRAY_SLOT0_ABOVE generated from Slot0 FK + grid offset: clearance=120mm goal_mm=[519.9, 52.3, 185.6]
[INFO] [1789006082.211263815] [curobo_planner_node]: Operation speed set to 100%
[INFO] [1789006083.425048497] [curobo_planner_node]: Plan OK 1213ms 54pts 0.96s | goal=['520', '52', '186']mm | end_J=[4.4, 31.0, 123.9, 175.6, 64.6, 94.7]deg
[INFO] [1789006083.425772820] [curobo_planner_node]: Spline 12pts plan=0.96s exec=0.84s -> end=['4.4', '31.0', '123.9', '175.6', '64.6', '94.7']deg
[INFO] [1789006084.629723120] [curobo_planner_node]: TAUGHT_SLOT0_RELEASE_DESCEND BASE -Z 120mm
[INFO] [1789006084.630259051] [curobo_planner_node]: TAUGHT_SLOT0_RELEASE_DESCEND BASE REL xyz=[np.float64(0.0), np.float64(0.0), np.float64(-120.0)]mm dist=120.0mm vel=40.0mm/s
[WARN] [1789006088.888895391] [curobo_planner_node]: TAUGHT_TRAY_SLOT0_PLACE_RELEASE: position_cmd=600
[INFO] [1789006088.939671145] [curobo_planner_node]: TAUGHT_SLOT0_RELEASE_ASCEND joint-space return to above pose (avoid raw BASE +Z branch/limit jump after release)
[INFO] [1789006089.970814914] [curobo_planner_node]: Plan OK 1030ms 31pts 0.56s | goal=['520', '52', '186']mm | end_J=[4.4, 31.0, 123.9, 175.6, 64.6, 94.7]deg
[INFO] [1789006089.971562524] [curobo_planner_node]: Spline 12pts plan=0.56s exec=0.58s -> end=['4.4', '31.0', '123.9', '175.6', '64.6', '94.7']deg
[WARN] [1789006090.523854035] [curobo_planner_node]: TAUGHT_TRAY_SLOT_SEQUENCE: slot 0 -> 0 (sequence=[0, 0, 0, 0, 0, 0])
[INFO] [1789006090.524081808] [curobo_planner_node]: 7 return to pick-start scan pose
[INFO] [1789006091.955858822] [curobo_planner_node]: pick-start scan pose after pick/place JS Plan OK 1431ms 66pts 1.19s | goal=['150.3', '-11.9', '109.1', '262.2', '63.3', '10.5']deg
[INFO] [1789006091.956674497] [curobo_planner_node]: Spline 12pts plan=1.19s exec=1.03s -> end=['150.3', '-11.9', '109.1', '262.2', '63.3', '10.5']deg
[INFO] [1789006093.460372808] [curobo_planner_node]: World updated (neighbor obstacles cleared): static=1 dynamic=0 neighbor_spheres=0
[INFO] [1789006093.511184947] [curobo_planner_node]: === PICK COMPLETE (DETACH_SUCCESS_UNVERIFIED) ===
[INFO] [1789006094.566609462] [curobo_planner_node]: Operation speed set to 100%
[INFO] [1789006094.567165748] [curobo_planner_node]: === PICK 딸기 raw=(-250,783,500)mm grasp=(-250,783,535)mm det_y=783mm x_bias=+0mm z_bias=+35mm ===
[INFO] [1789006094.567382758] [curobo_planner_node]: 1 open gripper for stem descent: set_position=600
[INFO] [1789006094.619087524] [curobo_planner_node]: World updated (neighbor obstacles registered): static=1 dynamic=0 neighbor_spheres=2
[INFO] [1789006094.619485462] [curobo_planner_node]: Registered 2 neighbor sphere obstacle(s); self-excluded 1 within 50mm of target
[INFO] [1789006094.620040027] [curobo_planner_node]: 2 grasp (CuRobo 2-step 6cm pre) — trying 3 offsets × 4 quats | target=(-250,783,535)mm | start_J1=150.3°
[INFO] [1789006095.855877716] [curobo_planner_node]: Plan OK 1234ms 32pts 0.56s | goal=['-250', '491', '616']mm | end_J=[127.9, 6.3, 72.7, 297.8, 43.1, -27.5]deg
[INFO] [1789006097.100431168] [curobo_planner_node]: Plan OK 1244ms 31pts 0.56s | goal=['-250', '536', '609']mm | end_J=[124.4, 11.8, 67.5, 300.0, 39.9, -29.5]deg
[INFO] [1789006097.101161834] [curobo_planner_node]: Spline 12pts plan=0.56s exec=0.58s -> end=['127.9', '6.3', '72.7', '297.8', '43.1', '-27.5']deg
[INFO] [1789006097.703012148] [curobo_planner_node]: PRE_APPROACH_REACHED — settling 0.3s before 45mm straight approach
[INFO] [1789006098.003996865] [curobo_planner_node]: FINAL_APPROACH_STRAIGHT TOOL +Z 45.0mm vel=60.0mm/s
[INFO] [1789006101.309436618] [curobo_planner_node]: GRASP_POSE_REACHED — offset=+0.015m pre=6cm+45mm+0mm variant=('base', [1, 0, 0], -10.0) elevation=-10.0deg (attempt 1/12)
[WARN] [1789006101.310054103] [curobo_planner_node]: OPEN_DESCENT_DYNAMIC: kp1_z=535mm reached_z=568mm overshoot=33mm extra_below_kp1=0mm -> descent=33mm
[INFO] [1789006101.310490425] [curobo_planner_node]: OPEN_STEM_DESCENT — gripper=600, BASE -Z 33mm to KP1
[INFO] [1789006101.311019731] [curobo_planner_node]: OPEN_STEM_DESCENT BASE REL xyz=[np.float64(0.0), np.float64(0.0), np.float64(-32.6)]mm dist=32.6mm vel=40.0mm/s
[INFO] [1789006103.665106403] [curobo_planner_node]: 3 close gripper + verify grasp
[INFO] [1789006104.066432934] [curobo_planner_node]: VERIFY_GRASP: GRASP_CONTACT_DETECTED present_pos=670 current_raw=200 — jaw stopped before calibrated contact threshold (pos=670 <= 685); position-based grasp detected
[INFO] [1789006104.066998504] [curobo_planner_node]: 4 detach pull — BASE -Z 40mm at 50mm/s
[INFO] [1789006107.021480589] [curobo_planner_node]: DETACH_PULL_DOWN: BASE -Z 40mm -> OK
[INFO] [1789006107.021920948] [curobo_planner_node]: RETREAT TOOL -Z 45.0mm vel=80.0mm/s
[WARN] [1789006110.376680133] [curobo_planner_node]: TAUGHT_TRAY_GRID_PLACE active: slot=0; fixed tray pose only; marker localization is bypassed
[INFO] [1789006110.377454079] [curobo_planner_node]: TAUGHT_TRAY_SLOT0_ABOVE generated from Slot0 FK + grid offset: clearance=120mm goal_mm=[519.9, 52.3, 185.6]
[INFO] [1789006110.427859466] [curobo_planner_node]: Operation speed set to 100%
[INFO] [1789006111.612179104] [curobo_planner_node]: Plan OK 1183ms 56pts 1.01s | goal=['520', '52', '186']mm | end_J=[4.4, 31.0, 123.9, 175.6, 64.6, 94.7]deg
[INFO] [1789006111.612908571] [curobo_planner_node]: Spline 12pts plan=1.01s exec=0.88s -> end=['4.4', '31.0', '123.9', '175.6', '64.6', '94.7']deg
[INFO] [1789006112.915371246] [curobo_planner_node]: TAUGHT_SLOT0_RELEASE_DESCEND BASE -Z 120mm
[INFO] [1789006112.915733594] [curobo_planner_node]: TAUGHT_SLOT0_RELEASE_DESCEND BASE REL xyz=[np.float64(0.0), np.float64(0.0), np.float64(-120.0)]mm dist=120.0mm vel=40.0mm/s
[WARN] [1789006117.272613158] [curobo_planner_node]: TAUGHT_TRAY_SLOT0_PLACE_RELEASE: position_cmd=600
[INFO] [1789006117.323142760] [curobo_planner_node]: TAUGHT_SLOT0_RELEASE_ASCEND joint-space return to above pose (avoid raw BASE +Z branch/limit jump after release)
[INFO] [1789006118.365795844] [curobo_planner_node]: Plan OK 1042ms 31pts 0.56s | goal=['520', '52', '186']mm | end_J=[4.4, 31.0, 123.9, 175.6, 64.6, 94.7]deg
[INFO] [1789006118.366498403] [curobo_planner_node]: Spline 12pts plan=0.56s exec=0.58s -> end=['4.4', '31.0', '123.9', '175.6', '64.6', '94.7']deg
[WARN] [1789006118.868211195] [curobo_planner_node]: TAUGHT_TRAY_SLOT_SEQUENCE: slot 0 -> 0 (sequence=[0, 0, 0, 0, 0, 0])
[INFO] [1789006118.868657178] [curobo_planner_node]: 7 return to pick-start scan pose
[INFO] [1789006120.276187992] [curobo_planner_node]: pick-start scan pose after pick/place JS Plan OK 1406ms 66pts 1.19s | goal=['150.3', '-11.9', '109.1', '262.2', '63.3', '10.5']deg
[INFO] [1789006120.278376949] [curobo_planner_node]: Spline 12pts plan=1.19s exec=1.03s -> end=['150.3', '-11.9', '109.1', '262.2', '63.3', '10.5']deg
[INFO] [1789006121.783409588] [curobo_planner_node]: World updated (neighbor obstacles cleared): static=1 dynamic=0 neighbor_spheres=0
[INFO] [1789006121.834778572] [curobo_planner_node]: === PICK COMPLETE (DETACH_SUCCESS_UNVERIFIED) ===
[INFO] [1789006122.888784165] [curobo_planner_node]: Operation speed set to 100%
[INFO] [1789006122.889467080] [curobo_planner_node]: === PICK 딸기 raw=(-220,783,560)mm grasp=(-220,783,595)mm det_y=783mm x_bias=+0mm z_bias=+35mm ===
[INFO] [1789006122.890748920] [curobo_planner_node]: 1 open gripper for stem descent: set_position=600
[INFO] [1789006122.942251440] [curobo_planner_node]: World updated (neighbor obstacles registered): static=1 dynamic=0 neighbor_spheres=2
[INFO] [1789006122.942588399] [curobo_planner_node]: Registered 2 neighbor sphere obstacle(s); self-excluded 1 within 50mm of target
[INFO] [1789006122.942983431] [curobo_planner_node]: 2 grasp (CuRobo 2-step 6cm pre) — trying 3 offsets × 4 quats | target=(-220,783,595)mm | start_J1=150.2°
[INFO] [1789006124.151877272] [curobo_planner_node]: Plan OK 1207ms 35pts 0.62s | goal=['-220', '491', '676']mm | end_J=[124.4, 6.2, 63.2, 308.9, 45.6, -41.6]deg
[INFO] [1789006125.320775525] [curobo_planner_node]: Plan OK 1168ms 31pts 0.56s | goal=['-220', '536', '669']mm | end_J=[121.0, 11.9, 57.9, 311.9, 43.0, -44.1]deg
[INFO] [1789006125.321566576] [curobo_planner_node]: Spline 12pts plan=0.62s exec=0.58s -> end=['124.4', '6.2', '63.2', '308.9', '45.6', '-41.6']deg
[INFO] [1789006126.023410544] [curobo_planner_node]: PRE_APPROACH_REACHED — settling 0.3s before 45mm straight approach
[INFO] [1789006126.325427040] [curobo_planner_node]: FINAL_APPROACH_STRAIGHT TOOL +Z 45.0mm vel=60.0mm/s
[INFO] [1789006129.481141631] [curobo_planner_node]: GRASP_POSE_REACHED — offset=+0.015m pre=6cm+45mm+0mm variant=('base', [1, 0, 0], -10.0) elevation=-10.0deg (attempt 1/12)
[WARN] [1789006129.481821804] [curobo_planner_node]: OPEN_DESCENT_DYNAMIC: kp1_z=595mm reached_z=628mm overshoot=33mm extra_below_kp1=0mm -> descent=33mm
[INFO] [1789006129.482277013] [curobo_planner_node]: OPEN_STEM_DESCENT — gripper=600, BASE -Z 33mm to KP1
[INFO] [1789006129.482831751] [curobo_planner_node]: OPEN_STEM_DESCENT BASE REL xyz=[np.float64(0.0), np.float64(0.0), np.float64(-32.6)]mm dist=32.6mm vel=40.0mm/s
[INFO] [1789006131.937530985] [curobo_planner_node]: 3 close gripper + verify grasp
[INFO] [1789006132.338759471] [curobo_planner_node]: VERIFY_GRASP: GRASP_CONTACT_DETECTED present_pos=670 current_raw=200 — jaw stopped before calibrated contact threshold (pos=670 <= 685); position-based grasp detected
[INFO] [1789006132.339174760] [curobo_planner_node]: 4 detach pull — BASE -Z 40mm at 50mm/s
[INFO] [1789006135.144653451] [curobo_planner_node]: DETACH_PULL_DOWN: BASE -Z 40mm -> OK
[INFO] [1789006135.145121490] [curobo_planner_node]: RETREAT TOOL -Z 45.0mm vel=80.0mm/s
[WARN] [1789006138.451010232] [curobo_planner_node]: TAUGHT_TRAY_GRID_PLACE active: slot=0; fixed tray pose only; marker localization is bypassed
[INFO] [1789006138.453966500] [curobo_planner_node]: TAUGHT_TRAY_SLOT0_ABOVE generated from Slot0 FK + grid offset: clearance=120mm goal_mm=[519.9, 52.3, 185.6]
[INFO] [1789006138.504640356] [curobo_planner_node]: Operation speed set to 100%
[INFO] [1789006139.694541878] [curobo_planner_node]: Plan OK 1189ms 55pts 0.99s | goal=['520', '52', '186']mm | end_J=[4.4, 31.0, 123.9, 175.6, 64.6, 94.7]deg
[INFO] [1789006139.695284043] [curobo_planner_node]: Spline 12pts plan=0.99s exec=0.86s -> end=['4.4', '31.0', '123.9', '175.6', '64.6', '94.7']deg
[INFO] [1789006141.047820660] [curobo_planner_node]: TAUGHT_SLOT0_RELEASE_DESCEND BASE -Z 120mm
[INFO] [1789006141.048174718] [curobo_planner_node]: TAUGHT_SLOT0_RELEASE_DESCEND BASE REL xyz=[np.float64(0.0), np.float64(0.0), np.float64(-120.0)]mm dist=120.0mm vel=40.0mm/s
[WARN] [1789006145.405327315] [curobo_planner_node]: TAUGHT_TRAY_SLOT0_PLACE_RELEASE: position_cmd=600
[INFO] [1789006145.456163404] [curobo_planner_node]: TAUGHT_SLOT0_RELEASE_ASCEND joint-space return to above pose (avoid raw BASE +Z branch/limit jump after release)
[INFO] [1789006146.421505881] [curobo_planner_node]: Plan OK 965ms 31pts 0.56s | goal=['520', '52', '186']mm | end_J=[4.4, 31.0, 123.9, 175.6, 64.6, 94.7]deg
[INFO] [1789006146.422329542] [curobo_planner_node]: Spline 12pts plan=0.56s exec=0.58s -> end=['4.4', '31.0', '123.9', '175.6', '64.6', '94.7']deg
[WARN] [1789006146.973763010] [curobo_planner_node]: TAUGHT_TRAY_SLOT_SEQUENCE_DONE: used [0, 0, 0, 0, 0, 0]; next auto slot=1
[INFO] [1789006146.974009917] [curobo_planner_node]: 7 return to pick-start scan pose
[INFO] [1789006148.471035773] [curobo_planner_node]: pick-start scan pose after pick/place JS Plan OK 1496ms 66pts 1.19s | goal=['150.2', '-11.8', '109.1', '262.2', '63.3', '10.5']deg
[INFO] [1789006148.471808963] [curobo_planner_node]: Spline 12pts plan=1.19s exec=1.03s -> end=['150.2', '-11.8', '109.1', '262.2', '63.3', '10.5']deg
[INFO] [1789006149.975724099] [curobo_planner_node]: World updated (neighbor obstacles cleared): static=1 dynamic=0 neighbor_spheres=0
[INFO] [1789006150.026505456] [curobo_planner_node]: === PICK COMPLETE (DETACH_SUCCESS_UNVERIFIED) ===
