[INFO] [1789005924.713938208] [scan_executor_node]: Loaded 4 scan targets from /home/oceanshape/strawberry_grasp_environment/install/strawberry_motion/share/strawberry_motion/config/scan_pose_candidates_refit_candidate.yaml
[INFO] [1789005924.714187062] [scan_executor_node]: MoveJoint speeds: scan vel=120.0 acc=180.0, overview return vel=120.0 acc=180.0
[INFO] [1789005924.714347890] [scan_executor_node]: MoveJoint service dispatch timeout: 30.0s; arrival is verified from /joint_states
[INFO] [1789005924.721633999] [scan_executor_node]: scan_executor_node ready; explicit /strawberry/scan/start required
[INFO] [1789005946.366656339] [scan_executor_node]: START_ACCEPTED explicit request; initial pose verified
[INFO] [1789005946.367692480] [scan_executor_node]: TRAVERSAL_SCAN_STARTED cells=['root/nw', 'root/ne', 'root/se', 'root/sw'] (4/4 quadrants)
[INFO] [1789005946.368155511] [scan_executor_node]: OVERVIEW_SCAN_STARTED — scene_positions 로 분면별 익은 과실 판정, 최대 3.0s
[INFO] [1789005949.370826382] [scan_executor_node]: OVERVIEW_SCAN nw:2  ne:1  se:0  sw:3
[INFO] [1789005949.371298665] [scan_executor_node]: TRAVERSAL_PRUNED skip=['root/se'] — overview 1차 스캔에서 익은 과실 0개
[INFO] [1789005949.371876540] [scan_executor_node]: MOVING_TO root/nw  endpoint_deg=[144.1 22.9 -1.0 -238.5 -75.3 108.7]  (direct MoveJoint, YAML pose)
[INFO] [1789005949.372307540] [scan_executor_node]: Joint equivalent rewrite J4 -238.5 -> 121.5 deg (current 175.9, shorter by 360.0 deg)
[INFO] [1789005949.372738265] [scan_executor_node]: Joint equivalent rewrite J4 -238.5 -> 121.5 deg (current 175.9, shorter by 360.0 deg)
[INFO] [1789005950.525030533] [scan_executor_node]: MoveJoint response: success=True  target=[144.1 22.9 -1.0 121.5 -75.3 108.7]  vel=120.0  acc=180.0
[INFO] [1789005950.525666677] [scan_executor_node]: AT_SCAN_POSE root/nw joints_deg=[144.1 22.7 0.1 121.5 -75.4 108.6] — adaptive detection wait up to 3.0s
[INFO] [1789005953.530210940] [scan_executor_node]: TARGET_FOUND root/nw 6 pick candidate(s) detected
[INFO] [1789005953.530566837] [scan_executor_node]: SUBCELL_SCAN_ORDER root/nw root/nw/sw:1  root/nw/se:1  root/nw/nw:0  root/nw/ne:0
[INFO] [1789005953.530850640] [scan_executor_node]: PICK_SEQUENCE_START root/nw/sw — 1 candidate targets (raw=1 skipped_attempted=0)
[INFO] [1789005953.531018874] [scan_executor_node]: PICK_ALL_DETECTED_TARGETS root/nw/sw timeout=60s max_total_picks=0
[INFO] [1789005953.531203243] [scan_executor_node]: PICK_ATTEMPT_BLACKLIST_ADD pos=(-250,783,740)mm radius=25mm
[INFO] [1789005953.531420408] [scan_executor_node]: PICK_TRIGGER root/nw/sw 1/1 pos=(-250,783,740)mm
[INFO] [1789005988.588152246] [scan_executor_node]: PICK_ATTEMPT_DONE root/nw/sw 1/1 — planner sequence ended (success is verified by gripper/manual KPI, not this Empty topic)
[INFO] [1789005988.588600627] [scan_executor_node]: PICK_ATTEMPT_SETTLE 1.0s before next target
[INFO] [1789005989.590486745] [scan_executor_node]: PICK_SEQUENCE_DONE root/nw/sw — 1/1 attempted
[INFO] [1789005989.591276591] [scan_executor_node]: PICK_SEQUENCE_START root/nw/se — 1 candidate targets (raw=1 skipped_attempted=0)
[INFO] [1789005989.591694305] [scan_executor_node]: PICK_ALL_DETECTED_TARGETS root/nw/se timeout=60s max_total_picks=0
[INFO] [1789005989.592116490] [scan_executor_node]: PICK_ATTEMPT_BLACKLIST_ADD pos=(-120,783,760)mm radius=25mm
[INFO] [1789005989.592603729] [scan_executor_node]: PICK_TRIGGER root/nw/se 1/1 pos=(-120,783,760)mm
[INFO] [1789006020.561121348] [scan_executor_node]: PICK_ATTEMPT_DONE root/nw/se 1/1 — planner sequence ended (success is verified by gripper/manual KPI, not this Empty topic)
[INFO] [1789006020.561557851] [scan_executor_node]: PICK_ATTEMPT_SETTLE 1.0s before next target
[INFO] [1789006021.562800828] [scan_executor_node]: PICK_SEQUENCE_DONE root/nw/se — 1/1 attempted
[INFO] [1789006021.563249802] [scan_executor_node]: SUBCELL_EMPTY root/nw/nw no pick candidate
[INFO] [1789006021.563660569] [scan_executor_node]: SUBCELL_EMPTY root/nw/ne no pick candidate
[INFO] [1789006021.564035656] [scan_executor_node]: INTER_CELL_DIRECT — no overview reset; continuing to next cell
[INFO] [1789006021.564394326] [scan_executor_node]: CELL_RESCAN_AFTER_PICK root/nw pass=1 — checking remaining targets
[INFO] [1789006021.564897215] [scan_executor_node]: MOVING_TO root/nw  endpoint_deg=[144.1 22.9 -1.0 -238.5 -75.3 108.7]  (direct MoveJoint, YAML pose)
[INFO] [1789006021.565179133] [scan_executor_node]: Joint equivalent rewrite J4 -238.5 -> 121.5 deg (current 121.5, shorter by 360.0 deg)
[INFO] [1789006021.565399051] [scan_executor_node]: Joint equivalent rewrite J4 -238.5 -> 121.5 deg (current 121.5, shorter by 360.0 deg)
[INFO] [1789006021.615823196] [scan_executor_node]: MoveJoint response: success=True  target=[144.1 22.9 -1.0 121.5 -75.3 108.7]  vel=120.0  acc=180.0
[INFO] [1789006021.616176610] [scan_executor_node]: AT_SCAN_POSE root/nw joints_deg=[144.1 23.0 -0.9 121.5 -75.3 108.7] — adaptive detection wait up to 3.0s
[INFO] [1789006024.621468339] [scan_executor_node]: TARGET_FOUND root/nw 6 pick candidate(s) detected
[INFO] [1789006024.622036700] [scan_executor_node]: SUBCELL_SCAN_ORDER root/nw root/nw/sw:1  root/nw/se:1  root/nw/nw:0  root/nw/ne:0
[INFO] [1789006024.622378708] [scan_executor_node]: PICK_SKIP_ATTEMPTED root/nw/sw pos=(-250,783,740)mm
[INFO] [1789006024.622621800] [scan_executor_node]: PICK_SEQUENCE_START root/nw/sw — 0 candidate targets (raw=1 skipped_attempted=1)
[INFO] [1789006024.622786287] [scan_executor_node]: PICK_ALL_DETECTED_TARGETS root/nw/sw timeout=60s max_total_picks=0
[INFO] [1789006024.622947213] [scan_executor_node]: PICK_SEQUENCE_DONE root/nw/sw — 0/0 attempted
[INFO] [1789006024.623174319] [scan_executor_node]: PICK_SKIP_ATTEMPTED root/nw/se pos=(-120,783,760)mm
[INFO] [1789006024.623392112] [scan_executor_node]: PICK_SEQUENCE_START root/nw/se — 0 candidate targets (raw=1 skipped_attempted=1)
[INFO] [1789006024.623551055] [scan_executor_node]: PICK_ALL_DETECTED_TARGETS root/nw/se timeout=60s max_total_picks=0
[INFO] [1789006024.623707999] [scan_executor_node]: PICK_SEQUENCE_DONE root/nw/se — 0/0 attempted
[INFO] [1789006024.623923098] [scan_executor_node]: SUBCELL_EMPTY root/nw/nw no pick candidate
[INFO] [1789006024.624102050] [scan_executor_node]: SUBCELL_EMPTY root/nw/ne no pick candidate
[INFO] [1789006024.624272573] [scan_executor_node]: INTER_CELL_DIRECT — no overview reset; continuing to next cell
[INFO] [1789006024.624520738] [scan_executor_node]: MOVING_TO root/ne  endpoint_deg=[18.9 26.0 1.0 74.6 78.2 -115.6]  (direct MoveJoint, YAML pose)
[INFO] [1789006024.624703525] [scan_executor_node]: Joint equivalent rewrite J6 -115.6 -> 244.4 deg (current 108.7, shorter by 88.6 deg)
[INFO] [1789006024.624896237] [scan_executor_node]: Joint equivalent rewrite J6 -115.6 -> 244.4 deg (current 108.7, shorter by 88.6 deg)
[INFO] [1789006025.876921760] [scan_executor_node]: MoveJoint response: success=True  target=[18.9 26.0 1.0 74.6 78.2 244.4]  vel=120.0  acc=180.0
[INFO] [1789006025.877322386] [scan_executor_node]: AT_SCAN_POSE root/ne joints_deg=[19.0 26.2 1.5 74.7 78.9 244.7] — adaptive detection wait up to 3.0s
[INFO] [1789006028.881602156] [scan_executor_node]: TARGET_FOUND root/ne 3 pick candidate(s) detected
[INFO] [1789006028.881867778] [scan_executor_node]: SUBCELL_SCAN_ORDER root/ne root/ne/sw:1  root/ne/se:0  root/ne/nw:0  root/ne/ne:0
[INFO] [1789006028.882137812] [scan_executor_node]: PICK_SEQUENCE_START root/ne/sw — 1 candidate targets (raw=1 skipped_attempted=0)
[INFO] [1789006028.882297196] [scan_executor_node]: PICK_ALL_DETECTED_TARGETS root/ne/sw timeout=60s max_total_picks=0
[INFO] [1789006028.882463341] [scan_executor_node]: PICK_ATTEMPT_BLACKLIST_ADD pos=(200,783,740)mm radius=25mm
[INFO] [1789006028.882657185] [scan_executor_node]: PICK_TRIGGER root/ne/sw 1/1 pos=(200,783,740)mm
[INFO] [1789006057.683178039] [scan_executor_node]: PICK_ATTEMPT_DONE root/ne/sw 1/1 — planner sequence ended (success is verified by gripper/manual KPI, not this Empty topic)
[INFO] [1789006057.683420028] [scan_executor_node]: PICK_ATTEMPT_SETTLE 1.0s before next target
[INFO] [1789006058.684840617] [scan_executor_node]: PICK_SEQUENCE_DONE root/ne/sw — 1/1 attempted
[INFO] [1789006058.685320006] [scan_executor_node]: SUBCELL_EMPTY root/ne/se no pick candidate
[INFO] [1789006058.685756759] [scan_executor_node]: SUBCELL_EMPTY root/ne/nw no pick candidate
[INFO] [1789006058.686192774] [scan_executor_node]: SUBCELL_EMPTY root/ne/ne no pick candidate
[INFO] [1789006058.686618091] [scan_executor_node]: INTER_CELL_DIRECT — no overview reset; continuing to next cell
[INFO] [1789006058.687009539] [scan_executor_node]: CELL_RESCAN_AFTER_PICK root/ne pass=1 — checking remaining targets
[INFO] [1789006058.687534058] [scan_executor_node]: MOVING_TO root/ne  endpoint_deg=[18.9 26.0 1.0 74.6 78.2 -115.6]  (direct MoveJoint, YAML pose)
[INFO] [1789006058.687952092] [scan_executor_node]: Joint equivalent rewrite J6 -115.6 -> 244.4 deg (current 244.4, shorter by 360.0 deg)
[INFO] [1789006058.688397619] [scan_executor_node]: Joint equivalent rewrite J6 -115.6 -> 244.4 deg (current 244.4, shorter by 360.0 deg)
[INFO] [1789006058.738912115] [scan_executor_node]: MoveJoint response: success=True  target=[18.9 26.0 1.0 74.6 78.2 244.4]  vel=120.0  acc=180.0
[INFO] [1789006058.739243905] [scan_executor_node]: AT_SCAN_POSE root/ne joints_deg=[18.9 26.1 1.0 74.6 78.2 244.4] — adaptive detection wait up to 3.0s
[INFO] [1789006061.744533328] [scan_executor_node]: TARGET_FOUND root/ne 3 pick candidate(s) detected
[INFO] [1789006061.744997081] [scan_executor_node]: SUBCELL_SCAN_ORDER root/ne root/ne/sw:1  root/ne/se:0  root/ne/nw:0  root/ne/ne:0
[INFO] [1789006061.745286607] [scan_executor_node]: PICK_SKIP_ATTEMPTED root/ne/sw pos=(200,783,740)mm
[INFO] [1789006061.745527636] [scan_executor_node]: PICK_SEQUENCE_START root/ne/sw — 0 candidate targets (raw=1 skipped_attempted=1)
[INFO] [1789006061.745692299] [scan_executor_node]: PICK_ALL_DETECTED_TARGETS root/ne/sw timeout=60s max_total_picks=0
[INFO] [1789006061.745861027] [scan_executor_node]: PICK_SEQUENCE_DONE root/ne/sw — 0/0 attempted
[INFO] [1789006061.746035370] [scan_executor_node]: SUBCELL_EMPTY root/ne/se no pick candidate
[INFO] [1789006061.746267759] [scan_executor_node]: SUBCELL_EMPTY root/ne/nw no pick candidate
[INFO] [1789006061.746475371] [scan_executor_node]: SUBCELL_EMPTY root/ne/ne no pick candidate
[INFO] [1789006061.746636379] [scan_executor_node]: INTER_CELL_DIRECT — no overview reset; continuing to next cell
[INFO] [1789006061.746883079] [scan_executor_node]: MOVING_TO root/sw  endpoint_deg=[150.3 -11.9 109.1 -97.8 63.3 10.5]  (direct MoveJoint, YAML pose)
[INFO] [1789006061.747111636] [scan_executor_node]: TRANSIT_VIA_OVERVIEW root/ne -> root/sw — 비인접 분면, MoveJoint 폴백은 overview 경유
[INFO] [1789006062.899066327] [scan_executor_node]: MoveJoint response: success=True  target=[88.0 -94.9 129.9 175.9 -31.3 93.4]  vel=120.0  acc=180.0
[INFO] [1789006062.949606925] [scan_executor_node]: Joint equivalent rewrite J4 -97.8 -> 262.2 deg (current 175.6, shorter by 186.9 deg)
[INFO] [1789006063.701240199] [scan_executor_node]: MoveJoint response: success=True  target=[150.3 -11.9 109.1 262.2 63.3 10.5]  vel=120.0  acc=180.0
[INFO] [1789006063.701604378] [scan_executor_node]: AT_SCAN_POSE root/sw joints_deg=[149.9 -12.4 109.2 263.2 62.2 10.8] — adaptive detection wait up to 3.0s
[INFO] [1789006066.706895529] [scan_executor_node]: TARGET_FOUND root/sw 9 pick candidate(s) detected
[INFO] [1789006066.707454705] [scan_executor_node]: SUBCELL_SCAN_ORDER root/sw root/sw/sw:0  root/sw/se:1  root/sw/nw:1  root/sw/ne:1
[INFO] [1789006066.707682631] [scan_executor_node]: SUBCELL_EMPTY root/sw/sw no pick candidate
[INFO] [1789006066.707987140] [scan_executor_node]: PICK_SEQUENCE_START root/sw/se — 1 candidate targets (raw=1 skipped_attempted=0)
[INFO] [1789006066.708162559] [scan_executor_node]: PICK_ALL_DETECTED_TARGETS root/sw/se timeout=60s max_total_picks=0
[INFO] [1789006066.708346033] [scan_executor_node]: PICK_ATTEMPT_BLACKLIST_ADD pos=(-100,783,440)mm radius=25mm
[INFO] [1789006066.708560298] [scan_executor_node]: PICK_TRIGGER root/sw/se 1/1 pos=(-100,783,440)mm
[INFO] [1789006093.511682814] [scan_executor_node]: PICK_ATTEMPT_DONE root/sw/se 1/1 — planner sequence ended (success is verified by gripper/manual KPI, not this Empty topic)
[INFO] [1789006093.511888056] [scan_executor_node]: PICK_ATTEMPT_SETTLE 1.0s before next target
[INFO] [1789006094.513459900] [scan_executor_node]: PICK_SEQUENCE_DONE root/sw/se — 1/1 attempted
[INFO] [1789006094.514225470] [scan_executor_node]: PICK_SEQUENCE_START root/sw/nw — 1 candidate targets (raw=1 skipped_attempted=0)
[INFO] [1789006094.514635036] [scan_executor_node]: PICK_ALL_DETECTED_TARGETS root/sw/nw timeout=60s max_total_picks=0
[INFO] [1789006094.515059673] [scan_executor_node]: PICK_ATTEMPT_BLACKLIST_ADD pos=(-250,783,500)mm radius=25mm
[INFO] [1789006094.515549103] [scan_executor_node]: PICK_TRIGGER root/sw/nw 1/1 pos=(-250,783,500)mm
[INFO] [1789006121.834982386] [scan_executor_node]: PICK_ATTEMPT_DONE root/sw/nw 1/1 — planner sequence ended (success is verified by gripper/manual KPI, not this Empty topic)
[INFO] [1789006121.835408942] [scan_executor_node]: PICK_ATTEMPT_SETTLE 1.0s before next target
[INFO] [1789006122.836604468] [scan_executor_node]: PICK_SEQUENCE_DONE root/sw/nw — 1/1 attempted
[INFO] [1789006122.837021149] [scan_executor_node]: PICK_SEQUENCE_START root/sw/ne — 1 candidate targets (raw=1 skipped_attempted=0)
[INFO] [1789006122.837189303] [scan_executor_node]: PICK_ALL_DETECTED_TARGETS root/sw/ne timeout=60s max_total_picks=0
[INFO] [1789006122.837367806] [scan_executor_node]: PICK_ATTEMPT_BLACKLIST_ADD pos=(-220,783,560)mm radius=25mm
[INFO] [1789006122.837575237] [scan_executor_node]: PICK_TRIGGER root/sw/ne 1/1 pos=(-220,783,560)mm
[INFO] [1789006150.027298793] [scan_executor_node]: PICK_ATTEMPT_DONE root/sw/ne 1/1 — planner sequence ended (success is verified by gripper/manual KPI, not this Empty topic)
[INFO] [1789006150.027718164] [scan_executor_node]: PICK_ATTEMPT_SETTLE 1.0s before next target
[INFO] [1789006151.028816682] [scan_executor_node]: PICK_SEQUENCE_DONE root/sw/ne — 1/1 attempted
[INFO] [1789006151.029265400] [scan_executor_node]: CELL_RESCAN_AFTER_PICK root/sw pass=1 — checking remaining targets
[INFO] [1789006151.029806624] [scan_executor_node]: MOVING_TO root/sw  endpoint_deg=[150.3 -11.9 109.1 -97.8 63.3 10.5]  (direct MoveJoint, YAML pose)
[INFO] [1789006151.030213644] [scan_executor_node]: Joint equivalent rewrite J4 -97.8 -> 262.2 deg (current 262.2, shorter by 360.0 deg)
[INFO] [1789006151.030620299] [scan_executor_node]: Joint equivalent rewrite J4 -97.8 -> 262.2 deg (current 262.2, shorter by 360.0 deg)
[INFO] [1789006151.081295206] [scan_executor_node]: MoveJoint response: success=True  target=[150.3 -11.9 109.1 262.2 63.3 10.5]  vel=120.0  acc=180.0
[INFO] [1789006151.081936416] [scan_executor_node]: AT_SCAN_POSE root/sw joints_deg=[150.2 -11.8 109.1 262.2 63.3 10.5] — adaptive detection wait up to 3.0s
[INFO] [1789006154.086483629] [scan_executor_node]: TARGET_FOUND root/sw 9 pick candidate(s) detected
[INFO] [1789006154.087111476] [scan_executor_node]: SUBCELL_SCAN_ORDER root/sw root/sw/sw:0  root/sw/se:1  root/sw/nw:1  root/sw/ne:1
[INFO] [1789006154.087538452] [scan_executor_node]: SUBCELL_EMPTY root/sw/sw no pick candidate
[INFO] [1789006154.088021962] [scan_executor_node]: PICK_SKIP_ATTEMPTED root/sw/se pos=(-100,783,440)mm
[INFO] [1789006154.088482655] [scan_executor_node]: PICK_SEQUENCE_START root/sw/se — 0 candidate targets (raw=1 skipped_attempted=1)
[INFO] [1789006154.088842168] [scan_executor_node]: PICK_ALL_DETECTED_TARGETS root/sw/se timeout=60s max_total_picks=0
[INFO] [1789006154.089203217] [scan_executor_node]: PICK_SEQUENCE_DONE root/sw/se — 0/0 attempted
[INFO] [1789006154.089675562] [scan_executor_node]: PICK_SKIP_ATTEMPTED root/sw/nw pos=(-250,783,500)mm
[INFO] [1789006154.090117813] [scan_executor_node]: PICK_SEQUENCE_START root/sw/nw — 0 candidate targets (raw=1 skipped_attempted=1)
[INFO] [1789006154.090481380] [scan_executor_node]: PICK_ALL_DETECTED_TARGETS root/sw/nw timeout=60s max_total_picks=0
[INFO] [1789006154.090841962] [scan_executor_node]: PICK_SEQUENCE_DONE root/sw/nw — 0/0 attempted
[INFO] [1789006154.091314153] [scan_executor_node]: PICK_SKIP_ATTEMPTED root/sw/ne pos=(-220,783,560)mm
[INFO] [1789006154.091765162] [scan_executor_node]: PICK_SEQUENCE_START root/sw/ne — 0 candidate targets (raw=1 skipped_attempted=1)
[INFO] [1789006154.092144438] [scan_executor_node]: PICK_ALL_DETECTED_TARGETS root/sw/ne timeout=60s max_total_picks=0
[INFO] [1789006154.092555752] [scan_executor_node]: PICK_SEQUENCE_DONE root/sw/ne — 0/0 attempted
[INFO] [1789006154.092959027] [scan_executor_node]: RETURNING_TO_OVERVIEW
[INFO] [1789006154.844644942] [scan_executor_node]: MoveJoint response: success=True  target=[88.0 -94.9 129.9 175.9 -31.3 93.4]  vel=120.0  acc=180.0
[INFO] [1789006154.895379072] [scan_executor_node]: AT_OVERVIEW joints_deg=[88.1 -94.3 129.9 176.4 -30.7 93.1]
[INFO] [1789006154.895770856] [scan_executor_node]: HARVEST_PRIORITY_ORDER root/sw:9  root/nw:6  root/ne:3
[INFO] [1789006154.896137889] [scan_executor_node]: SCAN_COMPLETE
[INFO] [1789006154.896717046] [scan_executor_node]: READY_FOR_NEXT_START
