[INFO] [1789005921.299897084] [sim_executor_bridge_node]: Sim Executor Bridge Node initializing...
[WARN] [1789005921.700152896] [sim_executor_bridge_node]: MOVELINE_COLLISION_WORLD: ['whiteboard'] loaded from /home/oceanshape/strawberry_grasp_environment/install/e0509_gripper_description/share/e0509_gripper_description/config/environment.yaml
[INFO] [1789005922.085248177] [sim_executor_bridge_node]: cuRobo IK Solver successfully initialized for MoveLine.
[WARN] [1789005922.085537787] [sim_executor_bridge_node]: GRASP_JUDGE_MODEL: tool_tcp_offset=236mm capture_radius=38mm enabled=True sim_speed_scale=2.0 gripper_close=1.080rad — planner 의 ee_to_tcp_offset_m 과 반드시 같아야 한다 (다르면 전 타겟 GRASP_EMPTY)
[INFO] [1789005922.085701953] [sim_executor_bridge_node]: Sim Executor Bridge Node Ready! (Listening to Doosan & Gripper services)
[INFO] [1789005934.345689969] [sim_executor_bridge_node]: SetPosition called to 600
[INFO] [1789005949.374150601] [sim_executor_bridge_node]: MoveJoint called to [144.09  22.9   -1.   121.48 -75.31 108.68]
[INFO] [1789005953.584851927] [sim_executor_bridge_node]: SetPosition called to 600
[INFO] [1789005957.076072961] [sim_executor_bridge_node]: MoveSplineJoint called with 12 points
[INFO] [1789005957.617070129] [sim_executor_bridge_node]: MoveSpline ok: 12 pts / 0.35s -> end=[128.5 48.2 -28.9 139.9 -75.0 103.0]deg
[INFO] [1789005957.928505564] [sim_executor_bridge_node]: MoveLine called (pos=[ 0.  0. 45.  0.  0.  0.], ref=1, mode=1)
[INFO] [1789005962.073051731] [sim_executor_bridge_node]: MoveLine 실이동 44.1mm / 명령 45mm
[INFO] [1789005962.073458018] [sim_executor_bridge_node]: MoveLine ok: 45mm / 23 steps / 계획 0.37s 실소요 4.14s (worst step joint delta 1.5deg)
[INFO] [1789005962.087917299] [sim_executor_bridge_node]: MoveLine called (pos=[  0.        0.      -30.00054   0.        0.        0.     ], ref=0, mode=1)
[INFO] [1789005964.664053267] [sim_executor_bridge_node]: MoveLine 실이동 28.0mm / 명령 30mm
[INFO] [1789005964.664261173] [sim_executor_bridge_node]: MoveLine ok: 30mm / 16 steps / 계획 0.38s 실소요 2.57s (worst step joint delta 2.2deg)
[INFO] [1789005964.692204100] [sim_executor_bridge_node]: SetPosition called to 700
[INFO] [1789005964.693361689] [sim_executor_bridge_node]: GRASP_JUDGE 줄기기준 along=+15.0mm(조우 -6~27) lateral=1.2mm(허용20) | 과실기준 d_tcp=37.5mm -> CONTACT
[INFO] [1789005965.094083436] [sim_executor_bridge_node]: MoveLine called (pos=[  0.   0. -40.   0.   0.   0.], ref=0, mode=1)
[INFO] [1789005968.032481158] [sim_executor_bridge_node]: MoveLine 실이동 37.7mm / 명령 40mm
[INFO] [1789005968.032703167] [sim_executor_bridge_node]: MoveLine ok: 40mm / 20 steps / 계획 0.40s 실소요 2.94s (worst step joint delta 0.9deg)
[INFO] [1789005968.049784457] [sim_executor_bridge_node]: MoveLine called (pos=[  0.   0. -45.   0.   0.   0.], ref=1, mode=1)
[INFO] [1789005971.248982154] [sim_executor_bridge_node]: MoveLine 실이동 42.1mm / 명령 45mm
[INFO] [1789005971.249214772] [sim_executor_bridge_node]: MoveLine ok: 45mm / 23 steps / 계획 0.28s 실소요 3.20s (worst step joint delta 0.4deg)
[INFO] [1789005973.036842062] [sim_executor_bridge_node]: MoveSplineJoint called with 12 points
[INFO] [1789005974.727093687] [sim_executor_bridge_node]: MoveSpline ok: 12 pts / 1.48s -> end=[184.4 -31.0 -123.9 175.6 -64.6 274.7]deg
[INFO] [1789005974.740096534] [sim_executor_bridge_node]: MoveLine called (pos=[   0.    0. -120.    0.    0.    0.], ref=0, mode=1)
[INFO] [1789005974.743939525] [sim_executor_bridge_node]: MoveLine 120mm: 60 -> 24 steps (5.0mm/step, 자유공간 이송)
[ERROR] [1789005979.640888576] [sim_executor_bridge_node]: MOVELINE_SHORT: 명령 120mm 인데 실제 116.4mm (부족 3.6mm, 도착판정 True, BASE dz=-120.0mm) — 이 잔차는 다음 상대 이동에 그대로 전파된다
[INFO] [1789005979.641111582] [sim_executor_bridge_node]: MoveLine ok: 120mm / 24 steps / 계획 1.50s 실소요 4.90s (worst step joint delta 0.9deg)
[INFO] [1789005979.649505308] [sim_executor_bridge_node]: SetPosition called to 600
[INFO] [1789005980.865466303] [sim_executor_bridge_node]: MoveSplineJoint called with 12 points
[INFO] [1789005981.362485040] [sim_executor_bridge_node]: MoveSpline ok: 12 pts / 0.35s -> end=[184.4 -31.0 -123.9 175.6 -64.6 274.7]deg
[INFO] [1789005986.633239835] [sim_executor_bridge_node]: MoveSplineJoint called with 12 points
[INFO] [1789005988.533653688] [sim_executor_bridge_node]: MoveSpline ok: 12 pts / 1.39s -> end=[144.1 23.0 -1.0 121.5 -75.3 108.7]deg
[INFO] [1789005988.537694701] [sim_executor_bridge_node]: SetPosition called to 600
[INFO] [1789005989.645597355] [sim_executor_bridge_node]: SetPosition called to 600
[INFO] [1789005994.922864205] [sim_executor_bridge_node]: MoveSplineJoint called with 12 points
[INFO] [1789005995.485677339] [sim_executor_bridge_node]: MoveSpline ok: 12 pts / 0.35s -> end=[110.9 9.6 37.8 150.6 -46.6 111.9]deg
[INFO] [1789005995.824846860] [sim_executor_bridge_node]: MoveLine called (pos=[ 0.  0. 45.  0.  0.  0.], ref=1, mode=1)
[INFO] [1789005999.464336942] [sim_executor_bridge_node]: MoveLine 실이동 43.7mm / 명령 45mm
[INFO] [1789005999.464758191] [sim_executor_bridge_node]: MoveLine ok: 45mm / 23 steps / 계획 0.37s 실소요 3.64s (worst step joint delta 0.6deg)
[INFO] [1789005999.482643463] [sim_executor_bridge_node]: MoveLine called (pos=[  0.        0.      -30.00054   0.        0.        0.     ], ref=0, mode=1)
[INFO] [1789006001.810968340] [sim_executor_bridge_node]: MoveLine 실이동 29.2mm / 명령 30mm
[INFO] [1789006001.811209486] [sim_executor_bridge_node]: MoveLine ok: 30mm / 16 steps / 계획 0.38s 실소요 2.33s (worst step joint delta 1.0deg)
[INFO] [1789006001.837396876] [sim_executor_bridge_node]: SetPosition called to 700
[INFO] [1789006001.841213788] [sim_executor_bridge_node]: GRASP_JUDGE 줄기기준 along=+13.9mm(조우 -6~27) lateral=4.0mm(허용20) | 과실기준 d_tcp=34.6mm -> CONTACT
[INFO] [1789006002.239361020] [sim_executor_bridge_node]: MoveLine called (pos=[  0.   0. -40.   0.   0.   0.], ref=0, mode=1)
[INFO] [1789006005.195915890] [sim_executor_bridge_node]: MoveLine 실이동 38.6mm / 명령 40mm
[INFO] [1789006005.196356254] [sim_executor_bridge_node]: MoveLine ok: 40mm / 20 steps / 계획 0.40s 실소요 2.96s (worst step joint delta 0.7deg)
[INFO] [1789006005.246309812] [sim_executor_bridge_node]: MoveLine called (pos=[  0.   0. -45.   0.   0.   0.], ref=1, mode=1)
[ERROR] [1789006008.630360548] [sim_executor_bridge_node]: MOVELINE_SHORT: 명령 45mm 인데 실제 41.9mm (부족 3.1mm, 도착판정 True, TOOL dz=-45.0mm) — 이 잔차는 다음 상대 이동에 그대로 전파된다
[INFO] [1789006008.630785015] [sim_executor_bridge_node]: MoveLine ok: 45mm / 23 steps / 계획 0.28s 실소요 3.38s (worst step joint delta 0.4deg)
[INFO] [1789006010.153122784] [sim_executor_bridge_node]: MoveSplineJoint called with 12 points
[INFO] [1789006011.272827705] [sim_executor_bridge_node]: MoveSpline ok: 12 pts / 0.90s -> end=[4.4 31.0 123.9 175.6 64.6 94.7]deg
[INFO] [1789006011.306405311] [sim_executor_bridge_node]: MoveLine called (pos=[   0.    0. -120.    0.    0.    0.], ref=0, mode=1)
[INFO] [1789006011.307492706] [sim_executor_bridge_node]: MoveLine 120mm: 60 -> 24 steps (5.0mm/step, 자유공간 이송)
[ERROR] [1789006015.621611525] [sim_executor_bridge_node]: MOVELINE_SHORT: 명령 120mm 인데 실제 116.5mm (부족 3.5mm, 도착판정 True, BASE dz=-120.0mm) — 이 잔차는 다음 상대 이동에 그대로 전파된다
[INFO] [1789006015.621812118] [sim_executor_bridge_node]: MoveLine ok: 120mm / 24 steps / 계획 1.50s 실소요 4.31s (worst step joint delta 0.9deg)
[INFO] [1789006015.665344830] [sim_executor_bridge_node]: SetPosition called to 600
[INFO] [1789006016.766179008] [sim_executor_bridge_node]: MoveSplineJoint called with 12 points
[INFO] [1789006017.281641995] [sim_executor_bridge_node]: MoveSpline ok: 12 pts / 0.35s -> end=[4.4 31.0 123.9 175.6 64.6 94.7]deg
[INFO] [1789006019.004849728] [sim_executor_bridge_node]: MoveSplineJoint called with 12 points
[INFO] [1789006020.469182330] [sim_executor_bridge_node]: MoveSpline ok: 12 pts / 1.22s -> end=[144.1 23.0 -0.9 121.5 -75.3 108.7]deg
[INFO] [1789006020.510451785] [sim_executor_bridge_node]: SetPosition called to 600
[INFO] [1789006021.566385208] [sim_executor_bridge_node]: MoveJoint called to [144.09  22.9   -1.   121.48 -75.31 108.68]
[INFO] [1789006024.626142253] [sim_executor_bridge_node]: MoveJoint called to [ 18.91  25.97   1.    74.58  78.17 244.39]
[INFO] [1789006028.935787358] [sim_executor_bridge_node]: SetPosition called to 600
[INFO] [1789006033.516470523] [sim_executor_bridge_node]: MoveSplineJoint called with 12 points
[INFO] [1789006034.097744562] [sim_executor_bridge_node]: MoveSpline ok: 12 pts / 0.35s -> end=[57.5 13.1 37.4 45.0 49.4 237.6]deg
[INFO] [1789006034.418827437] [sim_executor_bridge_node]: MoveLine called (pos=[ 0.  0. 45.  0.  0.  0.], ref=1, mode=1)
[INFO] [1789006037.546163332] [sim_executor_bridge_node]: MoveLine 실이동 43.5mm / 명령 45mm
[INFO] [1789006037.546607712] [sim_executor_bridge_node]: MoveLine ok: 45mm / 23 steps / 계획 0.38s 실소요 3.12s (worst step joint delta 0.7deg)
[INFO] [1789006037.575093865] [sim_executor_bridge_node]: MoveLine called (pos=[  0.        0.      -30.00054   0.        0.        0.     ], ref=0, mode=1)
[INFO] [1789006039.871958415] [sim_executor_bridge_node]: MoveLine 실이동 28.7mm / 명령 30mm
[INFO] [1789006039.872167748] [sim_executor_bridge_node]: MoveLine ok: 30mm / 16 steps / 계획 0.38s 실소요 2.30s (worst step joint delta 1.0deg)
[INFO] [1789006039.878302595] [sim_executor_bridge_node]: SetPosition called to 700
[INFO] [1789006039.879241195] [sim_executor_bridge_node]: GRASP_JUDGE 줄기기준 along=+14.5mm(조우 -6~27) lateral=3.8mm(허용20) | 과실기준 d_tcp=35.3mm -> CONTACT
[INFO] [1789006040.280770366] [sim_executor_bridge_node]: MoveLine called (pos=[  0.   0. -40.   0.   0.   0.], ref=0, mode=1)
[INFO] [1789006043.096240703] [sim_executor_bridge_node]: MoveLine 실이동 38.3mm / 명령 40mm
[INFO] [1789006043.096439924] [sim_executor_bridge_node]: MoveLine ok: 40mm / 20 steps / 계획 0.40s 실소요 2.81s (worst step joint delta 0.7deg)
[INFO] [1789006043.136159032] [sim_executor_bridge_node]: MoveLine called (pos=[  0.   0. -45.   0.   0.   0.], ref=1, mode=1)
[ERROR] [1789006046.184060818] [sim_executor_bridge_node]: MOVELINE_SHORT: 명령 45mm 인데 실제 41.7mm (부족 3.3mm, 도착판정 True, TOOL dz=-45.0mm) — 이 잔차는 다음 상대 이동에 그대로 전파된다
[INFO] [1789006046.184275357] [sim_executor_bridge_node]: MoveLine ok: 45mm / 23 steps / 계획 0.28s 실소요 3.05s (worst step joint delta 0.4deg)
[INFO] [1789006047.677292241] [sim_executor_bridge_node]: MoveSplineJoint called with 12 points
[INFO] [1789006048.792066144] [sim_executor_bridge_node]: MoveSpline ok: 12 pts / 0.88s -> end=[4.4 31.0 123.9 -4.4 -64.6 274.7]deg
[INFO] [1789006048.829503628] [sim_executor_bridge_node]: MoveLine called (pos=[   0.    0. -120.    0.    0.    0.], ref=0, mode=1)
[INFO] [1789006048.832075644] [sim_executor_bridge_node]: MoveLine 120mm: 60 -> 24 steps (5.0mm/step, 자유공간 이송)
[ERROR] [1789006053.111905487] [sim_executor_bridge_node]: MOVELINE_SHORT: 명령 120mm 인데 실제 116.0mm (부족 4.0mm, 도착판정 True, BASE dz=-120.0mm) — 이 잔차는 다음 상대 이동에 그대로 전파된다
[INFO] [1789006053.112352548] [sim_executor_bridge_node]: MoveLine ok: 120mm / 24 steps / 계획 1.50s 실소요 4.28s (worst step joint delta 0.9deg)
[INFO] [1789006053.136013024] [sim_executor_bridge_node]: SetPosition called to 600
[INFO] [1789006054.137828250] [sim_executor_bridge_node]: MoveSplineJoint called with 12 points
[INFO] [1789006054.634417710] [sim_executor_bridge_node]: MoveSpline ok: 12 pts / 0.35s -> end=[4.4 31.0 123.9 -4.4 -64.6 274.7]deg
[INFO] [1789006056.129721180] [sim_executor_bridge_node]: MoveSplineJoint called with 12 points
[INFO] [1789006057.604318782] [sim_executor_bridge_node]: MoveSpline ok: 12 pts / 1.21s -> end=[18.9 26.0 1.0 74.6 78.2 244.4]deg
[INFO] [1789006057.632910706] [sim_executor_bridge_node]: SetPosition called to 600
[INFO] [1789006058.689312876] [sim_executor_bridge_node]: MoveJoint called to [ 18.91  25.97   1.    74.58  78.17 244.39]
[INFO] [1789006061.748365716] [sim_executor_bridge_node]: MoveJoint called to [ 87.98 -94.92 129.89 175.94 -31.34  93.42]
[INFO] [1789006062.950870179] [sim_executor_bridge_node]: MoveJoint called to [150.27 -11.92 109.11 262.19  63.33  10.46]
[INFO] [1789006066.762048038] [sim_executor_bridge_node]: SetPosition called to 600
[INFO] [1789006069.335724533] [sim_executor_bridge_node]: MoveSplineJoint called with 12 points
[INFO] [1789006069.935763584] [sim_executor_bridge_node]: MoveSpline ok: 12 pts / 0.37s -> end=[107.3 -5.6 93.9 304.4 20.8 -32.4]deg
[INFO] [1789006070.287957799] [sim_executor_bridge_node]: MoveLine called (pos=[ 0.  0. 45.  0.  0.  0.], ref=1, mode=1)
[INFO] [1789006073.228388457] [sim_executor_bridge_node]: MoveLine 실이동 42.5mm / 명령 45mm
[INFO] [1789006073.228618419] [sim_executor_bridge_node]: MoveLine ok: 45mm / 23 steps / 계획 0.38s 실소요 2.93s (worst step joint delta 0.3deg)
[INFO] [1789006073.243125818] [sim_executor_bridge_node]: MoveLine called (pos=[  0.           0.         -32.60535644   0.           0.
   0.        ], ref=0, mode=1)
[INFO] [1789006075.529255747] [sim_executor_bridge_node]: MoveLine 실이동 30.8mm / 명령 33mm
[INFO] [1789006075.529462951] [sim_executor_bridge_node]: MoveLine ok: 33mm / 17 steps / 계획 0.41s 실소요 2.29s (worst step joint delta 1.0deg)
[INFO] [1789006075.547100253] [sim_executor_bridge_node]: SetPosition called to 700
[INFO] [1789006075.548235765] [sim_executor_bridge_node]: GRASP_JUDGE 줄기기준 along=+16.5mm(조우 -6~27) lateral=2.7mm(허용20) | 과실기준 d_tcp=39.0mm -> CONTACT
[INFO] [1789006075.948647660] [sim_executor_bridge_node]: MoveLine called (pos=[  0.   0. -40.   0.   0.   0.], ref=0, mode=1)
[INFO] [1789006078.805597012] [sim_executor_bridge_node]: MoveLine 실이동 38.1mm / 명령 40mm
[INFO] [1789006078.805808824] [sim_executor_bridge_node]: MoveLine ok: 40mm / 20 steps / 계획 0.40s 실소요 2.85s (worst step joint delta 1.2deg)
[INFO] [1789006078.854353469] [sim_executor_bridge_node]: MoveLine called (pos=[  0.   0. -45.   0.   0.   0.], ref=1, mode=1)
[ERROR] [1789006081.854649482] [sim_executor_bridge_node]: MOVELINE_SHORT: 명령 45mm 인데 실제 41.9mm (부족 3.1mm, 도착판정 True, TOOL dz=-45.0mm) — 이 잔차는 다음 상대 이동에 그대로 전파된다
[INFO] [1789006081.854862752] [sim_executor_bridge_node]: MoveLine ok: 45mm / 23 steps / 계획 0.28s 실소요 3.00s (worst step joint delta 0.3deg)
[INFO] [1789006083.427100480] [sim_executor_bridge_node]: MoveSplineJoint called with 12 points
[INFO] [1789006084.600460447] [sim_executor_bridge_node]: MoveSpline ok: 12 pts / 0.91s -> end=[4.4 31.0 123.9 175.6 64.6 94.7]deg
[INFO] [1789006084.631719882] [sim_executor_bridge_node]: MoveLine called (pos=[   0.    0. -120.    0.    0.    0.], ref=0, mode=1)
[INFO] [1789006084.632510430] [sim_executor_bridge_node]: MoveLine 120mm: 60 -> 24 steps (5.0mm/step, 자유공간 이송)
[ERROR] [1789006088.884809523] [sim_executor_bridge_node]: MOVELINE_SHORT: 명령 120mm 인데 실제 115.9mm (부족 4.1mm, 도착판정 True, BASE dz=-120.0mm) — 이 잔차는 다음 상대 이동에 그대로 전파된다
[INFO] [1789006088.885743724] [sim_executor_bridge_node]: MoveLine ok: 120mm / 24 steps / 계획 1.50s 실소요 4.25s (worst step joint delta 0.9deg)
[INFO] [1789006088.889821535] [sim_executor_bridge_node]: SetPosition called to 600
[INFO] [1789006089.972702565] [sim_executor_bridge_node]: MoveSplineJoint called with 12 points
[INFO] [1789006090.489358210] [sim_executor_bridge_node]: MoveSpline ok: 12 pts / 0.35s -> end=[4.4 31.0 123.9 175.6 64.6 94.7]deg
[INFO] [1789006091.958240898] [sim_executor_bridge_node]: MoveSplineJoint called with 12 points
[INFO] [1789006093.422747888] [sim_executor_bridge_node]: MoveSpline ok: 12 pts / 1.22s -> end=[150.3 -11.9 109.1 262.2 63.3 10.5]deg
[INFO] [1789006093.461291556] [sim_executor_bridge_node]: SetPosition called to 600
[INFO] [1789006094.568168575] [sim_executor_bridge_node]: SetPosition called to 600
[INFO] [1789006097.102534487] [sim_executor_bridge_node]: MoveSplineJoint called with 12 points
[INFO] [1789006097.684611158] [sim_executor_bridge_node]: MoveSpline ok: 12 pts / 0.35s -> end=[127.9 6.3 72.7 297.8 43.1 -27.5]deg
[INFO] [1789006098.005493620] [sim_executor_bridge_node]: MoveLine called (pos=[ 0.  0. 45.  0.  0.  0.], ref=1, mode=1)
[INFO] [1789006101.272907449] [sim_executor_bridge_node]: MoveLine 실이동 42.8mm / 명령 45mm
[INFO] [1789006101.273126831] [sim_executor_bridge_node]: MoveLine ok: 45mm / 23 steps / 계획 0.38s 실소요 3.27s (worst step joint delta 0.2deg)
[INFO] [1789006101.312462880] [sim_executor_bridge_node]: MoveLine called (pos=[  0.           0.         -32.60535644   0.           0.
   0.        ], ref=0, mode=1)
[INFO] [1789006103.657023421] [sim_executor_bridge_node]: MoveLine 실이동 30.6mm / 명령 33mm
[INFO] [1789006103.657674439] [sim_executor_bridge_node]: MoveLine ok: 33mm / 17 steps / 계획 0.41s 실소요 2.34s (worst step joint delta 0.4deg)
[INFO] [1789006103.665956407] [sim_executor_bridge_node]: SetPosition called to 700
[INFO] [1789006103.670497268] [sim_executor_bridge_node]: GRASP_JUDGE 줄기기준 along=+15.8mm(조우 -6~27) lateral=2.8mm(허용20) | 과실기준 d_tcp=38.5mm -> CONTACT
[INFO] [1789006104.068473896] [sim_executor_bridge_node]: MoveLine called (pos=[  0.   0. -40.   0.   0.   0.], ref=0, mode=1)
[INFO] [1789006106.985241330] [sim_executor_bridge_node]: MoveLine 실이동 38.1mm / 명령 40mm
[INFO] [1789006106.985529234] [sim_executor_bridge_node]: MoveLine ok: 40mm / 20 steps / 계획 0.40s 실소요 2.91s (worst step joint delta 0.5deg)
[INFO] [1789006107.023094650] [sim_executor_bridge_node]: MoveLine called (pos=[  0.   0. -45.   0.   0.   0.], ref=1, mode=1)
[ERROR] [1789006110.070964421] [sim_executor_bridge_node]: MOVELINE_SHORT: 명령 45mm 인데 실제 41.9mm (부족 3.1mm, 도착판정 True, TOOL dz=-45.0mm) — 이 잔차는 다음 상대 이동에 그대로 전파된다
[INFO] [1789006110.071376126] [sim_executor_bridge_node]: MoveLine ok: 45mm / 23 steps / 계획 0.28s 실소요 3.05s (worst step joint delta 0.2deg)
[INFO] [1789006111.613892555] [sim_executor_bridge_node]: MoveSplineJoint called with 12 points
[INFO] [1789006112.903379648] [sim_executor_bridge_node]: MoveSpline ok: 12 pts / 1.05s -> end=[4.4 31.0 123.9 175.6 64.6 94.7]deg
[INFO] [1789006112.917125605] [sim_executor_bridge_node]: MoveLine called (pos=[   0.    0. -120.    0.    0.    0.], ref=0, mode=1)
[INFO] [1789006112.920189078] [sim_executor_bridge_node]: MoveLine 120mm: 60 -> 24 steps (5.0mm/step, 자유공간 이송)
[ERROR] [1789006117.237022530] [sim_executor_bridge_node]: MOVELINE_SHORT: 명령 120mm 인데 실제 116.5mm (부족 3.5mm, 도착판정 True, BASE dz=-120.0mm) — 이 잔차는 다음 상대 이동에 그대로 전파된다
[INFO] [1789006117.237219981] [sim_executor_bridge_node]: MoveLine ok: 120mm / 24 steps / 계획 1.50s 실소요 4.32s (worst step joint delta 0.9deg)
[INFO] [1789006117.273809005] [sim_executor_bridge_node]: SetPosition called to 600
[INFO] [1789006118.368821971] [sim_executor_bridge_node]: MoveSplineJoint called with 12 points
[INFO] [1789006118.864471661] [sim_executor_bridge_node]: MoveSpline ok: 12 pts / 0.35s -> end=[4.4 31.0 123.9 175.6 64.6 94.7]deg
[INFO] [1789006120.279673615] [sim_executor_bridge_node]: MoveSplineJoint called with 12 points
[INFO] [1789006121.746997559] [sim_executor_bridge_node]: MoveSpline ok: 12 pts / 1.23s -> end=[150.3 -11.9 109.1 262.2 63.3 10.5]deg
[INFO] [1789006121.784399699] [sim_executor_bridge_node]: SetPosition called to 600
[INFO] [1789006122.891523585] [sim_executor_bridge_node]: SetPosition called to 600
[INFO] [1789006125.322819509] [sim_executor_bridge_node]: MoveSplineJoint called with 12 points
[INFO] [1789006125.987651996] [sim_executor_bridge_node]: MoveSpline ok: 12 pts / 0.43s -> end=[124.4 6.2 63.2 308.9 45.6 -41.6]deg
[INFO] [1789006126.326594661] [sim_executor_bridge_node]: MoveLine called (pos=[ 0.  0. 45.  0.  0.  0.], ref=1, mode=1)
[INFO] [1789006129.460378260] [sim_executor_bridge_node]: MoveLine 실이동 43.0mm / 명령 45mm
[INFO] [1789006129.460756893] [sim_executor_bridge_node]: MoveLine ok: 45mm / 23 steps / 계획 0.38s 실소요 3.13s (worst step joint delta 0.3deg)
[INFO] [1789006129.484091579] [sim_executor_bridge_node]: MoveLine called (pos=[  0.           0.         -32.60535644   0.           0.
   0.        ], ref=0, mode=1)
[INFO] [1789006131.919061493] [sim_executor_bridge_node]: MoveLine 실이동 30.9mm / 명령 33mm
[INFO] [1789006131.919442057] [sim_executor_bridge_node]: MoveLine ok: 33mm / 17 steps / 계획 0.41s 실소요 2.43s (worst step joint delta 0.5deg)
[INFO] [1789006131.938880051] [sim_executor_bridge_node]: SetPosition called to 700
[INFO] [1789006131.942432401] [sim_executor_bridge_node]: GRASP_JUDGE 줄기기준 along=+15.5mm(조우 -6~27) lateral=3.5mm(허용20) | 과실기준 d_tcp=37.9mm -> CONTACT
[INFO] [1789006132.340628056] [sim_executor_bridge_node]: MoveLine called (pos=[  0.   0. -40.   0.   0.   0.], ref=0, mode=1)
[INFO] [1789006135.136675162] [sim_executor_bridge_node]: MoveLine 실이동 38.1mm / 명령 40mm
[INFO] [1789006135.136869697] [sim_executor_bridge_node]: MoveLine ok: 40mm / 20 steps / 계획 0.40s 실소요 2.79s (worst step joint delta 0.5deg)
[INFO] [1789006135.146016875] [sim_executor_bridge_node]: MoveLine called (pos=[  0.   0. -45.   0.   0.   0.], ref=1, mode=1)
[ERROR] [1789006138.134754588] [sim_executor_bridge_node]: MOVELINE_SHORT: 명령 45mm 인데 실제 42.0mm (부족 3.0mm, 도착판정 True, TOOL dz=-45.0mm) — 이 잔차는 다음 상대 이동에 그대로 전파된다
[INFO] [1789006138.134963668] [sim_executor_bridge_node]: MoveLine ok: 45mm / 23 steps / 계획 0.28s 실소요 2.99s (worst step joint delta 0.3deg)
[INFO] [1789006139.697670491] [sim_executor_bridge_node]: MoveSplineJoint called with 12 points
[INFO] [1789006141.028132631] [sim_executor_bridge_node]: MoveSpline ok: 12 pts / 1.09s -> end=[4.4 31.0 123.9 175.6 64.6 94.7]deg
[INFO] [1789006141.049113728] [sim_executor_bridge_node]: MoveLine called (pos=[   0.    0. -120.    0.    0.    0.], ref=0, mode=1)
[INFO] [1789006141.050246290] [sim_executor_bridge_node]: MoveLine 120mm: 60 -> 24 steps (5.0mm/step, 자유공간 이송)
[ERROR] [1789006145.387112216] [sim_executor_bridge_node]: MOVELINE_SHORT: 명령 120mm 인데 실제 116.4mm (부족 3.6mm, 도착판정 True, BASE dz=-120.0mm) — 이 잔차는 다음 상대 이동에 그대로 전파된다
[INFO] [1789006145.387368241] [sim_executor_bridge_node]: MoveLine ok: 120mm / 24 steps / 계획 1.50s 실소요 4.34s (worst step joint delta 0.9deg)
[INFO] [1789006145.407079318] [sim_executor_bridge_node]: SetPosition called to 600
[INFO] [1789006146.423753468] [sim_executor_bridge_node]: MoveSplineJoint called with 12 points
[INFO] [1789006146.939315472] [sim_executor_bridge_node]: MoveSpline ok: 12 pts / 0.35s -> end=[4.4 31.0 123.9 175.6 64.6 94.7]deg
[INFO] [1789006148.473179899] [sim_executor_bridge_node]: MoveSplineJoint called with 12 points
[INFO] [1789006149.936091813] [sim_executor_bridge_node]: MoveSpline ok: 12 pts / 1.22s -> end=[150.2 -11.8 109.1 262.2 63.3 10.5]deg
[INFO] [1789006149.976774514] [sim_executor_bridge_node]: SetPosition called to 600
[INFO] [1789006151.031934551] [sim_executor_bridge_node]: MoveJoint called to [150.27 -11.92 109.11 262.19  63.33  10.46]
[INFO] [1789006154.094665163] [sim_executor_bridge_node]: MoveJoint called to [ 87.98 -94.92 129.89 175.94 -31.34  93.42]
