[INFO] [1789065761.875938571] [fake_vision_node]: Fake Vision Node initialized. (Mocking strawberry_fusion_node) quadrant_filter=True
[WARN] [1789065762.483958899] [fake_vision_node]: BERRY_GEOMETRY: n=6  y=782.8~782.8mm  (기대 782.8mm, 편차 0.0mm)
[INFO] [1789065779.679589411] [fake_vision_node]: SCAN_CELL root (SCANNING) -> 분면 필터 = 없음(전 분면)
[INFO] [1789065782.683451054] [fake_vision_node]: SCAN_CELL root/se (SCANNED_EMPTY) -> 분면 필터 = se
[INFO] [1789065782.683845013] [fake_vision_node]: SCAN_CELL root/nw (SCANNING) -> 분면 필터 = nw
[INFO] [1789065786.943666656] [fake_vision_node]: SCAN_CELL root/nw/sw (SCANNING) -> 분면 필터 = nw
[INFO] [1789065824.558615306] [fake_vision_node]: SCAN_CELL root/nw/se (SCANNING) -> 분면 필터 = nw
[INFO] [1789065858.605717346] [fake_vision_node]: SCAN_CELL root/nw/nw (SCANNING) -> 분면 필터 = nw
[INFO] [1789065858.606466772] [fake_vision_node]: SCAN_CELL root/nw/ne (SCANNING) -> 분면 필터 = nw
[INFO] [1789065858.607171632] [fake_vision_node]: SCAN_CELL root/nw (SCANNING) -> 분면 필터 = nw
[INFO] [1789065861.663652455] [fake_vision_node]: SCAN_CELL root/ne (SCANNING) -> 분면 필터 = ne
[INFO] [1789065866.074495558] [fake_vision_node]: SCAN_CELL root/ne/sw (SCANNING) -> 분면 필터 = ne
[INFO] [1789065898.102657092] [fake_vision_node]: SCAN_CELL root/ne/se (SCANNING) -> 분면 필터 = ne
[INFO] [1789065898.103088403] [fake_vision_node]: SCAN_CELL root/ne/nw (SCANNING) -> 분면 필터 = ne
[INFO] [1789065898.103428693] [fake_vision_node]: SCAN_CELL root/ne/ne (SCANNING) -> 분면 필터 = ne
[INFO] [1789065898.103753978] [fake_vision_node]: SCAN_CELL root/ne (SCANNING) -> 분면 필터 = ne
[INFO] [1789065901.160989182] [fake_vision_node]: SCAN_CELL root/sw (SCANNING) -> 분면 필터 = sw
[INFO] [1789065906.372248040] [fake_vision_node]: SCAN_CELL root/sw/sw (SCANNING) -> 분면 필터 = sw
[INFO] [1789065906.372861961] [fake_vision_node]: SCAN_CELL root/sw/se (SCANNING) -> 분면 필터 = sw
[INFO] [1789065936.493994894] [fake_vision_node]: SCAN_CELL root/sw/nw (SCANNING) -> 분면 필터 = sw
[INFO] [1789065970.862906185] [fake_vision_node]: SCAN_CELL root/sw/ne (SCANNING) -> 분면 필터 = sw
[INFO] [1789066001.449452483] [fake_vision_node]: SCAN_CELL root/sw (SCANNING) -> 분면 필터 = sw
