[INFO] [1789065767.168085681] [scan_executor_node]: Loaded 4 scan targets from /home/oceanshape/strawberry_grasp_environment/install/strawberry_motion/share/strawberry_motion/config/scan_pose_candidates_refit_candidate.yaml
[INFO] [1789065767.168480823] [scan_executor_node]: MoveJoint speeds: scan vel=120.0 acc=180.0, overview return vel=120.0 acc=180.0
[INFO] [1789065767.168806101] [scan_executor_node]: MoveJoint service dispatch timeout: 30.0s; arrival is verified from /joint_states
[INFO] [1789065767.180861495] [scan_executor_node]: scan_executor_node ready; explicit /strawberry/scan/start required
[INFO] [1789065779.677843956] [scan_executor_node]: START_ACCEPTED explicit request; initial pose verified
[INFO] [1789065779.679006850] [scan_executor_node]: TRAVERSAL_SCAN_STARTED cells=['root/nw', 'root/ne', 'root/se', 'root/sw'] (4/4 quadrants)
[INFO] [1789065779.679540905] [scan_executor_node]: OVERVIEW_SCAN_STARTED — scene_positions 로 분면별 익은 과실 판정, 최대 3.0s
[INFO] [1789065782.682990246] [scan_executor_node]: OVERVIEW_SCAN nw:2  ne:1  se:0  sw:3
[INFO] [1789065782.683441477] [scan_executor_node]: TRAVERSAL_PRUNED skip=['root/se'] — overview 1차 스캔에서 익은 과실 0개
[INFO] [1789065782.683761735] [scan_executor_node]: MOVING_TO root/nw  endpoint_deg=[144.1 22.9 -1.0 -238.5 -75.3 108.7]  (direct MoveJoint, YAML pose)
[INFO] [1789065782.683972562] [scan_executor_node]: Joint equivalent rewrite J4 -238.5 -> 121.5 deg (current 175.9, shorter by 360.0 deg)
[INFO] [1789065782.684170247] [scan_executor_node]: Joint equivalent rewrite J4 -238.5 -> 121.5 deg (current 175.9, shorter by 360.0 deg)
[INFO] [1789065783.936238884] [scan_executor_node]: MoveJoint response: success=True  target=[144.1 22.9 -1.0 121.5 -75.3 108.7]  vel=120.0  acc=180.0
[INFO] [1789065783.936685220] [scan_executor_node]: AT_SCAN_POSE root/nw joints_deg=[144.1 22.9 -0.7 121.5 -75.3 108.7] — adaptive detection wait up to 3.0s
[INFO] [1789065786.942076664] [scan_executor_node]: TARGET_FOUND root/nw 6 pick candidate(s) detected
[INFO] [1789065786.942835222] [scan_executor_node]: SUBCELL_SCAN_ORDER root/nw root/nw/sw:1  root/nw/se:1  root/nw/nw:0  root/nw/ne:0
[INFO] [1789065786.943606027] [scan_executor_node]: PICK_SEQUENCE_START root/nw/sw — 1 candidate targets (raw=1 skipped_attempted=0)
[INFO] [1789065786.945061004] [scan_executor_node]: PICK_ALL_DETECTED_TARGETS root/nw/sw timeout=60s max_total_picks=0
[INFO] [1789065786.945580051] [scan_executor_node]: PICK_ATTEMPT_BLACKLIST_ADD pos=(-250,783,740)mm radius=25mm
[INFO] [1789065786.946131336] [scan_executor_node]: PICK_TRIGGER root/nw/sw 1/1 pos=(-250,783,740)mm
[INFO] [1789065823.554979116] [scan_executor_node]: PICK_ATTEMPT_DONE root/nw/sw 1/1 — planner sequence ended (success is verified by gripper/manual KPI, not this Empty topic)
[INFO] [1789065823.555423546] [scan_executor_node]: PICK_ATTEMPT_SETTLE 1.0s before next target
[INFO] [1789065824.557589705] [scan_executor_node]: PICK_SEQUENCE_DONE root/nw/sw — 1/1 attempted
[INFO] [1789065824.558058259] [scan_executor_node]: PICK_SEQUENCE_START root/nw/se — 1 candidate targets (raw=1 skipped_attempted=0)
[INFO] [1789065824.558267386] [scan_executor_node]: PICK_ALL_DETECTED_TARGETS root/nw/se timeout=60s max_total_picks=0
[INFO] [1789065824.558464186] [scan_executor_node]: PICK_ATTEMPT_BLACKLIST_ADD pos=(-120,783,760)mm radius=25mm
[INFO] [1789065824.558688740] [scan_executor_node]: PICK_TRIGGER root/nw/se 1/1 pos=(-120,783,760)mm
[INFO] [1789065857.604207362] [scan_executor_node]: PICK_ATTEMPT_DONE root/nw/se 1/1 — planner sequence ended (success is verified by gripper/manual KPI, not this Empty topic)
[INFO] [1789065857.604406433] [scan_executor_node]: PICK_ATTEMPT_SETTLE 1.0s before next target
[INFO] [1789065858.604758684] [scan_executor_node]: PICK_SEQUENCE_DONE root/nw/se — 1/1 attempted
[INFO] [1789065858.604999950] [scan_executor_node]: SUBCELL_EMPTY root/nw/nw no pick candidate
[INFO] [1789065858.605187912] [scan_executor_node]: SUBCELL_EMPTY root/nw/ne no pick candidate
[INFO] [1789065858.605362762] [scan_executor_node]: INTER_CELL_DIRECT — no overview reset; continuing to next cell
[INFO] [1789065858.605531497] [scan_executor_node]: CELL_RESCAN_AFTER_PICK root/nw pass=1 — checking remaining targets
[INFO] [1789065858.605810987] [scan_executor_node]: MOVING_TO root/nw  endpoint_deg=[144.1 22.9 -1.0 -238.5 -75.3 108.7]  (direct MoveJoint, YAML pose)
[INFO] [1789065858.606011908] [scan_executor_node]: Joint equivalent rewrite J4 -238.5 -> 121.5 deg (current 121.5, shorter by 360.0 deg)
[INFO] [1789065858.606206622] [scan_executor_node]: Joint equivalent rewrite J4 -238.5 -> 121.5 deg (current 121.5, shorter by 360.0 deg)
[INFO] [1789065858.656620813] [scan_executor_node]: MoveJoint response: success=True  target=[144.1 22.9 -1.0 121.5 -75.3 108.7]  vel=120.0  acc=180.0
[INFO] [1789065858.656975777] [scan_executor_node]: AT_SCAN_POSE root/nw joints_deg=[144.1 23.0 -0.9 121.5 -75.3 108.7] — adaptive detection wait up to 3.0s
[INFO] [1789065861.662471404] [scan_executor_node]: SCANNED_EMPTY root/nw no detection in dwell window
[INFO] [1789065861.662894890] [scan_executor_node]: INTER_CELL_DIRECT — no overview reset; continuing to next cell
[INFO] [1789065861.663473372] [scan_executor_node]: MOVING_TO root/ne  endpoint_deg=[18.9 26.0 1.0 74.6 78.2 -115.6]  (direct MoveJoint, YAML pose)
[INFO] [1789065861.663909146] [scan_executor_node]: Joint equivalent rewrite J6 -115.6 -> 244.4 deg (current 108.7, shorter by 88.6 deg)
[INFO] [1789065861.664320937] [scan_executor_node]: Joint equivalent rewrite J6 -115.6 -> 244.4 deg (current 108.7, shorter by 88.6 deg)
[INFO] [1789065863.067575940] [scan_executor_node]: MoveJoint response: success=True  target=[18.9 26.0 1.0 74.6 78.2 244.4]  vel=120.0  acc=180.0
[INFO] [1789065863.067926422] [scan_executor_node]: AT_SCAN_POSE root/ne joints_deg=[18.9 26.1 1.2 74.6 78.4 244.5] — adaptive detection wait up to 3.0s
[INFO] [1789065866.073462106] [scan_executor_node]: TARGET_FOUND root/ne 3 pick candidate(s) detected
[INFO] [1789065866.074028069] [scan_executor_node]: SUBCELL_SCAN_ORDER root/ne root/ne/sw:1  root/ne/se:0  root/ne/nw:0  root/ne/ne:0
[INFO] [1789065866.074667270] [scan_executor_node]: PICK_SEQUENCE_START root/ne/sw — 1 candidate targets (raw=1 skipped_attempted=0)
[INFO] [1789065866.075055908] [scan_executor_node]: PICK_ALL_DETECTED_TARGETS root/ne/sw timeout=60s max_total_picks=0
[INFO] [1789065866.075478422] [scan_executor_node]: PICK_ATTEMPT_BLACKLIST_ADD pos=(200,783,740)mm radius=25mm
[INFO] [1789065866.075974249] [scan_executor_node]: PICK_TRIGGER root/ne/sw 1/1 pos=(200,783,740)mm
[INFO] [1789065897.100740477] [scan_executor_node]: PICK_ATTEMPT_DONE root/ne/sw 1/1 — planner sequence ended (success is verified by gripper/manual KPI, not this Empty topic)
[INFO] [1789065897.101176511] [scan_executor_node]: PICK_ATTEMPT_SETTLE 1.0s before next target
[INFO] [1789065898.101996113] [scan_executor_node]: PICK_SEQUENCE_DONE root/ne/sw — 1/1 attempted
[INFO] [1789065898.102497892] [scan_executor_node]: SUBCELL_EMPTY root/ne/se no pick candidate
[INFO] [1789065898.102885994] [scan_executor_node]: SUBCELL_EMPTY root/ne/nw no pick candidate
[INFO] [1789065898.103101729] [scan_executor_node]: SUBCELL_EMPTY root/ne/ne no pick candidate
[INFO] [1789065898.103273853] [scan_executor_node]: INTER_CELL_DIRECT — no overview reset; continuing to next cell
[INFO] [1789065898.103432500] [scan_executor_node]: CELL_RESCAN_AFTER_PICK root/ne pass=1 — checking remaining targets
[INFO] [1789065898.103693990] [scan_executor_node]: MOVING_TO root/ne  endpoint_deg=[18.9 26.0 1.0 74.6 78.2 -115.6]  (direct MoveJoint, YAML pose)
[INFO] [1789065898.103889991] [scan_executor_node]: Joint equivalent rewrite J6 -115.6 -> 244.4 deg (current 244.4, shorter by 360.0 deg)
[INFO] [1789065898.104078845] [scan_executor_node]: Joint equivalent rewrite J6 -115.6 -> 244.4 deg (current 244.4, shorter by 360.0 deg)
[INFO] [1789065898.154563280] [scan_executor_node]: MoveJoint response: success=True  target=[18.9 26.0 1.0 74.6 78.2 244.4]  vel=120.0  acc=180.0
[INFO] [1789065898.154979618] [scan_executor_node]: AT_SCAN_POSE root/ne joints_deg=[18.9 26.1 1.0 74.6 78.2 244.4] — adaptive detection wait up to 3.0s
[INFO] [1789065901.159843556] [scan_executor_node]: SCANNED_EMPTY root/ne no detection in dwell window
[INFO] [1789065901.160262927] [scan_executor_node]: INTER_CELL_DIRECT — no overview reset; continuing to next cell
[INFO] [1789065901.160834189] [scan_executor_node]: MOVING_TO root/sw  endpoint_deg=[150.3 -11.9 109.1 -97.8 63.3 10.5]  (direct MoveJoint, YAML pose)
[INFO] [1789065901.161309006] [scan_executor_node]: TRANSIT_VIA_OVERVIEW root/ne -> root/sw — 비인접 분면, MoveJoint 폴백은 overview 경유
[INFO] [1789065902.464132168] [scan_executor_node]: MoveJoint response: success=True  target=[88.0 -94.9 129.9 175.9 -31.3 93.4]  vel=120.0  acc=180.0
[INFO] [1789065902.464438002] [scan_executor_node]: Joint equivalent rewrite J4 -97.8 -> 262.2 deg (current 175.8, shorter by 187.2 deg)
[INFO] [1789065903.366030507] [scan_executor_node]: MoveJoint response: success=True  target=[150.3 -11.9 109.1 262.2 63.3 10.5]  vel=120.0  acc=180.0
[INFO] [1789065903.366330820] [scan_executor_node]: AT_SCAN_POSE root/sw joints_deg=[150.2 -12.0 109.1 262.4 63.1 10.5] — adaptive detection wait up to 3.0s
[INFO] [1789065906.371055305] [scan_executor_node]: TARGET_FOUND root/sw 9 pick candidate(s) detected
[INFO] [1789065906.371758835] [scan_executor_node]: SUBCELL_SCAN_ORDER root/sw root/sw/sw:0  root/sw/se:1  root/sw/nw:1  root/sw/ne:1
[INFO] [1789065906.372227823] [scan_executor_node]: SUBCELL_EMPTY root/sw/sw no pick candidate
[INFO] [1789065906.372946090] [scan_executor_node]: PICK_SEQUENCE_START root/sw/se — 1 candidate targets (raw=1 skipped_attempted=0)
[INFO] [1789065906.373348500] [scan_executor_node]: PICK_ALL_DETECTED_TARGETS root/sw/se timeout=60s max_total_picks=0
[INFO] [1789065906.373811607] [scan_executor_node]: PICK_ATTEMPT_BLACKLIST_ADD pos=(-100,783,440)mm radius=25mm
[INFO] [1789065906.374330824] [scan_executor_node]: PICK_TRIGGER root/sw/se 1/1 pos=(-100,783,440)mm
[INFO] [1789065935.491949088] [scan_executor_node]: PICK_ATTEMPT_DONE root/sw/se 1/1 — planner sequence ended (success is verified by gripper/manual KPI, not this Empty topic)
[INFO] [1789065935.492352386] [scan_executor_node]: PICK_ATTEMPT_SETTLE 1.0s before next target
[INFO] [1789065936.492997464] [scan_executor_node]: PICK_SEQUENCE_DONE root/sw/se — 1/1 attempted
[INFO] [1789065936.493754742] [scan_executor_node]: PICK_SEQUENCE_START root/sw/nw — 1 candidate targets (raw=1 skipped_attempted=0)
[INFO] [1789065936.494786130] [scan_executor_node]: PICK_ALL_DETECTED_TARGETS root/sw/nw timeout=60s max_total_picks=0
[INFO] [1789065936.495204370] [scan_executor_node]: PICK_ATTEMPT_BLACKLIST_ADD pos=(-250,783,500)mm radius=25mm
[INFO] [1789065936.495688271] [scan_executor_node]: PICK_TRIGGER root/sw/nw 1/1 pos=(-250,783,500)mm
[INFO] [1789065969.860182010] [scan_executor_node]: PICK_ATTEMPT_DONE root/sw/nw 1/1 — planner sequence ended (success is verified by gripper/manual KPI, not this Empty topic)
[INFO] [1789065969.860633114] [scan_executor_node]: PICK_ATTEMPT_SETTLE 1.0s before next target
[INFO] [1789065970.862007844] [scan_executor_node]: PICK_SEQUENCE_DONE root/sw/nw — 1/1 attempted
[INFO] [1789065970.862671249] [scan_executor_node]: PICK_SEQUENCE_START root/sw/ne — 1 candidate targets (raw=1 skipped_attempted=0)
[INFO] [1789065970.863705716] [scan_executor_node]: PICK_ALL_DETECTED_TARGETS root/sw/ne timeout=60s max_total_picks=0
[INFO] [1789065970.863929784] [scan_executor_node]: PICK_ATTEMPT_BLACKLIST_ADD pos=(-220,783,560)mm radius=25mm
[INFO] [1789065970.864173897] [scan_executor_node]: PICK_TRIGGER root/sw/ne 1/1 pos=(-220,783,560)mm
[INFO] [1789066000.447459427] [scan_executor_node]: PICK_ATTEMPT_DONE root/sw/ne 1/1 — planner sequence ended (success is verified by gripper/manual KPI, not this Empty topic)
[INFO] [1789066000.447672944] [scan_executor_node]: PICK_ATTEMPT_SETTLE 1.0s before next target
[INFO] [1789066001.448793103] [scan_executor_node]: PICK_SEQUENCE_DONE root/sw/ne — 1/1 attempted
[INFO] [1789066001.449035484] [scan_executor_node]: CELL_RESCAN_AFTER_PICK root/sw pass=1 — checking remaining targets
[INFO] [1789066001.449331718] [scan_executor_node]: MOVING_TO root/sw  endpoint_deg=[150.3 -11.9 109.1 -97.8 63.3 10.5]  (direct MoveJoint, YAML pose)
[INFO] [1789066001.449548692] [scan_executor_node]: Joint equivalent rewrite J4 -97.8 -> 262.2 deg (current 262.2, shorter by 360.0 deg)
[INFO] [1789066001.449750608] [scan_executor_node]: Joint equivalent rewrite J4 -97.8 -> 262.2 deg (current 262.2, shorter by 360.0 deg)
[INFO] [1789066001.500275050] [scan_executor_node]: MoveJoint response: success=True  target=[150.3 -11.9 109.1 262.2 63.3 10.5]  vel=120.0  acc=180.0
[INFO] [1789066001.500798992] [scan_executor_node]: AT_SCAN_POSE root/sw joints_deg=[150.2 -11.8 109.1 262.2 63.3 10.5] — adaptive detection wait up to 3.0s
[INFO] [1789066004.505221717] [scan_executor_node]: SCANNED_EMPTY root/sw no detection in dwell window
[INFO] [1789066004.505412873] [scan_executor_node]: RETURNING_TO_OVERVIEW
[INFO] [1789066005.407008849] [scan_executor_node]: MoveJoint response: success=True  target=[88.0 -94.9 129.9 175.9 -31.3 93.4]  vel=120.0  acc=180.0
[INFO] [1789066005.407333665] [scan_executor_node]: AT_OVERVIEW joints_deg=[88.0 -94.7 129.9 176.1 -31.1 93.3]
[INFO] [1789066005.407509617] [scan_executor_node]: HARVEST_PRIORITY_ORDER root/nw:0  root/ne:0  root/sw:0
[INFO] [1789066005.408354114] [scan_executor_node]: SCAN_COMPLETE
[INFO] [1789066005.408678347] [scan_executor_node]: READY_FOR_NEXT_START
