[INFO] [1789499394.487021311] [scan_executor_node]: Loaded 4 scan targets from /home/oceanshape/strawberry_grasp_environment/install/strawberry_motion/share/strawberry_motion/config/scan_pose_candidates_refit_candidate.yaml
[INFO] [1789499394.487223459] [scan_executor_node]: MoveJoint speeds: scan vel=120.0 acc=180.0, overview return vel=120.0 acc=180.0
[INFO] [1789499394.487364327] [scan_executor_node]: MoveJoint service dispatch timeout: 30.0s; arrival is verified from /joint_states
[INFO] [1789499395.081732529] [scan_executor_node]: SUBDIVIDE_IK_READY min_candidates=3 max_joint_delta=60deg seeds=32 init=0.6s subcell_ee_y=0.433
[INFO] [1789499395.089728038] [scan_executor_node]: scan_executor_node ready; explicit /strawberry/scan/start required
[harvest_probe] 계측 부착: role=scan -> /tmp/harvest_hud_scan.json
[INFO] [1789499411.516545230] [scan_executor_node]: START_ACCEPTED explicit request; initial pose verified
[INFO] [1789499411.518083605] [scan_executor_node]: TRAVERSAL_SCAN_STARTED cells=['root/nw', 'root/ne', 'root/se', 'root/sw'] (4/4 quadrants)
[INFO] [1789499411.518477187] [scan_executor_node]: OVERVIEW_SCAN_STARTED — scene_positions 로 분면별 익은 과실 판정, 최대 3.0s
[INFO] [1789499414.523300039] [scan_executor_node]: OVERVIEW_SCAN nw:3  ne:2  se:0  sw:3
[INFO] [1789499414.523787748] [scan_executor_node]: TRAVERSAL_PRUNED skip=['root/se'] — overview 1차 스캔에서 익은 과실 0개
[INFO] [1789499414.524601937] [scan_executor_node]: MOVING_TO root/nw  endpoint_deg=[144.1 22.9 -1.0 -238.5 -75.3 108.7]  (direct MoveJoint, YAML pose)
[INFO] [1789499414.525025225] [scan_executor_node]: Joint equivalent rewrite J4 -238.5 -> 121.5 deg (current 175.9, shorter by 360.0 deg)
[INFO] [1789499414.525301071] [scan_executor_node]: Joint equivalent rewrite J4 -238.5 -> 121.5 deg (current 175.9, shorter by 360.0 deg)
[INFO] [1789499416.579046284] [scan_executor_node]: MoveJoint response: success=True  target=[144.1 22.9 -1.0 121.5 -75.3 108.7]  vel=120.0  acc=180.0
[INFO] [1789499416.579769663] [scan_executor_node]: AT_SCAN_POSE root/nw joints_deg=[144.0 22.8 -0.8 121.6 -75.2 108.7] — adaptive detection wait up to 3.0s
[INFO] [1789499419.585461244] [scan_executor_node]: TARGET_FOUND root/nw 9 pick candidate(s) detected
[INFO] [1789499419.585855289] [scan_executor_node]: SUBCELL_SCAN_ORDER root/nw root/nw/sw:2  root/nw/se:1  root/nw/nw:0  root/nw/ne:0
[INFO] [1789499419.586221958] [scan_executor_node]: SUBDIVIDE root/nw candidates=3 >= 3 cells=['sw', 'se'] — 후보 있는 세부 칸만 세부 자세로 방문
[INFO] [1789499420.398920344] [scan_executor_node]: SUBCELL_POSE root/nw/sw tier=lab_plane dJ_max=19.6deg dJ=[0 9 12 7 10 20] ee_mm=[-225.5, 339.0, 902.3] -> [-361.7, 433.0, 803.5] joints_deg=[144.6 31.8 10.9 -245.6 -65.7 128.3] (실기 깊이 2 평면 y=0.433 로 이동, 부모 시드 IK)
[INFO] [1789499420.399464444] [scan_executor_node]: MOVING_TO root/nw/sw  endpoint_deg=[144.6 31.8 10.9 -245.6 -65.7 128.3]  (direct MoveJoint, YAML pose)
[INFO] [1789499420.399741837] [scan_executor_node]: Joint equivalent rewrite J4 -245.6 -> 114.4 deg (current 121.5, shorter by 360.0 deg)
[INFO] [1789499420.399960029] [scan_executor_node]: Joint equivalent rewrite J4 -245.6 -> 114.4 deg (current 121.5, shorter by 360.0 deg)
[INFO] [1789499421.351567964] [scan_executor_node]: MoveJoint response: success=True  target=[144.6 31.8 10.9 114.4 -65.7 128.3]  vel=120.0  acc=180.0
[INFO] [1789499421.352162591] [scan_executor_node]: AT_SCAN_POSE root/nw/sw joints_deg=[144.6 31.9 10.8 114.5 -65.8 128.1] — adaptive detection wait up to 3.0s
[INFO] [1789499424.356491176] [scan_executor_node]: SUBCELL_SCAN root/nw/sw raw=6 in_cell=6 unique=2 (분면 시야 중 이 칸의 것만)
[INFO] [1789499424.356925392] [scan_executor_node]: PICK_SEQUENCE_START root/nw/sw — 2 candidate targets (raw=2 skipped_attempted=0)
[INFO] [1789499424.357100684] [scan_executor_node]: PICK_ALL_DETECTED_TARGETS root/nw/sw timeout=60s max_total_picks=0
[INFO] [1789499424.357289193] [scan_executor_node]: PICK_ATTEMPT_BLACKLIST_ADD pos=(-380,783,720)mm radius=25mm
[INFO] [1789499424.357507318] [scan_executor_node]: PICK_TRIGGER root/nw/sw 1/2 pos=(-380,783,720)mm
[INFO] [1789499451.259810337] [scan_executor_node]: PICK_ATTEMPT_DONE root/nw/sw 1/2 — planner sequence ended (success is verified by gripper/manual KPI, not this Empty topic)
[INFO] [1789499451.260064096] [scan_executor_node]: PICK_ATTEMPT_SETTLE 1.0s before next target
[INFO] [1789499452.261168588] [scan_executor_node]: PICK_ATTEMPT_BLACKLIST_ADD pos=(-250,783,740)mm radius=25mm
[INFO] [1789499452.261496256] [scan_executor_node]: PICK_TRIGGER root/nw/sw 2/2 pos=(-250,783,740)mm
[INFO] [1789499485.146427658] [scan_executor_node]: PICK_ATTEMPT_DONE root/nw/sw 2/2 — planner sequence ended (success is verified by gripper/manual KPI, not this Empty topic)
[INFO] [1789499485.146628286] [scan_executor_node]: PICK_ATTEMPT_SETTLE 1.0s before next target
[INFO] [1789499486.147692376] [scan_executor_node]: PICK_SEQUENCE_DONE root/nw/sw — 2/2 attempted
[INFO] [1789499486.391503302] [scan_executor_node]: SUBCELL_POSE root/nw/se tier=lab_plane dJ_max=56.9deg dJ=[34 31 57 37 16 20] ee_mm=[-225.5, 339.0, 902.3] -> [-89.2, 433.0, 803.5] joints_deg=[109.8 54.1 -57.9 -201.4 -90.9 88.7] (실기 깊이 2 평면 y=0.433 로 이동, 부모 시드 IK)
[INFO] [1789499486.392183155] [scan_executor_node]: MOVING_TO root/nw/se  endpoint_deg=[109.8 54.1 -57.9 -201.4 -90.9 88.7]  (direct MoveJoint, YAML pose)
[INFO] [1789499486.392594111] [scan_executor_node]: Joint equivalent rewrite J4 -201.4 -> 158.6 deg (current 114.4, shorter by 271.7 deg)
[INFO] [1789499486.393015844] [scan_executor_node]: Joint equivalent rewrite J4 -201.4 -> 158.6 deg (current 114.4, shorter by 271.7 deg)
[INFO] [1789499487.945828047] [scan_executor_node]: MoveJoint response: success=True  target=[109.8 54.1 -57.9 158.6 -90.9 88.7]  vel=120.0  acc=180.0
[INFO] [1789499487.946509492] [scan_executor_node]: AT_SCAN_POSE root/nw/se joints_deg=[109.9 54.0 -57.7 158.5 -90.8 88.8] — adaptive detection wait up to 3.0s
[INFO] [1789499490.951131304] [scan_executor_node]: SUBCELL_SCAN root/nw/se raw=3 in_cell=3 unique=1 (분면 시야 중 이 칸의 것만)
[INFO] [1789499490.951815954] [scan_executor_node]: PICK_SEQUENCE_START root/nw/se — 1 candidate targets (raw=1 skipped_attempted=0)
[INFO] [1789499490.952224337] [scan_executor_node]: PICK_ALL_DETECTED_TARGETS root/nw/se timeout=60s max_total_picks=0
[INFO] [1789499490.952635964] [scan_executor_node]: PICK_ATTEMPT_BLACKLIST_ADD pos=(-120,783,760)mm radius=25mm
[INFO] [1789499490.953117716] [scan_executor_node]: PICK_TRIGGER root/nw/se 1/1 pos=(-120,783,760)mm
[INFO] [1789499515.208920151] [scan_executor_node]: PICK_ATTEMPT_DONE root/nw/se 1/1 — planner sequence ended (success is verified by gripper/manual KPI, not this Empty topic)
[INFO] [1789499515.209328040] [scan_executor_node]: PICK_ATTEMPT_SETTLE 1.0s before next target
[INFO] [1789499516.210371594] [scan_executor_node]: PICK_SEQUENCE_DONE root/nw/se — 1/1 attempted
[INFO] [1789499516.210866344] [scan_executor_node]: SUBCELL_EMPTY root/nw/nw no pick candidate — 2단 가지치기
[INFO] [1789499516.211300597] [scan_executor_node]: SUBCELL_EMPTY root/nw/ne no pick candidate — 2단 가지치기
[INFO] [1789499516.211991288] [scan_executor_node]: INTER_CELL_DIRECT — no overview reset; continuing to next cell
[INFO] [1789499516.212414054] [scan_executor_node]: CELL_RESCAN_AFTER_PICK root/nw pass=1 — checking remaining targets
[INFO] [1789499516.213111872] [scan_executor_node]: MOVING_TO root/nw  endpoint_deg=[144.1 22.9 -1.0 -238.5 -75.3 108.7]  (direct MoveJoint, YAML pose)
[INFO] [1789499516.213547627] [scan_executor_node]: Joint equivalent rewrite J4 -238.5 -> 121.5 deg (current 158.6, shorter by 360.0 deg)
[INFO] [1789499516.213992295] [scan_executor_node]: Joint equivalent rewrite J4 -238.5 -> 121.5 deg (current 158.6, shorter by 360.0 deg)
[INFO] [1789499517.566500342] [scan_executor_node]: MoveJoint response: success=True  target=[144.1 22.9 -1.0 121.5 -75.3 108.7]  vel=120.0  acc=180.0
[INFO] [1789499517.566852162] [scan_executor_node]: AT_SCAN_POSE root/nw joints_deg=[143.9 23.1 -1.3 121.7 -75.4 108.6] — adaptive detection wait up to 3.0s
[INFO] [1789499520.571466988] [scan_executor_node]: SCANNED_EMPTY root/nw no detection in dwell window
[INFO] [1789499520.571840695] [scan_executor_node]: INTER_CELL_DIRECT — no overview reset; continuing to next cell
[INFO] [1789499520.572518099] [scan_executor_node]: MOVING_TO root/ne  endpoint_deg=[18.9 26.0 1.0 74.6 78.2 -115.6]  (direct MoveJoint, YAML pose)
[INFO] [1789499523.427873322] [scan_executor_node]: MoveJoint response: success=True  target=[18.9 26.0 1.0 74.6 78.2 -115.6]  vel=120.0  acc=180.0
[INFO] [1789499523.428354006] [scan_executor_node]: AT_SCAN_POSE root/ne joints_deg=[19.0 26.0 1.0 74.6 78.1 -115.4] — adaptive detection wait up to 3.0s
[INFO] [1789499526.433134956] [scan_executor_node]: TARGET_FOUND root/ne 6 pick candidate(s) detected
[INFO] [1789499526.433704604] [scan_executor_node]: SUBCELL_SCAN_ORDER root/ne root/ne/sw:2  root/ne/se:0  root/ne/nw:0  root/ne/ne:0
[INFO] [1789499526.434109729] [scan_executor_node]: SUBDIVIDE_SKIP root/ne candidates=2 < 3 — 잎(leaf), 부모 자세에서 pick
[INFO] [1789499526.434797759] [scan_executor_node]: PICK_SEQUENCE_START root/ne/sw — 2 candidate targets (raw=2 skipped_attempted=0)
[INFO] [1789499526.435172295] [scan_executor_node]: PICK_ALL_DETECTED_TARGETS root/ne/sw timeout=60s max_total_picks=0
[INFO] [1789499526.435555654] [scan_executor_node]: PICK_ATTEMPT_BLACKLIST_ADD pos=(280,783,700)mm radius=25mm
[INFO] [1789499526.436007346] [scan_executor_node]: PICK_TRIGGER root/ne/sw 1/2 pos=(280,783,700)mm
[INFO] [1789499537.443764255] [scan_executor_node]: PICK_ATTEMPT_DONE root/ne/sw 1/2 — planner sequence ended (success is verified by gripper/manual KPI, not this Empty topic)
[INFO] [1789499537.443966281] [scan_executor_node]: PICK_ATTEMPT_SETTLE 1.0s before next target
[INFO] [1789499538.445182735] [scan_executor_node]: PICK_ATTEMPT_BLACKLIST_ADD pos=(200,783,740)mm radius=25mm
[INFO] [1789499538.445503625] [scan_executor_node]: PICK_TRIGGER root/ne/sw 2/2 pos=(200,783,740)mm
[INFO] [1789499571.663765722] [scan_executor_node]: PICK_ATTEMPT_DONE root/ne/sw 2/2 — planner sequence ended (success is verified by gripper/manual KPI, not this Empty topic)
[INFO] [1789499571.663965639] [scan_executor_node]: PICK_ATTEMPT_SETTLE 1.0s before next target
[INFO] [1789499572.665191389] [scan_executor_node]: PICK_SEQUENCE_DONE root/ne/sw — 2/2 attempted
[INFO] [1789499572.665433078] [scan_executor_node]: SUBCELL_EMPTY root/ne/se no pick candidate
[INFO] [1789499572.665619083] [scan_executor_node]: SUBCELL_EMPTY root/ne/nw no pick candidate
[INFO] [1789499572.665796404] [scan_executor_node]: SUBCELL_EMPTY root/ne/ne no pick candidate
[INFO] [1789499572.666129049] [scan_executor_node]: INTER_CELL_DIRECT — no overview reset; continuing to next cell
[INFO] [1789499572.666290883] [scan_executor_node]: CELL_RESCAN_AFTER_PICK root/ne pass=1 — checking remaining targets
[INFO] [1789499572.666582745] [scan_executor_node]: MOVING_TO root/ne  endpoint_deg=[18.9 26.0 1.0 74.6 78.2 -115.6]  (direct MoveJoint, YAML pose)
[INFO] [1789499572.767123886] [scan_executor_node]: MoveJoint response: success=True  target=[18.9 26.0 1.0 74.6 78.2 -115.6]  vel=120.0  acc=180.0
[INFO] [1789499572.767524988] [scan_executor_node]: AT_SCAN_POSE root/ne joints_deg=[18.9 26.1 1.1 74.6 78.2 -115.6] — adaptive detection wait up to 3.0s
[INFO] [1789499575.772268508] [scan_executor_node]: TARGET_FOUND root/ne 3 pick candidate(s) detected
[INFO] [1789499575.772784166] [scan_executor_node]: SUBCELL_SCAN_ORDER root/ne root/ne/sw:1  root/ne/se:0  root/ne/nw:0  root/ne/ne:0
[INFO] [1789499575.773148375] [scan_executor_node]: SUBDIVIDE_SKIP root/ne candidates=1 < 3 — 잎(leaf), 부모 자세에서 pick
[INFO] [1789499575.773552111] [scan_executor_node]: PICK_SKIP_ATTEMPTED root/ne/sw pos=(280,783,700)mm
[INFO] [1789499575.773824865] [scan_executor_node]: PICK_SEQUENCE_START root/ne/sw — 0 candidate targets (raw=1 skipped_attempted=1)
[INFO] [1789499575.774056238] [scan_executor_node]: PICK_ALL_DETECTED_TARGETS root/ne/sw timeout=60s max_total_picks=0
[INFO] [1789499575.774237292] [scan_executor_node]: PICK_SEQUENCE_DONE root/ne/sw — 0/0 attempted
[INFO] [1789499575.774410352] [scan_executor_node]: SUBCELL_EMPTY root/ne/se no pick candidate
[INFO] [1789499575.774581451] [scan_executor_node]: SUBCELL_EMPTY root/ne/nw no pick candidate
[INFO] [1789499575.774748717] [scan_executor_node]: SUBCELL_EMPTY root/ne/ne no pick candidate
[INFO] [1789499575.775031873] [scan_executor_node]: INTER_CELL_DIRECT — no overview reset; continuing to next cell
[INFO] [1789499575.775338668] [scan_executor_node]: MOVING_TO root/sw  endpoint_deg=[150.3 -11.9 109.1 -97.8 63.3 10.5]  (direct MoveJoint, YAML pose)
[INFO] [1789499575.775548813] [scan_executor_node]: TRANSIT_VIA_OVERVIEW root/ne -> root/sw — 비인접 분면, MoveJoint 폴백은 overview 경유
[INFO] [1789499578.480105302] [scan_executor_node]: MoveJoint response: success=True  target=[88.0 -94.9 129.9 175.9 -31.3 93.4]  vel=120.0  acc=180.0
[INFO] [1789499578.480414780] [scan_executor_node]: Joint equivalent rewrite J4 -97.8 -> 262.2 deg (current 176.0, shorter by 187.5 deg)
[INFO] [1789499580.234044202] [scan_executor_node]: MoveJoint response: success=True  target=[150.3 -11.9 109.1 262.2 63.3 10.5]  vel=120.0  acc=180.0
[INFO] [1789499580.234691656] [scan_executor_node]: AT_SCAN_POSE root/sw joints_deg=[150.1 -12.1 109.2 262.0 63.1 10.6] — adaptive detection wait up to 3.0s
[INFO] [1789499583.239230004] [scan_executor_node]: TARGET_FOUND root/sw 9 pick candidate(s) detected
[INFO] [1789499583.239548437] [scan_executor_node]: SUBCELL_SCAN_ORDER root/sw root/sw/sw:0  root/sw/se:1  root/sw/nw:1  root/sw/ne:1
[INFO] [1789499583.239901242] [scan_executor_node]: SUBDIVIDE root/sw candidates=3 >= 3 cells=['se', 'nw', 'ne'] — 후보 있는 세부 칸만 세부 자세로 방문
[INFO] [1789499583.240067188] [scan_executor_node]: SUBCELL_EMPTY root/sw/sw no pick candidate — 2단 가지치기
[INFO] [1789499583.386645101] [scan_executor_node]: SUBCELL_POSE root/sw/se tier=lab_plane dJ_max=37.8deg dJ=[36 3 13 35 26 38] ee_mm=[-247.7, 317.3, 533.9] -> [-111.5, 433.0, 435.1] joints_deg=[114.4 -8.5 122.1 -132.9 37.6 48.3] (실기 깊이 2 평면 y=0.433 로 이동, 부모 시드 IK)
[INFO] [1789499583.387088425] [scan_executor_node]: MOVING_TO root/sw/se  endpoint_deg=[114.4 -8.5 122.1 -132.9 37.6 48.3]  (direct MoveJoint, YAML pose)
[INFO] [1789499583.387283082] [scan_executor_node]: Joint equivalent rewrite J4 -132.9 -> 227.1 deg (current 262.2, shorter by 360.0 deg)
[INFO] [1789499583.387481358] [scan_executor_node]: Joint equivalent rewrite J4 -132.9 -> 227.1 deg (current 262.2, shorter by 360.0 deg)
[INFO] [1789499584.589632545] [scan_executor_node]: MoveJoint response: success=True  target=[114.4 -8.5 122.1 227.1 37.6 48.3]  vel=120.0  acc=180.0
[INFO] [1789499584.590256998] [scan_executor_node]: AT_SCAN_POSE root/sw/se joints_deg=[114.6 -8.5 122.1 227.3 37.8 48.1] — adaptive detection wait up to 3.0s
[INFO] [1789499587.595218043] [scan_executor_node]: SUBCELL_SCAN root/sw/se raw=3 in_cell=3 unique=1 (분면 시야 중 이 칸의 것만)
[INFO] [1789499587.595939654] [scan_executor_node]: PICK_SEQUENCE_START root/sw/se — 1 candidate targets (raw=1 skipped_attempted=0)
[INFO] [1789499587.596324731] [scan_executor_node]: PICK_ALL_DETECTED_TARGETS root/sw/se timeout=60s max_total_picks=0
[INFO] [1789499587.596720139] [scan_executor_node]: PICK_ATTEMPT_BLACKLIST_ADD pos=(-100,783,440)mm radius=25mm
[INFO] [1789499587.597183933] [scan_executor_node]: PICK_TRIGGER root/sw/se 1/1 pos=(-100,783,440)mm
[INFO] [1789499620.243406044] [scan_executor_node]: PICK_ATTEMPT_DONE root/sw/se 1/1 — planner sequence ended (success is verified by gripper/manual KPI, not this Empty topic)
[INFO] [1789499620.243855436] [scan_executor_node]: PICK_ATTEMPT_SETTLE 1.0s before next target
[INFO] [1789499621.245403052] [scan_executor_node]: PICK_SEQUENCE_DONE root/sw/se — 1/1 attempted
[INFO] [1789499621.402954641] [scan_executor_node]: SUBCELL_POSE root/sw/nw tier=lab_plane dJ_max=43.8deg dJ=[4 28 44 9 5 18] ee_mm=[-247.7, 317.3, 533.9] -> [-384.0, 433.0, 632.6] joints_deg=[146.3 15.8 65.3 -88.8 58.3 -7.7] (실기 깊이 2 평면 y=0.433 로 이동, 부모 시드 IK)
[INFO] [1789499621.403384762] [scan_executor_node]: MOVING_TO root/sw/nw  endpoint_deg=[146.3 15.8 65.3 -88.8 58.3 -7.7]  (direct MoveJoint, YAML pose)
[INFO] [1789499621.403584872] [scan_executor_node]: Joint equivalent rewrite J4 -88.8 -> 271.2 deg (current 227.1, shorter by 271.7 deg)
[INFO] [1789499621.403791712] [scan_executor_node]: Joint equivalent rewrite J4 -88.8 -> 271.2 deg (current 227.1, shorter by 271.7 deg)
[INFO] [1789499622.806278534] [scan_executor_node]: MoveJoint response: success=True  target=[146.3 15.8 65.3 271.2 58.3 -7.7]  vel=120.0  acc=180.0
[INFO] [1789499622.806879831] [scan_executor_node]: AT_SCAN_POSE root/sw/nw joints_deg=[146.1 15.7 65.5 271.0 58.2 -7.5] — adaptive detection wait up to 3.0s
[INFO] [1789499625.811719731] [scan_executor_node]: SUBCELL_SCAN root/sw/nw raw=3 in_cell=3 unique=1 (분면 시야 중 이 칸의 것만)
[INFO] [1789499625.812419715] [scan_executor_node]: PICK_SEQUENCE_START root/sw/nw — 1 candidate targets (raw=1 skipped_attempted=0)
[INFO] [1789499625.812811893] [scan_executor_node]: PICK_ALL_DETECTED_TARGETS root/sw/nw timeout=60s max_total_picks=0
[INFO] [1789499625.813341537] [scan_executor_node]: PICK_ATTEMPT_BLACKLIST_ADD pos=(-250,783,500)mm radius=25mm
[INFO] [1789499625.813866576] [scan_executor_node]: PICK_TRIGGER root/sw/nw 1/1 pos=(-250,783,500)mm
[INFO] [1789499657.759609509] [scan_executor_node]: PICK_ATTEMPT_DONE root/sw/nw 1/1 — planner sequence ended (success is verified by gripper/manual KPI, not this Empty topic)
[INFO] [1789499657.760034990] [scan_executor_node]: PICK_ATTEMPT_SETTLE 1.0s before next target
[INFO] [1789499658.761480847] [scan_executor_node]: PICK_SEQUENCE_DONE root/sw/nw — 1/1 attempted
[INFO] [1789499659.125810707] [scan_executor_node]: SUBCELL_POSE root/sw/ne tier=parent_y dJ_max=26.2deg dJ=[21 16 5 18 21 26] ee_mm=[-247.7, 317.3, 533.9] -> [-111.5, 317.3, 632.6] joints_deg=[129.1 -28.0 104.4 -80.2 42.0 -15.8] (부모 y 유지, x·z 평행이동, 부모 시드 IK)
[INFO] [1789499659.126279645] [scan_executor_node]: MOVING_TO root/sw/ne  endpoint_deg=[129.1 -28.0 104.4 -80.2 42.0 -15.8]  (direct MoveJoint, YAML pose)
[INFO] [1789499659.126499140] [scan_executor_node]: Joint equivalent rewrite J4 -80.2 -> 279.8 deg (current 271.2, shorter by 342.8 deg)
[INFO] [1789499659.126702851] [scan_executor_node]: Joint equivalent rewrite J4 -80.2 -> 279.8 deg (current 271.2, shorter by 342.8 deg)
[INFO] [1789499660.429557157] [scan_executor_node]: MoveJoint response: success=True  target=[129.1 -28.0 104.4 279.8 42.0 -15.8]  vel=120.0  acc=180.0
[INFO] [1789499660.430225732] [scan_executor_node]: AT_SCAN_POSE root/sw/ne joints_deg=[129.2 -27.8 104.3 279.8 42.1 -15.8] — adaptive detection wait up to 3.0s
[INFO] [1789499663.434981555] [scan_executor_node]: SUBCELL_SCAN root/sw/ne raw=3 in_cell=3 unique=1 (분면 시야 중 이 칸의 것만)
[INFO] [1789499663.435653676] [scan_executor_node]: PICK_SEQUENCE_START root/sw/ne — 1 candidate targets (raw=1 skipped_attempted=0)
[INFO] [1789499663.436033958] [scan_executor_node]: PICK_ALL_DETECTED_TARGETS root/sw/ne timeout=60s max_total_picks=0
[INFO] [1789499663.436425526] [scan_executor_node]: PICK_ATTEMPT_BLACKLIST_ADD pos=(-220,783,560)mm radius=25mm
[INFO] [1789499663.436903137] [scan_executor_node]: PICK_TRIGGER root/sw/ne 1/1 pos=(-220,783,560)mm
[INFO] [1789499694.675346595] [scan_executor_node]: PICK_ATTEMPT_DONE root/sw/ne 1/1 — planner sequence ended (success is verified by gripper/manual KPI, not this Empty topic)
[INFO] [1789499694.675550050] [scan_executor_node]: PICK_ATTEMPT_SETTLE 1.0s before next target
[INFO] [1789499695.676234929] [scan_executor_node]: PICK_SEQUENCE_DONE root/sw/ne — 1/1 attempted
[INFO] [1789499695.676687444] [scan_executor_node]: CELL_RESCAN_AFTER_PICK root/sw pass=1 — checking remaining targets
[INFO] [1789499695.677027985] [scan_executor_node]: MOVING_TO root/sw  endpoint_deg=[150.3 -11.9 109.1 -97.8 63.3 10.5]  (direct MoveJoint, YAML pose)
[INFO] [1789499695.677249134] [scan_executor_node]: Joint equivalent rewrite J4 -97.8 -> 262.2 deg (current 279.8, shorter by 360.0 deg)
[INFO] [1789499695.677466076] [scan_executor_node]: Joint equivalent rewrite J4 -97.8 -> 262.2 deg (current 279.8, shorter by 360.0 deg)
[INFO] [1789499696.729816451] [scan_executor_node]: MoveJoint response: success=True  target=[150.3 -11.9 109.1 262.2 63.3 10.5]  vel=120.0  acc=180.0
[INFO] [1789499696.730450283] [scan_executor_node]: AT_SCAN_POSE root/sw joints_deg=[150.1 -12.0 109.1 262.3 63.2 10.3] — adaptive detection wait up to 3.0s
[INFO] [1789499699.735260454] [scan_executor_node]: SCANNED_EMPTY root/sw no detection in dwell window
[INFO] [1789499699.735968803] [scan_executor_node]: RETURNING_TO_OVERVIEW
[INFO] [1789499701.489612978] [scan_executor_node]: MoveJoint response: success=True  target=[88.0 -94.9 129.9 175.9 -31.3 93.4]  vel=120.0  acc=180.0
[INFO] [1789499701.489939686] [scan_executor_node]: AT_OVERVIEW joints_deg=[88.1 -94.8 129.9 176.0 -31.2 93.3]
[INFO] [1789499701.490117669] [scan_executor_node]: HARVEST_PRIORITY_ORDER root/ne:3  root/nw:0  root/sw:0
[INFO] [1789499701.490279918] [scan_executor_node]: SCAN_COMPLETE
[INFO] [1789499701.490629556] [scan_executor_node]: READY_FOR_NEXT_START
