[WARN] [1789144437.582844958] [curobo_planner_node]: EE_TO_TCP_OFFSET_OVERRIDE: 160mm -> 236mm (profile=legacy_160mm)
[INFO] [1789144460.772280011] [curobo_planner_node]: cuRobo MotionGen warmed up!
[INFO] [1789144460.802534626] [curobo_planner_node]: cuRobo Planner Ready!
[INFO] [1789144460.802895167] [curobo_planner_node]: Runtime JSONL: /home/oceanshape/strawberry_grasp_environment/src/e0509_gripper_description/logs/runtime/2026-09-12/curobo_planner_node_20260912T013357-ea2ae427.jsonl
[INFO] [1789144460.804109222] [curobo_planner_node]:   ENV_CUBOIDS=1  SELF_COLLISION=False
[WARN] [1789144460.804524208] [curobo_planner_node]: Leaf/stem geometry is not in the cuRobo world; visually occluded targets require reobserve/skip instead of forced approach
[INFO] [1789144460.804888801] [curobo_planner_node]:   WALL_QUAT_WXYZ=[0.497, -0.497, 0.503, 0.503] approach_dir=[0.0, 1.0, -0.0] elevation=-0.0deg  variants=4
[INFO] [1789144460.805188720] [curobo_planner_node]:   LEFTMOST horizontal fallback x_corr=+5mm offsets_mm=[15, 20, 25] extra_request=0mm wall_margin=-30mm wall_override=False pre_approach=60mm
[WARN] [1789144460.805533371] [curobo_planner_node]:   TOOL_GEOMETRY_LEGACY: planner offset=160mm, measured grasp center=260mm (model shortfall=100mm).
[INFO] [1789144460.805825764] [curobo_planner_node]:   environment loaded: /home/oceanshape/strawberry_grasp_environment/src/e0509_gripper_description/config/environment.yaml
[INFO] [1789144460.806115757] [curobo_planner_node]:   marker place: enabled=True release=True taught_slot0_reference=True hold_after_slot0=False hold_on_failure=False open_stem_descent=True straight_reverse_retreat=True slot_sequence=[0, 1, 3, 4, 6, 7, 9, 10] slot_step=1 skip_row2=False orthogonalize_taught_grid=True taught_grid_shift_y_m=0.0452 taught_grid_pitch_override_m=0.0680 allow_generated_slot_release=True allow_unverified_grasp=False max_age=3600s
[INFO] [1789144460.806401500] [curobo_planner_node]:   SafeGrasp: enabled=False target=700 max_current=400 delta_threshold=40 timeout=5.0s contact_pos<=685 empty_pos>=695
[INFO] [1789144460.806684452] [curobo_planner_node]:   grasp verification: position-only (contact <= 685, empty >= 695; current is logged only)
[INFO] [1789144701.868701503] [curobo_planner_node]: Operation speed set to 100%
[INFO] [1789144701.870089140] [curobo_planner_node]: === PICK 딸기 raw=(-380,783,720)mm grasp=(-380,783,755)mm det_y=783mm x_bias=+0mm z_bias=+35mm ===
[INFO] [1789144701.870654276] [curobo_planner_node]: 1 open gripper for stem descent: set_position=600
[INFO] [1789144701.931810276] [curobo_planner_node]: World updated (neighbor obstacles registered): static=1 dynamic=0 neighbor_spheres=2
[INFO] [1789144701.932323780] [curobo_planner_node]: Registered 2 neighbor sphere obstacle(s); self-excluded 1 within 50mm of target
[INFO] [1789144701.934502877] [curobo_planner_node]: 2 grasp (CuRobo 2-step 6cm pre) — trying 3 offsets × 4 quats | target=(-375,783,755)mm | start_J1=155.5°
[ERROR] [1789144702.545899922] [curobo_planner_node]: Plan FAIL 611ms | status=MotionGenStatus.IK_FAIL | goal=['-375', '491', '836']mm | start_J=[155.5, 50.8, -33.1, 111.1, -80.6, 106.6]deg
[ERROR] [1789144702.721697062] [curobo_planner_node]: Plan FAIL 175ms | status=MotionGenStatus.IK_FAIL | goal=['-375', '488', '811']mm | start_J=[155.5, 50.8, -33.1, 111.1, -80.6, 106.6]deg
[ERROR] [1789144702.852394134] [curobo_planner_node]: Plan FAIL 130ms | status=MotionGenStatus.IK_FAIL | goal=['-375', '487', '785']mm | start_J=[155.5, 50.8, -33.1, 111.1, -80.6, 106.6]deg
[INFO] [1789144703.831330120] [curobo_planner_node]: Plan OK 978ms 31pts 0.56s | goal=['-375', '488', '759']mm | end_J=[139.9, 54.4, -24.3, 123.9, -66.6, 115.4]deg
[ERROR] [1789144704.260224004] [curobo_planner_node]: Plan FAIL 428ms | status=MotionGenStatus.IK_FAIL | goal=['-375', '533', '763']mm | start_J=[139.9, 54.4, -24.3, 123.9, -66.6, 115.4]deg
[INFO] [1789144705.199457450] [curobo_planner_node]: Plan OK 937ms 31pts 0.56s | goal=['-375', '528', '763']mm | end_J=[136.5, 43.6, -0.1, 121.1, -57.4, 127.0]deg
[INFO] [1789144705.200836955] [curobo_planner_node]: Spline 12pts plan=0.56s exec=0.58s -> end=['139.9', '54.4', '-24.3', '123.9', '-66.6', '115.4']deg
[INFO] [1789144705.852730974] [curobo_planner_node]: PRE_APPROACH_REACHED — settling 0.3s before 40mm straight approach
[INFO] [1789144706.154081403] [curobo_planner_node]: FINAL_APPROACH_STRAIGHT TOOL +Z 40.0mm vel=60.0mm/s
[INFO] [1789144709.411878691] [curobo_planner_node]: GRASP_POSE_REACHED — offset=+0.020m pre=6cm+40mm+0mm variant=('base', [1, 0, 0], 5.0) elevation=+5.0deg (attempt 11/12)
[WARN] [1789144709.412258649] [curobo_planner_node]: OPEN_DESCENT_DYNAMIC: kp1_z=755mm reached_z=783mm overshoot=28mm extra_below_kp1=0mm -> descent=28mm
[INFO] [1789144709.412519791] [curobo_planner_node]: OPEN_STEM_DESCENT — gripper=600, BASE -Z 28mm to KP1
[INFO] [1789144709.412845641] [curobo_planner_node]: OPEN_STEM_DESCENT BASE REL xyz=[np.float64(0.0), np.float64(0.0), np.float64(-28.3)]mm dist=28.3mm vel=40.0mm/s
[INFO] [1789144711.566688216] [curobo_planner_node]: 3 close gripper + verify grasp
[INFO] [1789144711.967703975] [curobo_planner_node]: VERIFY_GRASP: GRASP_CONTACT_DETECTED present_pos=670 current_raw=200 — jaw stopped before calibrated contact threshold (pos=670 <= 685); position-based grasp detected
[INFO] [1789144711.968021900] [curobo_planner_node]: 4 detach pull — BASE -Z 40mm at 50mm/s
[INFO] [1789144714.722824126] [curobo_planner_node]: DETACH_PULL_DOWN: BASE -Z 40mm -> OK
[INFO] [1789144714.723346080] [curobo_planner_node]: RETREAT TOOL -Z 40.0mm vel=80.0mm/s
[WARN] [1789144718.080630580] [curobo_planner_node]: TAUGHT_TRAY_GRID_PLACE active: slot=0; fixed tray pose only; marker localization is bypassed
[INFO] [1789144718.082840756] [curobo_planner_node]: TAUGHT_TRAY_SLOT0_ABOVE generated from Slot0 FK + grid offset: clearance=120mm goal_mm=[519.9, 97.5, 185.6]
[INFO] [1789144718.133548051] [curobo_planner_node]: Operation speed set to 100%
[INFO] [1789144719.597397513] [curobo_planner_node]: Plan OK 1463ms 64pts 1.15s | goal=['520', '98', '186']mm | end_J=[191.7, -31.5, -122.8, 183.6, -64.0, 271.2]deg
[INFO] [1789144719.598165734] [curobo_planner_node]: Spline 12pts plan=1.15s exec=1.00s -> end=['191.7', '-31.5', '-122.8', '183.6', '-64.0', '271.2']deg
[INFO] [1789144721.502138484] [curobo_planner_node]: TAUGHT_SLOT0_RELEASE_DESCEND BASE -Z 120mm
[INFO] [1789144721.502796597] [curobo_planner_node]: TAUGHT_SLOT0_RELEASE_DESCEND BASE REL xyz=[np.float64(0.0), np.float64(0.0), np.float64(-120.0)]mm dist=120.0mm vel=40.0mm/s
[WARN] [1789144726.311954592] [curobo_planner_node]: TAUGHT_TRAY_SLOT0_PLACE_RELEASE: position_cmd=600
[INFO] [1789144726.362720641] [curobo_planner_node]: TAUGHT_SLOT0_RELEASE_ASCEND joint-space return to above pose (avoid raw BASE +Z branch/limit jump after release)
[INFO] [1789144727.519235501] [curobo_planner_node]: Plan OK 1155ms 31pts 0.56s | goal=['520', '98', '186']mm | end_J=[191.7, -31.5, -122.8, 183.6, -64.0, 271.2]deg
[INFO] [1789144727.520398212] [curobo_planner_node]: Spline 12pts plan=0.56s exec=0.58s -> end=['191.7', '-31.5', '-122.8', '183.6', '-64.0', '271.2']deg
[WARN] [1789144728.222576066] [curobo_planner_node]: TAUGHT_TRAY_SLOT_SEQUENCE: slot 0 -> 1 (sequence=[0, 1, 3, 4, 6, 7, 9, 10])
[INFO] [1789144728.222821044] [curobo_planner_node]: 7 return to pick-start scan pose
[INFO] [1789144733.353460653] [curobo_planner_node]: pick-start scan pose after pick/place JS Plan OK 5130ms 68pts 1.22s | goal=['155.5', '50.8', '-33.1', '111.1', '-80.6', '106.6']deg
[INFO] [1789144733.354262089] [curobo_planner_node]: Spline 12pts plan=1.22s exec=1.06s -> end=['155.5', '50.8', '-33.1', '111.1', '-80.6', '106.6']deg
[INFO] [1789144735.558941397] [curobo_planner_node]: World updated (neighbor obstacles cleared): static=1 dynamic=0 neighbor_spheres=0
[INFO] [1789144735.609670035] [curobo_planner_node]: === PICK COMPLETE (DETACH_SUCCESS_UNVERIFIED) ===
[INFO] [1789144736.664044227] [curobo_planner_node]: Operation speed set to 100%
[INFO] [1789144736.664978116] [curobo_planner_node]: === PICK 딸기 raw=(-250,783,740)mm grasp=(-250,783,775)mm det_y=783mm x_bias=+0mm z_bias=+35mm ===
[INFO] [1789144736.665398392] [curobo_planner_node]: 1 open gripper for stem descent: set_position=600
[INFO] [1789144736.721766022] [curobo_planner_node]: World updated (neighbor obstacles registered): static=1 dynamic=0 neighbor_spheres=1
[INFO] [1789144736.722324955] [curobo_planner_node]: Registered 1 neighbor sphere obstacle(s); self-excluded 1 within 50mm of target
[INFO] [1789144736.723465108] [curobo_planner_node]: 2 grasp (CuRobo 2-step 6cm pre) — trying 3 offsets × 4 quats | target=(-250,783,775)mm | start_J1=155.5°
[ERROR] [1789144737.257128680] [curobo_planner_node]: Plan FAIL 533ms | status=MotionGenStatus.IK_FAIL | goal=['-250', '491', '856']mm | start_J=[155.5, 50.9, -33.1, 111.1, -80.6, 106.6]deg
[ERROR] [1789144737.439715348] [curobo_planner_node]: Plan FAIL 182ms | status=MotionGenStatus.IK_FAIL | goal=['-250', '488', '831']mm | start_J=[155.5, 50.9, -33.1, 111.1, -80.6, 106.6]deg
[INFO] [1789144738.678154280] [curobo_planner_node]: Plan OK 1237ms 31pts 0.56s | goal=['-250', '487', '805']mm | end_J=[128.5, 48.2, -28.9, 139.9, -75.0, 103.0]deg
[INFO] [1789144740.249026370] [curobo_planner_node]: Plan OK 1569ms 31pts 0.56s | goal=['-250', '532', '805']mm | end_J=[124.8, 41.1, -10.1, 140.9, -65.0, 109.7]deg
[INFO] [1789144740.249774317] [curobo_planner_node]: Spline 12pts plan=0.56s exec=0.58s -> end=['128.5', '48.2', '-28.9', '139.9', '-75.0', '103.0']deg
[INFO] [1789144741.001710575] [curobo_planner_node]: PRE_APPROACH_REACHED — settling 0.3s before 45mm straight approach
[INFO] [1789144741.302783869] [curobo_planner_node]: FINAL_APPROACH_STRAIGHT TOOL +Z 45.0mm vel=60.0mm/s
[INFO] [1789144745.261258834] [curobo_planner_node]: GRASP_POSE_REACHED — offset=+0.015m pre=6cm+45mm+0mm variant=('base', [1, 0, 0], 0.0) elevation=-0.0deg (attempt 7/12)
[WARN] [1789144745.261955140] [curobo_planner_node]: OPEN_DESCENT_DYNAMIC: kp1_z=775mm reached_z=805mm overshoot=30mm extra_below_kp1=0mm -> descent=30mm
[INFO] [1789144745.262429134] [curobo_planner_node]: OPEN_STEM_DESCENT — gripper=600, BASE -Z 30mm to KP1
[INFO] [1789144745.263027648] [curobo_planner_node]: OPEN_STEM_DESCENT BASE REL xyz=[np.float64(0.0), np.float64(0.0), np.float64(-30.0)]mm dist=30.0mm vel=40.0mm/s
[INFO] [1789144747.917836086] [curobo_planner_node]: 3 close gripper + verify grasp
[INFO] [1789144748.318754141] [curobo_planner_node]: VERIFY_GRASP: GRASP_CONTACT_DETECTED present_pos=670 current_raw=200 — jaw stopped before calibrated contact threshold (pos=670 <= 685); position-based grasp detected
[INFO] [1789144748.319061892] [curobo_planner_node]: 4 detach pull — BASE -Z 40mm at 50mm/s
[INFO] [1789144751.424049846] [curobo_planner_node]: DETACH_PULL_DOWN: BASE -Z 40mm -> OK
[INFO] [1789144751.424513891] [curobo_planner_node]: RETREAT TOOL -Z 45.0mm vel=80.0mm/s
[WARN] [1789144755.281609811] [curobo_planner_node]: TAUGHT_TRAY_GRID_PLACE active: slot=1; fixed tray pose only; marker localization is bypassed
[INFO] [1789144755.284219960] [curobo_planner_node]: TAUGHT_TRAY_SLOT1_ABOVE generated from Slot0 FK + grid offset: clearance=120mm goal_mm=[451.9, 97.5, 185.6]
[INFO] [1789144755.334939914] [curobo_planner_node]: Operation speed set to 100%
[INFO] [1789144756.625112815] [curobo_planner_node]: Plan OK 1288ms 66pts 1.18s | goal=['452', '98', '186']mm | end_J=[194.4, -26.5, -134.1, 186.4, -70.3, 270.7]deg
[INFO] [1789144756.625917980] [curobo_planner_node]: Spline 12pts plan=1.18s exec=1.03s -> end=['194.4', '-26.5', '-134.1', '186.4', '-70.3', '270.7']deg
[INFO] [1789144758.529361284] [curobo_planner_node]: TAUGHT_SLOT0_RELEASE_DESCEND BASE -Z 120mm
[INFO] [1789144758.529799591] [curobo_planner_node]: TAUGHT_SLOT0_RELEASE_DESCEND BASE REL xyz=[np.float64(0.0), np.float64(0.0), np.float64(-120.0)]mm dist=120.0mm vel=40.0mm/s
[WARN] [1789144763.137646822] [curobo_planner_node]: TAUGHT_TRAY_SLOT1_PLACE_RELEASE: position_cmd=600
[INFO] [1789144763.188410577] [curobo_planner_node]: TAUGHT_SLOT0_RELEASE_ASCEND joint-space return to above pose (avoid raw BASE +Z branch/limit jump after release)
[INFO] [1789144764.175763529] [curobo_planner_node]: Plan OK 987ms 47pts 0.84s | goal=['452', '98', '186']mm | end_J=[194.4, -26.5, -134.1, 186.3, -70.3, 270.7]deg
[INFO] [1789144764.177004774] [curobo_planner_node]: Spline 12pts plan=0.84s exec=0.73s -> end=['194.4', '-26.5', '-134.1', '186.3', '-70.3', '270.7']deg
[WARN] [1789144764.879730363] [curobo_planner_node]: TAUGHT_TRAY_SLOT_SEQUENCE: slot 1 -> 3 (sequence=[0, 1, 3, 4, 6, 7, 9, 10])
[INFO] [1789144764.880157144] [curobo_planner_node]: 7 return to pick-start scan pose
[INFO] [1789144766.509440315] [curobo_planner_node]: pick-start scan pose after pick/place JS Plan OK 1628ms 68pts 1.21s | goal=['155.5', '50.9', '-33.1', '111.1', '-80.6', '106.6']deg
[INFO] [1789144766.510202082] [curobo_planner_node]: Spline 12pts plan=1.21s exec=1.06s -> end=['155.5', '50.9', '-33.1', '111.1', '-80.6', '106.6']deg
[INFO] [1789144768.717004142] [curobo_planner_node]: World updated (neighbor obstacles cleared): static=1 dynamic=0 neighbor_spheres=0
[INFO] [1789144768.767736048] [curobo_planner_node]: === PICK COMPLETE (DETACH_SUCCESS_UNVERIFIED) ===
[INFO] [1789144770.576479846] [curobo_planner_node]: Operation speed set to 100%
[INFO] [1789144770.577258122] [curobo_planner_node]: === PICK 딸기 raw=(-120,783,760)mm grasp=(-120,783,795)mm det_y=783mm x_bias=+0mm z_bias=+35mm ===
[INFO] [1789144770.577793563] [curobo_planner_node]: 1 open gripper for stem descent: set_position=600
[INFO] [1789144770.630385967] [curobo_planner_node]: World updated (neighbor obstacles registered): static=1 dynamic=0 neighbor_spheres=0
[INFO] [1789144770.630948358] [curobo_planner_node]: Registered 0 neighbor sphere obstacle(s); self-excluded 1 within 50mm of target
[INFO] [1789144770.631952271] [curobo_planner_node]: 2 grasp (CuRobo 2-step 6cm pre) — trying 3 offsets × 4 quats | target=(-120,783,795)mm | start_J1=144.1°
[ERROR] [1789144771.146896307] [curobo_planner_node]: Plan FAIL 514ms | status=MotionGenStatus.IK_FAIL | goal=['-120', '491', '876']mm | start_J=[144.1, 23.0, -1.0, 121.5, -75.3, 108.7]deg
[INFO] [1789144772.067579368] [curobo_planner_node]: Plan OK 920ms 31pts 0.56s | goal=['-120', '488', '851']mm | end_J=[110.8, 21.7, 10.7, 157.0, -64.8, 102.8]deg
[ERROR] [1789144772.490015505] [curobo_planner_node]: Plan FAIL 422ms | status=MotionGenStatus.IK_FAIL | goal=['-120', '533', '847']mm | start_J=[110.8, 21.7, 10.7, 157.0, -64.8, 102.8]deg
[ERROR] [1789144772.645769660] [curobo_planner_node]: Plan FAIL 155ms | status=MotionGenStatus.IK_FAIL | goal=['-120', '528', '847']mm | start_J=[110.8, 21.7, 10.7, 157.0, -64.8, 102.8]deg
[ERROR] [1789144772.784916057] [curobo_planner_node]: Plan FAIL 139ms | status=MotionGenStatus.IK_FAIL | goal=['-120', '523', '848']mm | start_J=[110.8, 21.7, 10.7, 157.0, -64.8, 102.8]deg
[INFO] [1789144773.987694173] [curobo_planner_node]: Plan OK 1202ms 31pts 0.56s | goal=['-120', '487', '825']mm | end_J=[110.9, 9.6, 37.8, 150.6, -46.6, 111.9]deg
[INFO] [1789144775.108402364] [curobo_planner_node]: Plan OK 1120ms 31pts 0.56s | goal=['-120', '532', '825']mm | end_J=[108.5, 18.4, 25.9, 155.0, -48.5, 107.9]deg
[INFO] [1789144775.109306718] [curobo_planner_node]: Spline 12pts plan=0.56s exec=0.58s -> end=['110.9', '9.6', '37.8', '150.6', '-46.6', '111.9']deg
[INFO] [1789144775.861341832] [curobo_planner_node]: PRE_APPROACH_REACHED — settling 0.3s before 45mm straight approach
[INFO] [1789144776.162124318] [curobo_planner_node]: FINAL_APPROACH_STRAIGHT TOOL +Z 45.0mm vel=60.0mm/s
[INFO] [1789144779.418180654] [curobo_planner_node]: GRASP_POSE_REACHED — offset=+0.015m pre=6cm+45mm+0mm variant=('base', [1, 0, 0], 0.0) elevation=-0.0deg (attempt 7/12)
[WARN] [1789144779.418845194] [curobo_planner_node]: OPEN_DESCENT_DYNAMIC: kp1_z=795mm reached_z=825mm overshoot=30mm extra_below_kp1=0mm -> descent=30mm
[INFO] [1789144779.419316247] [curobo_planner_node]: OPEN_STEM_DESCENT — gripper=600, BASE -Z 30mm to KP1
[INFO] [1789144779.419898255] [curobo_planner_node]: OPEN_STEM_DESCENT BASE REL xyz=[np.float64(0.0), np.float64(0.0), np.float64(-30.0)]mm dist=30.0mm vel=40.0mm/s
[INFO] [1789144781.823812528] [curobo_planner_node]: 3 close gripper + verify grasp
[INFO] [1789144782.224700766] [curobo_planner_node]: VERIFY_GRASP: GRASP_CONTACT_DETECTED present_pos=670 current_raw=200 — jaw stopped before calibrated contact threshold (pos=670 <= 685); position-based grasp detected
[INFO] [1789144782.224999806] [curobo_planner_node]: 4 detach pull — BASE -Z 40mm at 50mm/s
[INFO] [1789144785.380101732] [curobo_planner_node]: DETACH_PULL_DOWN: BASE -Z 40mm -> OK
[INFO] [1789144785.380787441] [curobo_planner_node]: RETREAT TOOL -Z 45.0mm vel=80.0mm/s
[WARN] [1789144788.635947885] [curobo_planner_node]: TAUGHT_TRAY_GRID_PLACE active: slot=3; fixed tray pose only; marker localization is bypassed
[INFO] [1789144788.637468421] [curobo_planner_node]: TAUGHT_TRAY_SLOT3_ABOVE generated from Slot0 FK + grid offset: clearance=120mm goal_mm=[519.9, 29.5, 185.6]
[INFO] [1789144788.687868302] [curobo_planner_node]: Operation speed set to 100%
[INFO] [1789144789.974715054] [curobo_planner_node]: Plan OK 1285ms 51pts 0.92s | goal=['520', '30', '186']mm | end_J=[0.7, 30.9, 124.1, 171.5, 64.9, 96.4]deg
[INFO] [1789144789.975461986] [curobo_planner_node]: Spline 12pts plan=0.92s exec=0.80s -> end=['0.7', '30.9', '124.1', '171.5', '64.9', '96.4']deg
[INFO] [1789144791.328108454] [curobo_planner_node]: TAUGHT_SLOT0_RELEASE_DESCEND BASE -Z 120mm
[INFO] [1789144791.328492241] [curobo_planner_node]: TAUGHT_SLOT0_RELEASE_DESCEND BASE REL xyz=[np.float64(0.0), np.float64(0.0), np.float64(-120.0)]mm dist=120.0mm vel=40.0mm/s
[WARN] [1789144795.685918720] [curobo_planner_node]: TAUGHT_TRAY_SLOT3_PLACE_RELEASE: position_cmd=600
[INFO] [1789144795.736688187] [curobo_planner_node]: TAUGHT_SLOT0_RELEASE_ASCEND joint-space return to above pose (avoid raw BASE +Z branch/limit jump after release)
[INFO] [1789144796.762844057] [curobo_planner_node]: Plan OK 1025ms 31pts 0.56s | goal=['520', '30', '186']mm | end_J=[0.7, 30.9, 124.1, 171.5, 64.9, 96.4]deg
[INFO] [1789144796.763577772] [curobo_planner_node]: Spline 12pts plan=0.56s exec=0.58s -> end=['0.7', '30.9', '124.1', '171.5', '64.9', '96.4']deg
[WARN] [1789144797.465743900] [curobo_planner_node]: TAUGHT_TRAY_SLOT_SEQUENCE: slot 3 -> 4 (sequence=[0, 1, 3, 4, 6, 7, 9, 10])
[INFO] [1789144797.466048000] [curobo_planner_node]: 7 return to pick-start scan pose
[INFO] [1789144799.073846565] [curobo_planner_node]: pick-start scan pose after pick/place JS Plan OK 1607ms 68pts 1.22s | goal=['144.1', '23.1', '-1.1', '121.5', '-75.3', '108.7']deg
[INFO] [1789144799.074689124] [curobo_planner_node]: Spline 12pts plan=1.22s exec=1.06s -> end=['144.1', '23.1', '-1.1', '121.5', '-75.3', '108.7']deg
[INFO] [1789144800.827965753] [curobo_planner_node]: === PICK COMPLETE (DETACH_SUCCESS_UNVERIFIED) ===
[INFO] [1789144809.349957794] [curobo_planner_node]: Operation speed set to 100%
[INFO] [1789144809.350913874] [curobo_planner_node]: === PICK 딸기 raw=(280,783,700)mm grasp=(280,783,735)mm det_y=783mm x_bias=+0mm z_bias=+35mm ===
[INFO] [1789144809.351363183] [curobo_planner_node]: 1 open gripper for stem descent: set_position=600
[INFO] [1789144809.406380719] [curobo_planner_node]: World updated (neighbor obstacles registered): static=1 dynamic=0 neighbor_spheres=1
[INFO] [1789144809.406728129] [curobo_planner_node]: Registered 1 neighbor sphere obstacle(s); self-excluded 1 within 50mm of target
[INFO] [1789144809.407423208] [curobo_planner_node]: 2 grasp (CuRobo 2-step 6cm pre) — trying 5 offsets × 4 quats | target=(280,783,735)mm | start_J1=18.9°
[ERROR] [1789144809.886344080] [curobo_planner_node]: Plan FAIL 478ms | status=MotionGenStatus.IK_FAIL | goal=['280', '491', '816']mm | start_J=[18.9, 26.0, 1.0, 74.6, 78.2, 244.4]deg
[INFO] [1789144810.752938304] [curobo_planner_node]: Plan OK 865ms 31pts 0.56s | goal=['280', '488', '791']mm | end_J=[48.5, 25.1, 19.9, 48.3, 62.2, 238.7]deg
[ERROR] [1789144811.147339348] [curobo_planner_node]: Plan FAIL 394ms | status=MotionGenStatus.IK_FAIL | goal=['280', '578', '783']mm | start_J=[48.5, 25.1, 19.9, 48.3, 62.2, 238.7]deg
[ERROR] [1789144811.288800654] [curobo_planner_node]: Plan FAIL 141ms | status=MotionGenStatus.IK_FAIL | goal=['280', '548', '786']mm | start_J=[48.5, 25.1, 19.9, 48.3, 62.2, 238.7]deg
[INFO] [1789144812.282748136] [curobo_planner_node]: Plan OK 993ms 31pts 0.56s | goal=['280', '533', '787']mm | end_J=[52.2, 37.3, 0.3, 42.0, 65.2, 246.6]deg
[INFO] [1789144812.283525355] [curobo_planner_node]: Spline 12pts plan=0.56s exec=0.58s -> end=['48.5', '25.1', '19.9', '48.3', '62.2', '238.7']deg
[INFO] [1789144813.035166665] [curobo_planner_node]: PRE_APPROACH_REACHED — settling 0.3s before 45mm straight approach
[INFO] [1789144813.335709940] [curobo_planner_node]: FINAL_APPROACH_STRAIGHT TOOL +Z 45.0mm vel=60.0mm/s
[INFO] [1789144816.390297482] [curobo_planner_node]: GRASP_POSE_REACHED — offset=+0.015m pre=6cm+45mm+0mm variant=('base', [1, 0, 0], -5.0) elevation=-5.0deg (attempt 8/20)
[WARN] [1789144816.390665801] [curobo_planner_node]: OPEN_DESCENT_DYNAMIC: kp1_z=735mm reached_z=766mm overshoot=31mm extra_below_kp1=0mm -> descent=31mm
[INFO] [1789144816.390871265] [curobo_planner_node]: OPEN_STEM_DESCENT — gripper=600, BASE -Z 31mm to KP1
[INFO] [1789144816.391174342] [curobo_planner_node]: OPEN_STEM_DESCENT BASE REL xyz=[np.float64(0.0), np.float64(0.0), np.float64(-31.3)]mm dist=31.3mm vel=40.0mm/s
[INFO] [1789144818.795064815] [curobo_planner_node]: 3 close gripper + verify grasp
[INFO] [1789144819.196132805] [curobo_planner_node]: VERIFY_GRASP: GRASP_CONTACT_DETECTED present_pos=670 current_raw=200 — jaw stopped before calibrated contact threshold (pos=670 <= 685); position-based grasp detected
[INFO] [1789144819.196575758] [curobo_planner_node]: 4 detach pull — BASE -Z 40mm at 50mm/s
[INFO] [1789144822.151351919] [curobo_planner_node]: DETACH_PULL_DOWN: BASE -Z 40mm -> OK
[INFO] [1789144822.151839761] [curobo_planner_node]: RETREAT TOOL -Z 45.0mm vel=80.0mm/s
[WARN] [1789144825.457553581] [curobo_planner_node]: TAUGHT_TRAY_GRID_PLACE active: slot=4; fixed tray pose only; marker localization is bypassed
[INFO] [1789144825.460756458] [curobo_planner_node]: TAUGHT_TRAY_SLOT4_ABOVE generated from Slot0 FK + grid offset: clearance=120mm goal_mm=[451.9, 29.5, 185.6]
[INFO] [1789144825.511147401] [curobo_planner_node]: Operation speed set to 100%
[WARN] [1789144826.863762953] [curobo_planner_node]: Cartesian plan rejected: J3 swing 186.3deg > 175.0deg (start=-51.3deg -> end=135.0deg)
[ERROR] [1789144826.864320697] [curobo_planner_node]: TAUGHT_TRAY_SLOT4_PLACE_BLOCKED: above plan failed; holding fruit
[INFO] [1789144826.865253935] [curobo_planner_node]: World updated (neighbor obstacles cleared): static=1 dynamic=0 neighbor_spheres=0
[WARN] [1789144826.915896999] [curobo_planner_node]: PICK_SEQUENCE_CONTINUE place_status=failed: released fruit here and continuing to the next target (hold_on_place_failure=false)
[INFO] [1789144826.916351286] [curobo_planner_node]: 7 return to pick-start scan pose
[INFO] [1789144828.553328966] [curobo_planner_node]: pick-start scan pose after pick/place JS Plan OK 1636ms 38pts 0.69s | goal=['18.9', '26.0', '1.0', '74.6', '78.2', '244.4']deg
[INFO] [1789144828.553988333] [curobo_planner_node]: Spline 12pts plan=0.69s exec=0.60s -> end=['18.9', '26.0', '1.0', '74.6', '78.2', '244.4']deg
[INFO] [1789144829.456810323] [curobo_planner_node]: === PICK COMPLETE (DETACH_SUCCESS_UNVERIFIED) ===
[INFO] [1789144830.509345455] [curobo_planner_node]: Operation speed set to 100%
[INFO] [1789144830.510285354] [curobo_planner_node]: === PICK 딸기 raw=(200,783,740)mm grasp=(200,783,775)mm det_y=783mm x_bias=+0mm z_bias=+35mm ===
[INFO] [1789144830.510706622] [curobo_planner_node]: 1 open gripper for stem descent: set_position=600
[INFO] [1789144830.562719603] [curobo_planner_node]: World updated (neighbor obstacles registered): static=1 dynamic=0 neighbor_spheres=0
[INFO] [1789144830.563029782] [curobo_planner_node]: Registered 0 neighbor sphere obstacle(s); self-excluded 1 within 50mm of target
[INFO] [1789144830.563425892] [curobo_planner_node]: 2 grasp (CuRobo 2-step 6cm pre) — trying 3 offsets × 4 quats | target=(200,783,775)mm | start_J1=18.9°
[ERROR] [1789144830.988717364] [curobo_planner_node]: Plan FAIL 425ms | status=MotionGenStatus.IK_FAIL | goal=['200', '491', '856']mm | start_J=[18.9, 26.1, 1.0, 74.6, 78.2, 244.4]deg
[INFO] [1789144831.925468763] [curobo_planner_node]: Plan OK 935ms 32pts 0.56s | goal=['200', '488', '831']mm | end_J=[57.7, 24.7, 11.2, 36.0, 65.0, 250.5]deg
[ERROR] [1789144832.311181563] [curobo_planner_node]: Plan FAIL 384ms | status=MotionGenStatus.IK_FAIL | goal=['200', '533', '827']mm | start_J=[57.7, 24.7, 11.2, 36.0, 65.0, 250.5]deg
[ERROR] [1789144832.446643216] [curobo_planner_node]: Plan FAIL 135ms | status=MotionGenStatus.IK_FAIL | goal=['200', '528', '827']mm | start_J=[57.7, 24.7, 11.2, 36.0, 65.0, 250.5]deg
[ERROR] [1789144832.588718337] [curobo_planner_node]: Plan FAIL 142ms | status=MotionGenStatus.IK_FAIL | goal=['200', '523', '828']mm | start_J=[57.7, 24.7, 11.2, 36.0, 65.0, 250.5]deg
[INFO] [1789144833.812847400] [curobo_planner_node]: Plan OK 1223ms 32pts 0.56s | goal=['200', '487', '805']mm | end_J=[57.5, 13.1, 37.4, 45.0, 49.4, 237.6]deg
[INFO] [1789144835.061614382] [curobo_planner_node]: Plan OK 1247ms 31pts 0.56s | goal=['200', '532', '805']mm | end_J=[60.9, 21.7, 25.4, 39.3, 50.2, 243.1]deg
[INFO] [1789144835.063876302] [curobo_planner_node]: Spline 12pts plan=0.56s exec=0.58s -> end=['57.5', '13.1', '37.4', '45.0', '49.4', '237.6']deg
[INFO] [1789144835.816024414] [curobo_planner_node]: PRE_APPROACH_REACHED — settling 0.3s before 45mm straight approach
[INFO] [1789144836.116968870] [curobo_planner_node]: FINAL_APPROACH_STRAIGHT TOOL +Z 45.0mm vel=60.0mm/s
[INFO] [1789144839.222618073] [curobo_planner_node]: GRASP_POSE_REACHED — offset=+0.015m pre=6cm+45mm+0mm variant=('base', [1, 0, 0], 0.0) elevation=-0.0deg (attempt 7/12)
[WARN] [1789144839.223250031] [curobo_planner_node]: OPEN_DESCENT_DYNAMIC: kp1_z=775mm reached_z=805mm overshoot=30mm extra_below_kp1=0mm -> descent=30mm
[INFO] [1789144839.223689522] [curobo_planner_node]: OPEN_STEM_DESCENT — gripper=600, BASE -Z 30mm to KP1
[INFO] [1789144839.224256348] [curobo_planner_node]: OPEN_STEM_DESCENT BASE REL xyz=[np.float64(0.0), np.float64(0.0), np.float64(-30.0)]mm dist=30.0mm vel=40.0mm/s
[INFO] [1789144841.628656305] [curobo_planner_node]: 3 close gripper + verify grasp
[INFO] [1789144842.029645148] [curobo_planner_node]: VERIFY_GRASP: GRASP_CONTACT_DETECTED present_pos=670 current_raw=200 — jaw stopped before calibrated contact threshold (pos=670 <= 685); position-based grasp detected
[INFO] [1789144842.030055561] [curobo_planner_node]: 4 detach pull — BASE -Z 40mm at 50mm/s
[INFO] [1789144844.835353535] [curobo_planner_node]: DETACH_PULL_DOWN: BASE -Z 40mm -> OK
[INFO] [1789144844.836115145] [curobo_planner_node]: RETREAT TOOL -Z 45.0mm vel=80.0mm/s
[WARN] [1789144848.343977661] [curobo_planner_node]: TAUGHT_TRAY_GRID_PLACE active: slot=4; fixed tray pose only; marker localization is bypassed
[INFO] [1789144848.346004330] [curobo_planner_node]: TAUGHT_TRAY_SLOT4_ABOVE generated from Slot0 FK + grid offset: clearance=120mm goal_mm=[451.9, 29.5, 185.6]
[INFO] [1789144848.396491431] [curobo_planner_node]: Operation speed set to 100%
[INFO] [1789144849.519729541] [curobo_planner_node]: Plan OK 1122ms 56pts 1.01s | goal=['452', '30', '186']mm | end_J=[0.8, 26.2, 135.0, -8.1, -71.2, 275.3]deg
[INFO] [1789144849.520482613] [curobo_planner_node]: Spline 12pts plan=1.01s exec=0.88s -> end=['0.8', '26.2', '135.0', '-8.1', '-71.2', '275.3']deg
[INFO] [1789144850.924326482] [curobo_planner_node]: TAUGHT_SLOT0_RELEASE_DESCEND BASE -Z 120mm
[INFO] [1789144850.924680664] [curobo_planner_node]: TAUGHT_SLOT0_RELEASE_DESCEND BASE REL xyz=[np.float64(0.0), np.float64(0.0), np.float64(-120.0)]mm dist=120.0mm vel=40.0mm/s
[WARN] [1789144855.133260076] [curobo_planner_node]: TAUGHT_TRAY_SLOT4_PLACE_RELEASE: position_cmd=600
[INFO] [1789144855.183763454] [curobo_planner_node]: TAUGHT_SLOT0_RELEASE_ASCEND joint-space return to above pose (avoid raw BASE +Z branch/limit jump after release)
[INFO] [1789144856.186111813] [curobo_planner_node]: Plan OK 1002ms 48pts 0.87s | goal=['452', '30', '186']mm | end_J=[0.8, 26.1, 135.0, -8.1, -71.1, 275.4]deg
[INFO] [1789144856.186863786] [curobo_planner_node]: Spline 12pts plan=0.87s exec=0.75s -> end=['0.8', '26.1', '135.0', '-8.1', '-71.1', '275.4']deg
[WARN] [1789144856.888787068] [curobo_planner_node]: TAUGHT_TRAY_SLOT_SEQUENCE: slot 4 -> 6 (sequence=[0, 1, 3, 4, 6, 7, 9, 10])
[INFO] [1789144856.889210915] [curobo_planner_node]: 7 return to pick-start scan pose
[INFO] [1789144858.432239138] [curobo_planner_node]: pick-start scan pose after pick/place JS Plan OK 1542ms 69pts 1.23s | goal=['18.9', '26.1', '1.0', '74.6', '78.2', '244.4']deg
[INFO] [1789144858.433108039] [curobo_planner_node]: Spline 12pts plan=1.23s exec=1.07s -> end=['18.9', '26.1', '1.0', '74.6', '78.2', '244.4']deg
[INFO] [1789144860.187680873] [curobo_planner_node]: === PICK COMPLETE (DETACH_SUCCESS_UNVERIFIED) ===
[INFO] [1789144873.209634075] [curobo_planner_node]: Operation speed set to 100%
[INFO] [1789144873.210528270] [curobo_planner_node]: === PICK 딸기 raw=(-100,783,440)mm grasp=(-100,783,475)mm det_y=783mm x_bias=+0mm z_bias=+35mm ===
[INFO] [1789144873.210927373] [curobo_planner_node]: 1 open gripper for stem descent: set_position=600
[INFO] [1789144873.263233500] [curobo_planner_node]: World updated (neighbor obstacles registered): static=1 dynamic=0 neighbor_spheres=2
[INFO] [1789144873.263774737] [curobo_planner_node]: Registered 2 neighbor sphere obstacle(s); self-excluded 1 within 50mm of target
[INFO] [1789144873.264717678] [curobo_planner_node]: 2 grasp (CuRobo 2-step 6cm pre) — trying 3 offsets × 4 quats | target=(-100,783,475)mm | start_J1=129.1°
[INFO] [1789144874.458735167] [curobo_planner_node]: Plan OK 1193ms 48pts 0.86s | goal=['-100', '491', '556']mm | end_J=[107.3, -5.6, 93.9, 304.4, 20.8, -32.4]deg
[INFO] [1789144875.758857437] [curobo_planner_node]: Plan OK 1299ms 31pts 0.56s | goal=['-100', '536', '549']mm | end_J=[105.3, 0.9, 88.9, 304.2, 18.3, -32.2]deg
[INFO] [1789144875.759607990] [curobo_planner_node]: Spline 12pts plan=0.86s exec=0.75s -> end=['107.3', '-5.6', '93.9', '304.4', '20.8', '-32.4']deg
[INFO] [1789144876.711596383] [curobo_planner_node]: PRE_APPROACH_REACHED — settling 0.3s before 45mm straight approach
[INFO] [1789144877.012384854] [curobo_planner_node]: FINAL_APPROACH_STRAIGHT TOOL +Z 45.0mm vel=60.0mm/s
[INFO] [1789144880.218665826] [curobo_planner_node]: GRASP_POSE_REACHED — offset=+0.015m pre=6cm+45mm+0mm variant=('base', [1, 0, 0], -10.0) elevation=-10.0deg (attempt 1/12)
[WARN] [1789144880.219189849] [curobo_planner_node]: OPEN_DESCENT_DYNAMIC: kp1_z=475mm reached_z=508mm overshoot=33mm extra_below_kp1=0mm -> descent=33mm
[INFO] [1789144880.219538082] [curobo_planner_node]: OPEN_STEM_DESCENT — gripper=600, BASE -Z 33mm to KP1
[INFO] [1789144880.219878853] [curobo_planner_node]: OPEN_STEM_DESCENT BASE REL xyz=[np.float64(0.0), np.float64(0.0), np.float64(-32.6)]mm dist=32.6mm vel=40.0mm/s
[INFO] [1789144882.623917571] [curobo_planner_node]: 3 close gripper + verify grasp
[INFO] [1789144883.024905866] [curobo_planner_node]: VERIFY_GRASP: GRASP_CONTACT_DETECTED present_pos=670 current_raw=200 — jaw stopped before calibrated contact threshold (pos=670 <= 685); position-based grasp detected
[INFO] [1789144883.025420941] [curobo_planner_node]: 4 detach pull — BASE -Z 40mm at 50mm/s
[INFO] [1789144885.880311422] [curobo_planner_node]: DETACH_PULL_DOWN: BASE -Z 40mm -> OK
[INFO] [1789144885.880803308] [curobo_planner_node]: RETREAT TOOL -Z 45.0mm vel=80.0mm/s
[WARN] [1789144889.237528148] [curobo_planner_node]: TAUGHT_TRAY_GRID_PLACE active: slot=6; fixed tray pose only; marker localization is bypassed
[INFO] [1789144889.239667401] [curobo_planner_node]: TAUGHT_TRAY_SLOT6_ABOVE generated from Slot0 FK + grid offset: clearance=120mm goal_mm=[519.9, -38.5, 185.6]
[INFO] [1789144889.290217263] [curobo_planner_node]: Operation speed set to 100%
[INFO] [1789144890.444925317] [curobo_planner_node]: Plan OK 1153ms 56pts 1.00s | goal=['520', '-38', '186']mm | end_J=[-10.3, 31.3, 123.1, 339.3, -65.5, -78.4]deg
[INFO] [1789144890.445635360] [curobo_planner_node]: Spline 12pts plan=1.00s exec=0.87s -> end=['-10.3', '31.3', '123.1', '339.3', '-65.5', '-78.4']deg
[INFO] [1789144891.850873340] [curobo_planner_node]: TAUGHT_SLOT0_RELEASE_DESCEND BASE -Z 120mm
[INFO] [1789144891.851237525] [curobo_planner_node]: TAUGHT_SLOT0_RELEASE_DESCEND BASE REL xyz=[np.float64(0.0), np.float64(0.0), np.float64(-120.0)]mm dist=120.0mm vel=40.0mm/s
[WARN] [1789144896.359346405] [curobo_planner_node]: TAUGHT_TRAY_SLOT6_PLACE_RELEASE: position_cmd=600
[INFO] [1789144896.409897938] [curobo_planner_node]: TAUGHT_SLOT0_RELEASE_ASCEND joint-space return to above pose (avoid raw BASE +Z branch/limit jump after release)
[INFO] [1789144897.469143485] [curobo_planner_node]: Plan OK 1059ms 58pts 1.04s | goal=['520', '-38', '186']mm | end_J=[-10.3, 31.3, 123.1, 339.3, -65.5, -78.4]deg
[INFO] [1789144897.469938627] [curobo_planner_node]: Spline 12pts plan=1.04s exec=0.91s -> end=['-10.3', '31.3', '123.1', '339.3', '-65.5', '-78.4']deg
[WARN] [1789144898.271960798] [curobo_planner_node]: TAUGHT_TRAY_SLOT_SEQUENCE: slot 6 -> 7 (sequence=[0, 1, 3, 4, 6, 7, 9, 10])
[INFO] [1789144898.272199829] [curobo_planner_node]: 7 return to pick-start scan pose
[INFO] [1789144899.774822754] [curobo_planner_node]: pick-start scan pose after pick/place JS Plan OK 1502ms 66pts 1.17s | goal=['129.1', '-26.8', '134.5', '246.3', '46.1', '29.6']deg
[INFO] [1789144899.775628651] [curobo_planner_node]: Spline 12pts plan=1.17s exec=1.02s -> end=['129.1', '-26.8', '134.5', '246.3', '46.1', '29.6']deg
[INFO] [1789144901.380833913] [curobo_planner_node]: World updated (neighbor obstacles cleared): static=1 dynamic=0 neighbor_spheres=0
[INFO] [1789144901.432023568] [curobo_planner_node]: === PICK COMPLETE (DETACH_SUCCESS_UNVERIFIED) ===
[INFO] [1789144906.351311996] [curobo_planner_node]: Operation speed set to 100%
[INFO] [1789144906.352018880] [curobo_planner_node]: === PICK 딸기 raw=(-250,783,500)mm grasp=(-250,783,535)mm det_y=783mm x_bias=+0mm z_bias=+35mm ===
[INFO] [1789144906.352249485] [curobo_planner_node]: 1 open gripper for stem descent: set_position=600
[INFO] [1789144906.404657891] [curobo_planner_node]: World updated (neighbor obstacles registered): static=1 dynamic=0 neighbor_spheres=1
[INFO] [1789144906.404987243] [curobo_planner_node]: Registered 1 neighbor sphere obstacle(s); self-excluded 1 within 50mm of target
[INFO] [1789144906.405498284] [curobo_planner_node]: 2 grasp (CuRobo 2-step 6cm pre) — trying 3 offsets × 4 quats | target=(-250,783,535)mm | start_J1=159.6°
[INFO] [1789144907.699861339] [curobo_planner_node]: Plan OK 1294ms 31pts 0.56s | goal=['-250', '491', '616']mm | end_J=[127.9, 6.3, 72.7, 297.8, 43.1, -27.5]deg
[INFO] [1789144908.846464850] [curobo_planner_node]: Plan OK 1146ms 31pts 0.56s | goal=['-250', '536', '609']mm | end_J=[124.4, 11.8, 67.5, 300.0, 39.9, -29.5]deg
[INFO] [1789144908.847207508] [curobo_planner_node]: Spline 12pts plan=0.56s exec=0.58s -> end=['127.9', '6.3', '72.7', '297.8', '43.1', '-27.5']deg
[INFO] [1789144909.598855565] [curobo_planner_node]: PRE_APPROACH_REACHED — settling 0.3s before 45mm straight approach
[INFO] [1789144909.899634412] [curobo_planner_node]: FINAL_APPROACH_STRAIGHT TOOL +Z 45.0mm vel=60.0mm/s
[INFO] [1789144913.005161529] [curobo_planner_node]: GRASP_POSE_REACHED — offset=+0.015m pre=6cm+45mm+0mm variant=('base', [1, 0, 0], -10.0) elevation=-10.0deg (attempt 1/12)
[WARN] [1789144913.005828838] [curobo_planner_node]: OPEN_DESCENT_DYNAMIC: kp1_z=535mm reached_z=568mm overshoot=33mm extra_below_kp1=0mm -> descent=33mm
[INFO] [1789144913.006149560] [curobo_planner_node]: OPEN_STEM_DESCENT — gripper=600, BASE -Z 33mm to KP1
[INFO] [1789144913.006484811] [curobo_planner_node]: OPEN_STEM_DESCENT BASE REL xyz=[np.float64(0.0), np.float64(0.0), np.float64(-32.6)]mm dist=32.6mm vel=40.0mm/s
[INFO] [1789144915.511234774] [curobo_planner_node]: 3 close gripper + verify grasp
[INFO] [1789144915.912435579] [curobo_planner_node]: VERIFY_GRASP: GRASP_CONTACT_DETECTED present_pos=670 current_raw=200 — jaw stopped before calibrated contact threshold (pos=670 <= 685); position-based grasp detected
[INFO] [1789144915.912746811] [curobo_planner_node]: 4 detach pull — BASE -Z 40mm at 50mm/s
[INFO] [1789144918.967677028] [curobo_planner_node]: DETACH_PULL_DOWN: BASE -Z 40mm -> OK
[INFO] [1789144918.968349233] [curobo_planner_node]: RETREAT TOOL -Z 45.0mm vel=80.0mm/s
[WARN] [1789144922.373657994] [curobo_planner_node]: TAUGHT_TRAY_GRID_PLACE active: slot=7; fixed tray pose only; marker localization is bypassed
[INFO] [1789144922.375275879] [curobo_planner_node]: TAUGHT_TRAY_SLOT7_ABOVE generated from Slot0 FK + grid offset: clearance=120mm goal_mm=[451.9, -38.5, 185.6]
[INFO] [1789144922.425932732] [curobo_planner_node]: Operation speed set to 100%
[INFO] [1789144923.662380353] [curobo_planner_node]: Plan OK 1235ms 64pts 1.16s | goal=['452', '-38', '186']mm | end_J=[-12.8, 26.3, 134.4, 337.6, -71.8, -80.0]deg
[INFO] [1789144923.663137018] [curobo_planner_node]: Spline 12pts plan=1.16s exec=1.01s -> end=['-12.8', '26.3', '134.4', '337.6', '-71.8', '-80.0']deg
[INFO] [1789144925.267053216] [curobo_planner_node]: TAUGHT_SLOT0_RELEASE_DESCEND BASE -Z 120mm
[INFO] [1789144925.267525105] [curobo_planner_node]: TAUGHT_SLOT0_RELEASE_DESCEND BASE REL xyz=[np.float64(0.0), np.float64(0.0), np.float64(-120.0)]mm dist=120.0mm vel=40.0mm/s
[WARN] [1789144929.775709011] [curobo_planner_node]: TAUGHT_TRAY_SLOT7_PLACE_RELEASE: position_cmd=600
[INFO] [1789144929.826221255] [curobo_planner_node]: TAUGHT_SLOT0_RELEASE_ASCEND joint-space return to above pose (avoid raw BASE +Z branch/limit jump after release)
[INFO] [1789144930.835447273] [curobo_planner_node]: Plan OK 1008ms 53pts 0.95s | goal=['452', '-38', '186']mm | end_J=[-12.8, 26.3, 134.4, 337.6, -71.8, -80.0]deg
[INFO] [1789144930.836308442] [curobo_planner_node]: Spline 12pts plan=0.95s exec=0.83s -> end=['-12.8', '26.3', '134.4', '337.6', '-71.8', '-80.0']deg
[WARN] [1789144931.587925409] [curobo_planner_node]: TAUGHT_TRAY_SLOT_SEQUENCE: slot 7 -> 9 (sequence=[0, 1, 3, 4, 6, 7, 9, 10])
[INFO] [1789144931.588192833] [curobo_planner_node]: 7 return to pick-start scan pose
[INFO] [1789144933.160225887] [curobo_planner_node]: pick-start scan pose after pick/place JS Plan OK 1571ms 78pts 1.41s | goal=['159.6', '7.3', '75.6', '268.5', '71.6', '-5.9']deg
[INFO] [1789144933.161468902] [curobo_planner_node]: Spline 12pts plan=1.41s exec=1.22s -> end=['159.6', '7.3', '75.6', '268.5', '71.6', '-5.9']deg
[INFO] [1789144935.017183697] [curobo_planner_node]: World updated (neighbor obstacles cleared): static=1 dynamic=0 neighbor_spheres=0
[INFO] [1789144935.067862142] [curobo_planner_node]: === PICK COMPLETE (DETACH_SUCCESS_UNVERIFIED) ===
[INFO] [1789144939.837809036] [curobo_planner_node]: Operation speed set to 100%
[INFO] [1789144939.838734545] [curobo_planner_node]: === PICK 딸기 raw=(-220,783,560)mm grasp=(-220,783,595)mm det_y=783mm x_bias=+0mm z_bias=+35mm ===
[INFO] [1789144939.839132734] [curobo_planner_node]: 1 open gripper for stem descent: set_position=600
[INFO] [1789144939.891339643] [curobo_planner_node]: World updated (neighbor obstacles registered): static=1 dynamic=0 neighbor_spheres=0
[INFO] [1789144939.891855222] [curobo_planner_node]: Registered 0 neighbor sphere obstacle(s); self-excluded 1 within 50mm of target
[INFO] [1789144939.892644321] [curobo_planner_node]: 2 grasp (CuRobo 2-step 6cm pre) — trying 3 offsets × 4 quats | target=(-220,783,595)mm | start_J1=129.1°
[INFO] [1789144941.191472688] [curobo_planner_node]: Plan OK 1298ms 32pts 0.56s | goal=['-220', '491', '676']mm | end_J=[124.4, 6.2, 63.2, 308.9, 45.6, -41.6]deg
[INFO] [1789144942.412752151] [curobo_planner_node]: Plan OK 1220ms 31pts 0.56s | goal=['-220', '536', '669']mm | end_J=[121.0, 11.9, 57.9, 311.9, 43.0, -44.1]deg
[INFO] [1789144942.413491286] [curobo_planner_node]: Spline 12pts plan=0.56s exec=0.58s -> end=['124.4', '6.2', '63.2', '308.9', '45.6', '-41.6']deg
[INFO] [1789144943.165034769] [curobo_planner_node]: PRE_APPROACH_REACHED — settling 0.3s before 45mm straight approach
[INFO] [1789144943.465656353] [curobo_planner_node]: FINAL_APPROACH_STRAIGHT TOOL +Z 45.0mm vel=60.0mm/s
[INFO] [1789144946.370559767] [curobo_planner_node]: GRASP_POSE_REACHED — offset=+0.015m pre=6cm+45mm+0mm variant=('base', [1, 0, 0], -10.0) elevation=-10.0deg (attempt 1/12)
[WARN] [1789144946.371151792] [curobo_planner_node]: OPEN_DESCENT_DYNAMIC: kp1_z=595mm reached_z=628mm overshoot=33mm extra_below_kp1=0mm -> descent=33mm
[INFO] [1789144946.371554602] [curobo_planner_node]: OPEN_STEM_DESCENT — gripper=600, BASE -Z 33mm to KP1
[INFO] [1789144946.372057577] [curobo_planner_node]: OPEN_STEM_DESCENT BASE REL xyz=[np.float64(0.0), np.float64(0.0), np.float64(-32.6)]mm dist=32.6mm vel=40.0mm/s
[INFO] [1789144948.826801156] [curobo_planner_node]: 3 close gripper + verify grasp
[INFO] [1789144949.227714651] [curobo_planner_node]: VERIFY_GRASP: GRASP_CONTACT_DETECTED present_pos=670 current_raw=200 — jaw stopped before calibrated contact threshold (pos=670 <= 685); position-based grasp detected
[INFO] [1789144949.228037695] [curobo_planner_node]: 4 detach pull — BASE -Z 40mm at 50mm/s
[INFO] [1789144952.033147624] [curobo_planner_node]: DETACH_PULL_DOWN: BASE -Z 40mm -> OK
[INFO] [1789144952.033891425] [curobo_planner_node]: RETREAT TOOL -Z 45.0mm vel=80.0mm/s
[WARN] [1789144955.389862829] [curobo_planner_node]: TAUGHT_TRAY_GRID_PLACE active: slot=9; fixed tray pose only; marker localization is bypassed
[INFO] [1789144955.391105166] [curobo_planner_node]: TAUGHT_TRAY_SLOT9_ABOVE generated from Slot0 FK + grid offset: clearance=120mm goal_mm=[519.9, -106.5, 185.6]
[INFO] [1789144955.442534515] [curobo_planner_node]: Operation speed set to 100%
[INFO] [1789144956.609633367] [curobo_planner_node]: Plan OK 1166ms 65pts 1.17s | goal=['520', '-106', '186']mm | end_J=[-20.7, 32.8, 119.9, 327.8, -66.0, -73.1]deg
[INFO] [1789144956.610471358] [curobo_planner_node]: Spline 12pts plan=1.17s exec=1.02s -> end=['-20.7', '32.8', '119.9', '327.8', '-66.0', '-73.1']deg
[INFO] [1789144958.263537448] [curobo_planner_node]: TAUGHT_SLOT0_RELEASE_DESCEND BASE -Z 120mm
[INFO] [1789144958.263937197] [curobo_planner_node]: TAUGHT_SLOT0_RELEASE_DESCEND BASE REL xyz=[np.float64(0.0), np.float64(0.0), np.float64(-120.0)]mm dist=120.0mm vel=40.0mm/s
[WARN] [1789144962.821784719] [curobo_planner_node]: TAUGHT_TRAY_SLOT9_PLACE_RELEASE: position_cmd=600
[INFO] [1789144962.872555622] [curobo_planner_node]: TAUGHT_SLOT0_RELEASE_ASCEND joint-space return to above pose (avoid raw BASE +Z branch/limit jump after release)
[INFO] [1789144964.013602712] [curobo_planner_node]: Plan OK 1140ms 31pts 0.56s | goal=['520', '-106', '186']mm | end_J=[-20.7, 32.8, 119.9, 327.8, -66.0, -73.1]deg
[INFO] [1789144964.014277461] [curobo_planner_node]: Spline 12pts plan=0.56s exec=0.58s -> end=['-20.7', '32.8', '119.9', '327.8', '-66.0', '-73.1']deg
[WARN] [1789144964.715952164] [curobo_planner_node]: TAUGHT_TRAY_SLOT_SEQUENCE: slot 9 -> 10 (sequence=[0, 1, 3, 4, 6, 7, 9, 10])
[INFO] [1789144964.716282524] [curobo_planner_node]: 7 return to pick-start scan pose
[INFO] [1789144966.473498036] [curobo_planner_node]: pick-start scan pose after pick/place JS Plan OK 1756ms 68pts 1.22s | goal=['129.1', '-28.0', '104.4', '279.8', '42.0', '-15.8']deg
[INFO] [1789144966.474227072] [curobo_planner_node]: Spline 12pts plan=1.22s exec=1.06s -> end=['129.1', '-28.0', '104.4', '279.8', '42.0', '-15.8']deg
[INFO] [1789144968.227379273] [curobo_planner_node]: === PICK COMPLETE (DETACH_SUCCESS_UNVERIFIED) ===
