[INFO] [1789144436.591962061] [scan_executor_node]: Loaded 4 scan targets from /home/oceanshape/strawberry_grasp_environment/install/strawberry_motion/share/strawberry_motion/config/scan_pose_candidates_refit_candidate.yaml
[INFO] [1789144436.592406709] [scan_executor_node]: MoveJoint speeds: scan vel=120.0 acc=180.0, overview return vel=120.0 acc=180.0
[INFO] [1789144436.592732653] [scan_executor_node]: MoveJoint service dispatch timeout: 30.0s; arrival is verified from /joint_states
[INFO] [1789144437.683708484] [scan_executor_node]: SUBDIVIDE_IK_READY min_candidates=3 max_joint_delta=60deg seeds=32 init=1.1s
[INFO] [1789144437.712529978] [scan_executor_node]: scan_executor_node ready; explicit /strawberry/scan/start required
[INFO] [1789144690.664160631] [scan_executor_node]: START_ACCEPTED explicit request; initial pose verified
[INFO] [1789144690.665205752] [scan_executor_node]: TRAVERSAL_SCAN_STARTED cells=['root/nw', 'root/ne', 'root/se', 'root/sw'] (4/4 quadrants)
[INFO] [1789144690.665620832] [scan_executor_node]: OVERVIEW_SCAN_STARTED — scene_positions 로 분면별 익은 과실 판정, 최대 3.0s
[INFO] [1789144693.168498316] [scan_executor_node]: OVERVIEW_SCAN nw:3  ne:2  se:0  sw:3
[INFO] [1789144693.168788609] [scan_executor_node]: TRAVERSAL_PRUNED skip=['root/se'] — overview 1차 스캔에서 익은 과실 0개
[INFO] [1789144693.169217139] [scan_executor_node]: MOVING_TO root/nw  endpoint_deg=[144.1 22.9 -1.0 -238.5 -75.3 108.7]  (direct MoveJoint, YAML pose)
[INFO] [1789144693.169945451] [scan_executor_node]: Joint equivalent rewrite J4 -238.5 -> 121.5 deg (current 175.9, shorter by 360.0 deg)
[INFO] [1789144693.170171619] [scan_executor_node]: Joint equivalent rewrite J4 -238.5 -> 121.5 deg (current 175.9, shorter by 360.0 deg)
[INFO] [1789144694.522808085] [scan_executor_node]: MoveJoint response: success=True  target=[144.1 22.9 -1.0 121.5 -75.3 108.7]  vel=120.0  acc=180.0
[INFO] [1789144694.523183495] [scan_executor_node]: AT_SCAN_POSE root/nw joints_deg=[144.1 22.9 -0.8 121.5 -75.3 108.7] — adaptive detection wait up to 3.0s
[INFO] [1789144697.527490593] [scan_executor_node]: TARGET_FOUND root/nw 9 pick candidate(s) detected
[INFO] [1789144697.527890016] [scan_executor_node]: SUBCELL_SCAN_ORDER root/nw root/nw/sw:2  root/nw/se:1  root/nw/nw:0  root/nw/ne:0
[INFO] [1789144697.528341678] [scan_executor_node]: SUBDIVIDE root/nw candidates=3 >= 3 cells=['sw', 'se'] — 후보 있는 세부 칸만 세부 자세로 방문
[INFO] [1789144698.257978840] [scan_executor_node]: SUBCELL_POSE root/nw/sw dJ_max=32.1deg dJ=[11 28 32 10 5 2] ee_mm=[-225.5, 339.0, 902.3] -> [-361.7, 339.0, 803.5] joints_deg=[155.5 50.8 -33.1 -248.9 -80.6 106.6] (부모 FK + x·z 평행이동, 부모 시드 IK)
[INFO] [1789144698.258399675] [scan_executor_node]: MOVING_TO root/nw/sw  endpoint_deg=[155.5 50.8 -33.1 -248.9 -80.6 106.6]  (direct MoveJoint, YAML pose)
[INFO] [1789144698.258601448] [scan_executor_node]: Joint equivalent rewrite J4 -248.9 -> 111.1 deg (current 121.5, shorter by 360.0 deg)
[INFO] [1789144698.258800096] [scan_executor_node]: Joint equivalent rewrite J4 -248.9 -> 111.1 deg (current 121.5, shorter by 360.0 deg)
[INFO] [1789144698.810017625] [scan_executor_node]: MoveJoint response: success=True  target=[155.5 50.8 -33.1 111.1 -80.6 106.6]  vel=120.0  acc=180.0
[INFO] [1789144698.810605786] [scan_executor_node]: AT_SCAN_POSE root/nw/sw joints_deg=[155.5 50.6 -32.9 111.2 -80.6 106.6] — adaptive detection wait up to 3.0s
[INFO] [1789144701.815382546] [scan_executor_node]: SUBCELL_SCAN root/nw/sw raw=9 in_cell=6 unique=2 (분면 시야 중 이 칸의 것만)
[INFO] [1789144701.816065370] [scan_executor_node]: PICK_SEQUENCE_START root/nw/sw — 2 candidate targets (raw=2 skipped_attempted=0)
[INFO] [1789144701.816459109] [scan_executor_node]: PICK_ALL_DETECTED_TARGETS root/nw/sw timeout=60s max_total_picks=0
[INFO] [1789144701.816877093] [scan_executor_node]: PICK_ATTEMPT_BLACKLIST_ADD pos=(-380,783,720)mm radius=25mm
[INFO] [1789144701.817350206] [scan_executor_node]: PICK_TRIGGER root/nw/sw 1/2 pos=(-380,783,720)mm
[INFO] [1789144735.610499918] [scan_executor_node]: PICK_ATTEMPT_DONE root/nw/sw 1/2 — planner sequence ended (success is verified by gripper/manual KPI, not this Empty topic)
[INFO] [1789144735.610943590] [scan_executor_node]: PICK_ATTEMPT_SETTLE 1.0s before next target
[INFO] [1789144736.612201478] [scan_executor_node]: PICK_ATTEMPT_BLACKLIST_ADD pos=(-250,783,740)mm radius=25mm
[INFO] [1789144736.612789852] [scan_executor_node]: PICK_TRIGGER root/nw/sw 2/2 pos=(-250,783,740)mm
[INFO] [1789144768.768615729] [scan_executor_node]: PICK_ATTEMPT_DONE root/nw/sw 2/2 — planner sequence ended (success is verified by gripper/manual KPI, not this Empty topic)
[INFO] [1789144768.769038305] [scan_executor_node]: PICK_ATTEMPT_SETTLE 1.0s before next target
[INFO] [1789144769.769850363] [scan_executor_node]: PICK_SEQUENCE_DONE root/nw/sw — 2/2 attempted
[INFO] [1789144769.971928777] [scan_executor_node]: SUBDIVIDE_REJECTED root/nw/se reason=JOINT_DELTA 66.3 > 60.0 goal_ee_mm=[-89.2, 339.0, 803.5] ik_solutions=27 — 부모 자세에서 pick
[INFO] [1789144769.972304171] [scan_executor_node]: SUBDIVIDE_RETURN_TO_PARENT root/nw — 부모 자세로 복귀한 뒤 pick
[INFO] [1789144769.972612354] [scan_executor_node]: MOVING_TO root/nw  endpoint_deg=[144.1 22.9 -1.0 -238.5 -75.3 108.7]  (direct MoveJoint, YAML pose)
[INFO] [1789144769.972814092] [scan_executor_node]: Joint equivalent rewrite J4 -238.5 -> 121.5 deg (current 111.1, shorter by 339.3 deg)
[INFO] [1789144769.973071530] [scan_executor_node]: Joint equivalent rewrite J4 -238.5 -> 121.5 deg (current 111.1, shorter by 339.3 deg)
[INFO] [1789144770.524080534] [scan_executor_node]: MoveJoint response: success=True  target=[144.1 22.9 -1.0 121.5 -75.3 108.7]  vel=120.0  acc=180.0
[INFO] [1789144770.524701496] [scan_executor_node]: PICK_SEQUENCE_START root/nw/se — 1 candidate targets (raw=1 skipped_attempted=0)
[INFO] [1789144770.524901621] [scan_executor_node]: PICK_ALL_DETECTED_TARGETS root/nw/se timeout=60s max_total_picks=0
[INFO] [1789144770.525098058] [scan_executor_node]: PICK_ATTEMPT_BLACKLIST_ADD pos=(-120,783,760)mm radius=25mm
[INFO] [1789144770.525355828] [scan_executor_node]: PICK_TRIGGER root/nw/se 1/1 pos=(-120,783,760)mm
[INFO] [1789144800.828808853] [scan_executor_node]: PICK_ATTEMPT_DONE root/nw/se 1/1 — planner sequence ended (success is verified by gripper/manual KPI, not this Empty topic)
[INFO] [1789144800.829074804] [scan_executor_node]: PICK_ATTEMPT_SETTLE 1.0s before next target
[INFO] [1789144801.830189287] [scan_executor_node]: PICK_SEQUENCE_DONE root/nw/se — 1/1 attempted
[INFO] [1789144801.830473326] [scan_executor_node]: SUBCELL_EMPTY root/nw/nw no pick candidate — 2단 가지치기
[INFO] [1789144801.830662849] [scan_executor_node]: SUBCELL_EMPTY root/nw/ne no pick candidate — 2단 가지치기
[INFO] [1789144801.831100850] [scan_executor_node]: INTER_CELL_DIRECT — no overview reset; continuing to next cell
[INFO] [1789144801.831375115] [scan_executor_node]: CELL_RESCAN_AFTER_PICK root/nw pass=1 — checking remaining targets
[INFO] [1789144801.831706297] [scan_executor_node]: MOVING_TO root/nw  endpoint_deg=[144.1 22.9 -1.0 -238.5 -75.3 108.7]  (direct MoveJoint, YAML pose)
[INFO] [1789144801.831915647] [scan_executor_node]: Joint equivalent rewrite J4 -238.5 -> 121.5 deg (current 121.5, shorter by 360.0 deg)
[INFO] [1789144801.832118546] [scan_executor_node]: Joint equivalent rewrite J4 -238.5 -> 121.5 deg (current 121.5, shorter by 360.0 deg)
[INFO] [1789144801.882502183] [scan_executor_node]: MoveJoint response: success=True  target=[144.1 22.9 -1.0 121.5 -75.3 108.7]  vel=120.0  acc=180.0
[INFO] [1789144801.882989364] [scan_executor_node]: AT_SCAN_POSE root/nw joints_deg=[144.1 23.1 -1.0 121.5 -75.3 108.7] — adaptive detection wait up to 3.0s
[INFO] [1789144804.887476933] [scan_executor_node]: SCANNED_EMPTY root/nw no detection in dwell window
[INFO] [1789144804.887789755] [scan_executor_node]: INTER_CELL_DIRECT — no overview reset; continuing to next cell
[INFO] [1789144804.888102156] [scan_executor_node]: MOVING_TO root/ne  endpoint_deg=[18.9 26.0 1.0 74.6 78.2 -115.6]  (direct MoveJoint, YAML pose)
[INFO] [1789144804.888314099] [scan_executor_node]: Joint equivalent rewrite J6 -115.6 -> 244.4 deg (current 108.7, shorter by 88.6 deg)
[INFO] [1789144804.888521384] [scan_executor_node]: Joint equivalent rewrite J6 -115.6 -> 244.4 deg (current 108.7, shorter by 88.6 deg)
[INFO] [1789144806.292276942] [scan_executor_node]: MoveJoint response: success=True  target=[18.9 26.0 1.0 74.6 78.2 244.4]  vel=120.0  acc=180.0
[INFO] [1789144806.292827368] [scan_executor_node]: AT_SCAN_POSE root/ne joints_deg=[18.9 26.1 1.2 74.6 78.3 244.5] — adaptive detection wait up to 3.0s
[INFO] [1789144809.297372508] [scan_executor_node]: TARGET_FOUND root/ne 6 pick candidate(s) detected
[INFO] [1789144809.297715350] [scan_executor_node]: SUBCELL_SCAN_ORDER root/ne root/ne/sw:2  root/ne/se:0  root/ne/nw:0  root/ne/ne:0
[INFO] [1789144809.297890986] [scan_executor_node]: SUBDIVIDE_SKIP root/ne candidates=2 < 3 — 잎(leaf), 부모 자세에서 pick
[INFO] [1789144809.298275108] [scan_executor_node]: PICK_SEQUENCE_START root/ne/sw — 2 candidate targets (raw=2 skipped_attempted=0)
[INFO] [1789144809.298445037] [scan_executor_node]: PICK_ALL_DETECTED_TARGETS root/ne/sw timeout=60s max_total_picks=0
[INFO] [1789144809.298625327] [scan_executor_node]: PICK_ATTEMPT_BLACKLIST_ADD pos=(280,783,700)mm radius=25mm
[INFO] [1789144809.298845306] [scan_executor_node]: PICK_TRIGGER root/ne/sw 1/2 pos=(280,783,700)mm
[INFO] [1789144829.456733815] [scan_executor_node]: PICK_ATTEMPT_DONE root/ne/sw 1/2 — planner sequence ended (success is verified by gripper/manual KPI, not this Empty topic)
[INFO] [1789144829.456952273] [scan_executor_node]: PICK_ATTEMPT_SETTLE 1.0s before next target
[INFO] [1789144830.457634790] [scan_executor_node]: PICK_ATTEMPT_BLACKLIST_ADD pos=(200,783,740)mm radius=25mm
[INFO] [1789144830.457967809] [scan_executor_node]: PICK_TRIGGER root/ne/sw 2/2 pos=(200,783,740)mm
[INFO] [1789144860.187459283] [scan_executor_node]: PICK_ATTEMPT_DONE root/ne/sw 2/2 — planner sequence ended (success is verified by gripper/manual KPI, not this Empty topic)
[INFO] [1789144860.187672169] [scan_executor_node]: PICK_ATTEMPT_SETTLE 1.0s before next target
[INFO] [1789144861.188586012] [scan_executor_node]: PICK_SEQUENCE_DONE root/ne/sw — 2/2 attempted
[INFO] [1789144861.188824390] [scan_executor_node]: SUBCELL_EMPTY root/ne/se no pick candidate
[INFO] [1789144861.189005998] [scan_executor_node]: SUBCELL_EMPTY root/ne/nw no pick candidate
[INFO] [1789144861.189178665] [scan_executor_node]: SUBCELL_EMPTY root/ne/ne no pick candidate
[INFO] [1789144861.189494835] [scan_executor_node]: INTER_CELL_DIRECT — no overview reset; continuing to next cell
[INFO] [1789144861.189666838] [scan_executor_node]: CELL_RESCAN_AFTER_PICK root/ne pass=1 — checking remaining targets
[INFO] [1789144861.189964933] [scan_executor_node]: MOVING_TO root/ne  endpoint_deg=[18.9 26.0 1.0 74.6 78.2 -115.6]  (direct MoveJoint, YAML pose)
[INFO] [1789144861.190164171] [scan_executor_node]: Joint equivalent rewrite J6 -115.6 -> 244.4 deg (current 244.4, shorter by 360.0 deg)
[INFO] [1789144861.190365158] [scan_executor_node]: Joint equivalent rewrite J6 -115.6 -> 244.4 deg (current 244.4, shorter by 360.0 deg)
[INFO] [1789144861.240781564] [scan_executor_node]: MoveJoint response: success=True  target=[18.9 26.0 1.0 74.6 78.2 244.4]  vel=120.0  acc=180.0
[INFO] [1789144861.241152632] [scan_executor_node]: AT_SCAN_POSE root/ne joints_deg=[18.9 26.1 1.0 74.6 78.2 244.4] — adaptive detection wait up to 3.0s
[INFO] [1789144864.246176575] [scan_executor_node]: SCANNED_EMPTY root/ne no detection in dwell window
[INFO] [1789144864.246583507] [scan_executor_node]: INTER_CELL_DIRECT — no overview reset; continuing to next cell
[INFO] [1789144864.247199884] [scan_executor_node]: MOVING_TO root/sw  endpoint_deg=[150.3 -11.9 109.1 -97.8 63.3 10.5]  (direct MoveJoint, YAML pose)
[INFO] [1789144864.247687311] [scan_executor_node]: TRANSIT_VIA_OVERVIEW root/ne -> root/sw — 비인접 분면, MoveJoint 폴백은 overview 경유
[INFO] [1789144865.550198933] [scan_executor_node]: MoveJoint response: success=True  target=[88.0 -94.9 129.9 175.9 -31.3 93.4]  vel=120.0  acc=180.0
[INFO] [1789144865.550710241] [scan_executor_node]: Joint equivalent rewrite J4 -97.8 -> 262.2 deg (current 175.8, shorter by 187.3 deg)
[INFO] [1789144866.452445714] [scan_executor_node]: MoveJoint response: success=True  target=[150.3 -11.9 109.1 262.2 63.3 10.5]  vel=120.0  acc=180.0
[INFO] [1789144866.452779605] [scan_executor_node]: AT_SCAN_POSE root/sw joints_deg=[150.2 -12.0 109.1 262.4 63.1 10.5] — adaptive detection wait up to 3.0s
[INFO] [1789144869.457428649] [scan_executor_node]: TARGET_FOUND root/sw 9 pick candidate(s) detected
[INFO] [1789144869.457756914] [scan_executor_node]: SUBCELL_SCAN_ORDER root/sw root/sw/sw:0  root/sw/se:1  root/sw/nw:1  root/sw/ne:1
[INFO] [1789144869.458113119] [scan_executor_node]: SUBDIVIDE root/sw candidates=3 >= 3 cells=['se', 'nw', 'ne'] — 후보 있는 세부 칸만 세부 자세로 방문
[INFO] [1789144869.458282657] [scan_executor_node]: SUBCELL_EMPTY root/sw/sw no pick candidate — 2단 가지치기
[INFO] [1789144869.599714549] [scan_executor_node]: SUBCELL_POSE root/sw/se dJ_max=25.4deg dJ=[21 15 25 16 17 19] ee_mm=[-247.7, 317.3, 533.9] -> [-111.5, 317.3, 435.1] joints_deg=[129.1 -26.8 134.5 -113.7 46.1 29.6] (부모 FK + x·z 평행이동, 부모 시드 IK)
[INFO] [1789144869.600148623] [scan_executor_node]: MOVING_TO root/sw/se  endpoint_deg=[129.1 -26.8 134.5 -113.7 46.1 29.6]  (direct MoveJoint, YAML pose)
[INFO] [1789144869.600355598] [scan_executor_node]: Joint equivalent rewrite J4 -113.7 -> 246.3 deg (current 262.2, shorter by 360.0 deg)
[INFO] [1789144869.600560199] [scan_executor_node]: Joint equivalent rewrite J4 -113.7 -> 246.3 deg (current 262.2, shorter by 360.0 deg)
[INFO] [1789144870.151581105] [scan_executor_node]: MoveJoint response: success=True  target=[129.1 -26.8 134.5 246.3 46.1 29.6]  vel=120.0  acc=180.0
[INFO] [1789144870.151901290] [scan_executor_node]: AT_SCAN_POSE root/sw/se joints_deg=[129.3 -26.6 134.3 246.5 46.2 29.4] — adaptive detection wait up to 3.0s
[INFO] [1789144873.156401732] [scan_executor_node]: SUBCELL_SCAN root/sw/se raw=9 in_cell=3 unique=1 (분면 시야 중 이 칸의 것만)
[INFO] [1789144873.157138531] [scan_executor_node]: PICK_SEQUENCE_START root/sw/se — 1 candidate targets (raw=1 skipped_attempted=0)
[INFO] [1789144873.157549261] [scan_executor_node]: PICK_ALL_DETECTED_TARGETS root/sw/se timeout=60s max_total_picks=0
[INFO] [1789144873.157972466] [scan_executor_node]: PICK_ATTEMPT_BLACKLIST_ADD pos=(-100,783,440)mm radius=25mm
[INFO] [1789144873.158454767] [scan_executor_node]: PICK_TRIGGER root/sw/se 1/1 pos=(-100,783,440)mm
[INFO] [1789144901.432688028] [scan_executor_node]: PICK_ATTEMPT_DONE root/sw/se 1/1 — planner sequence ended (success is verified by gripper/manual KPI, not this Empty topic)
[INFO] [1789144901.432912762] [scan_executor_node]: PICK_ATTEMPT_SETTLE 1.0s before next target
[INFO] [1789144902.433574230] [scan_executor_node]: PICK_SEQUENCE_DONE root/sw/se — 1/1 attempted
[INFO] [1789144902.588954536] [scan_executor_node]: SUBCELL_POSE root/sw/nw dJ_max=33.6deg dJ=[9 19 34 6 8 16] ee_mm=[-247.7, 317.3, 533.9] -> [-384.0, 317.3, 632.6] joints_deg=[159.6 7.2 75.6 -91.5 71.5 -5.9] (부모 FK + x·z 평행이동, 부모 시드 IK)
[INFO] [1789144902.589335896] [scan_executor_node]: MOVING_TO root/sw/nw  endpoint_deg=[159.6 7.2 75.6 -91.5 71.5 -5.9]  (direct MoveJoint, YAML pose)
[INFO] [1789144902.589536311] [scan_executor_node]: Joint equivalent rewrite J4 -91.5 -> 268.5 deg (current 246.3, shorter by 315.7 deg)
[INFO] [1789144902.589742936] [scan_executor_node]: Joint equivalent rewrite J4 -91.5 -> 268.5 deg (current 246.3, shorter by 315.7 deg)
[INFO] [1789144903.291614285] [scan_executor_node]: MoveJoint response: success=True  target=[159.6 7.2 75.6 268.5 71.5 -5.9]  vel=120.0  acc=180.0
[INFO] [1789144903.292239334] [scan_executor_node]: AT_SCAN_POSE root/sw/nw joints_deg=[159.6 7.2 75.8 268.5 71.5 -6.1] — adaptive detection wait up to 3.0s
[INFO] [1789144906.297348894] [scan_executor_node]: SUBCELL_SCAN root/sw/nw raw=6 in_cell=3 unique=1 (분면 시야 중 이 칸의 것만)
[INFO] [1789144906.299057272] [scan_executor_node]: PICK_SEQUENCE_START root/sw/nw — 1 candidate targets (raw=1 skipped_attempted=0)
[INFO] [1789144906.299645226] [scan_executor_node]: PICK_ALL_DETECTED_TARGETS root/sw/nw timeout=60s max_total_picks=0
[INFO] [1789144906.300080003] [scan_executor_node]: PICK_ATTEMPT_BLACKLIST_ADD pos=(-250,783,500)mm radius=25mm
[INFO] [1789144906.300591011] [scan_executor_node]: PICK_TRIGGER root/sw/nw 1/1 pos=(-250,783,500)mm
[INFO] [1789144935.068570518] [scan_executor_node]: PICK_ATTEMPT_DONE root/sw/nw 1/1 — planner sequence ended (success is verified by gripper/manual KPI, not this Empty topic)
[INFO] [1789144935.068839397] [scan_executor_node]: PICK_ATTEMPT_SETTLE 1.0s before next target
[INFO] [1789144936.069602361] [scan_executor_node]: PICK_SEQUENCE_DONE root/sw/nw — 1/1 attempted
[INFO] [1789144936.226903005] [scan_executor_node]: SUBCELL_POSE root/sw/ne dJ_max=26.2deg dJ=[21 16 5 18 21 26] ee_mm=[-247.7, 317.3, 533.9] -> [-111.5, 317.3, 632.6] joints_deg=[129.1 -28.0 104.4 -80.2 42.0 -15.8] (부모 FK + x·z 평행이동, 부모 시드 IK)
[INFO] [1789144936.227301099] [scan_executor_node]: MOVING_TO root/sw/ne  endpoint_deg=[129.1 -28.0 104.4 -80.2 42.0 -15.8]  (direct MoveJoint, YAML pose)
[INFO] [1789144936.227498572] [scan_executor_node]: Joint equivalent rewrite J4 -80.2 -> 279.8 deg (current 268.5, shorter by 337.5 deg)
[INFO] [1789144936.227700514] [scan_executor_node]: Joint equivalent rewrite J4 -80.2 -> 279.8 deg (current 268.5, shorter by 337.5 deg)
[INFO] [1789144936.778971236] [scan_executor_node]: MoveJoint response: success=True  target=[129.1 -28.0 104.4 279.8 42.0 -15.8]  vel=120.0  acc=180.0
[INFO] [1789144936.779538269] [scan_executor_node]: AT_SCAN_POSE root/sw/ne joints_deg=[129.3 -27.7 104.2 279.7 42.2 -15.7] — adaptive detection wait up to 3.0s
[INFO] [1789144939.785140329] [scan_executor_node]: SUBCELL_SCAN root/sw/ne raw=3 in_cell=3 unique=1 (분면 시야 중 이 칸의 것만)
[INFO] [1789144939.785865216] [scan_executor_node]: PICK_SEQUENCE_START root/sw/ne — 1 candidate targets (raw=1 skipped_attempted=0)
[INFO] [1789144939.786084557] [scan_executor_node]: PICK_ALL_DETECTED_TARGETS root/sw/ne timeout=60s max_total_picks=0
[INFO] [1789144939.786283721] [scan_executor_node]: PICK_ATTEMPT_BLACKLIST_ADD pos=(-220,783,560)mm radius=25mm
[INFO] [1789144939.786608343] [scan_executor_node]: PICK_TRIGGER root/sw/ne 1/1 pos=(-220,783,560)mm
[INFO] [1789144968.228297507] [scan_executor_node]: PICK_ATTEMPT_DONE root/sw/ne 1/1 — planner sequence ended (success is verified by gripper/manual KPI, not this Empty topic)
[INFO] [1789144968.228778706] [scan_executor_node]: PICK_ATTEMPT_SETTLE 1.0s before next target
[INFO] [1789144969.229814557] [scan_executor_node]: PICK_SEQUENCE_DONE root/sw/ne — 1/1 attempted
[INFO] [1789144969.230518654] [scan_executor_node]: CELL_RESCAN_AFTER_PICK root/sw pass=1 — checking remaining targets
[INFO] [1789144969.231099960] [scan_executor_node]: MOVING_TO root/sw  endpoint_deg=[150.3 -11.9 109.1 -97.8 63.3 10.5]  (direct MoveJoint, YAML pose)
[INFO] [1789144969.231526305] [scan_executor_node]: Joint equivalent rewrite J4 -97.8 -> 262.2 deg (current 279.8, shorter by 360.0 deg)
[INFO] [1789144969.231935790] [scan_executor_node]: Joint equivalent rewrite J4 -97.8 -> 262.2 deg (current 279.8, shorter by 360.0 deg)
[INFO] [1789144969.733294830] [scan_executor_node]: MoveJoint response: success=True  target=[150.3 -11.9 109.1 262.2 63.3 10.5]  vel=120.0  acc=180.0
[INFO] [1789144969.733868126] [scan_executor_node]: AT_SCAN_POSE root/sw joints_deg=[150.1 -12.0 109.1 262.3 63.2 10.2] — adaptive detection wait up to 3.0s
[INFO] [1789144972.738927772] [scan_executor_node]: SCANNED_EMPTY root/sw no detection in dwell window
[INFO] [1789144972.739492169] [scan_executor_node]: RETURNING_TO_OVERVIEW
[INFO] [1789144973.641535629] [scan_executor_node]: MoveJoint response: success=True  target=[88.0 -94.9 129.9 175.9 -31.3 93.4]  vel=120.0  acc=180.0
[INFO] [1789144973.642093943] [scan_executor_node]: AT_OVERVIEW joints_deg=[88.0 -94.7 129.9 176.1 -31.1 93.3]
[INFO] [1789144973.642507183] [scan_executor_node]: HARVEST_PRIORITY_ORDER root/nw:0  root/ne:0  root/sw:0
[INFO] [1789144973.642876975] [scan_executor_node]: SCAN_COMPLETE
[INFO] [1789144973.643547658] [scan_executor_node]: READY_FOR_NEXT_START
