[INFO] [1789144429.462643361] [sim_executor_bridge_node]: Sim Executor Bridge Node initializing...
[WARN] [1789144430.558490457] [sim_executor_bridge_node]: MOVELINE_COLLISION_WORLD: ['whiteboard'] loaded from /home/oceanshape/strawberry_grasp_environment/install/e0509_gripper_description/share/e0509_gripper_description/config/environment.yaml
[INFO] [1789144431.406383826] [sim_executor_bridge_node]: cuRobo IK Solver successfully initialized for MoveLine.
[WARN] [1789144431.407067671] [sim_executor_bridge_node]: GRASP_JUDGE_MODEL: tool_tcp_offset=236mm capture_radius=38mm enabled=True sim_speed_scale=2.0 gripper_close=1.080rad arm_arrival_tol=0.30deg — planner 의 ee_to_tcp_offset_m 과 반드시 같아야 한다 (다르면 전 타겟 GRASP_EMPTY)
[INFO] [1789144431.407608487] [sim_executor_bridge_node]: Sim Executor Bridge Node Ready! (Listening to Doosan & Gripper services)
[INFO] [1789144462.808649864] [sim_executor_bridge_node]: SetPosition called to 600
[INFO] [1789144693.171999028] [sim_executor_bridge_node]: MoveJoint called to [144.09  22.9   -1.   121.48 -75.31 108.68]
[INFO] [1789144694.505521128] [sim_executor_bridge_node]: ARM_ARRIVAL MoveJoint: 잔차 0.23deg (손끝 1.5mm) / 대기 1.33s
[INFO] [1789144698.259817421] [sim_executor_bridge_node]: MoveJoint called to [155.54  50.82 -33.11 111.13 -80.63 106.62]
[INFO] [1789144698.804386621] [sim_executor_bridge_node]: ARM_ARRIVAL MoveJoint: 잔차 0.28deg (손끝 1.2mm) / 대기 0.54s
[INFO] [1789144701.871775480] [sim_executor_bridge_node]: SetPosition called to 600
[INFO] [1789144705.202094628] [sim_executor_bridge_node]: MoveSplineJoint called with 12 points
[INFO] [1789144705.842263596] [sim_executor_bridge_node]: ARM_ARRIVAL MoveSpline: 잔차 0.26deg (손끝 2.3mm) / 대기 0.28s
[INFO] [1789144705.842664714] [sim_executor_bridge_node]: MoveSpline ok: 12 pts / 0.35s -> end=[139.9 54.4 -24.3 123.9 -66.6 115.4]deg
[INFO] [1789144706.155344466] [sim_executor_bridge_node]: MoveLine called (pos=[ 0.  0. 40.  0.  0.  0.], ref=1, mode=1)
[INFO] [1789144709.391325647] [sim_executor_bridge_node]: ARM_ARRIVAL MoveLine: 잔차 0.27deg (손끝 2.0mm) / 대기 0.00s
[INFO] [1789144709.392491175] [sim_executor_bridge_node]: MOVELINE_END_ERR: along=-3.1mm lateral=2.9mm |err|=4.3mm (명령 40mm, TOOL)
[ERROR] [1789144709.392670922] [sim_executor_bridge_node]: MOVELINE_SHORT: 명령 40mm 인데 실제 37.0mm (부족 3.0mm, 도착판정 True, TOOL dz=+40.0mm) — 이만큼 파지점 앞에서 닫힌다
[INFO] [1789144709.392822523] [sim_executor_bridge_node]: MoveLine ok: 40mm / 20 steps / 계획 0.33s 실소요 3.24s (worst step joint delta 3.5deg)
[INFO] [1789144709.414213600] [sim_executor_bridge_node]: MoveLine called (pos=[  0.           0.         -28.25754239   0.           0.
   0.        ], ref=0, mode=1)
[INFO] [1789144711.535447861] [sim_executor_bridge_node]: ARM_ARRIVAL MoveLine: 잔차 0.26deg (손끝 0.7mm) / 대기 0.16s
[INFO] [1789144711.535859741] [sim_executor_bridge_node]: MOVELINE_END_ERR: along=+0.4mm lateral=0.7mm |err|=0.8mm (명령 28mm, BASE)
[INFO] [1789144711.536007452] [sim_executor_bridge_node]: MoveLine 실이동 28.6mm / 명령 28mm
[INFO] [1789144711.536177503] [sim_executor_bridge_node]: MoveLine ok: 28mm / 15 steps / 계획 0.35s 실소요 2.12s (worst step joint delta 7.9deg)
[INFO] [1789144711.567866459] [sim_executor_bridge_node]: SetPosition called to 700
[INFO] [1789144711.571456211] [sim_executor_bridge_node]: GRASP_JUDGE 줄기기준 along=+21.7mm(조우 -6~27) lateral=4.9mm(허용20) | 과실기준 d_tcp=37.3mm -> CONTACT
[INFO] [1789144711.571889096] [sim_executor_bridge_node]: GRASP_ATTACH 과실 (-380, 783, 720)mm -> /sim/grasp_event
[INFO] [1789144711.968960643] [sim_executor_bridge_node]: MoveLine called (pos=[  0.   0. -40.   0.   0.   0.], ref=0, mode=1)
[INFO] [1789144714.707022040] [sim_executor_bridge_node]: ARM_ARRIVAL MoveLine: 잔차 0.29deg (손끝 0.6mm) / 대기 0.10s
[INFO] [1789144714.707785796] [sim_executor_bridge_node]: MOVELINE_END_ERR: along=-0.4mm lateral=0.4mm |err|=0.6mm (명령 40mm, BASE)
[INFO] [1789144714.708122699] [sim_executor_bridge_node]: MoveLine 실이동 39.6mm / 명령 40mm
[INFO] [1789144714.708460546] [sim_executor_bridge_node]: MoveLine ok: 40mm / 20 steps / 계획 0.40s 실소요 2.74s (worst step joint delta 0.9deg)
[INFO] [1789144714.724777535] [sim_executor_bridge_node]: MoveLine called (pos=[  0.   0. -40.   0.   0.   0.], ref=1, mode=1)
[INFO] [1789144717.743447211] [sim_executor_bridge_node]: ARM_ARRIVAL MoveLine: 잔차 0.22deg (손끝 1.3mm) / 대기 0.10s
[INFO] [1789144717.744484672] [sim_executor_bridge_node]: MOVELINE_END_ERR: along=-1.2mm lateral=0.4mm |err|=1.3mm (명령 40mm, TOOL)
[INFO] [1789144717.744866800] [sim_executor_bridge_node]: MoveLine 실이동 38.8mm / 명령 40mm
[INFO] [1789144717.745230856] [sim_executor_bridge_node]: MoveLine ok: 40mm / 20 steps / 계획 0.25s 실소요 3.02s (worst step joint delta 0.5deg)
[INFO] [1789144719.601310176] [sim_executor_bridge_node]: MoveSplineJoint called with 12 points
[INFO] [1789144721.476367205] [sim_executor_bridge_node]: ARM_ARRIVAL MoveSpline: 잔차 0.22deg (손끝 0.3mm) / 대기 0.48s
[INFO] [1789144721.476614136] [sim_executor_bridge_node]: MoveSpline ok: 12 pts / 1.36s -> end=[191.7 -31.5 -122.8 183.6 -64.0 271.2]deg
[INFO] [1789144721.504296072] [sim_executor_bridge_node]: MoveLine called (pos=[   0.    0. -120.    0.    0.    0.], ref=0, mode=1)
[INFO] [1789144721.505788306] [sim_executor_bridge_node]: MoveLine 120mm: 60 -> 24 steps (5.0mm/step, 자유공간 이송)
[INFO] [1789144726.260163522] [sim_executor_bridge_node]: ARM_ARRIVAL MoveLine: 잔차 0.29deg (손끝 1.6mm) / 대기 0.08s
[INFO] [1789144726.260717121] [sim_executor_bridge_node]: MOVELINE_END_ERR: along=-1.6mm lateral=0.1mm |err|=1.6mm (명령 120mm, BASE)
[INFO] [1789144726.260888094] [sim_executor_bridge_node]: MoveLine 실이동 118.4mm / 명령 120mm
[INFO] [1789144726.261046438] [sim_executor_bridge_node]: MoveLine ok: 120mm / 24 steps / 계획 1.50s 실소요 4.76s (worst step joint delta 0.9deg)
[INFO] [1789144726.312961909] [sim_executor_bridge_node]: SetPosition called to 600
[INFO] [1789144726.313416149] [sim_executor_bridge_node]: GRASP_RELEASE -> /sim/grasp_event
[INFO] [1789144727.521642991] [sim_executor_bridge_node]: MoveSplineJoint called with 12 points
[INFO] [1789144728.201871233] [sim_executor_bridge_node]: ARM_ARRIVAL MoveSpline: 잔차 0.27deg (손끝 1.5mm) / 대기 0.32s
[INFO] [1789144728.202074047] [sim_executor_bridge_node]: MoveSpline ok: 12 pts / 0.35s -> end=[191.7 -31.5 -122.8 183.6 -64.0 271.2]deg
[INFO] [1789144733.355335123] [sim_executor_bridge_node]: MoveSplineJoint called with 12 points
[INFO] [1789144735.521834564] [sim_executor_bridge_node]: ARM_ARRIVAL MoveSpline: 잔차 0.30deg (손끝 0.2mm) / 대기 0.76s
[INFO] [1789144735.522219233] [sim_executor_bridge_node]: MoveSpline ok: 12 pts / 1.37s -> end=[155.5 50.8 -33.1 111.1 -80.6 106.6]deg
[INFO] [1789144735.560131924] [sim_executor_bridge_node]: SetPosition called to 600
[INFO] [1789144736.666460231] [sim_executor_bridge_node]: SetPosition called to 600
[INFO] [1789144740.251048159] [sim_executor_bridge_node]: MoveSplineJoint called with 12 points
[INFO] [1789144740.975323712] [sim_executor_bridge_node]: ARM_ARRIVAL MoveSpline: 잔차 0.26deg (손끝 1.8mm) / 대기 0.36s
[INFO] [1789144740.975519366] [sim_executor_bridge_node]: MoveSpline ok: 12 pts / 0.35s -> end=[128.5 48.2 -28.9 139.9 -75.0 103.0]deg
[INFO] [1789144741.304128838] [sim_executor_bridge_node]: MoveLine called (pos=[ 0.  0. 45.  0.  0.  0.], ref=1, mode=1)
[INFO] [1789144745.217814733] [sim_executor_bridge_node]: ARM_ARRIVAL MoveLine: 잔차 0.26deg (손끝 1.2mm) / 대기 0.18s
[INFO] [1789144745.218670676] [sim_executor_bridge_node]: MOVELINE_END_ERR: along=+0.5mm lateral=1.1mm |err|=1.2mm (명령 45mm, TOOL)
[INFO] [1789144745.219040043] [sim_executor_bridge_node]: MoveLine 실이동 45.5mm / 명령 45mm
[INFO] [1789144745.219406453] [sim_executor_bridge_node]: MoveLine ok: 45mm / 23 steps / 계획 0.38s 실소요 3.91s (worst step joint delta 1.5deg)
[INFO] [1789144745.264407806] [sim_executor_bridge_node]: MoveLine called (pos=[  0.        0.      -30.00054   0.        0.        0.     ], ref=0, mode=1)
[INFO] [1789144747.882432592] [sim_executor_bridge_node]: ARM_ARRIVAL MoveLine: 잔차 0.24deg (손끝 0.6mm) / 대기 0.16s
[INFO] [1789144747.883091384] [sim_executor_bridge_node]: MOVELINE_END_ERR: along=+0.1mm lateral=0.6mm |err|=0.6mm (명령 30mm, BASE)
[INFO] [1789144747.883434637] [sim_executor_bridge_node]: MoveLine 실이동 30.1mm / 명령 30mm
[INFO] [1789144747.883609762] [sim_executor_bridge_node]: MoveLine ok: 30mm / 16 steps / 계획 0.38s 실소요 2.62s (worst step joint delta 2.3deg)
[INFO] [1789144747.919140117] [sim_executor_bridge_node]: SetPosition called to 700
[INFO] [1789144747.924237053] [sim_executor_bridge_node]: GRASP_JUDGE 줄기기준 along=+13.5mm(조우 -6~27) lateral=2.7mm(허용20) | 과실기준 d_tcp=35.2mm -> CONTACT
[INFO] [1789144747.924690262] [sim_executor_bridge_node]: GRASP_ATTACH 과실 (-250, 783, 740)mm -> /sim/grasp_event
[INFO] [1789144748.320266785] [sim_executor_bridge_node]: MoveLine called (pos=[  0.   0. -40.   0.   0.   0.], ref=0, mode=1)
[INFO] [1789144751.416107858] [sim_executor_bridge_node]: ARM_ARRIVAL MoveLine: 잔차 0.27deg (손끝 0.6mm) / 대기 0.12s
[INFO] [1789144751.416595629] [sim_executor_bridge_node]: MOVELINE_END_ERR: along=-0.5mm lateral=0.4mm |err|=0.6mm (명령 40mm, BASE)
[INFO] [1789144751.416764426] [sim_executor_bridge_node]: MoveLine 실이동 39.5mm / 명령 40mm
[INFO] [1789144751.416912333] [sim_executor_bridge_node]: MoveLine ok: 40mm / 20 steps / 계획 0.40s 실소요 3.10s (worst step joint delta 0.9deg)
[INFO] [1789144751.425661757] [sim_executor_bridge_node]: MoveLine called (pos=[  0.   0. -45.   0.   0.   0.], ref=1, mode=1)
[INFO] [1789144754.962244031] [sim_executor_bridge_node]: ARM_ARRIVAL MoveLine: 잔차 0.27deg (손끝 1.8mm) / 대기 0.06s
[INFO] [1789144754.963021188] [sim_executor_bridge_node]: MOVELINE_END_ERR: along=-1.8mm lateral=0.2mm |err|=1.8mm (명령 45mm, TOOL)
[INFO] [1789144754.963387225] [sim_executor_bridge_node]: MoveLine 실이동 43.2mm / 명령 45mm
[INFO] [1789144754.963744929] [sim_executor_bridge_node]: MoveLine ok: 45mm / 23 steps / 계획 0.28s 실소요 3.54s (worst step joint delta 0.4deg)
[INFO] [1789144756.627012488] [sim_executor_bridge_node]: MoveSplineJoint called with 12 points
[INFO] [1789144758.483347703] [sim_executor_bridge_node]: ARM_ARRIVAL MoveSpline: 잔차 0.26deg (손끝 1.8mm) / 대기 0.38s
[INFO] [1789144758.484130275] [sim_executor_bridge_node]: MoveSpline ok: 12 pts / 1.45s -> end=[194.4 -26.5 -134.1 186.4 -70.3 270.7]deg
[INFO] [1789144758.530994398] [sim_executor_bridge_node]: MoveLine called (pos=[   0.    0. -120.    0.    0.    0.], ref=0, mode=1)
[INFO] [1789144758.532872816] [sim_executor_bridge_node]: MoveLine 120mm: 60 -> 24 steps (5.0mm/step, 자유공간 이송)
[INFO] [1789144763.130351732] [sim_executor_bridge_node]: ARM_ARRIVAL MoveLine: 잔차 0.26deg (손끝 1.3mm) / 대기 0.10s
[INFO] [1789144763.132915265] [sim_executor_bridge_node]: MOVELINE_END_ERR: along=-1.3mm lateral=0.1mm |err|=1.3mm (명령 120mm, BASE)
[INFO] [1789144763.133084608] [sim_executor_bridge_node]: MoveLine 실이동 118.7mm / 명령 120mm
[INFO] [1789144763.133228570] [sim_executor_bridge_node]: MoveLine ok: 120mm / 24 steps / 계획 1.50s 실소요 4.60s (worst step joint delta 1.0deg)
[INFO] [1789144763.138557155] [sim_executor_bridge_node]: SetPosition called to 600
[INFO] [1789144763.138759139] [sim_executor_bridge_node]: GRASP_RELEASE -> /sim/grasp_event
[INFO] [1789144764.178817388] [sim_executor_bridge_node]: MoveSplineJoint called with 12 points
[INFO] [1789144764.873075922] [sim_executor_bridge_node]: ARM_ARRIVAL MoveSpline: 잔차 0.23deg (손끝 1.3mm) / 대기 0.32s
[INFO] [1789144764.873439975] [sim_executor_bridge_node]: MoveSpline ok: 12 pts / 0.37s -> end=[194.4 -26.5 -134.1 186.3 -70.3 270.7]deg
[INFO] [1789144766.511821270] [sim_executor_bridge_node]: MoveSplineJoint called with 12 points
[INFO] [1789144768.690161997] [sim_executor_bridge_node]: ARM_ARRIVAL MoveSpline: 잔차 0.26deg (손끝 0.1mm) / 대기 0.78s
[INFO] [1789144768.690553131] [sim_executor_bridge_node]: MoveSpline ok: 12 pts / 1.37s -> end=[155.5 50.9 -33.1 111.1 -80.6 106.6]deg
[INFO] [1789144768.718087945] [sim_executor_bridge_node]: SetPosition called to 600
[INFO] [1789144769.974220421] [sim_executor_bridge_node]: MoveJoint called to [144.09  22.9   -1.   121.48 -75.31 108.68]
[INFO] [1789144770.502317067] [sim_executor_bridge_node]: ARM_ARRIVAL MoveJoint: 잔차 0.29deg (손끝 2.2mm) / 대기 0.52s
[INFO] [1789144770.578672131] [sim_executor_bridge_node]: SetPosition called to 600
[INFO] [1789144775.110706053] [sim_executor_bridge_node]: MoveSplineJoint called with 12 points
[INFO] [1789144775.853334611] [sim_executor_bridge_node]: ARM_ARRIVAL MoveSpline: 잔차 0.23deg (손끝 1.9mm) / 대기 0.38s
[INFO] [1789144775.853716957] [sim_executor_bridge_node]: MoveSpline ok: 12 pts / 0.35s -> end=[110.9 9.6 37.8 150.6 -46.6 111.9]deg
[INFO] [1789144776.163533266] [sim_executor_bridge_node]: MoveLine called (pos=[ 0.  0. 45.  0.  0.  0.], ref=1, mode=1)
[INFO] [1789144779.386396138] [sim_executor_bridge_node]: ARM_ARRIVAL MoveLine: 잔차 0.27deg (손끝 1.6mm) / 대기 0.12s
[INFO] [1789144779.387037612] [sim_executor_bridge_node]: MOVELINE_END_ERR: along=+0.6mm lateral=1.4mm |err|=1.6mm (명령 45mm, TOOL)
[INFO] [1789144779.387253919] [sim_executor_bridge_node]: MoveLine 실이동 45.6mm / 명령 45mm
[INFO] [1789144779.387429441] [sim_executor_bridge_node]: MoveLine ok: 45mm / 23 steps / 계획 0.37s 실소요 3.22s (worst step joint delta 0.7deg)
[INFO] [1789144779.421430821] [sim_executor_bridge_node]: MoveLine called (pos=[  0.        0.      -30.00054   0.        0.        0.     ], ref=0, mode=1)
[INFO] [1789144781.812858029] [sim_executor_bridge_node]: ARM_ARRIVAL MoveLine: 잔차 0.26deg (손끝 1.2mm) / 대기 0.12s
[INFO] [1789144781.813595389] [sim_executor_bridge_node]: MOVELINE_END_ERR: along=+0.6mm lateral=1.2mm |err|=1.3mm (명령 30mm, BASE)
[INFO] [1789144781.813938875] [sim_executor_bridge_node]: MoveLine 실이동 30.6mm / 명령 30mm
[INFO] [1789144781.814504494] [sim_executor_bridge_node]: MoveLine ok: 30mm / 16 steps / 계획 0.38s 실소요 2.39s (worst step joint delta 1.1deg)
[INFO] [1789144781.824674787] [sim_executor_bridge_node]: SetPosition called to 700
[INFO] [1789144781.825635324] [sim_executor_bridge_node]: GRASP_JUDGE 줄기기준 along=+12.1mm(조우 -6~27) lateral=5.1mm(허용20) | 과실기준 d_tcp=32.7mm -> CONTACT
[INFO] [1789144781.825885814] [sim_executor_bridge_node]: GRASP_ATTACH 과실 (-120, 783, 760)mm -> /sim/grasp_event
[INFO] [1789144782.226144739] [sim_executor_bridge_node]: MoveLine called (pos=[  0.   0. -40.   0.   0.   0.], ref=0, mode=1)
[INFO] [1789144785.374998809] [sim_executor_bridge_node]: ARM_ARRIVAL MoveLine: 잔차 0.26deg (손끝 0.9mm) / 대기 0.10s
[INFO] [1789144785.377457180] [sim_executor_bridge_node]: MOVELINE_END_ERR: along=+0.1mm lateral=0.9mm |err|=0.9mm (명령 40mm, BASE)
[INFO] [1789144785.377652962] [sim_executor_bridge_node]: MoveLine 실이동 40.1mm / 명령 40mm
[INFO] [1789144785.377829148] [sim_executor_bridge_node]: MoveLine ok: 40mm / 20 steps / 계획 0.40s 실소요 3.15s (worst step joint delta 0.7deg)
[INFO] [1789144785.382607357] [sim_executor_bridge_node]: MoveLine called (pos=[  0.   0. -45.   0.   0.   0.], ref=1, mode=1)
[INFO] [1789144788.332455797] [sim_executor_bridge_node]: ARM_ARRIVAL MoveLine: 잔차 0.28deg (손끝 2.4mm) / 대기 0.08s
[INFO] [1789144788.332867025] [sim_executor_bridge_node]: MOVELINE_END_ERR: along=-2.2mm lateral=1.0mm |err|=2.4mm (명령 45mm, TOOL)
[INFO] [1789144788.333025186] [sim_executor_bridge_node]: MoveLine 실이동 42.8mm / 명령 45mm
[INFO] [1789144788.333220995] [sim_executor_bridge_node]: MoveLine ok: 45mm / 23 steps / 계획 0.28s 실소요 2.95s (worst step joint delta 0.4deg)
[INFO] [1789144789.976521507] [sim_executor_bridge_node]: MoveSplineJoint called with 12 points
[INFO] [1789144791.302331765] [sim_executor_bridge_node]: ARM_ARRIVAL MoveSpline: 잔차 0.25deg (손끝 3.0mm) / 대기 0.38s
[INFO] [1789144791.302532845] [sim_executor_bridge_node]: MoveSpline ok: 12 pts / 0.92s -> end=[0.7 30.9 124.1 171.5 64.9 96.4]deg
[INFO] [1789144791.329624139] [sim_executor_bridge_node]: MoveLine called (pos=[   0.    0. -120.    0.    0.    0.], ref=0, mode=1)
[INFO] [1789144791.330512117] [sim_executor_bridge_node]: MoveLine 120mm: 60 -> 24 steps (5.0mm/step, 자유공간 이송)
[INFO] [1789144795.644015226] [sim_executor_bridge_node]: ARM_ARRIVAL MoveLine: 잔차 0.28deg (손끝 1.5mm) / 대기 0.08s
[INFO] [1789144795.644773395] [sim_executor_bridge_node]: MOVELINE_END_ERR: along=-1.5mm lateral=0.1mm |err|=1.5mm (명령 120mm, BASE)
[INFO] [1789144795.645116772] [sim_executor_bridge_node]: MoveLine 실이동 118.5mm / 명령 120mm
[INFO] [1789144795.645452859] [sim_executor_bridge_node]: MoveLine ok: 120mm / 24 steps / 계획 1.50s 실소요 4.31s (worst step joint delta 0.9deg)
[INFO] [1789144795.686900207] [sim_executor_bridge_node]: SetPosition called to 600
[INFO] [1789144795.687121191] [sim_executor_bridge_node]: GRASP_RELEASE -> /sim/grasp_event
[INFO] [1789144796.765122370] [sim_executor_bridge_node]: MoveSplineJoint called with 12 points
[INFO] [1789144797.445180243] [sim_executor_bridge_node]: ARM_ARRIVAL MoveSpline: 잔차 0.26deg (손끝 1.5mm) / 대기 0.32s
[INFO] [1789144797.445369531] [sim_executor_bridge_node]: MoveSpline ok: 12 pts / 0.35s -> end=[0.7 30.9 124.1 171.5 64.9 96.4]deg
[INFO] [1789144799.076475225] [sim_executor_bridge_node]: MoveSplineJoint called with 12 points
[INFO] [1789144800.733349843] [sim_executor_bridge_node]: ARM_ARRIVAL MoveSpline: 잔차 0.23deg (손끝 1.6mm) / 대기 0.40s
[INFO] [1789144800.733620854] [sim_executor_bridge_node]: MoveSpline ok: 12 pts / 1.23s -> end=[144.1 23.1 -1.1 121.5 -75.3 108.7]deg
[INFO] [1789144800.778404290] [sim_executor_bridge_node]: SetPosition called to 600
[INFO] [1789144801.833233407] [sim_executor_bridge_node]: MoveJoint called to [144.09  22.9   -1.   121.48 -75.31 108.68]
[INFO] [1789144801.838169382] [sim_executor_bridge_node]: ARM_ARRIVAL MoveJoint: 잔차 0.21deg (손끝 2.4mm) / 대기 0.00s
[INFO] [1789144804.889325761] [sim_executor_bridge_node]: MoveJoint called to [ 18.91  25.97   1.    74.58  78.17 244.39]
[INFO] [1789144806.257179037] [sim_executor_bridge_node]: ARM_ARRIVAL MoveJoint: 잔차 0.28deg (손끝 4.1mm) / 대기 1.37s
[INFO] [1789144809.352362848] [sim_executor_bridge_node]: SetPosition called to 600
[INFO] [1789144812.284692166] [sim_executor_bridge_node]: MoveSplineJoint called with 12 points
[INFO] [1789144813.005725344] [sim_executor_bridge_node]: ARM_ARRIVAL MoveSpline: 잔차 0.26deg (손끝 2.2mm) / 대기 0.36s
[INFO] [1789144813.005961399] [sim_executor_bridge_node]: MoveSpline ok: 12 pts / 0.35s -> end=[48.5 25.1 19.9 48.3 62.2 238.7]deg
[INFO] [1789144813.337063046] [sim_executor_bridge_node]: MoveLine called (pos=[ 0.  0. 45.  0.  0.  0.], ref=1, mode=1)
[INFO] [1789144816.340723254] [sim_executor_bridge_node]: ARM_ARRIVAL MoveLine: 잔차 0.27deg (손끝 1.7mm) / 대기 0.00s
[INFO] [1789144816.341122087] [sim_executor_bridge_node]: MOVELINE_END_ERR: along=-3.2mm lateral=4.7mm |err|=5.7mm (명령 45mm, TOOL)
[INFO] [1789144816.341279960] [sim_executor_bridge_node]: MoveLine 실이동 42.0mm / 명령 45mm
[INFO] [1789144816.341423301] [sim_executor_bridge_node]: MoveLine ok: 45mm / 23 steps / 계획 0.38s 실소요 3.00s (worst step joint delta 3.2deg)
[INFO] [1789144816.392271667] [sim_executor_bridge_node]: MoveLine called (pos=[  0.           0.         -31.30792321   0.           0.
   0.        ], ref=0, mode=1)
[INFO] [1789144818.774783605] [sim_executor_bridge_node]: ARM_ARRIVAL MoveLine: 잔차 0.26deg (손끝 0.6mm) / 대기 0.16s
[INFO] [1789144818.775341403] [sim_executor_bridge_node]: MOVELINE_END_ERR: along=+0.1mm lateral=0.6mm |err|=0.6mm (명령 31mm, BASE)
[INFO] [1789144818.775513952] [sim_executor_bridge_node]: MoveLine 실이동 31.4mm / 명령 31mm
[INFO] [1789144818.775670402] [sim_executor_bridge_node]: MoveLine ok: 31mm / 16 steps / 계획 0.39s 실소요 2.38s (worst step joint delta 6.7deg)
[INFO] [1789144818.796469805] [sim_executor_bridge_node]: SetPosition called to 700
[INFO] [1789144818.800200455] [sim_executor_bridge_node]: GRASP_JUDGE 줄기기준 along=+15.9mm(조우 -6~27) lateral=7.6mm(허용20) | 과실기준 d_tcp=33.3mm -> CONTACT
[INFO] [1789144818.800658285] [sim_executor_bridge_node]: GRASP_ATTACH 과실 (280, 783, 700)mm -> /sim/grasp_event
[INFO] [1789144819.197908050] [sim_executor_bridge_node]: MoveLine called (pos=[  0.   0. -40.   0.   0.   0.], ref=0, mode=1)
[INFO] [1789144822.139392676] [sim_executor_bridge_node]: ARM_ARRIVAL MoveLine: 잔차 0.26deg (손끝 0.6mm) / 대기 0.12s
[INFO] [1789144822.141653769] [sim_executor_bridge_node]: MOVELINE_END_ERR: along=-0.4mm lateral=0.4mm |err|=0.6mm (명령 40mm, BASE)
[INFO] [1789144822.141813057] [sim_executor_bridge_node]: MoveLine 실이동 39.6mm / 명령 40mm
[INFO] [1789144822.141958271] [sim_executor_bridge_node]: MoveLine ok: 40mm / 20 steps / 계획 0.40s 실소요 2.94s (worst step joint delta 0.9deg)
[INFO] [1789144822.152764465] [sim_executor_bridge_node]: MoveLine called (pos=[  0.   0. -45.   0.   0.   0.], ref=1, mode=1)
[INFO] [1789144825.129577136] [sim_executor_bridge_node]: ARM_ARRIVAL MoveLine: 잔차 0.29deg (손끝 2.1mm) / 대기 0.04s
[INFO] [1789144825.132675503] [sim_executor_bridge_node]: MOVELINE_END_ERR: along=-2.1mm lateral=0.3mm |err|=2.1mm (명령 45mm, TOOL)
[INFO] [1789144825.132878951] [sim_executor_bridge_node]: MoveLine 실이동 42.9mm / 명령 45mm
[INFO] [1789144825.133022435] [sim_executor_bridge_node]: MoveLine ok: 45mm / 23 steps / 계획 0.28s 실소요 2.98s (worst step joint delta 0.4deg)
[INFO] [1789144826.866589170] [sim_executor_bridge_node]: SetPosition called to 600
[INFO] [1789144826.867037350] [sim_executor_bridge_node]: GRASP_RELEASE -> /sim/grasp_event
[INFO] [1789144828.555282662] [sim_executor_bridge_node]: MoveSplineJoint called with 12 points
[INFO] [1789144829.386344271] [sim_executor_bridge_node]: ARM_ARRIVAL MoveSpline: 잔차 0.28deg (손끝 1.9mm) / 대기 0.38s
[INFO] [1789144829.386742952] [sim_executor_bridge_node]: MoveSpline ok: 12 pts / 0.44s -> end=[18.9 26.0 1.0 74.6 78.2 244.4]deg
[INFO] [1789144829.406691081] [sim_executor_bridge_node]: SetPosition called to 600
[INFO] [1789144830.511719315] [sim_executor_bridge_node]: SetPosition called to 600
[INFO] [1789144835.065863401] [sim_executor_bridge_node]: MoveSplineJoint called with 12 points
[INFO] [1789144835.809033096] [sim_executor_bridge_node]: ARM_ARRIVAL MoveSpline: 잔차 0.26deg (손끝 2.2mm) / 대기 0.38s
[INFO] [1789144835.809417488] [sim_executor_bridge_node]: MoveSpline ok: 12 pts / 0.35s -> end=[57.5 13.1 37.4 45.0 49.4 237.6]deg
[INFO] [1789144836.117971661] [sim_executor_bridge_node]: MoveLine called (pos=[ 0.  0. 45.  0.  0.  0.], ref=1, mode=1)
[INFO] [1789144839.211781910] [sim_executor_bridge_node]: ARM_ARRIVAL MoveLine: 잔차 0.29deg (손끝 1.6mm) / 대기 0.14s
[INFO] [1789144839.212210321] [sim_executor_bridge_node]: MOVELINE_END_ERR: along=+0.5mm lateral=1.5mm |err|=1.6mm (명령 45mm, TOOL)
[INFO] [1789144839.212374124] [sim_executor_bridge_node]: MoveLine 실이동 45.6mm / 명령 45mm
[INFO] [1789144839.212525134] [sim_executor_bridge_node]: MoveLine ok: 45mm / 23 steps / 계획 0.38s 실소요 3.09s (worst step joint delta 0.7deg)
[INFO] [1789144839.225693161] [sim_executor_bridge_node]: MoveLine called (pos=[  0.        0.      -30.00054   0.        0.        0.     ], ref=0, mode=1)
[INFO] [1789144841.577542542] [sim_executor_bridge_node]: ARM_ARRIVAL MoveLine: 잔차 0.25deg (손끝 1.2mm) / 대기 0.10s
[INFO] [1789144841.580409964] [sim_executor_bridge_node]: MOVELINE_END_ERR: along=+0.5mm lateral=1.1mm |err|=1.2mm (명령 30mm, BASE)
[INFO] [1789144841.580744368] [sim_executor_bridge_node]: MoveLine 실이동 30.5mm / 명령 30mm
[INFO] [1789144841.581063229] [sim_executor_bridge_node]: MoveLine ok: 30mm / 16 steps / 계획 0.38s 실소요 2.35s (worst step joint delta 1.0deg)
[INFO] [1789144841.629780271] [sim_executor_bridge_node]: SetPosition called to 700
[INFO] [1789144841.633080100] [sim_executor_bridge_node]: GRASP_JUDGE 줄기기준 along=+12.7mm(조우 -6~27) lateral=5.3mm(허용20) | 과실기준 d_tcp=32.8mm -> CONTACT
[INFO] [1789144841.633290225] [sim_executor_bridge_node]: GRASP_ATTACH 과실 (200, 783, 740)mm -> /sim/grasp_event
[INFO] [1789144842.031363370] [sim_executor_bridge_node]: MoveLine called (pos=[  0.   0. -40.   0.   0.   0.], ref=0, mode=1)
[INFO] [1789144844.827799986] [sim_executor_bridge_node]: ARM_ARRIVAL MoveLine: 잔차 0.27deg (손끝 0.9mm) / 대기 0.10s
[INFO] [1789144844.829074279] [sim_executor_bridge_node]: MOVELINE_END_ERR: along=+0.0mm lateral=0.9mm |err|=0.9mm (명령 40mm, BASE)
[INFO] [1789144844.829430179] [sim_executor_bridge_node]: MoveLine 실이동 40.0mm / 명령 40mm
[INFO] [1789144844.829758300] [sim_executor_bridge_node]: MoveLine ok: 40mm / 20 steps / 계획 0.40s 실소요 2.80s (worst step joint delta 0.7deg)
[INFO] [1789144844.837164380] [sim_executor_bridge_node]: MoveLine called (pos=[  0.   0. -45.   0.   0.   0.], ref=1, mode=1)
[INFO] [1789144847.997635937] [sim_executor_bridge_node]: ARM_ARRIVAL MoveLine: 잔차 0.27deg (손끝 2.3mm) / 대기 0.06s
[INFO] [1789144847.999174176] [sim_executor_bridge_node]: MOVELINE_END_ERR: along=-2.1mm lateral=1.0mm |err|=2.3mm (명령 45mm, TOOL)
[INFO] [1789144847.999362643] [sim_executor_bridge_node]: MoveLine 실이동 42.9mm / 명령 45mm
[INFO] [1789144847.999522130] [sim_executor_bridge_node]: MoveLine ok: 45mm / 23 steps / 계획 0.28s 실소요 3.16s (worst step joint delta 0.4deg)
[INFO] [1789144849.521613290] [sim_executor_bridge_node]: MoveSplineJoint called with 12 points
[INFO] [1789144850.874370629] [sim_executor_bridge_node]: ARM_ARRIVAL MoveSpline: 잔차 0.22deg (손끝 1.2mm) / 대기 0.40s
[INFO] [1789144850.874758189] [sim_executor_bridge_node]: MoveSpline ok: 12 pts / 0.93s -> end=[0.8 26.2 135.0 -8.1 -71.2 275.3]deg
[INFO] [1789144850.925765722] [sim_executor_bridge_node]: MoveLine called (pos=[   0.    0. -120.    0.    0.    0.], ref=0, mode=1)
[INFO] [1789144850.926925015] [sim_executor_bridge_node]: MoveLine 120mm: 60 -> 24 steps (5.0mm/step, 자유공간 이송)
[INFO] [1789144855.129994747] [sim_executor_bridge_node]: ARM_ARRIVAL MoveLine: 잔차 0.27deg (손끝 1.3mm) / 대기 0.10s
[INFO] [1789144855.130465560] [sim_executor_bridge_node]: MOVELINE_END_ERR: along=-1.3mm lateral=0.1mm |err|=1.3mm (명령 120mm, BASE)
[INFO] [1789144855.130640275] [sim_executor_bridge_node]: MoveLine 실이동 118.7mm / 명령 120mm
[INFO] [1789144855.130817245] [sim_executor_bridge_node]: MoveLine ok: 120mm / 24 steps / 계획 1.50s 실소요 4.20s (worst step joint delta 1.0deg)
[INFO] [1789144855.134449751] [sim_executor_bridge_node]: SetPosition called to 600
[INFO] [1789144855.134856827] [sim_executor_bridge_node]: GRASP_RELEASE -> /sim/grasp_event
[INFO] [1789144856.188232241] [sim_executor_bridge_node]: MoveSplineJoint called with 12 points
[INFO] [1789144856.873618240] [sim_executor_bridge_node]: ARM_ARRIVAL MoveSpline: 잔차 0.28deg (손끝 1.6mm) / 대기 0.30s
[INFO] [1789144856.874093538] [sim_executor_bridge_node]: MoveSpline ok: 12 pts / 0.38s -> end=[0.8 26.1 135.0 -8.1 -71.1 275.4]deg
[INFO] [1789144858.434080348] [sim_executor_bridge_node]: MoveSplineJoint called with 12 points
[INFO] [1789144860.090344464] [sim_executor_bridge_node]: ARM_ARRIVAL MoveSpline: 잔차 0.26deg (손끝 2.3mm) / 대기 0.38s
[INFO] [1789144860.090768434] [sim_executor_bridge_node]: MoveSpline ok: 12 pts / 1.25s -> end=[18.9 26.1 1.0 74.6 78.2 244.4]deg
[INFO] [1789144860.137390443] [sim_executor_bridge_node]: SetPosition called to 600
[INFO] [1789144861.191734793] [sim_executor_bridge_node]: MoveJoint called to [ 18.91  25.97   1.    74.58  78.17 244.39]
[INFO] [1789144861.194307190] [sim_executor_bridge_node]: ARM_ARRIVAL MoveJoint: 잔차 0.17deg (손끝 2.8mm) / 대기 0.00s
[INFO] [1789144864.248872401] [sim_executor_bridge_node]: MoveJoint called to [ 87.98 -94.92 129.89 175.94 -31.34  93.42]
[INFO] [1789144865.516034716] [sim_executor_bridge_node]: ARM_ARRIVAL MoveJoint: 잔차 0.29deg (손끝 1.2mm) / 대기 1.27s
[INFO] [1789144865.551929917] [sim_executor_bridge_node]: MoveJoint called to [150.27 -11.92 109.11 262.19  63.33  10.46]
[INFO] [1789144866.441209381] [sim_executor_bridge_node]: ARM_ARRIVAL MoveJoint: 잔차 0.28deg (손끝 0.6mm) / 대기 0.88s
[INFO] [1789144869.601610525] [sim_executor_bridge_node]: MoveJoint called to [129.12 -26.77 134.48 246.33  46.07  29.56]
[INFO] [1789144870.126147115] [sim_executor_bridge_node]: ARM_ARRIVAL MoveJoint: 잔차 0.29deg (손끝 2.0mm) / 대기 0.52s
[INFO] [1789144873.211704319] [sim_executor_bridge_node]: SetPosition called to 600
[INFO] [1789144875.761005435] [sim_executor_bridge_node]: MoveSplineJoint called with 12 points
[INFO] [1789144876.678034775] [sim_executor_bridge_node]: ARM_ARRIVAL MoveSpline: 잔차 0.26deg (손끝 1.1mm) / 대기 0.38s
[INFO] [1789144876.678225611] [sim_executor_bridge_node]: MoveSpline ok: 12 pts / 0.52s -> end=[107.3 -5.6 93.9 304.4 20.8 -32.4]deg
[INFO] [1789144877.013481383] [sim_executor_bridge_node]: MoveLine called (pos=[ 0.  0. 45.  0.  0.  0.], ref=1, mode=1)
[INFO] [1789144880.189634569] [sim_executor_bridge_node]: ARM_ARRIVAL MoveLine: 잔차 0.30deg (손끝 2.1mm) / 대기 0.02s
[INFO] [1789144880.190246223] [sim_executor_bridge_node]: MOVELINE_END_ERR: along=-2.0mm lateral=0.4mm |err|=2.1mm (명령 45mm, TOOL)
[INFO] [1789144880.190447536] [sim_executor_bridge_node]: MoveLine 실이동 43.0mm / 명령 45mm
[INFO] [1789144880.190600955] [sim_executor_bridge_node]: MoveLine ok: 45mm / 23 steps / 계획 0.37s 실소요 3.18s (worst step joint delta 0.3deg)
[INFO] [1789144880.221001510] [sim_executor_bridge_node]: MoveLine called (pos=[  0.           0.         -32.60535644   0.           0.
   0.        ], ref=0, mode=1)
[INFO] [1789144882.617443733] [sim_executor_bridge_node]: ARM_ARRIVAL MoveLine: 잔차 0.30deg (손끝 0.3mm) / 대기 0.14s
[INFO] [1789144882.617836520] [sim_executor_bridge_node]: MOVELINE_END_ERR: along=-0.2mm lateral=0.2mm |err|=0.3mm (명령 33mm, BASE)
[INFO] [1789144882.618011554] [sim_executor_bridge_node]: MoveLine 실이동 32.4mm / 명령 33mm
[INFO] [1789144882.618154924] [sim_executor_bridge_node]: MoveLine ok: 33mm / 17 steps / 계획 0.41s 실소요 2.39s (worst step joint delta 1.0deg)
[INFO] [1789144882.624766251] [sim_executor_bridge_node]: SetPosition called to 700
[INFO] [1789144882.629261022] [sim_executor_bridge_node]: GRASP_JUDGE 줄기기준 along=+15.5mm(조우 -6~27) lateral=3.7mm(허용20) | 과실기준 d_tcp=37.6mm -> CONTACT
[INFO] [1789144882.629556086] [sim_executor_bridge_node]: GRASP_ATTACH 과실 (-100, 783, 440)mm -> /sim/grasp_event
[INFO] [1789144883.026901723] [sim_executor_bridge_node]: MoveLine called (pos=[  0.   0. -40.   0.   0.   0.], ref=0, mode=1)
[INFO] [1789144885.876972846] [sim_executor_bridge_node]: ARM_ARRIVAL MoveLine: 잔차 0.26deg (손끝 0.3mm) / 대기 0.20s
[INFO] [1789144885.878595491] [sim_executor_bridge_node]: MOVELINE_END_ERR: along=-0.1mm lateral=0.2mm |err|=0.3mm (명령 40mm, BASE)
[INFO] [1789144885.878935139] [sim_executor_bridge_node]: MoveLine 실이동 39.9mm / 명령 40mm
[INFO] [1789144885.879254828] [sim_executor_bridge_node]: MoveLine ok: 40mm / 20 steps / 계획 0.40s 실소요 2.85s (worst step joint delta 1.2deg)
[INFO] [1789144885.882005781] [sim_executor_bridge_node]: MoveLine called (pos=[  0.   0. -45.   0.   0.   0.], ref=1, mode=1)
[INFO] [1789144888.915896442] [sim_executor_bridge_node]: ARM_ARRIVAL MoveLine: 잔차 0.25deg (손끝 1.7mm) / 대기 0.06s
[INFO] [1789144888.916311119] [sim_executor_bridge_node]: MOVELINE_END_ERR: along=-1.7mm lateral=0.3mm |err|=1.7mm (명령 45mm, TOOL)
[INFO] [1789144888.916468395] [sim_executor_bridge_node]: MoveLine 실이동 43.3mm / 명령 45mm
[INFO] [1789144888.916613294] [sim_executor_bridge_node]: MoveLine ok: 45mm / 23 steps / 계획 0.28s 실소요 3.03s (worst step joint delta 0.3deg)
[INFO] [1789144890.446715412] [sim_executor_bridge_node]: MoveSplineJoint called with 12 points
[INFO] [1789144891.832329428] [sim_executor_bridge_node]: ARM_ARRIVAL MoveSpline: 잔차 0.27deg (손끝 1.8mm) / 대기 0.38s
[INFO] [1789144891.833549858] [sim_executor_bridge_node]: MoveSpline ok: 12 pts / 0.98s -> end=[-10.3 31.3 123.1 339.3 -65.5 -78.4]deg
[INFO] [1789144891.852402493] [sim_executor_bridge_node]: MoveLine called (pos=[   0.    0. -120.    0.    0.    0.], ref=0, mode=1)
[INFO] [1789144891.853446851] [sim_executor_bridge_node]: MoveLine 120mm: 60 -> 24 steps (5.0mm/step, 자유공간 이송)
[INFO] [1789144896.307217721] [sim_executor_bridge_node]: ARM_ARRIVAL MoveLine: 잔차 0.28deg (손끝 1.5mm) / 대기 0.10s
[INFO] [1789144896.308015566] [sim_executor_bridge_node]: MOVELINE_END_ERR: along=-1.5mm lateral=0.1mm |err|=1.5mm (명령 120mm, BASE)
[INFO] [1789144896.308962781] [sim_executor_bridge_node]: MoveLine 실이동 118.5mm / 명령 120mm
[INFO] [1789144896.309329875] [sim_executor_bridge_node]: MoveLine ok: 120mm / 24 steps / 계획 1.50s 실소요 4.46s (worst step joint delta 0.9deg)
[INFO] [1789144896.360238047] [sim_executor_bridge_node]: SetPosition called to 600
[INFO] [1789144896.360461794] [sim_executor_bridge_node]: GRASP_RELEASE -> /sim/grasp_event
[INFO] [1789144897.471941466] [sim_executor_bridge_node]: MoveSplineJoint called with 12 points
[INFO] [1789144898.257941563] [sim_executor_bridge_node]: ARM_ARRIVAL MoveSpline: 잔차 0.27deg (손끝 1.2mm) / 대기 0.32s
[INFO] [1789144898.258128704] [sim_executor_bridge_node]: MoveSpline ok: 12 pts / 0.45s -> end=[-10.3 31.3 123.1 339.3 -65.5 -78.4]deg
[INFO] [1789144899.777366973] [sim_executor_bridge_node]: MoveSplineJoint called with 12 points
[INFO] [1789144901.366349121] [sim_executor_bridge_node]: ARM_ARRIVAL MoveSpline: 잔차 0.22deg (손끝 1.1mm) / 대기 0.40s
[INFO] [1789144901.366724186] [sim_executor_bridge_node]: MoveSpline ok: 12 pts / 1.16s -> end=[129.1 -26.8 134.5 246.3 46.1 29.6]deg
[INFO] [1789144901.382279437] [sim_executor_bridge_node]: SetPosition called to 600
[INFO] [1789144902.590760017] [sim_executor_bridge_node]: MoveJoint called to [159.6    7.21  75.56 268.51  71.55  -5.89]
[INFO] [1789144903.277258388] [sim_executor_bridge_node]: ARM_ARRIVAL MoveJoint: 잔차 0.28deg (손끝 1.8mm) / 대기 0.68s
[INFO] [1789144906.353282859] [sim_executor_bridge_node]: SetPosition called to 600
[INFO] [1789144908.849365077] [sim_executor_bridge_node]: MoveSplineJoint called with 12 points
[INFO] [1789144909.571735141] [sim_executor_bridge_node]: ARM_ARRIVAL MoveSpline: 잔차 0.28deg (손끝 2.1mm) / 대기 0.36s
[INFO] [1789144909.571939378] [sim_executor_bridge_node]: MoveSpline ok: 12 pts / 0.35s -> end=[127.9 6.3 72.7 297.8 43.1 -27.5]deg
[INFO] [1789144909.901030347] [sim_executor_bridge_node]: MoveLine called (pos=[ 0.  0. 45.  0.  0.  0.], ref=1, mode=1)
[INFO] [1789144912.975856788] [sim_executor_bridge_node]: ARM_ARRIVAL MoveLine: 잔차 0.27deg (손끝 1.7mm) / 대기 0.02s
[INFO] [1789144912.978163834] [sim_executor_bridge_node]: MOVELINE_END_ERR: along=-1.6mm lateral=0.6mm |err|=1.7mm (명령 45mm, TOOL)
[INFO] [1789144912.978334670] [sim_executor_bridge_node]: MoveLine 실이동 43.4mm / 명령 45mm
[INFO] [1789144912.978486809] [sim_executor_bridge_node]: MoveLine ok: 45mm / 23 steps / 계획 0.37s 실소요 3.07s (worst step joint delta 0.2deg)
[INFO] [1789144913.007767047] [sim_executor_bridge_node]: MoveLine called (pos=[  0.           0.         -32.60535644   0.           0.
   0.        ], ref=0, mode=1)
[INFO] [1789144915.487096551] [sim_executor_bridge_node]: ARM_ARRIVAL MoveLine: 잔차 0.27deg (손끝 0.7mm) / 대기 0.08s
[INFO] [1789144915.487549618] [sim_executor_bridge_node]: MOVELINE_END_ERR: along=-0.6mm lateral=0.3mm |err|=0.7mm (명령 33mm, BASE)
[INFO] [1789144915.487743096] [sim_executor_bridge_node]: MoveLine 실이동 32.0mm / 명령 33mm
[INFO] [1789144915.487934585] [sim_executor_bridge_node]: MoveLine ok: 33mm / 17 steps / 계획 0.41s 실소요 2.48s (worst step joint delta 0.4deg)
[INFO] [1789144915.512240184] [sim_executor_bridge_node]: SetPosition called to 700
[INFO] [1789144915.513311349] [sim_executor_bridge_node]: GRASP_JUDGE 줄기기준 along=+15.0mm(조우 -6~27) lateral=4.0mm(허용20) | 과실기준 d_tcp=37.1mm -> CONTACT
[INFO] [1789144915.513560256] [sim_executor_bridge_node]: GRASP_ATTACH 과실 (-250, 783, 500)mm -> /sim/grasp_event
[INFO] [1789144915.913646196] [sim_executor_bridge_node]: MoveLine called (pos=[  0.   0. -40.   0.   0.   0.], ref=0, mode=1)
[INFO] [1789144918.933287425] [sim_executor_bridge_node]: ARM_ARRIVAL MoveLine: 잔차 0.28deg (손끝 0.7mm) / 대기 0.08s
[INFO] [1789144918.934922484] [sim_executor_bridge_node]: MOVELINE_END_ERR: along=-0.6mm lateral=0.3mm |err|=0.7mm (명령 40mm, BASE)
[INFO] [1789144918.935259836] [sim_executor_bridge_node]: MoveLine 실이동 39.4mm / 명령 40mm
[INFO] [1789144918.935590915] [sim_executor_bridge_node]: MoveLine ok: 40mm / 20 steps / 계획 0.40s 실소요 3.02s (worst step joint delta 0.5deg)
[INFO] [1789144918.969346540] [sim_executor_bridge_node]: MoveLine called (pos=[  0.   0. -45.   0.   0.   0.], ref=1, mode=1)
[INFO] [1789144922.037232259] [sim_executor_bridge_node]: ARM_ARRIVAL MoveLine: 잔차 0.29deg (손끝 2.4mm) / 대기 0.04s
[INFO] [1789144922.037797026] [sim_executor_bridge_node]: MOVELINE_END_ERR: along=-2.4mm lateral=0.4mm |err|=2.4mm (명령 45mm, TOOL)
[INFO] [1789144922.038055736] [sim_executor_bridge_node]: MoveLine 실이동 42.6mm / 명령 45mm
[INFO] [1789144922.038289239] [sim_executor_bridge_node]: MoveLine ok: 45mm / 23 steps / 계획 0.28s 실소요 3.07s (worst step joint delta 0.2deg)
[INFO] [1789144923.664495465] [sim_executor_bridge_node]: MoveSplineJoint called with 12 points
[INFO] [1789144925.222252304] [sim_executor_bridge_node]: ARM_ARRIVAL MoveSpline: 잔차 0.29deg (손끝 2.3mm) / 대기 0.36s
[INFO] [1789144925.222676972] [sim_executor_bridge_node]: MoveSpline ok: 12 pts / 1.17s -> end=[-12.8 26.3 134.4 337.6 -71.8 -80.0]deg
[INFO] [1789144925.269386272] [sim_executor_bridge_node]: MoveLine called (pos=[   0.    0. -120.    0.    0.    0.], ref=0, mode=1)
[INFO] [1789144925.270150400] [sim_executor_bridge_node]: MoveLine 120mm: 60 -> 24 steps (5.0mm/step, 자유공간 이송)
[INFO] [1789144929.755495506] [sim_executor_bridge_node]: ARM_ARRIVAL MoveLine: 잔차 0.29deg (손끝 1.4mm) / 대기 0.10s
[INFO] [1789144929.756508816] [sim_executor_bridge_node]: MOVELINE_END_ERR: along=-1.4mm lateral=0.1mm |err|=1.4mm (명령 120mm, BASE)
[INFO] [1789144929.756685740] [sim_executor_bridge_node]: MoveLine 실이동 118.6mm / 명령 120mm
[INFO] [1789144929.756837578] [sim_executor_bridge_node]: MoveLine ok: 120mm / 24 steps / 계획 1.50s 실소요 4.49s (worst step joint delta 1.0deg)
[INFO] [1789144929.776551575] [sim_executor_bridge_node]: SetPosition called to 600
[INFO] [1789144929.776762300] [sim_executor_bridge_node]: GRASP_RELEASE -> /sim/grasp_event
[INFO] [1789144930.838054817] [sim_executor_bridge_node]: MoveSplineJoint called with 12 points
[INFO] [1789144931.582574454] [sim_executor_bridge_node]: ARM_ARRIVAL MoveSpline: 잔차 0.25deg (손끝 1.2mm) / 대기 0.32s
[INFO] [1789144931.582951931] [sim_executor_bridge_node]: MoveSpline ok: 12 pts / 0.41s -> end=[-12.8 26.3 134.4 337.6 -71.8 -80.0]deg
[INFO] [1789144933.163180240] [sim_executor_bridge_node]: MoveSplineJoint called with 12 points
[INFO] [1789144935.009360638] [sim_executor_bridge_node]: ARM_ARRIVAL MoveSpline: 잔차 0.30deg (손끝 2.7mm) / 대기 0.38s
[INFO] [1789144935.009545463] [sim_executor_bridge_node]: MoveSpline ok: 12 pts / 1.44s -> end=[159.6 7.3 75.6 268.5 71.6 -5.9]deg
[INFO] [1789144935.018081531] [sim_executor_bridge_node]: SetPosition called to 600
[INFO] [1789144936.228712112] [sim_executor_bridge_node]: MoveJoint called to [129.13 -28.02 104.41 279.78  42.02 -15.78]
[INFO] [1789144936.774799574] [sim_executor_bridge_node]: ARM_ARRIVAL MoveJoint: 잔차 0.28deg (손끝 2.0mm) / 대기 0.54s
[INFO] [1789144939.840214017] [sim_executor_bridge_node]: SetPosition called to 600
[INFO] [1789144942.414822424] [sim_executor_bridge_node]: MoveSplineJoint called with 12 points
[INFO] [1789144943.159127435] [sim_executor_bridge_node]: ARM_ARRIVAL MoveSpline: 잔차 0.29deg (손끝 1.1mm) / 대기 0.38s
[INFO] [1789144943.159501846] [sim_executor_bridge_node]: MoveSpline ok: 12 pts / 0.35s -> end=[124.4 6.2 63.2 308.9 45.6 -41.6]deg
[INFO] [1789144943.467084378] [sim_executor_bridge_node]: MoveLine called (pos=[ 0.  0. 45.  0.  0.  0.], ref=1, mode=1)
[INFO] [1789144946.333544199] [sim_executor_bridge_node]: ARM_ARRIVAL MoveLine: 잔차 0.30deg (손끝 1.7mm) / 대기 0.02s
[INFO] [1789144946.336365785] [sim_executor_bridge_node]: MOVELINE_END_ERR: along=-1.6mm lateral=0.7mm |err|=1.7mm (명령 45mm, TOOL)
[INFO] [1789144946.336520011] [sim_executor_bridge_node]: MoveLine 실이동 43.4mm / 명령 45mm
[INFO] [1789144946.336662040] [sim_executor_bridge_node]: MoveLine ok: 45mm / 23 steps / 계획 0.37s 실소요 2.87s (worst step joint delta 0.3deg)
[INFO] [1789144946.373373841] [sim_executor_bridge_node]: MoveLine called (pos=[  0.           0.         -32.60535644   0.           0.
   0.        ], ref=0, mode=1)
[INFO] [1789144948.809265484] [sim_executor_bridge_node]: ARM_ARRIVAL MoveLine: 잔차 0.27deg (손끝 0.8mm) / 대기 0.06s
[INFO] [1789144948.811689324] [sim_executor_bridge_node]: MOVELINE_END_ERR: along=-0.6mm lateral=0.5mm |err|=0.8mm (명령 33mm, BASE)
[INFO] [1789144948.812749056] [sim_executor_bridge_node]: MoveLine 실이동 32.0mm / 명령 33mm
[INFO] [1789144948.812921163] [sim_executor_bridge_node]: MoveLine ok: 33mm / 17 steps / 계획 0.41s 실소요 2.44s (worst step joint delta 0.5deg)
[INFO] [1789144948.827844573] [sim_executor_bridge_node]: SetPosition called to 700
[INFO] [1789144948.829275452] [sim_executor_bridge_node]: GRASP_JUDGE 줄기기준 along=+14.7mm(조우 -6~27) lateral=4.2mm(허용20) | 과실기준 d_tcp=36.8mm -> CONTACT
[INFO] [1789144948.829495438] [sim_executor_bridge_node]: GRASP_ATTACH 과실 (-220, 783, 560)mm -> /sim/grasp_event
[INFO] [1789144949.228993365] [sim_executor_bridge_node]: MoveLine called (pos=[  0.   0. -40.   0.   0.   0.], ref=0, mode=1)
[INFO] [1789144952.002934469] [sim_executor_bridge_node]: ARM_ARRIVAL MoveLine: 잔차 0.28deg (손끝 0.7mm) / 대기 0.08s
[INFO] [1789144952.003394986] [sim_executor_bridge_node]: MOVELINE_END_ERR: along=-0.6mm lateral=0.4mm |err|=0.7mm (명령 40mm, BASE)
[INFO] [1789144952.003570565] [sim_executor_bridge_node]: MoveLine 실이동 39.4mm / 명령 40mm
[INFO] [1789144952.003733208] [sim_executor_bridge_node]: MoveLine ok: 40mm / 20 steps / 계획 0.40s 실소요 2.77s (worst step joint delta 0.5deg)
[INFO] [1789144952.035515943] [sim_executor_bridge_node]: MoveLine called (pos=[  0.   0. -45.   0.   0.   0.], ref=1, mode=1)
[INFO] [1789144955.055811170] [sim_executor_bridge_node]: ARM_ARRIVAL MoveLine: 잔차 0.28deg (손끝 2.3mm) / 대기 0.04s
[INFO] [1789144955.056264992] [sim_executor_bridge_node]: MOVELINE_END_ERR: along=-2.3mm lateral=0.5mm |err|=2.3mm (명령 45mm, TOOL)
[INFO] [1789144955.056472517] [sim_executor_bridge_node]: MoveLine 실이동 42.7mm / 명령 45mm
[INFO] [1789144955.056617849] [sim_executor_bridge_node]: MoveLine ok: 45mm / 23 steps / 계획 0.28s 실소요 3.02s (worst step joint delta 0.3deg)
[INFO] [1789144956.612044123] [sim_executor_bridge_node]: MoveSplineJoint called with 12 points
[INFO] [1789144958.226167898] [sim_executor_bridge_node]: ARM_ARRIVAL MoveSpline: 잔차 0.26deg (손끝 2.3mm) / 대기 0.38s
[INFO] [1789144958.226555455] [sim_executor_bridge_node]: MoveSpline ok: 12 pts / 1.21s -> end=[-20.7 32.8 119.9 327.8 -66.0 -73.1]deg
[INFO] [1789144958.265565821] [sim_executor_bridge_node]: MoveLine called (pos=[   0.    0. -120.    0.    0.    0.], ref=0, mode=1)
[INFO] [1789144958.268313245] [sim_executor_bridge_node]: MoveLine 120mm: 60 -> 24 steps (5.0mm/step, 자유공간 이송)
[INFO] [1789144962.808443578] [sim_executor_bridge_node]: ARM_ARRIVAL MoveLine: 잔차 0.25deg (손끝 1.5mm) / 대기 0.10s
[INFO] [1789144962.809684585] [sim_executor_bridge_node]: MOVELINE_END_ERR: along=-1.4mm lateral=0.1mm |err|=1.5mm (명령 120mm, BASE)
[INFO] [1789144962.809858087] [sim_executor_bridge_node]: MoveLine 실이동 118.6mm / 명령 120mm
[INFO] [1789144962.810039128] [sim_executor_bridge_node]: MoveLine ok: 120mm / 24 steps / 계획 1.50s 실소요 4.54s (worst step joint delta 0.8deg)
[INFO] [1789144962.823091795] [sim_executor_bridge_node]: SetPosition called to 600
[INFO] [1789144962.823518922] [sim_executor_bridge_node]: GRASP_RELEASE -> /sim/grasp_event
[INFO] [1789144964.015315538] [sim_executor_bridge_node]: MoveSplineJoint called with 12 points
[INFO] [1789144964.692944780] [sim_executor_bridge_node]: ARM_ARRIVAL MoveSpline: 잔차 0.26deg (손끝 1.7mm) / 대기 0.32s
[INFO] [1789144964.693321651] [sim_executor_bridge_node]: MoveSpline ok: 12 pts / 0.35s -> end=[-20.7 32.8 119.9 327.8 -66.0 -73.1]deg
[INFO] [1789144966.475388383] [sim_executor_bridge_node]: MoveSplineJoint called with 12 points
[INFO] [1789144968.132302847] [sim_executor_bridge_node]: ARM_ARRIVAL MoveSpline: 잔차 0.27deg (손끝 1.8mm) / 대기 0.38s
[INFO] [1789144968.132506382] [sim_executor_bridge_node]: MoveSpline ok: 12 pts / 1.25s -> end=[129.1 -28.0 104.4 279.8 42.0 -15.8]deg
[INFO] [1789144968.177840520] [sim_executor_bridge_node]: SetPosition called to 600
[INFO] [1789144969.233146302] [sim_executor_bridge_node]: MoveJoint called to [150.27 -11.92 109.11 262.19  63.33  10.46]
[INFO] [1789144969.717974765] [sim_executor_bridge_node]: ARM_ARRIVAL MoveJoint: 잔차 0.25deg (손끝 1.6mm) / 대기 0.48s
[INFO] [1789144972.741253713] [sim_executor_bridge_node]: MoveJoint called to [ 87.98 -94.92 129.89 175.94 -31.34  93.42]
[INFO] [1789144973.629360123] [sim_executor_bridge_node]: ARM_ARRIVAL MoveJoint: 잔차 0.29deg (손끝 1.6mm) / 대기 0.88s
