[INFO] [1789537069.382000100] [scan_executor_node]: Loaded 4 scan targets from /home/oceanshape/strawberry_grasp_environment/install/strawberry_motion/share/strawberry_motion/config/scan_pose_candidates_refit_candidate.yaml
[INFO] [1789537069.382227017] [scan_executor_node]: MoveJoint speeds: scan vel=120.0 acc=180.0, overview return vel=120.0 acc=180.0
[INFO] [1789537069.382380163] [scan_executor_node]: MoveJoint service dispatch timeout: 30.0s; arrival is verified from /joint_states
[INFO] [1789537069.954946581] [scan_executor_node]: SUBDIVIDE_IK_READY min_candidates=3 max_joint_delta=60deg seeds=32 init=0.6s subcell_ee_y=0.433
[INFO] [1789537069.966444415] [scan_executor_node]: scan_executor_node ready; explicit /strawberry/scan/start required
[harvest_probe] 계측 부착: role=scan -> /tmp/harvest_hud_scan.json
[INFO] [1789537097.673418309] [scan_executor_node]: START_ACCEPTED explicit request; initial pose verified
[INFO] [1789537097.674402561] [scan_executor_node]: TRAVERSAL_SCAN_STARTED cells=['root/nw', 'root/ne', 'root/se', 'root/sw'] (4/4 quadrants)
[INFO] [1789537097.674822266] [scan_executor_node]: OVERVIEW_SCAN_STARTED — scene_positions 로 분면별 익은 과실 판정, 최대 3.0s
[INFO] [1789537100.177738622] [scan_executor_node]: OVERVIEW_SCAN nw:3  ne:2  se:0  sw:3
[INFO] [1789537100.178018597] [scan_executor_node]: TRAVERSAL_PRUNED skip=['root/se'] — overview 1차 스캔에서 익은 과실 0개
[INFO] [1789537100.178455248] [scan_executor_node]: MOVING_TO root/nw  endpoint_deg=[144.1 22.9 -1.0 -238.5 -75.3 108.7]  (direct MoveJoint, YAML pose)
[INFO] [1789537100.178685224] [scan_executor_node]: Joint equivalent rewrite J4 -238.5 -> 121.5 deg (current 175.9, shorter by 360.0 deg)
[INFO] [1789537100.178887609] [scan_executor_node]: Joint equivalent rewrite J4 -238.5 -> 121.5 deg (current 175.9, shorter by 360.0 deg)
[INFO] [1789537102.232794974] [scan_executor_node]: MoveJoint response: success=True  target=[144.1 22.9 -1.0 121.5 -75.3 108.7]  vel=120.0  acc=180.0
[INFO] [1789537102.233236243] [scan_executor_node]: AT_SCAN_POSE root/nw joints_deg=[144.0 22.8 -0.8 121.6 -75.3 108.7] — adaptive detection wait up to 3.0s
[INFO] [1789537105.237965945] [scan_executor_node]: TARGET_FOUND root/nw 9 pick candidate(s) detected
[INFO] [1789537105.238527790] [scan_executor_node]: SUBCELL_SCAN_ORDER root/nw root/nw/sw:2  root/nw/se:1  root/nw/nw:0  root/nw/ne:0
[INFO] [1789537105.239154559] [scan_executor_node]: SUBDIVIDE root/nw candidates=3 >= 3 cells=['sw', 'se'] — 후보 있는 세부 칸만 세부 자세로 방문
[INFO] [1789537105.979276846] [scan_executor_node]: SUBCELL_POSE root/nw/sw tier=lab_plane dJ_max=19.6deg dJ=[0 9 12 7 10 20] ee_mm=[-225.5, 339.0, 902.3] -> [-361.7, 433.0, 803.5] joints_deg=[144.6 31.8 10.9 -245.6 -65.7 128.3] (실기 깊이 2 평면 y=0.433 로 이동, 부모 시드 IK)
[INFO] [1789537105.979719065] [scan_executor_node]: MOVING_TO root/nw/sw  endpoint_deg=[144.6 31.8 10.9 -245.6 -65.7 128.3]  (direct MoveJoint, YAML pose)
[INFO] [1789537105.979927707] [scan_executor_node]: Joint equivalent rewrite J4 -245.6 -> 114.4 deg (current 121.5, shorter by 360.0 deg)
[INFO] [1789537105.980133216] [scan_executor_node]: Joint equivalent rewrite J4 -245.6 -> 114.4 deg (current 121.5, shorter by 360.0 deg)
[INFO] [1789537106.931991373] [scan_executor_node]: MoveJoint response: success=True  target=[144.6 31.8 10.9 114.4 -65.7 128.3]  vel=120.0  acc=180.0
[INFO] [1789537106.932524190] [scan_executor_node]: AT_SCAN_POSE root/nw/sw joints_deg=[144.6 31.9 10.8 114.5 -65.8 128.1] — adaptive detection wait up to 3.0s
[INFO] [1789537109.938695782] [scan_executor_node]: SUBCELL_SCAN root/nw/sw raw=6 in_cell=6 unique=2 (분면 시야 중 이 칸의 것만)
[INFO] [1789537109.939397763] [scan_executor_node]: PICK_SEQUENCE_START root/nw/sw — 2 candidate targets (raw=2 skipped_attempted=0)
[INFO] [1789537109.939805932] [scan_executor_node]: PICK_ALL_DETECTED_TARGETS root/nw/sw timeout=60s max_total_picks=0
[INFO] [1789537109.940223097] [scan_executor_node]: PICK_ATTEMPT_BLACKLIST_ADD pos=(-380,783,720)mm radius=25mm
[INFO] [1789537109.940660914] [scan_executor_node]: PICK_TRIGGER root/nw/sw 1/2 pos=(-380,783,720)mm
[INFO] [1789537137.162350380] [scan_executor_node]: PICK_ATTEMPT_DONE root/nw/sw 1/2 — planner sequence ended (success is verified by gripper/manual KPI, not this Empty topic)
[INFO] [1789537137.162799367] [scan_executor_node]: PICK_ATTEMPT_SETTLE 1.0s before next target
[INFO] [1789537138.163831069] [scan_executor_node]: PICK_ATTEMPT_BLACKLIST_ADD pos=(-250,783,740)mm radius=25mm
[INFO] [1789537138.164428681] [scan_executor_node]: PICK_TRIGGER root/nw/sw 2/2 pos=(-250,783,740)mm
[INFO] [1789537171.433150602] [scan_executor_node]: PICK_ATTEMPT_DONE root/nw/sw 2/2 — planner sequence ended (success is verified by gripper/manual KPI, not this Empty topic)
[INFO] [1789537171.433614144] [scan_executor_node]: PICK_ATTEMPT_SETTLE 1.0s before next target
[INFO] [1789537172.434760124] [scan_executor_node]: PICK_SEQUENCE_DONE root/nw/sw — 2/2 attempted
[INFO] [1789537172.669994610] [scan_executor_node]: SUBCELL_POSE root/nw/se tier=lab_plane dJ_max=56.9deg dJ=[34 31 57 37 16 20] ee_mm=[-225.5, 339.0, 902.3] -> [-89.2, 433.0, 803.5] joints_deg=[109.8 54.1 -57.9 -201.4 -90.9 88.7] (실기 깊이 2 평면 y=0.433 로 이동, 부모 시드 IK)
[INFO] [1789537172.670434782] [scan_executor_node]: MOVING_TO root/nw/se  endpoint_deg=[109.8 54.1 -57.9 -201.4 -90.9 88.7]  (direct MoveJoint, YAML pose)
[INFO] [1789537172.670663866] [scan_executor_node]: Joint equivalent rewrite J4 -201.4 -> 158.6 deg (current 114.4, shorter by 271.7 deg)
[INFO] [1789537172.670863317] [scan_executor_node]: Joint equivalent rewrite J4 -201.4 -> 158.6 deg (current 114.4, shorter by 271.7 deg)
[INFO] [1789537174.223759037] [scan_executor_node]: MoveJoint response: success=True  target=[109.8 54.1 -57.9 158.6 -90.9 88.7]  vel=120.0  acc=180.0
[INFO] [1789537174.224270427] [scan_executor_node]: AT_SCAN_POSE root/nw/se joints_deg=[109.9 54.0 -57.7 158.5 -90.8 88.8] — adaptive detection wait up to 3.0s
[INFO] [1789537177.229263890] [scan_executor_node]: SUBCELL_SCAN root/nw/se raw=3 in_cell=3 unique=1 (분면 시야 중 이 칸의 것만)
[INFO] [1789537177.229924464] [scan_executor_node]: PICK_SEQUENCE_START root/nw/se — 1 candidate targets (raw=1 skipped_attempted=0)
[INFO] [1789537177.230314866] [scan_executor_node]: PICK_ALL_DETECTED_TARGETS root/nw/se timeout=60s max_total_picks=0
[INFO] [1789537177.230715230] [scan_executor_node]: PICK_ATTEMPT_BLACKLIST_ADD pos=(-120,783,760)mm radius=25mm
[INFO] [1789537177.231165793] [scan_executor_node]: PICK_TRIGGER root/nw/se 1/1 pos=(-120,783,760)mm
[INFO] [1789537201.887717826] [scan_executor_node]: PICK_ATTEMPT_DONE root/nw/se 1/1 — planner sequence ended (success is verified by gripper/manual KPI, not this Empty topic)
[INFO] [1789537201.888124320] [scan_executor_node]: PICK_ATTEMPT_SETTLE 1.0s before next target
[INFO] [1789537202.889438788] [scan_executor_node]: PICK_SEQUENCE_DONE root/nw/se — 1/1 attempted
[INFO] [1789537202.889901062] [scan_executor_node]: SUBCELL_EMPTY root/nw/nw no pick candidate — 2단 가지치기
[INFO] [1789537202.890332826] [scan_executor_node]: SUBCELL_EMPTY root/nw/ne no pick candidate — 2단 가지치기
[INFO] [1789537202.890978281] [scan_executor_node]: INTER_CELL_DIRECT — no overview reset; continuing to next cell
[INFO] [1789537202.891385809] [scan_executor_node]: CELL_RESCAN_AFTER_PICK root/nw pass=1 — checking remaining targets
[INFO] [1789537202.891958247] [scan_executor_node]: MOVING_TO root/nw  endpoint_deg=[144.1 22.9 -1.0 -238.5 -75.3 108.7]  (direct MoveJoint, YAML pose)
[INFO] [1789537202.892372147] [scan_executor_node]: Joint equivalent rewrite J4 -238.5 -> 121.5 deg (current 158.6, shorter by 360.0 deg)
[INFO] [1789537202.892779228] [scan_executor_node]: Joint equivalent rewrite J4 -238.5 -> 121.5 deg (current 158.6, shorter by 360.0 deg)
[INFO] [1789537204.345199815] [scan_executor_node]: MoveJoint response: success=True  target=[144.1 22.9 -1.0 121.5 -75.3 108.7]  vel=120.0  acc=180.0
[INFO] [1789537204.345583039] [scan_executor_node]: AT_SCAN_POSE root/nw joints_deg=[144.0 23.1 -1.2 121.6 -75.4 108.6] — adaptive detection wait up to 3.0s
[INFO] [1789537207.351302935] [scan_executor_node]: SCANNED_EMPTY root/nw no detection in dwell window
[INFO] [1789537207.351708412] [scan_executor_node]: INTER_CELL_DIRECT — no overview reset; continuing to next cell
[INFO] [1789537207.352528435] [scan_executor_node]: MOVING_TO root/ne  endpoint_deg=[18.9 26.0 1.0 74.6 78.2 -115.6]  (direct MoveJoint, YAML pose)
[INFO] [1789537210.207446253] [scan_executor_node]: MoveJoint response: success=True  target=[18.9 26.0 1.0 74.6 78.2 -115.6]  vel=120.0  acc=180.0
[INFO] [1789537210.207813388] [scan_executor_node]: AT_SCAN_POSE root/ne joints_deg=[19.0 26.0 1.0 74.6 78.0 -115.4] — adaptive detection wait up to 3.0s
[INFO] [1789537213.212492217] [scan_executor_node]: TARGET_FOUND root/ne 6 pick candidate(s) detected
[INFO] [1789537213.212833481] [scan_executor_node]: SUBCELL_SCAN_ORDER root/ne root/ne/sw:2  root/ne/se:0  root/ne/nw:0  root/ne/ne:0
[INFO] [1789537213.213011790] [scan_executor_node]: SUBDIVIDE_SKIP root/ne candidates=2 < 3 — 잎(leaf), 부모 자세에서 pick
[INFO] [1789537213.213420611] [scan_executor_node]: PICK_SEQUENCE_START root/ne/sw — 2 candidate targets (raw=2 skipped_attempted=0)
[INFO] [1789537213.213587930] [scan_executor_node]: PICK_ALL_DETECTED_TARGETS root/ne/sw timeout=60s max_total_picks=0
[INFO] [1789537213.213761476] [scan_executor_node]: PICK_ATTEMPT_BLACKLIST_ADD pos=(280,783,700)mm radius=25mm
[INFO] [1789537213.213981283] [scan_executor_node]: PICK_TRIGGER root/ne/sw 1/2 pos=(280,783,700)mm
[INFO] [1789537236.225418125] [scan_executor_node]: PICK_ATTEMPT_DONE root/ne/sw 1/2 — planner sequence ended (success is verified by gripper/manual KPI, not this Empty topic)
[INFO] [1789537236.225815285] [scan_executor_node]: PICK_ATTEMPT_SETTLE 1.0s before next target
[INFO] [1789537237.226542548] [scan_executor_node]: PICK_ATTEMPT_BLACKLIST_ADD pos=(200,783,740)mm radius=25mm
[INFO] [1789537237.227099134] [scan_executor_node]: PICK_TRIGGER root/ne/sw 2/2 pos=(200,783,740)mm
[INFO] [1789537270.244616732] [scan_executor_node]: PICK_ATTEMPT_DONE root/ne/sw 2/2 — planner sequence ended (success is verified by gripper/manual KPI, not this Empty topic)
[INFO] [1789537270.244853464] [scan_executor_node]: PICK_ATTEMPT_SETTLE 1.0s before next target
[INFO] [1789537271.245631972] [scan_executor_node]: PICK_SEQUENCE_DONE root/ne/sw — 2/2 attempted
[INFO] [1789537271.245885747] [scan_executor_node]: SUBCELL_EMPTY root/ne/se no pick candidate
[INFO] [1789537271.246066558] [scan_executor_node]: SUBCELL_EMPTY root/ne/nw no pick candidate
[INFO] [1789537271.246237395] [scan_executor_node]: SUBCELL_EMPTY root/ne/ne no pick candidate
[INFO] [1789537271.246555028] [scan_executor_node]: INTER_CELL_DIRECT — no overview reset; continuing to next cell
[INFO] [1789537271.246722371] [scan_executor_node]: CELL_RESCAN_AFTER_PICK root/ne pass=1 — checking remaining targets
[INFO] [1789537271.247058129] [scan_executor_node]: MOVING_TO root/ne  endpoint_deg=[18.9 26.0 1.0 74.6 78.2 -115.6]  (direct MoveJoint, YAML pose)
[INFO] [1789537271.347594547] [scan_executor_node]: MoveJoint response: success=True  target=[18.9 26.0 1.0 74.6 78.2 -115.6]  vel=120.0  acc=180.0
[INFO] [1789537271.347969163] [scan_executor_node]: AT_SCAN_POSE root/ne joints_deg=[18.9 26.1 1.0 74.6 78.2 -115.6] — adaptive detection wait up to 3.0s
[INFO] [1789537274.352784787] [scan_executor_node]: SCANNED_EMPTY root/ne no detection in dwell window
[INFO] [1789537274.353366342] [scan_executor_node]: INTER_CELL_DIRECT — no overview reset; continuing to next cell
[INFO] [1789537274.354846062] [scan_executor_node]: MOVING_TO root/sw  endpoint_deg=[150.3 -11.9 109.1 -97.8 63.3 10.5]  (direct MoveJoint, YAML pose)
[INFO] [1789537274.355347033] [scan_executor_node]: TRANSIT_VIA_OVERVIEW root/ne -> root/sw — 비인접 분면, MoveJoint 폴백은 overview 경유
[INFO] [1789537277.010377033] [scan_executor_node]: MoveJoint response: success=True  target=[88.0 -94.9 129.9 175.9 -31.3 93.4]  vel=120.0  acc=180.0
[INFO] [1789537277.010885261] [scan_executor_node]: Joint equivalent rewrite J4 -97.8 -> 262.2 deg (current 176.0, shorter by 187.5 deg)
[INFO] [1789537278.763708866] [scan_executor_node]: MoveJoint response: success=True  target=[150.3 -11.9 109.1 262.2 63.3 10.5]  vel=120.0  acc=180.0
[INFO] [1789537278.764088428] [scan_executor_node]: AT_SCAN_POSE root/sw joints_deg=[150.1 -12.0 109.2 262.0 63.2 10.6] — adaptive detection wait up to 3.0s
[INFO] [1789537281.768688696] [scan_executor_node]: TARGET_FOUND root/sw 9 pick candidate(s) detected
[INFO] [1789537281.769305285] [scan_executor_node]: SUBCELL_SCAN_ORDER root/sw root/sw/sw:0  root/sw/se:1  root/sw/nw:1  root/sw/ne:1
[INFO] [1789537281.769936241] [scan_executor_node]: SUBDIVIDE root/sw candidates=3 >= 3 cells=['se', 'nw', 'ne'] — 후보 있는 세부 칸만 세부 자세로 방문
[INFO] [1789537281.770319234] [scan_executor_node]: SUBCELL_EMPTY root/sw/sw no pick candidate — 2단 가지치기
[INFO] [1789537281.909030907] [scan_executor_node]: SUBCELL_POSE root/sw/se tier=lab_plane dJ_max=37.8deg dJ=[36 3 13 35 26 38] ee_mm=[-247.7, 317.3, 533.9] -> [-111.5, 433.0, 435.1] joints_deg=[114.4 -8.5 122.1 -132.9 37.6 48.3] (실기 깊이 2 평면 y=0.433 로 이동, 부모 시드 IK)
[INFO] [1789537281.909533294] [scan_executor_node]: MOVING_TO root/sw/se  endpoint_deg=[114.4 -8.5 122.1 -132.9 37.6 48.3]  (direct MoveJoint, YAML pose)
[INFO] [1789537281.909721467] [scan_executor_node]: Joint equivalent rewrite J4 -132.9 -> 227.1 deg (current 262.2, shorter by 360.0 deg)
[INFO] [1789537281.909918253] [scan_executor_node]: Joint equivalent rewrite J4 -132.9 -> 227.1 deg (current 262.2, shorter by 360.0 deg)
[INFO] [1789537283.112154566] [scan_executor_node]: MoveJoint response: success=True  target=[114.4 -8.5 122.1 227.1 37.6 48.3]  vel=120.0  acc=180.0
[INFO] [1789537283.112740877] [scan_executor_node]: AT_SCAN_POSE root/sw/se joints_deg=[114.5 -8.5 122.1 227.2 37.8 48.1] — adaptive detection wait up to 3.0s
[INFO] [1789537286.117126834] [scan_executor_node]: SUBCELL_SCAN root/sw/se raw=3 in_cell=3 unique=1 (분면 시야 중 이 칸의 것만)
[INFO] [1789537286.117578300] [scan_executor_node]: PICK_SEQUENCE_START root/sw/se — 1 candidate targets (raw=1 skipped_attempted=0)
[INFO] [1789537286.117766459] [scan_executor_node]: PICK_ALL_DETECTED_TARGETS root/sw/se timeout=60s max_total_picks=0
[INFO] [1789537286.118014644] [scan_executor_node]: PICK_ATTEMPT_BLACKLIST_ADD pos=(-100,783,440)mm radius=25mm
[INFO] [1789537286.118324971] [scan_executor_node]: PICK_TRIGGER root/sw/se 1/1 pos=(-100,783,440)mm
[INFO] [1789537317.191413480] [scan_executor_node]: PICK_ATTEMPT_DONE root/sw/se 1/1 — planner sequence ended (success is verified by gripper/manual KPI, not this Empty topic)
[INFO] [1789537317.191629337] [scan_executor_node]: PICK_ATTEMPT_SETTLE 1.0s before next target
[INFO] [1789537318.192489418] [scan_executor_node]: PICK_SEQUENCE_DONE root/sw/se — 1/1 attempted
[INFO] [1789537318.337529163] [scan_executor_node]: SUBCELL_POSE root/sw/nw tier=lab_plane dJ_max=43.8deg dJ=[4 28 44 9 5 18] ee_mm=[-247.7, 317.3, 533.9] -> [-384.0, 433.0, 632.6] joints_deg=[146.3 15.8 65.3 -88.8 58.3 -7.7] (실기 깊이 2 평면 y=0.433 로 이동, 부모 시드 IK)
[INFO] [1789537318.338834970] [scan_executor_node]: MOVING_TO root/sw/nw  endpoint_deg=[146.3 15.8 65.3 -88.8 58.3 -7.7]  (direct MoveJoint, YAML pose)
[INFO] [1789537318.339167858] [scan_executor_node]: Joint equivalent rewrite J4 -88.8 -> 271.2 deg (current 227.1, shorter by 271.7 deg)
[INFO] [1789537318.339461604] [scan_executor_node]: Joint equivalent rewrite J4 -88.8 -> 271.2 deg (current 227.1, shorter by 271.7 deg)
[INFO] [1789537319.741996811] [scan_executor_node]: MoveJoint response: success=True  target=[146.3 15.8 65.3 271.2 58.3 -7.7]  vel=120.0  acc=180.0
[INFO] [1789537319.742653818] [scan_executor_node]: AT_SCAN_POSE root/sw/nw joints_deg=[146.2 15.7 65.5 271.0 58.3 -7.6] — adaptive detection wait up to 3.0s
[INFO] [1789537322.748138011] [scan_executor_node]: SUBCELL_SCAN root/sw/nw raw=3 in_cell=3 unique=1 (분면 시야 중 이 칸의 것만)
[INFO] [1789537322.748585842] [scan_executor_node]: PICK_SEQUENCE_START root/sw/nw — 1 candidate targets (raw=1 skipped_attempted=0)
[INFO] [1789537322.748763153] [scan_executor_node]: PICK_ALL_DETECTED_TARGETS root/sw/nw timeout=60s max_total_picks=0
[INFO] [1789537322.748946613] [scan_executor_node]: PICK_ATTEMPT_BLACKLIST_ADD pos=(-250,783,500)mm radius=25mm
[INFO] [1789537322.749166052] [scan_executor_node]: PICK_TRIGGER root/sw/nw 1/1 pos=(-250,783,500)mm
[INFO] [1789537355.577446764] [scan_executor_node]: PICK_ATTEMPT_DONE root/sw/nw 1/1 — planner sequence ended (success is verified by gripper/manual KPI, not this Empty topic)
[INFO] [1789537355.577662162] [scan_executor_node]: PICK_ATTEMPT_SETTLE 1.0s before next target
[INFO] [1789537356.579426720] [scan_executor_node]: PICK_SEQUENCE_DONE root/sw/nw — 1/1 attempted
[INFO] [1789537356.881278951] [scan_executor_node]: SUBCELL_POSE root/sw/ne tier=parent_y dJ_max=26.2deg dJ=[21 16 5 18 21 26] ee_mm=[-247.7, 317.3, 533.9] -> [-111.5, 317.3, 632.6] joints_deg=[129.1 -28.0 104.4 -80.2 42.0 -15.8] (부모 y 유지, x·z 평행이동, 부모 시드 IK)
[INFO] [1789537356.881695092] [scan_executor_node]: MOVING_TO root/sw/ne  endpoint_deg=[129.1 -28.0 104.4 -80.2 42.0 -15.8]  (direct MoveJoint, YAML pose)
[INFO] [1789537356.881894087] [scan_executor_node]: Joint equivalent rewrite J4 -80.2 -> 279.8 deg (current 271.2, shorter by 342.8 deg)
[INFO] [1789537356.882092550] [scan_executor_node]: Joint equivalent rewrite J4 -80.2 -> 279.8 deg (current 271.2, shorter by 342.8 deg)
[INFO] [1789537358.184358890] [scan_executor_node]: MoveJoint response: success=True  target=[129.1 -28.0 104.4 279.8 42.0 -15.8]  vel=120.0  acc=180.0
[INFO] [1789537358.184966533] [scan_executor_node]: AT_SCAN_POSE root/sw/ne joints_deg=[129.2 -27.8 104.3 279.7 42.1 -15.7] — adaptive detection wait up to 3.0s
[INFO] [1789537361.189552224] [scan_executor_node]: SUBCELL_SCAN root/sw/ne raw=3 in_cell=3 unique=1 (분면 시야 중 이 칸의 것만)
[INFO] [1789537361.190234645] [scan_executor_node]: PICK_SEQUENCE_START root/sw/ne — 1 candidate targets (raw=1 skipped_attempted=0)
[INFO] [1789537361.190631510] [scan_executor_node]: PICK_ALL_DETECTED_TARGETS root/sw/ne timeout=60s max_total_picks=0
[INFO] [1789537361.191044303] [scan_executor_node]: PICK_ATTEMPT_BLACKLIST_ADD pos=(-220,783,560)mm radius=25mm
[INFO] [1789537361.191516684] [scan_executor_node]: PICK_TRIGGER root/sw/ne 1/1 pos=(-220,783,560)mm
[INFO] [1789537382.397505103] [scan_executor_node]: PICK_ATTEMPT_DONE root/sw/ne 1/1 — planner sequence ended (success is verified by gripper/manual KPI, not this Empty topic)
[INFO] [1789537382.397916591] [scan_executor_node]: PICK_ATTEMPT_SETTLE 1.0s before next target
[INFO] [1789537383.398768823] [scan_executor_node]: PICK_SEQUENCE_DONE root/sw/ne — 1/1 attempted
[INFO] [1789537383.400150193] [scan_executor_node]: CELL_RESCAN_AFTER_PICK root/sw pass=1 — checking remaining targets
[INFO] [1789537383.400789711] [scan_executor_node]: MOVING_TO root/sw  endpoint_deg=[150.3 -11.9 109.1 -97.8 63.3 10.5]  (direct MoveJoint, YAML pose)
[INFO] [1789537383.401221736] [scan_executor_node]: Joint equivalent rewrite J4 -97.8 -> 262.2 deg (current 279.8, shorter by 360.0 deg)
[INFO] [1789537383.401642855] [scan_executor_node]: Joint equivalent rewrite J4 -97.8 -> 262.2 deg (current 279.8, shorter by 360.0 deg)
[INFO] [1789537384.454071500] [scan_executor_node]: MoveJoint response: success=True  target=[150.3 -11.9 109.1 262.2 63.3 10.5]  vel=120.0  acc=180.0
[INFO] [1789537384.454721448] [scan_executor_node]: AT_SCAN_POSE root/sw joints_deg=[150.1 -12.0 109.1 262.3 63.2 10.3] — adaptive detection wait up to 3.0s
[INFO] [1789537387.460389740] [scan_executor_node]: SCANNED_EMPTY root/sw no detection in dwell window
[INFO] [1789537387.460942883] [scan_executor_node]: RETURNING_TO_OVERVIEW
[INFO] [1789537389.214334265] [scan_executor_node]: MoveJoint response: success=True  target=[88.0 -94.9 129.9 175.9 -31.3 93.4]  vel=120.0  acc=180.0
[INFO] [1789537389.214833935] [scan_executor_node]: AT_OVERVIEW joints_deg=[88.1 -94.7 129.9 176.1 -31.1 93.3]
[INFO] [1789537389.215220981] [scan_executor_node]: HARVEST_PRIORITY_ORDER root/nw:0  root/ne:0  root/sw:0
[INFO] [1789537389.215583097] [scan_executor_node]: SCAN_COMPLETE
[INFO] [1789537389.216261558] [scan_executor_node]: READY_FOR_NEXT_START
