[INFO] [1789537065.585091802] [sim_executor_bridge_node]: Sim Executor Bridge Node initializing...
[WARN] [1789537066.234348385] [sim_executor_bridge_node]: MOVELINE_COLLISION_WORLD: ['whiteboard'] loaded from /home/oceanshape/strawberry_grasp_environment/install/e0509_gripper_description/share/e0509_gripper_description/config/environment.yaml
[INFO] [1789537066.789803965] [sim_executor_bridge_node]: cuRobo IK Solver successfully initialized for MoveLine.
[WARN] [1789537066.790300159] [sim_executor_bridge_node]: GRASP_JUDGE_MODEL: tool_tcp_offset=236mm capture_radius=38mm enabled=True sim_speed_scale=1.0 gripper_close=1.080rad arm_arrival_tol=0.30deg — planner 의 ee_to_tcp_offset_m 과 반드시 같아야 한다 (다르면 전 타겟 GRASP_EMPTY)
[WARN] [1789537066.790735134] [sim_executor_bridge_node]: DOOSAN_MOVEIT_REF: vel=[120, 120, 150, 225, 225, 225] acc=[120, 120, 150, 225, 225, 225] deg/s,deg/s^2 (dsr_moveit_config_e0509/config/joint_limits.yaml) — 초과해도 자르지 않고 기록만 (D3)
[INFO] [1789537066.791076001] [sim_executor_bridge_node]: Sim Executor Bridge Node Ready! (Listening to Doosan & Gripper services)
[harvest_probe] 계측 부착: role=controller -> /tmp/harvest_hud_controller.json
[INFO] [1789537080.349064668] [sim_executor_bridge_node]: SetPosition called to 600
[INFO] [1789537100.180384986] [sim_executor_bridge_node]: MoveJoint called to [144.1, 22.9, -1.0, 121.5, -75.3, 108.7] (vel=120 acc=180 time=0.00)
[WARN] [1789537100.180860421] [sim_executor_bridge_node]: MOVEJ_OVER_DOOSAN_MOVEIT J2 acc 162>120  J3 acc 180>150 — 두산 공식 MoveIt 설정 초과, 자르지 않고 실행
[INFO] [1789537101.939621405] [sim_executor_bridge_node]: MoveJoint profile: span 130.9deg / 1.76s (352 steps)
[INFO] [1789537102.210123397] [sim_executor_bridge_node]: ARM_ARRIVAL MoveJoint: 잔차 0.28deg (손끝 0.6mm) / 대기 0.26s
[INFO] [1789537105.980784477] [sim_executor_bridge_node]: MoveJoint called to [144.6, 31.8, 10.9, 114.4, -65.7, 128.3] (vel=120 acc=180 time=0.00)
[INFO] [1789537106.641479400] [sim_executor_bridge_node]: MoveJoint profile: span 19.6deg / 0.66s (133 steps)
[INFO] [1789537106.883920094] [sim_executor_bridge_node]: ARM_ARRIVAL MoveJoint: 잔차 0.25deg (손끝 0.6mm) / 대기 0.24s
[INFO] [1789537109.994224905] [sim_executor_bridge_node]: SetPosition called to 600
[INFO] [1789537113.407103999] [sim_executor_bridge_node]: MoveSplineJoint called with 12 points
[INFO] [1789537114.201520955] [sim_executor_bridge_node]: ARM_ARRIVAL MoveSpline: 잔차 0.30deg (손끝 1.0mm) / 대기 0.20s
[INFO] [1789537114.201712025] [sim_executor_bridge_node]: MoveSpline ok: 12 pts / 0.58s -> end=[139.9 30.1 24.3 111.7 -55.0 140.1]deg
[INFO] [1789537114.510171906] [sim_executor_bridge_node]: MoveLine called (pos=[ 0.  0. 40.  0.  0.  0.], ref=1, mode=1)
[INFO] [1789537118.308186530] [sim_executor_bridge_node]: ARM_ARRIVAL MoveLine: 잔차 0.20deg (손끝 1.8mm) / 대기 0.00s
[INFO] [1789537118.308744151] [sim_executor_bridge_node]: MOVELINE_END_ERR: along=-2.8mm lateral=3.1mm |err|=4.1mm (명령 40mm, TOOL)
[INFO] [1789537118.308969119] [sim_executor_bridge_node]: MoveLine 실이동 37.4mm / 명령 40mm
[INFO] [1789537118.309162887] [sim_executor_bridge_node]: MoveLine ok: 40mm / 20 steps / 계획 0.67s 실소요 3.79s (worst step joint delta 3.7deg)
[INFO] [1789537118.316935957] [sim_executor_bridge_node]: MoveLine called (pos=[  0.           0.         -28.25754239   0.           0.
   0.        ], ref=0, mode=1)
[INFO] [1789537120.906171815] [sim_executor_bridge_node]: ARM_ARRIVAL MoveLine: 잔차 0.29deg (손끝 0.7mm) / 대기 0.12s
[INFO] [1789537120.906601032] [sim_executor_bridge_node]: MOVELINE_END_ERR: along=+0.2mm lateral=0.7mm |err|=0.7mm (명령 28mm, BASE)
[INFO] [1789537120.906761654] [sim_executor_bridge_node]: MoveLine 실이동 28.5mm / 명령 28mm
[INFO] [1789537120.906909446] [sim_executor_bridge_node]: MoveLine ok: 28mm / 15 steps / 계획 0.71s 실소요 2.59s (worst step joint delta 7.0deg)
[INFO] [1789537120.920840982] [sim_executor_bridge_node]: SetPosition called to 700
[INFO] [1789537120.922101263] [sim_executor_bridge_node]: GRASP_JUDGE 줄기기준 along=+21.5mm(조우 -6~27) lateral=5.1mm(허용20) | 과실기준 d_tcp=36.4mm -> CONTACT
[INFO] [1789537120.922397738] [sim_executor_bridge_node]: GRASP_ATTACH 과실 (-380, 783, 720)mm -> /sim/grasp_event
[INFO] [1789537121.322895775] [sim_executor_bridge_node]: MoveLine called (pos=[  0.   0. -40.   0.   0.   0.], ref=0, mode=1)
[INFO] [1789537124.950528720] [sim_executor_bridge_node]: ARM_ARRIVAL MoveLine: 잔차 0.26deg (손끝 0.5mm) / 대기 0.12s
[INFO] [1789537124.953165916] [sim_executor_bridge_node]: MOVELINE_END_ERR: along=-0.3mm lateral=0.4mm |err|=0.5mm (명령 40mm, BASE)
[INFO] [1789537124.953387586] [sim_executor_bridge_node]: MoveLine 실이동 39.7mm / 명령 40mm
[INFO] [1789537124.953578089] [sim_executor_bridge_node]: MoveLine ok: 40mm / 20 steps / 계획 0.80s 실소요 3.63s (worst step joint delta 0.9deg)
[INFO] [1789537124.979030467] [sim_executor_bridge_node]: MoveLine called (pos=[  0.   0. -40.   0.   0.   0.], ref=1, mode=1)
[INFO] [1789537128.270904639] [sim_executor_bridge_node]: ARM_ARRIVAL MoveLine: 잔차 0.26deg (손끝 1.5mm) / 대기 0.10s
[INFO] [1789537128.271437328] [sim_executor_bridge_node]: MOVELINE_END_ERR: along=-1.4mm lateral=0.4mm |err|=1.5mm (명령 40mm, TOOL)
[INFO] [1789537128.271645443] [sim_executor_bridge_node]: MoveLine 실이동 38.6mm / 명령 40mm
[INFO] [1789537128.271798810] [sim_executor_bridge_node]: MoveLine ok: 40mm / 20 steps / 계획 0.50s 실소요 3.29s (worst step joint delta 0.5deg)
[INFO] [1789537130.365694590] [sim_executor_bridge_node]: SetPosition called to 600
[INFO] [1789537130.366141252] [sim_executor_bridge_node]: GRASP_RELEASE -> /sim/grasp_event
[INFO] [1789537136.010533893] [sim_executor_bridge_node]: MoveSplineJoint called with 12 points
[INFO] [1789537137.094715571] [sim_executor_bridge_node]: ARM_ARRIVAL MoveSpline: 잔차 0.29deg (손끝 2.2mm) / 대기 0.42s
[INFO] [1789537137.094932842] [sim_executor_bridge_node]: MoveSpline ok: 12 pts / 0.64s -> end=[144.6 31.9 10.9 114.4 -65.7 128.3]deg
[INFO] [1789537137.112138651] [sim_executor_bridge_node]: SetPosition called to 600
[INFO] [1789537138.217398323] [sim_executor_bridge_node]: SetPosition called to 600
[INFO] [1789537141.630861647] [sim_executor_bridge_node]: MoveSplineJoint called with 12 points
[INFO] [1789537142.526903756] [sim_executor_bridge_node]: ARM_ARRIVAL MoveSpline: 잔차 0.27deg (손끝 2.8mm) / 대기 0.30s
[INFO] [1789537142.527094463] [sim_executor_bridge_node]: MoveSpline ok: 12 pts / 0.58s -> end=[128.5 19.3 28.9 130.0 -54.3 125.6]deg
[INFO] [1789537142.833259707] [sim_executor_bridge_node]: MoveLine called (pos=[ 0.  0. 45.  0.  0.  0.], ref=1, mode=1)
[INFO] [1789537146.934785105] [sim_executor_bridge_node]: ARM_ARRIVAL MoveLine: 잔차 0.28deg (손끝 1.9mm) / 대기 0.20s
[INFO] [1789537146.935220501] [sim_executor_bridge_node]: MOVELINE_END_ERR: along=+0.9mm lateral=1.7mm |err|=1.9mm (명령 45mm, TOOL)
[INFO] [1789537146.935388777] [sim_executor_bridge_node]: MoveLine 실이동 45.9mm / 명령 45mm
[INFO] [1789537146.935542510] [sim_executor_bridge_node]: MoveLine ok: 45mm / 23 steps / 계획 0.75s 실소요 4.10s (worst step joint delta 1.5deg)
[INFO] [1789537146.942099096] [sim_executor_bridge_node]: MoveLine called (pos=[  0.        0.      -30.00054   0.        0.        0.     ], ref=0, mode=1)
[INFO] [1789537149.814133454] [sim_executor_bridge_node]: ARM_ARRIVAL MoveLine: 잔차 0.25deg (손끝 1.5mm) / 대기 0.12s
[INFO] [1789537149.818629547] [sim_executor_bridge_node]: MOVELINE_END_ERR: along=+0.8mm lateral=1.3mm |err|=1.5mm (명령 30mm, BASE)
[INFO] [1789537149.818785159] [sim_executor_bridge_node]: MoveLine 실이동 30.8mm / 명령 30mm
[INFO] [1789537149.819535908] [sim_executor_bridge_node]: MoveLine ok: 30mm / 16 steps / 계획 0.75s 실소요 2.88s (worst step joint delta 2.3deg)
[INFO] [1789537149.847360795] [sim_executor_bridge_node]: SetPosition called to 700
[INFO] [1789537149.853969274] [sim_executor_bridge_node]: GRASP_JUDGE 줄기기준 along=+12.2mm(조우 -6~27) lateral=5.9mm(허용20) | 과실기준 d_tcp=32.2mm -> CONTACT
[INFO] [1789537149.854211894] [sim_executor_bridge_node]: GRASP_ATTACH 과실 (-250, 783, 740)mm -> /sim/grasp_event
[INFO] [1789537150.250200257] [sim_executor_bridge_node]: MoveLine called (pos=[  0.   0. -40.   0.   0.   0.], ref=0, mode=1)
[INFO] [1789537153.654790202] [sim_executor_bridge_node]: ARM_ARRIVAL MoveLine: 잔차 0.27deg (손끝 1.0mm) / 대기 0.10s
[INFO] [1789537153.655405516] [sim_executor_bridge_node]: MOVELINE_END_ERR: along=+0.3mm lateral=1.0mm |err|=1.0mm (명령 40mm, BASE)
[INFO] [1789537153.655573036] [sim_executor_bridge_node]: MoveLine 실이동 40.3mm / 명령 40mm
[INFO] [1789537153.655767379] [sim_executor_bridge_node]: MoveLine ok: 40mm / 20 steps / 계획 0.80s 실소요 3.40s (worst step joint delta 0.9deg)
[INFO] [1789537153.706953078] [sim_executor_bridge_node]: MoveLine called (pos=[  0.   0. -45.   0.   0.   0.], ref=1, mode=1)
[INFO] [1789537156.919764905] [sim_executor_bridge_node]: ARM_ARRIVAL MoveLine: 잔차 0.28deg (손끝 2.4mm) / 대기 0.08s
[INFO] [1789537156.920580950] [sim_executor_bridge_node]: MOVELINE_END_ERR: along=-1.9mm lateral=1.2mm |err|=2.2mm (명령 45mm, TOOL)
[INFO] [1789537156.920941571] [sim_executor_bridge_node]: MoveLine 실이동 43.2mm / 명령 45mm
[INFO] [1789537156.921301310] [sim_executor_bridge_node]: MoveLine ok: 45mm / 23 steps / 계획 0.56s 실소요 3.21s (worst step joint delta 0.4deg)
[INFO] [1789537158.749802188] [sim_executor_bridge_node]: MoveSplineJoint called with 12 points
[INFO] [1789537160.256895356] [sim_executor_bridge_node]: ARM_ARRIVAL MoveSpline: 잔차 0.30deg (손끝 2.5mm) / 대기 0.46s
[INFO] [1789537160.257332826] [sim_executor_bridge_node]: MoveSpline ok: 12 pts / 1.02s -> end=[11.7 31.5 122.8 183.6 64.0 91.2]deg
[INFO] [1789537160.303535498] [sim_executor_bridge_node]: MoveLine called (pos=[   0.    0. -120.    0.    0.    0.], ref=0, mode=1)
[INFO] [1789537160.305857677] [sim_executor_bridge_node]: MoveLine 120mm: 60 -> 24 steps (5.0mm/step, 자유공간 이송)
[INFO] [1789537165.249096344] [sim_executor_bridge_node]: ARM_ARRIVAL MoveLine: 잔차 0.27deg (손끝 1.5mm) / 대기 0.08s
[INFO] [1789537165.252438651] [sim_executor_bridge_node]: MOVELINE_END_ERR: along=-1.5mm lateral=0.1mm |err|=1.5mm (명령 120mm, BASE)
[INFO] [1789537165.252665280] [sim_executor_bridge_node]: MoveLine 실이동 118.5mm / 명령 120mm
[INFO] [1789537165.252831219] [sim_executor_bridge_node]: MoveLine ok: 120mm / 24 steps / 계획 2.00s 실소요 4.95s (worst step joint delta 0.9deg)
[INFO] [1789537165.262255189] [sim_executor_bridge_node]: SetPosition called to 600
[INFO] [1789537165.262676336] [sim_executor_bridge_node]: GRASP_RELEASE -> /sim/grasp_event
[INFO] [1789537166.398897933] [sim_executor_bridge_node]: MoveSplineJoint called with 12 points
[INFO] [1789537167.308062756] [sim_executor_bridge_node]: ARM_ARRIVAL MoveSpline: 잔차 0.24deg (손끝 1.5mm) / 대기 0.32s
[INFO] [1789537167.308489866] [sim_executor_bridge_node]: MoveSpline ok: 12 pts / 0.58s -> end=[11.7 31.5 122.8 183.6 64.0 91.2]deg
[INFO] [1789537169.479109631] [sim_executor_bridge_node]: MoveSplineJoint called with 12 points
[INFO] [1789537171.348696365] [sim_executor_bridge_node]: ARM_ARRIVAL MoveSpline: 잔차 0.27deg (손끝 3.7mm) / 대기 0.40s
[INFO] [1789537171.348900123] [sim_executor_bridge_node]: MoveSpline ok: 12 pts / 1.44s -> end=[144.6 32.0 10.9 114.4 -65.7 128.3]deg
[INFO] [1789537171.382434724] [sim_executor_bridge_node]: SetPosition called to 600
[INFO] [1789537172.671802465] [sim_executor_bridge_node]: MoveJoint called to [109.8, 54.1, -57.9, 158.6, -90.9, 88.7] (vel=120 acc=180 time=0.00)
[WARN] [1789537172.672022092] [sim_executor_bridge_node]: MOVEJ_OVER_DOOSAN_MOVEIT J3 acc 180>150 — 두산 공식 MoveIt 설정 초과, 자르지 않고 실행
[INFO] [1789537173.909855821] [sim_executor_bridge_node]: MoveJoint profile: span 68.9deg / 1.24s (248 steps)
[INFO] [1789537174.196695769] [sim_executor_bridge_node]: ARM_ARRIVAL MoveJoint: 잔차 0.28deg (손끝 1.1mm) / 대기 0.28s
[INFO] [1789537177.284748899] [sim_executor_bridge_node]: SetPosition called to 600
[INFO] [1789537182.188553338] [sim_executor_bridge_node]: MoveSplineJoint called with 12 points
[INFO] [1789537183.037708264] [sim_executor_bridge_node]: ARM_ARRIVAL MoveSpline: 잔차 0.28deg (손끝 0.7mm) / 대기 0.26s
[INFO] [1789537183.038110995] [sim_executor_bridge_node]: MoveSpline ok: 12 pts / 0.58s -> end=[110.9 47.4 -37.8 158.8 -81.1 94.1]deg
[INFO] [1789537183.342117728] [sim_executor_bridge_node]: MoveLine called (pos=[ 0.  0. 45.  0.  0.  0.], ref=1, mode=1)
[INFO] [1789537187.150800812] [sim_executor_bridge_node]: ARM_ARRIVAL MoveLine: 잔차 0.28deg (손끝 0.7mm) / 대기 0.10s
[INFO] [1789537187.151233907] [sim_executor_bridge_node]: MOVELINE_END_ERR: along=-0.3mm lateral=0.6mm |err|=0.6mm (명령 45mm, TOOL)
[INFO] [1789537187.151399126] [sim_executor_bridge_node]: MoveLine 실이동 44.7mm / 명령 45mm
[INFO] [1789537187.151543925] [sim_executor_bridge_node]: MoveLine ok: 45mm / 23 steps / 계획 0.75s 실소요 3.81s (worst step joint delta 0.7deg)
[INFO] [1789537187.200660994] [sim_executor_bridge_node]: MoveLine called (pos=[  0.        0.      -30.00054   0.        0.        0.     ], ref=0, mode=1)
[INFO] [1789537190.237663818] [sim_executor_bridge_node]: ARM_ARRIVAL MoveLine: 잔차 0.28deg (손끝 0.5mm) / 대기 0.14s
[INFO] [1789537190.239477326] [sim_executor_bridge_node]: MOVELINE_END_ERR: along=-0.2mm lateral=0.4mm |err|=0.5mm (명령 30mm, BASE)
[INFO] [1789537190.239839323] [sim_executor_bridge_node]: MoveLine 실이동 29.8mm / 명령 30mm
[INFO] [1789537190.240192550] [sim_executor_bridge_node]: MoveLine ok: 30mm / 16 steps / 계획 0.75s 실소요 3.04s (worst step joint delta 1.1deg)
[INFO] [1789537190.255703608] [sim_executor_bridge_node]: SetPosition called to 700
[INFO] [1789537190.257892663] [sim_executor_bridge_node]: GRASP_JUDGE 줄기기준 along=+14.3mm(조우 -6~27) lateral=1.5mm(허용20) | 과실기준 d_tcp=36.5mm -> CONTACT
[INFO] [1789537190.258400829] [sim_executor_bridge_node]: GRASP_ATTACH 과실 (-120, 783, 760)mm -> /sim/grasp_event
[INFO] [1789537190.657240016] [sim_executor_bridge_node]: MoveLine called (pos=[  0.   0. -40.   0.   0.   0.], ref=0, mode=1)
[INFO] [1789537194.084838785] [sim_executor_bridge_node]: ARM_ARRIVAL MoveLine: 잔차 0.26deg (손끝 0.7mm) / 대기 0.12s
[INFO] [1789537194.086411370] [sim_executor_bridge_node]: MOVELINE_END_ERR: along=-0.5mm lateral=0.3mm |err|=0.6mm (명령 40mm, BASE)
[INFO] [1789537194.086755316] [sim_executor_bridge_node]: MoveLine 실이동 39.5mm / 명령 40mm
[INFO] [1789537194.087086227] [sim_executor_bridge_node]: MoveLine ok: 40mm / 20 steps / 계획 0.80s 실소요 3.43s (worst step joint delta 0.8deg)
[INFO] [1789537194.114329745] [sim_executor_bridge_node]: MoveLine called (pos=[  0.   0. -45.   0.   0.   0.], ref=1, mode=1)
[INFO] [1789537197.698146117] [sim_executor_bridge_node]: ARM_ARRIVAL MoveLine: 잔차 0.26deg (손끝 1.8mm) / 대기 0.06s
[INFO] [1789537197.702695380] [sim_executor_bridge_node]: MOVELINE_END_ERR: along=-1.8mm lateral=0.1mm |err|=1.8mm (명령 45mm, TOOL)
[INFO] [1789537197.703027854] [sim_executor_bridge_node]: MoveLine 실이동 43.2mm / 명령 45mm
[INFO] [1789537197.703359281] [sim_executor_bridge_node]: MoveLine ok: 45mm / 23 steps / 계획 0.56s 실소요 3.59s (worst step joint delta 0.4deg)
[INFO] [1789537199.423683443] [sim_executor_bridge_node]: SetPosition called to 600
[INFO] [1789537199.424104763] [sim_executor_bridge_node]: GRASP_RELEASE -> /sim/grasp_event
[INFO] [1789537201.086877406] [sim_executor_bridge_node]: MoveSplineJoint called with 12 points
[INFO] [1789537201.817595016] [sim_executor_bridge_node]: ARM_ARRIVAL MoveSpline: 잔차 0.29deg (손끝 3.1mm) / 대기 0.14s
[INFO] [1789537201.817982561] [sim_executor_bridge_node]: MoveSpline ok: 12 pts / 0.58s -> end=[109.8 54.1 -57.9 158.6 -90.9 88.7]deg
[INFO] [1789537201.837100630] [sim_executor_bridge_node]: SetPosition called to 600
[INFO] [1789537202.894751752] [sim_executor_bridge_node]: MoveJoint called to [144.1, 22.9, -1.0, 121.5, -75.3, 108.7] (vel=120 acc=180 time=0.00)
[WARN] [1789537202.895344527] [sim_executor_bridge_node]: MOVEJ_OVER_DOOSAN_MOVEIT J3 acc 180>150 — 두산 공식 MoveIt 설정 초과, 자르지 않고 실행
[INFO] [1789537204.020711803] [sim_executor_bridge_node]: MoveJoint profile: span 56.9deg / 1.12s (225 steps)
[INFO] [1789537204.303865760] [sim_executor_bridge_node]: ARM_ARRIVAL MoveJoint: 잔차 0.24deg (손끝 1.4mm) / 대기 0.28s
[INFO] [1789537207.353983809] [sim_executor_bridge_node]: MoveJoint called to [18.9, 26.0, 1.0, 74.6, 78.2, -115.6] (vel=120 acc=180 time=0.00)
[INFO] [1789537209.891793798] [sim_executor_bridge_node]: MoveJoint profile: span 224.3deg / 2.54s (508 steps)
[INFO] [1789537210.200652551] [sim_executor_bridge_node]: ARM_ARRIVAL MoveJoint: 잔차 0.29deg (손끝 1.0mm) / 대기 0.30s
[INFO] [1789537213.267356092] [sim_executor_bridge_node]: SetPosition called to 600
[INFO] [1789537216.747371708] [sim_executor_bridge_node]: MoveSplineJoint called with 12 points
[INFO] [1789537217.685997232] [sim_executor_bridge_node]: ARM_ARRIVAL MoveSpline: 잔차 0.30deg (손끝 2.4mm) / 대기 0.34s
[INFO] [1789537217.686219983] [sim_executor_bridge_node]: MoveSpline ok: 12 pts / 0.58s -> end=[48.5 25.1 19.9 48.3 62.2 -121.3]deg
[INFO] [1789537217.999833994] [sim_executor_bridge_node]: MoveLine called (pos=[ 0.  0. 45.  0.  0.  0.], ref=1, mode=1)
[INFO] [1789537221.840453216] [sim_executor_bridge_node]: ARM_ARRIVAL MoveLine: 잔차 0.25deg (손끝 1.6mm) / 대기 0.02s
[INFO] [1789537221.841409844] [sim_executor_bridge_node]: MOVELINE_END_ERR: along=-2.5mm lateral=5.0mm |err|=5.6mm (명령 45mm, TOOL)
[INFO] [1789537221.841772004] [sim_executor_bridge_node]: MoveLine 실이동 42.7mm / 명령 45mm
[INFO] [1789537221.842112261] [sim_executor_bridge_node]: MoveLine ok: 45mm / 23 steps / 계획 0.75s 실소요 3.84s (worst step joint delta 3.1deg)
[INFO] [1789537221.857814094] [sim_executor_bridge_node]: MoveLine called (pos=[  0.           0.         -31.30792321   0.           0.
   0.        ], ref=0, mode=1)
[INFO] [1789537224.769355600] [sim_executor_bridge_node]: ARM_ARRIVAL MoveLine: 잔차 0.30deg (손끝 0.6mm) / 대기 0.14s
[INFO] [1789537224.769839099] [sim_executor_bridge_node]: MOVELINE_END_ERR: along=+0.0mm lateral=0.6mm |err|=0.6mm (명령 31mm, BASE)
[INFO] [1789537224.770029342] [sim_executor_bridge_node]: MoveLine 실이동 31.3mm / 명령 31mm
[INFO] [1789537224.770220885] [sim_executor_bridge_node]: MoveLine ok: 31mm / 16 steps / 계획 0.78s 실소요 2.91s (worst step joint delta 9.4deg)
[INFO] [1789537224.812237834] [sim_executor_bridge_node]: SetPosition called to 700
[INFO] [1789537224.819244444] [sim_executor_bridge_node]: GRASP_JUDGE 줄기기준 along=+15.8mm(조우 -6~27) lateral=7.6mm(허용20) | 과실기준 d_tcp=33.2mm -> CONTACT
[INFO] [1789537224.819466241] [sim_executor_bridge_node]: GRASP_ATTACH 과실 (280, 783, 700)mm -> /sim/grasp_event
[INFO] [1789537225.214219988] [sim_executor_bridge_node]: MoveLine called (pos=[  0.   0. -40.   0.   0.   0.], ref=0, mode=1)
[INFO] [1789537228.392191314] [sim_executor_bridge_node]: ARM_ARRIVAL MoveLine: 잔차 0.26deg (손끝 0.5mm) / 대기 0.12s
[INFO] [1789537228.392621572] [sim_executor_bridge_node]: MOVELINE_END_ERR: along=-0.4mm lateral=0.4mm |err|=0.5mm (명령 40mm, BASE)
[INFO] [1789537228.392773553] [sim_executor_bridge_node]: MoveLine 실이동 39.6mm / 명령 40mm
[INFO] [1789537228.392915731] [sim_executor_bridge_node]: MoveLine ok: 40mm / 20 steps / 계획 0.80s 실소요 3.18s (worst step joint delta 0.9deg)
[INFO] [1789537228.421013134] [sim_executor_bridge_node]: MoveLine called (pos=[  0.   0. -45.   0.   0.   0.], ref=1, mode=1)
[INFO] [1789537231.793425849] [sim_executor_bridge_node]: ARM_ARRIVAL MoveLine: 잔차 0.26deg (손끝 1.9mm) / 대기 0.06s
[INFO] [1789537231.793825333] [sim_executor_bridge_node]: MOVELINE_END_ERR: along=-1.9mm lateral=0.3mm |err|=1.9mm (명령 45mm, TOOL)
[INFO] [1789537231.793974454] [sim_executor_bridge_node]: MoveLine 실이동 43.1mm / 명령 45mm
[INFO] [1789537231.794114852] [sim_executor_bridge_node]: MoveLine ok: 45mm / 23 steps / 계획 0.56s 실소요 3.37s (worst step joint delta 0.4deg)
[INFO] [1789537233.558636126] [sim_executor_bridge_node]: SetPosition called to 600
[INFO] [1789537233.558855342] [sim_executor_bridge_node]: GRASP_RELEASE -> /sim/grasp_event
[INFO] [1789537235.173628651] [sim_executor_bridge_node]: MoveSplineJoint called with 12 points
[INFO] [1789537236.168322190] [sim_executor_bridge_node]: ARM_ARRIVAL MoveSpline: 잔차 0.27deg (손끝 1.9mm) / 대기 0.38s
[INFO] [1789537236.168516675] [sim_executor_bridge_node]: MoveSpline ok: 12 pts / 0.60s -> end=[18.9 26.0 1.0 74.6 78.2 -115.6]deg
[INFO] [1789537236.174638242] [sim_executor_bridge_node]: SetPosition called to 600
[INFO] [1789537237.281578976] [sim_executor_bridge_node]: SetPosition called to 600
[INFO] [1789537242.125946190] [sim_executor_bridge_node]: MoveSplineJoint called with 12 points
[INFO] [1789537243.080214480] [sim_executor_bridge_node]: ARM_ARRIVAL MoveSpline: 잔차 0.24deg (손끝 2.0mm) / 대기 0.36s
[INFO] [1789537243.080478437] [sim_executor_bridge_node]: MoveSpline ok: 12 pts / 0.58s -> end=[57.5 13.1 37.4 45.0 49.4 -122.4]deg
[INFO] [1789537243.429794611] [sim_executor_bridge_node]: MoveLine called (pos=[ 0.  0. 45.  0.  0.  0.], ref=1, mode=1)
[INFO] [1789537247.040789302] [sim_executor_bridge_node]: ARM_ARRIVAL MoveLine: 잔차 0.29deg (손끝 1.6mm) / 대기 0.12s
[INFO] [1789537247.041647271] [sim_executor_bridge_node]: MOVELINE_END_ERR: along=+0.4mm lateral=1.5mm |err|=1.6mm (명령 45mm, TOOL)
[INFO] [1789537247.042008490] [sim_executor_bridge_node]: MoveLine 실이동 45.4mm / 명령 45mm
[INFO] [1789537247.042336244] [sim_executor_bridge_node]: MoveLine ok: 45mm / 23 steps / 계획 0.75s 실소요 3.61s (worst step joint delta 0.7deg)
[INFO] [1789537247.086849427] [sim_executor_bridge_node]: MoveLine called (pos=[  0.        0.      -30.00054   0.        0.        0.     ], ref=0, mode=1)
[INFO] [1789537249.769952465] [sim_executor_bridge_node]: ARM_ARRIVAL MoveLine: 잔차 0.28deg (손끝 1.2mm) / 대기 0.08s
[INFO] [1789537249.770709301] [sim_executor_bridge_node]: MOVELINE_END_ERR: along=+0.4mm lateral=1.1mm |err|=1.2mm (명령 30mm, BASE)
[INFO] [1789537249.771075419] [sim_executor_bridge_node]: MoveLine 실이동 30.4mm / 명령 30mm
[INFO] [1789537249.771436377] [sim_executor_bridge_node]: MoveLine ok: 30mm / 16 steps / 계획 0.75s 실소요 2.68s (worst step joint delta 1.1deg)
[INFO] [1789537249.791343118] [sim_executor_bridge_node]: SetPosition called to 700
[INFO] [1789537249.796973362] [sim_executor_bridge_node]: GRASP_JUDGE 줄기기준 along=+12.6mm(조우 -6~27) lateral=5.1mm(허용20) | 과실기준 d_tcp=33.0mm -> CONTACT
[INFO] [1789537249.797217568] [sim_executor_bridge_node]: GRASP_ATTACH 과실 (200, 783, 740)mm -> /sim/grasp_event
[INFO] [1789537250.193565980] [sim_executor_bridge_node]: MoveLine called (pos=[  0.   0. -40.   0.   0.   0.], ref=0, mode=1)
[INFO] [1789537253.540245280] [sim_executor_bridge_node]: ARM_ARRIVAL MoveLine: 잔차 0.26deg (손끝 0.9mm) / 대기 0.10s
[INFO] [1789537253.540634230] [sim_executor_bridge_node]: MOVELINE_END_ERR: along=+0.2mm lateral=0.9mm |err|=0.9mm (명령 40mm, BASE)
[INFO] [1789537253.540780858] [sim_executor_bridge_node]: MoveLine 실이동 40.2mm / 명령 40mm
[INFO] [1789537253.540918580] [sim_executor_bridge_node]: MoveLine ok: 40mm / 20 steps / 계획 0.80s 실소요 3.34s (worst step joint delta 0.7deg)
[INFO] [1789537253.550137406] [sim_executor_bridge_node]: MoveLine called (pos=[  0.   0. -45.   0.   0.   0.], ref=1, mode=1)
[INFO] [1789537256.844167048] [sim_executor_bridge_node]: ARM_ARRIVAL MoveLine: 잔차 0.29deg (손끝 2.4mm) / 대기 0.08s
[INFO] [1789537256.845109041] [sim_executor_bridge_node]: MOVELINE_END_ERR: along=-1.9mm lateral=1.0mm |err|=2.2mm (명령 45mm, TOOL)
[INFO] [1789537256.845446830] [sim_executor_bridge_node]: MoveLine 실이동 43.1mm / 명령 45mm
[INFO] [1789537256.845783630] [sim_executor_bridge_node]: MoveLine ok: 45mm / 23 steps / 계획 0.56s 실소요 3.29s (worst step joint delta 0.4deg)
[INFO] [1789537258.484250027] [sim_executor_bridge_node]: MoveSplineJoint called with 12 points
[INFO] [1789537259.908965817] [sim_executor_bridge_node]: ARM_ARRIVAL MoveSpline: 잔차 0.27deg (손끝 1.4mm) / 대기 0.48s
[INFO] [1789537259.909359743] [sim_executor_bridge_node]: MoveSpline ok: 12 pts / 0.92s -> end=[14.4 26.5 134.1 6.4 -70.3 -89.3]deg
[INFO] [1789537259.937320940] [sim_executor_bridge_node]: MoveLine called (pos=[   0.    0. -120.    0.    0.    0.], ref=0, mode=1)
[INFO] [1789537259.939941059] [sim_executor_bridge_node]: MoveLine 120mm: 60 -> 24 steps (5.0mm/step, 자유공간 이송)
[INFO] [1789537264.794752194] [sim_executor_bridge_node]: ARM_ARRIVAL MoveLine: 잔차 0.27deg (손끝 1.3mm) / 대기 0.12s
[INFO] [1789537264.797121298] [sim_executor_bridge_node]: MOVELINE_END_ERR: along=-1.3mm lateral=0.1mm |err|=1.3mm (명령 120mm, BASE)
[INFO] [1789537264.797468112] [sim_executor_bridge_node]: MoveLine 실이동 118.7mm / 명령 120mm
[INFO] [1789537264.797646973] [sim_executor_bridge_node]: MoveLine ok: 120mm / 24 steps / 계획 2.00s 실소요 4.86s (worst step joint delta 1.0deg)
[INFO] [1789537264.845442945] [sim_executor_bridge_node]: SetPosition called to 600
[INFO] [1789537264.845670599] [sim_executor_bridge_node]: GRASP_RELEASE -> /sim/grasp_event
[INFO] [1789537265.906995898] [sim_executor_bridge_node]: MoveSplineJoint called with 12 points
[INFO] [1789537266.892648762] [sim_executor_bridge_node]: ARM_ARRIVAL MoveSpline: 잔차 0.29deg (손끝 1.7mm) / 대기 0.26s
[INFO] [1789537266.893617420] [sim_executor_bridge_node]: MoveSpline ok: 12 pts / 0.72s -> end=[14.4 26.5 134.1 6.4 -70.3 -89.3]deg
[INFO] [1789537268.440782287] [sim_executor_bridge_node]: MoveSplineJoint called with 12 points
[INFO] [1789537270.151206317] [sim_executor_bridge_node]: ARM_ARRIVAL MoveSpline: 잔차 0.28deg (손끝 2.3mm) / 대기 0.44s
[INFO] [1789537270.151405864] [sim_executor_bridge_node]: MoveSpline ok: 12 pts / 1.24s -> end=[18.9 26.1 1.0 74.6 78.2 -115.6]deg
[INFO] [1789537270.194074504] [sim_executor_bridge_node]: SetPosition called to 600
[INFO] [1789537271.247979153] [sim_executor_bridge_node]: MoveJoint called to [18.9, 26.0, 1.0, 74.6, 78.2, -115.6] (vel=120 acc=180 time=0.00)
[WARN] [1789537271.248651909] [sim_executor_bridge_node]: MOVEJ_OVER_DOOSAN_MOVEIT J2 acc 180>120 — 두산 공식 MoveIt 설정 초과, 자르지 않고 실행
[INFO] [1789537271.311706717] [sim_executor_bridge_node]: MoveJoint profile: span 0.2deg / 0.06s (13 steps)
[INFO] [1789537271.313056655] [sim_executor_bridge_node]: ARM_ARRIVAL MoveJoint: 잔차 0.17deg (손끝 2.8mm) / 대기 0.00s
[INFO] [1789537274.356085413] [sim_executor_bridge_node]: MoveJoint called to [88.0, -94.9, 129.9, 175.9, -31.3, 93.4] (vel=120 acc=180 time=0.00)
[INFO] [1789537276.765392589] [sim_executor_bridge_node]: MoveJoint profile: span 209.0deg / 2.41s (482 steps)
[INFO] [1789537277.007881994] [sim_executor_bridge_node]: ARM_ARRIVAL MoveJoint: 잔차 0.26deg (손끝 1.1mm) / 대기 0.24s
[INFO] [1789537277.011568253] [sim_executor_bridge_node]: MoveJoint called to [150.3, -11.9, 109.1, 262.2, 63.3, 10.5] (vel=120 acc=180 time=0.00)
[WARN] [1789537277.011771569] [sim_executor_bridge_node]: MOVEJ_OVER_DOOSAN_MOVEIT J2 acc 158>120 — 두산 공식 MoveIt 설정 초과, 자르지 않고 실행
[INFO] [1789537278.467292124] [sim_executor_bridge_node]: MoveJoint profile: span 94.6deg / 1.45s (291 steps)
[INFO] [1789537278.713744435] [sim_executor_bridge_node]: ARM_ARRIVAL MoveJoint: 잔차 0.28deg (손끝 1.8mm) / 대기 0.24s
[INFO] [1789537281.910926791] [sim_executor_bridge_node]: MoveJoint called to [114.4, -8.5, 122.1, 227.1, 37.6, 48.3] (vel=120 acc=180 time=0.00)
[WARN] [1789537281.911398731] [sim_executor_bridge_node]: MOVEJ_OVER_DOOSAN_MOVEIT J1 acc 171>120 — 두산 공식 MoveIt 설정 초과, 자르지 않고 실행
[INFO] [1789537282.828707720] [sim_executor_bridge_node]: MoveJoint profile: span 37.8deg / 0.92s (184 steps)
[INFO] [1789537283.074292172] [sim_executor_bridge_node]: ARM_ARRIVAL MoveJoint: 잔차 0.27deg (손끝 1.3mm) / 대기 0.24s
[INFO] [1789537286.173680487] [sim_executor_bridge_node]: SetPosition called to 600
[INFO] [1789537288.737302854] [sim_executor_bridge_node]: MoveSplineJoint called with 12 points
[INFO] [1789537289.829442019] [sim_executor_bridge_node]: ARM_ARRIVAL MoveSpline: 잔차 0.27deg (손끝 1.2mm) / 대기 0.40s
[INFO] [1789537289.829642489] [sim_executor_bridge_node]: MoveSpline ok: 12 pts / 0.68s -> end=[107.3 -5.6 93.9 304.4 20.8 -32.4]deg
[INFO] [1789537290.140317535] [sim_executor_bridge_node]: MoveLine called (pos=[ 0.  0. 45.  0.  0.  0.], ref=1, mode=1)
[INFO] [1789537293.839878324] [sim_executor_bridge_node]: ARM_ARRIVAL MoveLine: 잔차 0.27deg (손끝 1.8mm) / 대기 0.00s
[INFO] [1789537293.840403992] [sim_executor_bridge_node]: MOVELINE_END_ERR: along=-1.8mm lateral=0.4mm |err|=1.8mm (명령 45mm, TOOL)
[INFO] [1789537293.840565588] [sim_executor_bridge_node]: MoveLine 실이동 43.2mm / 명령 45mm
[INFO] [1789537293.840715336] [sim_executor_bridge_node]: MoveLine ok: 45mm / 23 steps / 계획 0.75s 실소요 3.70s (worst step joint delta 0.3deg)
[INFO] [1789537293.847558303] [sim_executor_bridge_node]: MoveLine called (pos=[  0.           0.         -32.60535644   0.           0.
   0.        ], ref=0, mode=1)
[INFO] [1789537296.833062847] [sim_executor_bridge_node]: ARM_ARRIVAL MoveLine: 잔차 0.25deg (손끝 0.2mm) / 대기 0.14s
[INFO] [1789537296.833545521] [sim_executor_bridge_node]: MOVELINE_END_ERR: along=-0.1mm lateral=0.2mm |err|=0.2mm (명령 33mm, BASE)
[INFO] [1789537296.833708766] [sim_executor_bridge_node]: MoveLine 실이동 32.5mm / 명령 33mm
[INFO] [1789537296.833858191] [sim_executor_bridge_node]: MoveLine ok: 33mm / 17 steps / 계획 0.82s 실소요 2.98s (worst step joint delta 1.0deg)
[INFO] [1789537296.852690163] [sim_executor_bridge_node]: SetPosition called to 700
[INFO] [1789537296.857075314] [sim_executor_bridge_node]: GRASP_JUDGE 줄기기준 along=+15.8mm(조우 -6~27) lateral=3.9mm(허용20) | 과실기준 d_tcp=37.7mm -> CONTACT
[INFO] [1789537296.857312081] [sim_executor_bridge_node]: GRASP_ATTACH 과실 (-100, 783, 440)mm -> /sim/grasp_event
[INFO] [1789537297.255058905] [sim_executor_bridge_node]: MoveLine called (pos=[  0.   0. -40.   0.   0.   0.], ref=0, mode=1)
[INFO] [1789537300.595669478] [sim_executor_bridge_node]: ARM_ARRIVAL MoveLine: 잔차 0.26deg (손끝 0.3mm) / 대기 0.22s
[INFO] [1789537300.596415081] [sim_executor_bridge_node]: MOVELINE_END_ERR: along=+0.0mm lateral=0.2mm |err|=0.2mm (명령 40mm, BASE)
[INFO] [1789537300.596753525] [sim_executor_bridge_node]: MoveLine 실이동 40.0mm / 명령 40mm
[INFO] [1789537300.597083540] [sim_executor_bridge_node]: MoveLine ok: 40mm / 20 steps / 계획 0.80s 실소요 3.34s (worst step joint delta 1.2deg)
[INFO] [1789537300.611268934] [sim_executor_bridge_node]: MoveLine called (pos=[  0.   0. -45.   0.   0.   0.], ref=1, mode=1)
[INFO] [1789537303.769466139] [sim_executor_bridge_node]: ARM_ARRIVAL MoveLine: 잔차 0.30deg (손끝 2.0mm) / 대기 0.06s
[INFO] [1789537303.771803128] [sim_executor_bridge_node]: MOVELINE_END_ERR: along=-2.0mm lateral=0.3mm |err|=2.0mm (명령 45mm, TOOL)
[INFO] [1789537303.771963366] [sim_executor_bridge_node]: MoveLine 실이동 43.0mm / 명령 45mm
[INFO] [1789537303.772102210] [sim_executor_bridge_node]: MoveLine ok: 45mm / 23 steps / 계획 0.56s 실소요 3.16s (worst step joint delta 0.3deg)
[INFO] [1789537305.502341551] [sim_executor_bridge_node]: MoveSplineJoint called with 12 points
[INFO] [1789537306.911738866] [sim_executor_bridge_node]: ARM_ARRIVAL MoveSpline: 잔차 0.27deg (손끝 1.7mm) / 대기 0.46s
[INFO] [1789537306.912170728] [sim_executor_bridge_node]: MoveSpline ok: 12 pts / 0.93s -> end=[0.7 30.9 124.1 171.5 64.9 96.4]deg
[INFO] [1789537306.955319946] [sim_executor_bridge_node]: MoveLine called (pos=[   0.    0. -120.    0.    0.    0.], ref=0, mode=1)
[INFO] [1789537306.957478098] [sim_executor_bridge_node]: MoveLine 120mm: 60 -> 24 steps (5.0mm/step, 자유공간 이송)
[INFO] [1789537311.855045770] [sim_executor_bridge_node]: ARM_ARRIVAL MoveLine: 잔차 0.27deg (손끝 1.4mm) / 대기 0.10s
[INFO] [1789537311.855501639] [sim_executor_bridge_node]: MOVELINE_END_ERR: along=-1.4mm lateral=0.1mm |err|=1.4mm (명령 120mm, BASE)
[INFO] [1789537311.855672796] [sim_executor_bridge_node]: MoveLine 실이동 118.6mm / 명령 120mm
[INFO] [1789537311.855831239] [sim_executor_bridge_node]: MoveLine ok: 120mm / 24 steps / 계획 2.00s 실소요 4.90s (worst step joint delta 0.9deg)
[INFO] [1789537311.865981592] [sim_executor_bridge_node]: SetPosition called to 600
[INFO] [1789537311.866214791] [sim_executor_bridge_node]: GRASP_RELEASE -> /sim/grasp_event
[INFO] [1789537313.110466923] [sim_executor_bridge_node]: MoveSplineJoint called with 12 points
[INFO] [1789537313.998594330] [sim_executor_bridge_node]: ARM_ARRIVAL MoveSpline: 잔차 0.29deg (손끝 1.6mm) / 대기 0.30s
[INFO] [1789537313.998989165] [sim_executor_bridge_node]: MoveSpline ok: 12 pts / 0.58s -> end=[0.7 30.9 124.1 171.5 64.9 96.4]deg
[INFO] [1789537315.739227157] [sim_executor_bridge_node]: MoveSplineJoint called with 12 points
[INFO] [1789537317.132605027] [sim_executor_bridge_node]: ARM_ARRIVAL MoveSpline: 잔차 0.26deg (손끝 2.1mm) / 대기 0.42s
[INFO] [1789537317.132979461] [sim_executor_bridge_node]: MoveSpline ok: 12 pts / 0.95s -> end=[114.4 -8.5 122.1 227.1 37.7 48.3]deg
[INFO] [1789537317.140991331] [sim_executor_bridge_node]: SetPosition called to 600
[INFO] [1789537318.340280849] [sim_executor_bridge_node]: MoveJoint called to [146.3, 15.8, 65.3, 271.2, 58.3, -7.7] (vel=120 acc=180 time=0.00)
[WARN] [1789537318.340492680] [sim_executor_bridge_node]: MOVEJ_OVER_DOOSAN_MOVEIT J3 acc 180>150 — 두산 공식 MoveIt 설정 초과, 자르지 않고 실행
[INFO] [1789537319.465697472] [sim_executor_bridge_node]: MoveJoint profile: span 56.9deg / 1.12s (225 steps)
[INFO] [1789537319.708120155] [sim_executor_bridge_node]: ARM_ARRIVAL MoveJoint: 잔차 0.27deg (손끝 1.7mm) / 대기 0.24s
[INFO] [1789537322.802400593] [sim_executor_bridge_node]: SetPosition called to 600
[INFO] [1789537325.351776987] [sim_executor_bridge_node]: MoveSplineJoint called with 12 points
[INFO] [1789537326.226269214] [sim_executor_bridge_node]: ARM_ARRIVAL MoveSpline: 잔차 0.30deg (손끝 2.0mm) / 대기 0.28s
[INFO] [1789537326.226465910] [sim_executor_bridge_node]: MoveSpline ok: 12 pts / 0.58s -> end=[127.9 6.3 72.7 297.8 43.1 -27.5]deg
[INFO] [1789537326.554604134] [sim_executor_bridge_node]: MoveLine called (pos=[ 0.  0. 45.  0.  0.  0.], ref=1, mode=1)
[INFO] [1789537330.246326246] [sim_executor_bridge_node]: ARM_ARRIVAL MoveLine: 잔차 0.26deg (손끝 1.7mm) / 대기 0.02s
[INFO] [1789537330.247103831] [sim_executor_bridge_node]: MOVELINE_END_ERR: along=-1.6mm lateral=0.6mm |err|=1.7mm (명령 45mm, TOOL)
[INFO] [1789537330.247271819] [sim_executor_bridge_node]: MoveLine 실이동 43.5mm / 명령 45mm
[INFO] [1789537330.247417514] [sim_executor_bridge_node]: MoveLine ok: 45mm / 23 steps / 계획 0.75s 실소요 3.69s (worst step joint delta 0.2deg)
[INFO] [1789537330.262541496] [sim_executor_bridge_node]: MoveLine called (pos=[  0.           0.         -32.60535644   0.           0.
   0.        ], ref=0, mode=1)
[INFO] [1789537333.330468817] [sim_executor_bridge_node]: ARM_ARRIVAL MoveLine: 잔차 0.25deg (손끝 0.6mm) / 대기 0.06s
[INFO] [1789537333.331278972] [sim_executor_bridge_node]: MOVELINE_END_ERR: along=-0.5mm lateral=0.3mm |err|=0.6mm (명령 33mm, BASE)
[INFO] [1789537333.331645199] [sim_executor_bridge_node]: MoveLine 실이동 32.1mm / 명령 33mm
[INFO] [1789537333.331918850] [sim_executor_bridge_node]: MoveLine ok: 33mm / 17 steps / 계획 0.82s 실소요 3.07s (worst step joint delta 0.4deg)
[INFO] [1789537333.368506970] [sim_executor_bridge_node]: SetPosition called to 700
[INFO] [1789537333.372607533] [sim_executor_bridge_node]: GRASP_JUDGE 줄기기준 along=+15.5mm(조우 -6~27) lateral=3.9mm(허용20) | 과실기준 d_tcp=37.5mm -> CONTACT
[INFO] [1789537333.372847868] [sim_executor_bridge_node]: GRASP_ATTACH 과실 (-250, 783, 500)mm -> /sim/grasp_event
[INFO] [1789537333.770245886] [sim_executor_bridge_node]: MoveLine called (pos=[  0.   0. -40.   0.   0.   0.], ref=0, mode=1)
[INFO] [1789537337.270798800] [sim_executor_bridge_node]: ARM_ARRIVAL MoveLine: 잔차 0.27deg (손끝 0.6mm) / 대기 0.10s
[INFO] [1789537337.271249162] [sim_executor_bridge_node]: MOVELINE_END_ERR: along=-0.6mm lateral=0.3mm |err|=0.6mm (명령 40mm, BASE)
[INFO] [1789537337.271405638] [sim_executor_bridge_node]: MoveLine 실이동 39.4mm / 명령 40mm
[INFO] [1789537337.271568795] [sim_executor_bridge_node]: MoveLine ok: 40mm / 20 steps / 계획 0.80s 실소요 3.50s (worst step joint delta 0.5deg)
[INFO] [1789537337.276488129] [sim_executor_bridge_node]: MoveLine called (pos=[  0.   0. -45.   0.   0.   0.], ref=1, mode=1)
[INFO] [1789537340.579364524] [sim_executor_bridge_node]: ARM_ARRIVAL MoveLine: 잔차 0.27deg (손끝 2.2mm) / 대기 0.06s
[INFO] [1789537340.581774120] [sim_executor_bridge_node]: MOVELINE_END_ERR: along=-2.2mm lateral=0.4mm |err|=2.2mm (명령 45mm, TOOL)
[INFO] [1789537340.581943698] [sim_executor_bridge_node]: MoveLine 실이동 42.8mm / 명령 45mm
[INFO] [1789537340.582336560] [sim_executor_bridge_node]: MoveLine ok: 45mm / 23 steps / 계획 0.56s 실소요 3.30s (worst step joint delta 0.2deg)
[INFO] [1789537342.291534212] [sim_executor_bridge_node]: MoveSplineJoint called with 12 points
[INFO] [1789537344.118598967] [sim_executor_bridge_node]: ARM_ARRIVAL MoveSpline: 잔차 0.25deg (손끝 0.4mm) / 대기 0.70s
[INFO] [1789537344.118966163] [sim_executor_bridge_node]: MoveSpline ok: 12 pts / 1.10s -> end=[0.9 26.1 135.0 351.9 -71.1 -84.6]deg
[INFO] [1789537344.145205529] [sim_executor_bridge_node]: MoveLine called (pos=[   0.    0. -120.    0.    0.    0.], ref=0, mode=1)
[INFO] [1789537344.146027770] [sim_executor_bridge_node]: MoveLine 120mm: 60 -> 24 steps (5.0mm/step, 자유공간 이송)
[INFO] [1789537349.014016685] [sim_executor_bridge_node]: ARM_ARRIVAL MoveLine: 잔차 0.27deg (손끝 1.3mm) / 대기 0.12s
[INFO] [1789537349.018702194] [sim_executor_bridge_node]: MOVELINE_END_ERR: along=-1.3mm lateral=0.1mm |err|=1.3mm (명령 120mm, BASE)
[INFO] [1789537349.019053408] [sim_executor_bridge_node]: MoveLine 실이동 118.7mm / 명령 120mm
[INFO] [1789537349.019386404] [sim_executor_bridge_node]: MoveLine ok: 120mm / 24 steps / 계획 2.00s 실소요 4.87s (worst step joint delta 1.0deg)
[INFO] [1789537349.054050636] [sim_executor_bridge_node]: SetPosition called to 600
[INFO] [1789537349.054473997] [sim_executor_bridge_node]: GRASP_RELEASE -> /sim/grasp_event
[INFO] [1789537350.127355314] [sim_executor_bridge_node]: MoveSplineJoint called with 12 points
[INFO] [1789537351.785659272] [sim_executor_bridge_node]: ARM_ARRIVAL MoveSpline: 잔차 0.27deg (손끝 0.8mm) / 대기 0.32s
[INFO] [1789537351.785846099] [sim_executor_bridge_node]: MoveSpline ok: 12 pts / 1.32s -> end=[0.9 26.2 135.0 352.0 -71.1 -84.6]deg
[INFO] [1789537353.573069881] [sim_executor_bridge_node]: MoveSplineJoint called with 12 points
[INFO] [1789537355.507740883] [sim_executor_bridge_node]: ARM_ARRIVAL MoveSpline: 잔차 0.29deg (손끝 2.7mm) / 대기 0.42s
[INFO] [1789537355.508111387] [sim_executor_bridge_node]: MoveSpline ok: 12 pts / 1.48s -> end=[146.3 15.8 65.3 271.2 58.3 -7.7]deg
[INFO] [1789537355.526836010] [sim_executor_bridge_node]: SetPosition called to 600
[INFO] [1789537356.882981638] [sim_executor_bridge_node]: MoveJoint called to [129.1, -28.0, 104.4, 279.8, 42.0, -15.8] (vel=120 acc=180 time=0.00)
[WARN] [1789537356.883223140] [sim_executor_bridge_node]: MOVEJ_OVER_DOOSAN_MOVEIT J2 acc 180>120  J3 acc 160>150 — 두산 공식 MoveIt 설정 초과, 자르지 않고 실행
[INFO] [1789537357.871771339] [sim_executor_bridge_node]: MoveJoint profile: span 43.9deg / 0.99s (198 steps)
[INFO] [1789537358.158306296] [sim_executor_bridge_node]: ARM_ARRIVAL MoveJoint: 잔차 0.30deg (손끝 1.9mm) / 대기 0.28s
[INFO] [1789537361.244253237] [sim_executor_bridge_node]: SetPosition called to 600
[INFO] [1789537363.957565146] [sim_executor_bridge_node]: MoveSplineJoint called with 12 points
[INFO] [1789537364.950564293] [sim_executor_bridge_node]: ARM_ARRIVAL MoveSpline: 잔차 0.26deg (손끝 1.0mm) / 대기 0.40s
[INFO] [1789537364.950980984] [sim_executor_bridge_node]: MoveSpline ok: 12 pts / 0.58s -> end=[124.4 6.2 63.2 308.9 45.6 -41.6]deg
[INFO] [1789537365.259846259] [sim_executor_bridge_node]: MoveLine called (pos=[ 0.  0. 45.  0.  0.  0.], ref=1, mode=1)
[INFO] [1789537368.638999982] [sim_executor_bridge_node]: ARM_ARRIVAL MoveLine: 잔차 0.26deg (손끝 1.5mm) / 대기 0.02s
[INFO] [1789537368.639520347] [sim_executor_bridge_node]: MOVELINE_END_ERR: along=-1.3mm lateral=0.7mm |err|=1.5mm (명령 45mm, TOOL)
[INFO] [1789537368.639716804] [sim_executor_bridge_node]: MoveLine 실이동 43.7mm / 명령 45mm
[INFO] [1789537368.639885538] [sim_executor_bridge_node]: MoveLine ok: 45mm / 23 steps / 계획 0.75s 실소요 3.38s (worst step joint delta 0.3deg)
[INFO] [1789537368.667502139] [sim_executor_bridge_node]: MoveLine called (pos=[  0.           0.         -32.60535644   0.           0.
   0.        ], ref=0, mode=1)
[INFO] [1789537371.453786130] [sim_executor_bridge_node]: ARM_ARRIVAL MoveLine: 잔차 0.24deg (손끝 0.6mm) / 대기 0.04s
[INFO] [1789537371.454724113] [sim_executor_bridge_node]: MOVELINE_END_ERR: along=-0.5mm lateral=0.5mm |err|=0.7mm (명령 33mm, BASE)
[INFO] [1789537371.455084162] [sim_executor_bridge_node]: MoveLine 실이동 32.1mm / 명령 33mm
[INFO] [1789537371.455439695] [sim_executor_bridge_node]: MoveLine ok: 33mm / 17 steps / 계획 0.82s 실소요 2.78s (worst step joint delta 0.5deg)
[INFO] [1789537371.472032454] [sim_executor_bridge_node]: SetPosition called to 700
[INFO] [1789537371.473667112] [sim_executor_bridge_node]: GRASP_JUDGE 줄기기준 along=+14.7mm(조우 -6~27) lateral=4.3mm(허용20) | 과실기준 d_tcp=36.7mm -> CONTACT
[INFO] [1789537371.474117592] [sim_executor_bridge_node]: GRASP_ATTACH 과실 (-220, 783, 560)mm -> /sim/grasp_event
[INFO] [1789537371.874456194] [sim_executor_bridge_node]: MoveLine called (pos=[  0.   0. -40.   0.   0.   0.], ref=0, mode=1)
[INFO] [1789537375.035767203] [sim_executor_bridge_node]: ARM_ARRIVAL MoveLine: 잔차 0.29deg (손끝 0.8mm) / 대기 0.08s
[INFO] [1789537375.036541807] [sim_executor_bridge_node]: MOVELINE_END_ERR: along=-0.7mm lateral=0.4mm |err|=0.8mm (명령 40mm, BASE)
[INFO] [1789537375.036889824] [sim_executor_bridge_node]: MoveLine 실이동 39.3mm / 명령 40mm
[INFO] [1789537375.037238991] [sim_executor_bridge_node]: MoveLine ok: 40mm / 20 steps / 계획 0.80s 실소요 3.16s (worst step joint delta 0.5deg)
[INFO] [1789537375.080410845] [sim_executor_bridge_node]: MoveLine called (pos=[  0.   0. -45.   0.   0.   0.], ref=1, mode=1)
[INFO] [1789537378.286961207] [sim_executor_bridge_node]: ARM_ARRIVAL MoveLine: 잔차 0.28deg (손끝 2.3mm) / 대기 0.06s
[INFO] [1789537378.287714307] [sim_executor_bridge_node]: MOVELINE_END_ERR: along=-2.0mm lateral=0.5mm |err|=2.0mm (명령 45mm, TOOL)
[INFO] [1789537378.287861192] [sim_executor_bridge_node]: MoveLine 실이동 43.0mm / 명령 45mm
[INFO] [1789537378.287998462] [sim_executor_bridge_node]: MoveLine ok: 45mm / 23 steps / 계획 0.56s 실소요 3.20s (worst step joint delta 0.3deg)
[INFO] [1789537379.879438225] [sim_executor_bridge_node]: SetPosition called to 600
[INFO] [1789537379.879652312] [sim_executor_bridge_node]: GRASP_RELEASE -> /sim/grasp_event
[INFO] [1789537381.395525174] [sim_executor_bridge_node]: MoveSplineJoint called with 12 points
[INFO] [1789537382.328200934] [sim_executor_bridge_node]: ARM_ARRIVAL MoveSpline: 잔차 0.29deg (손끝 1.8mm) / 대기 0.34s
[INFO] [1789537382.328492219] [sim_executor_bridge_node]: MoveSpline ok: 12 pts / 0.58s -> end=[129.1 -28.0 104.4 279.8 42.0 -15.8]deg
[INFO] [1789537382.346877690] [sim_executor_bridge_node]: SetPosition called to 600
[INFO] [1789537383.402743336] [sim_executor_bridge_node]: MoveJoint called to [150.3, -11.9, 109.1, 262.2, 63.3, 10.5] (vel=120 acc=180 time=0.00)
[WARN] [1789537383.403195794] [sim_executor_bridge_node]: MOVEJ_OVER_DOOSAN_MOVEIT J1 acc 145>120 — 두산 공식 MoveIt 설정 초과, 자르지 않고 실행
[INFO] [1789537384.167420550] [sim_executor_bridge_node]: MoveJoint profile: span 26.2deg / 0.76s (153 steps)
[INFO] [1789537384.430568433] [sim_executor_bridge_node]: ARM_ARRIVAL MoveJoint: 잔차 0.23deg (손끝 1.3mm) / 대기 0.26s
[INFO] [1789537387.461940632] [sim_executor_bridge_node]: MoveJoint called to [88.0, -94.9, 129.9, 175.9, -31.3, 93.4] (vel=120 acc=180 time=0.00)
[WARN] [1789537387.462401778] [sim_executor_bridge_node]: MOVEJ_OVER_DOOSAN_MOVEIT J2 acc 158>120 — 두산 공식 MoveIt 설정 초과, 자르지 않고 실행
[INFO] [1789537388.918736280] [sim_executor_bridge_node]: MoveJoint profile: span 94.7deg / 1.46s (292 steps)
[INFO] [1789537389.180755628] [sim_executor_bridge_node]: ARM_ARRIVAL MoveJoint: 잔차 0.29deg (손끝 1.5mm) / 대기 0.26s
