[WARN] [1789530399.748181426] [curobo_planner_node]: EE_TO_TCP_OFFSET_OVERRIDE: 160mm -> 236mm (profile=legacy_160mm)
[INFO] [1789530408.027156668] [curobo_planner_node]: cuRobo MotionGen warmed up!
[INFO] [1789530408.041393632] [curobo_planner_node]: cuRobo Planner Ready!
[INFO] [1789530408.041583065] [curobo_planner_node]: Runtime JSONL: /home/oceanshape/strawberry_grasp_environment/src/e0509_gripper_description/logs/runtime/2026-09-16/curobo_planner_node_20260916T124639-57047f8c.jsonl
[INFO] [1789530408.042277310] [curobo_planner_node]:   ENV_CUBOIDS=1  SELF_COLLISION=False
[WARN] [1789530408.042704898] [curobo_planner_node]: Leaf/stem geometry is not in the cuRobo world; visually occluded targets require reobserve/skip instead of forced approach
[INFO] [1789530408.043078042] [curobo_planner_node]:   WALL_QUAT_WXYZ=[0.497, -0.497, 0.503, 0.503] approach_dir=[0.0, 1.0, -0.0] elevation=-0.0deg  variants=4
[INFO] [1789530408.043314354] [curobo_planner_node]:   LEFTMOST horizontal fallback x_corr=+5mm offsets_mm=[15, 20, 25] extra_request=0mm wall_margin=-30mm wall_override=False pre_approach=60mm
[WARN] [1789530408.043511198] [curobo_planner_node]:   TOOL_GEOMETRY_LEGACY: planner offset=160mm, measured grasp center=260mm (model shortfall=100mm).
[INFO] [1789530408.043654146] [curobo_planner_node]:   environment loaded: /home/oceanshape/strawberry_grasp_environment/src/e0509_gripper_description/config/environment.yaml
[INFO] [1789530408.043805616] [curobo_planner_node]:   marker place: enabled=True release=True taught_slot0_reference=True hold_after_slot0=False hold_on_failure=False open_stem_descent=True straight_reverse_retreat=True slot_sequence=[0, 1, 3, 4, 6, 7, 9, 10] slot_step=1 skip_row2=False orthogonalize_taught_grid=True taught_grid_shift_y_m=0.0452 taught_grid_pitch_override_m=0.0680 allow_generated_slot_release=True allow_unverified_grasp=False max_age=3600s
[INFO] [1789530408.043945798] [curobo_planner_node]:   SafeGrasp: enabled=False target=700 max_current=400 delta_threshold=40 timeout=5.0s contact_pos<=685 empty_pos>=695
[INFO] [1789530408.044082465] [curobo_planner_node]:   grasp verification: position-only (contact <= 685, empty >= 695; current is logged only)
[harvest_probe] 계측 부착: role=planner -> /tmp/harvest_hud_planner.json
[INFO] [1789530433.682125125] [curobo_planner_node]: Operation speed set to 100%
[INFO] [1789530433.683495499] [curobo_planner_node]: === PICK 딸기 raw=(-380,783,720)mm grasp=(-380,783,755)mm det_y=783mm x_bias=+0mm z_bias=+35mm ===
[INFO] [1789530433.684024585] [curobo_planner_node]: 1 open gripper for stem descent: set_position=600
[INFO] [1789530433.742555404] [curobo_planner_node]: World updated (neighbor obstacles registered): static=1 dynamic=0 neighbor_spheres=1
[INFO] [1789530433.743069327] [curobo_planner_node]: Registered 1 neighbor sphere obstacle(s); self-excluded 1 within 50mm of target
[INFO] [1789530433.745052499] [curobo_planner_node]: 2 grasp (CuRobo 2-step 6cm pre) — trying 3 offsets × 4 quats | target=(-375,783,755)mm | start_J1=144.6°
[ERROR] [1789530434.382939103] [curobo_planner_node]: Plan FAIL 637ms | status=MotionGenStatus.IK_FAIL | goal=['-375', '491', '836']mm | start_J=[144.6, 31.9, 10.9, 114.4, -65.7, 128.3]deg
[ERROR] [1789530434.548013888] [curobo_planner_node]: Plan FAIL 164ms | status=MotionGenStatus.IK_FAIL | goal=['-375', '488', '811']mm | start_J=[144.6, 31.9, 10.9, 114.4, -65.7, 128.3]deg
[ERROR] [1789530434.701089440] [curobo_planner_node]: Plan FAIL 152ms | status=MotionGenStatus.IK_FAIL | goal=['-375', '487', '785']mm | start_J=[144.6, 31.9, 10.9, 114.4, -65.7, 128.3]deg
[INFO] [1789530435.685146210] [curobo_planner_node]: Plan OK 976ms 31pts 0.56s | goal=['-375', '488', '759']mm | end_J=[139.9, 30.1, 24.3, 111.7, -55.0, 140.1]deg
[ERROR] [1789530436.154956988] [curobo_planner_node]: Plan FAIL 469ms | status=MotionGenStatus.IK_FAIL | goal=['-375', '533', '763']mm | start_J=[139.9, 30.1, 24.3, 111.7, -55.0, 140.1]deg
[INFO] [1789530437.208723893] [curobo_planner_node]: Plan OK 1052ms 31pts 0.56s | goal=['-375', '528', '763']mm | end_J=[136.5, 43.7, -0.1, 121.2, -57.4, 126.9]deg
[INFO] [1789530437.209655168] [curobo_planner_node]: Spline 12pts plan=0.56s exec=0.58s -> end=['139.9', '30.1', '24.3', '111.7', '-55.0', '140.1']deg
[INFO] [1789530438.011343645] [curobo_planner_node]: PRE_APPROACH_REACHED — settling 0.3s before 40mm straight approach
[INFO] [1789530438.311952873] [curobo_planner_node]: FINAL_APPROACH_STRAIGHT TOOL +Z 40.0mm vel=60.0mm/s
[INFO] [1789530441.970468459] [curobo_planner_node]: GRASP_POSE_REACHED — offset=+0.020m pre=6cm+40mm+0mm variant=('base', [1, 0, 0], 5.0) elevation=+5.0deg (attempt 11/12)
[WARN] [1789530441.971135162] [curobo_planner_node]: OPEN_DESCENT_DYNAMIC: kp1_z=755mm reached_z=783mm overshoot=28mm extra_below_kp1=0mm -> descent=28mm
[INFO] [1789530441.971576511] [curobo_planner_node]: OPEN_STEM_DESCENT — gripper=600, BASE -Z 28mm to KP1
[INFO] [1789530441.972107078] [curobo_planner_node]: OPEN_STEM_DESCENT BASE REL xyz=[np.float64(0.0), np.float64(0.0), np.float64(-28.3)]mm dist=28.3mm vel=40.0mm/s
[INFO] [1789530444.676188570] [curobo_planner_node]: 3 close gripper + verify grasp
[INFO] [1789530445.076943797] [curobo_planner_node]: VERIFY_GRASP: GRASP_CONTACT_DETECTED present_pos=670 current_raw=200 — jaw stopped before calibrated contact threshold (pos=670 <= 685); position-based grasp detected
[INFO] [1789530445.077281236] [curobo_planner_node]: 4 detach pull — BASE -Z 40mm at 50mm/s
[INFO] [1789530448.535528845] [curobo_planner_node]: DETACH_PULL_DOWN: BASE -Z 40mm -> OK
[INFO] [1789530448.535997950] [curobo_planner_node]: RETREAT TOOL -Z 40.0mm vel=80.0mm/s
[WARN] [1789530452.142986831] [curobo_planner_node]: TAUGHT_TRAY_GRID_PLACE active: slot=0; fixed tray pose only; marker localization is bypassed
[INFO] [1789530452.143770395] [curobo_planner_node]: TAUGHT_TRAY_SLOT0_ABOVE generated from Slot0 FK + grid offset: clearance=120mm goal_mm=[519.9, 97.5, 185.6]
[INFO] [1789530452.194207704] [curobo_planner_node]: Operation speed set to 100%
[INFO] [1789530453.717793555] [curobo_planner_node]: Cartesian plan joint equivalent rewrite: J6 159.9~271.2 -> -132.0~224.7
[WARN] [1789530453.718128933] [curobo_planner_node]: Cartesian plan rejected: J6 spline jump 356.7deg > 270.0deg at waypoint 29 (limit boundary crossing - normalize discontinuity)
[ERROR] [1789530453.718594311] [curobo_planner_node]: TAUGHT_TRAY_SLOT0_PLACE_BLOCKED: above plan failed; holding fruit
[INFO] [1789530453.721850620] [curobo_planner_node]: World updated (neighbor obstacles cleared): static=1 dynamic=0 neighbor_spheres=0
[WARN] [1789530453.772382179] [curobo_planner_node]: PICK_SEQUENCE_CONTINUE place_status=failed: released fruit here and continuing to the next target (hold_on_place_failure=false)
[INFO] [1789530453.773006507] [curobo_planner_node]: 7 return to pick-start scan pose
[INFO] [1789530458.892618138] [curobo_planner_node]: pick-start scan pose after pick/place JS Plan OK 5118ms 33pts 0.59s | goal=['144.6', '31.9', '10.9', '114.4', '-65.7', '128.3']deg
[INFO] [1789530458.893858957] [curobo_planner_node]: Spline 12pts plan=0.59s exec=0.58s -> end=['144.6', '31.9', '10.9', '114.4', '-65.7', '128.3']deg
[INFO] [1789530459.947241241] [curobo_planner_node]: === PICK COMPLETE (DETACH_SUCCESS_UNVERIFIED) ===
[INFO] [1789530461.004055414] [curobo_planner_node]: Operation speed set to 100%
[INFO] [1789530461.004997201] [curobo_planner_node]: === PICK 딸기 raw=(-250,783,740)mm grasp=(-250,783,775)mm det_y=783mm x_bias=+0mm z_bias=+35mm ===
[INFO] [1789530461.005429763] [curobo_planner_node]: 1 open gripper for stem descent: set_position=600
[INFO] [1789530461.057392038] [curobo_planner_node]: World updated (neighbor obstacles registered): static=1 dynamic=0 neighbor_spheres=0
[INFO] [1789530461.057742360] [curobo_planner_node]: Registered 0 neighbor sphere obstacle(s); self-excluded 1 within 50mm of target
[INFO] [1789530461.060465778] [curobo_planner_node]: 2 grasp (CuRobo 2-step 6cm pre) — trying 3 offsets × 4 quats | target=(-250,783,775)mm | start_J1=144.6°
[ERROR] [1789530461.561379620] [curobo_planner_node]: Plan FAIL 500ms | status=MotionGenStatus.IK_FAIL | goal=['-250', '491', '856']mm | start_J=[144.6, 32.0, 10.9, 114.4, -65.7, 128.3]deg
[ERROR] [1789530461.739964071] [curobo_planner_node]: Plan FAIL 178ms | status=MotionGenStatus.IK_FAIL | goal=['-250', '488', '831']mm | start_J=[144.6, 32.0, 10.9, 114.4, -65.7, 128.3]deg
[INFO] [1789530462.868441894] [curobo_planner_node]: Plan OK 1127ms 31pts 0.56s | goal=['-250', '487', '805']mm | end_J=[128.5, 19.3, 28.9, 130.0, -54.3, 125.6]deg
[INFO] [1789530464.300174459] [curobo_planner_node]: Plan OK 1431ms 31pts 0.56s | goal=['-250', '532', '805']mm | end_J=[124.8, 31.0, 10.1, 137.3, -57.3, 117.2]deg
[INFO] [1789530464.300963627] [curobo_planner_node]: Spline 12pts plan=0.56s exec=0.58s -> end=['128.5', '19.3', '28.9', '130.0', '-54.3', '125.6']deg
[INFO] [1789530465.203173420] [curobo_planner_node]: PRE_APPROACH_REACHED — settling 0.3s before 45mm straight approach
[INFO] [1789530465.504279415] [curobo_planner_node]: FINAL_APPROACH_STRAIGHT TOOL +Z 45.0mm vel=60.0mm/s
[INFO] [1789530469.812019841] [curobo_planner_node]: GRASP_POSE_REACHED — offset=+0.015m pre=6cm+45mm+0mm variant=('base', [1, 0, 0], 0.0) elevation=-0.0deg (attempt 7/12)
[WARN] [1789530469.812726025] [curobo_planner_node]: OPEN_DESCENT_DYNAMIC: kp1_z=775mm reached_z=805mm overshoot=30mm extra_below_kp1=0mm -> descent=30mm
[INFO] [1789530469.813191359] [curobo_planner_node]: OPEN_STEM_DESCENT — gripper=600, BASE -Z 30mm to KP1
[INFO] [1789530469.813804781] [curobo_planner_node]: OPEN_STEM_DESCENT BASE REL xyz=[np.float64(0.0), np.float64(0.0), np.float64(-30.0)]mm dist=30.0mm vel=40.0mm/s
[INFO] [1789530472.920177806] [curobo_planner_node]: 3 close gripper + verify grasp
[INFO] [1789530473.321567189] [curobo_planner_node]: VERIFY_GRASP: GRASP_CONTACT_DETECTED present_pos=670 current_raw=200 — jaw stopped before calibrated contact threshold (pos=670 <= 685); position-based grasp detected
[INFO] [1789530473.321890883] [curobo_planner_node]: 4 detach pull — BASE -Z 40mm at 50mm/s
[INFO] [1789530476.678990176] [curobo_planner_node]: DETACH_PULL_DOWN: BASE -Z 40mm -> OK
[INFO] [1789530476.679742049] [curobo_planner_node]: RETREAT TOOL -Z 45.0mm vel=80.0mm/s
[WARN] [1789530480.286752359] [curobo_planner_node]: TAUGHT_TRAY_GRID_PLACE active: slot=0; fixed tray pose only; marker localization is bypassed
[INFO] [1789530480.293465336] [curobo_planner_node]: TAUGHT_TRAY_SLOT0_ABOVE generated from Slot0 FK + grid offset: clearance=120mm goal_mm=[519.9, 97.5, 185.6]
[INFO] [1789530480.343872390] [curobo_planner_node]: Operation speed set to 100%
[INFO] [1789530481.644742925] [curobo_planner_node]: Plan OK 1300ms 55pts 0.98s | goal=['520', '98', '186']mm | end_J=[11.7, 31.5, 122.8, 183.6, 64.0, 91.2]deg
[INFO] [1789530481.645535916] [curobo_planner_node]: Spline 12pts plan=0.98s exec=0.85s -> end=['11.7', '31.5', '122.8', '183.6', '64.0', '91.2']deg
[INFO] [1789530483.149326918] [curobo_planner_node]: TAUGHT_SLOT0_RELEASE_DESCEND BASE -Z 120mm
[INFO] [1789530483.149937102] [curobo_planner_node]: TAUGHT_SLOT0_RELEASE_DESCEND BASE REL xyz=[np.float64(0.0), np.float64(0.0), np.float64(-120.0)]mm dist=120.0mm vel=40.0mm/s
[WARN] [1789530488.408835937] [curobo_planner_node]: TAUGHT_TRAY_SLOT0_PLACE_RELEASE: position_cmd=600
[INFO] [1789530488.459825297] [curobo_planner_node]: TAUGHT_SLOT0_RELEASE_ASCEND joint-space return to above pose (avoid raw BASE +Z branch/limit jump after release)
[INFO] [1789530489.671600809] [curobo_planner_node]: Plan OK 1207ms 31pts 0.56s | goal=['520', '98', '186']mm | end_J=[11.7, 31.5, 122.8, 183.6, 64.0, 91.2]deg
[INFO] [1789530489.672356339] [curobo_planner_node]: Spline 12pts plan=0.56s exec=0.58s -> end=['11.7', '31.5', '122.8', '183.6', '64.0', '91.2']deg
[WARN] [1789530490.624914753] [curobo_planner_node]: TAUGHT_TRAY_SLOT_SEQUENCE: slot 0 -> 1 (sequence=[0, 1, 3, 4, 6, 7, 9, 10])
[INFO] [1789530490.625204510] [curobo_planner_node]: 7 return to pick-start scan pose
[INFO] [1789530492.692822549] [curobo_planner_node]: pick-start scan pose after pick/place JS Plan OK 2066ms 80pts 1.44s | goal=['144.6', '32.0', '10.9', '114.4', '-65.7', '128.3']deg
[INFO] [1789530492.694188702] [curobo_planner_node]: Spline 12pts plan=1.44s exec=1.25s -> end=['144.6', '32.0', '10.9', '114.4', '-65.7', '128.3']deg
[INFO] [1789530494.698857329] [curobo_planner_node]: === PICK COMPLETE (DETACH_SUCCESS_UNVERIFIED) ===
[INFO] [1789530500.579405247] [curobo_planner_node]: Operation speed set to 100%
[INFO] [1789530500.580367032] [curobo_planner_node]: === PICK 딸기 raw=(-120,783,760)mm grasp=(-120,783,795)mm det_y=783mm x_bias=+0mm z_bias=+35mm ===
[INFO] [1789530500.580688023] [curobo_planner_node]: 1 open gripper for stem descent: set_position=600
[INFO] [1789530500.635996046] [curobo_planner_node]: World updated (neighbor obstacles registered): static=1 dynamic=0 neighbor_spheres=0
[INFO] [1789530500.636383950] [curobo_planner_node]: Registered 0 neighbor sphere obstacle(s); self-excluded 1 within 50mm of target
[INFO] [1789530500.638213356] [curobo_planner_node]: 2 grasp (CuRobo 2-step 6cm pre) — trying 3 offsets × 4 quats | target=(-120,783,795)mm | start_J1=109.8°
[ERROR] [1789530501.172847623] [curobo_planner_node]: Plan FAIL 534ms | status=MotionGenStatus.IK_FAIL | goal=['-120', '491', '876']mm | start_J=[109.8, 54.1, -57.9, 158.6, -90.9, 88.7]deg
[INFO] [1789530502.217830918] [curobo_planner_node]: Plan OK 1044ms 32pts 0.57s | goal=['-120', '488', '851']mm | end_J=[110.8, 32.4, -10.7, 158.5, -74.7, 98.5]deg
[ERROR] [1789530502.644399833] [curobo_planner_node]: Plan FAIL 426ms | status=MotionGenStatus.IK_FAIL | goal=['-120', '533', '847']mm | start_J=[110.8, 32.4, -10.7, 158.5, -74.7, 98.5]deg
[ERROR] [1789530502.795037429] [curobo_planner_node]: Plan FAIL 150ms | status=MotionGenStatus.IK_FAIL | goal=['-120', '528', '847']mm | start_J=[110.8, 32.4, -10.7, 158.5, -74.7, 98.5]deg
[ERROR] [1789530502.930246208] [curobo_planner_node]: Plan FAIL 135ms | status=MotionGenStatus.IK_FAIL | goal=['-120', '523', '848']mm | start_J=[110.8, 32.4, -10.7, 158.5, -74.7, 98.5]deg
[INFO] [1789530504.215551369] [curobo_planner_node]: Plan OK 1284ms 31pts 0.56s | goal=['-120', '487', '825']mm | end_J=[110.9, 47.4, -37.8, 158.8, -81.1, 94.1]deg
[INFO] [1789530505.650860632] [curobo_planner_node]: Plan OK 1434ms 31pts 0.56s | goal=['-120', '532', '825']mm | end_J=[108.5, 44.4, -25.9, 160.6, -72.5, 96.7]deg
[INFO] [1789530505.651617386] [curobo_planner_node]: Spline 12pts plan=0.56s exec=0.58s -> end=['110.9', '47.4', '-37.8', '158.8', '-81.1', '94.1']deg
[INFO] [1789530506.553595626] [curobo_planner_node]: PRE_APPROACH_REACHED — settling 0.3s before 45mm straight approach
[INFO] [1789530506.855371918] [curobo_planner_node]: FINAL_APPROACH_STRAIGHT TOOL +Z 45.0mm vel=60.0mm/s
[INFO] [1789530510.764529983] [curobo_planner_node]: GRASP_POSE_REACHED — offset=+0.015m pre=6cm+45mm+0mm variant=('base', [1, 0, 0], 0.0) elevation=-0.0deg (attempt 7/12)
[WARN] [1789530510.765209003] [curobo_planner_node]: OPEN_DESCENT_DYNAMIC: kp1_z=795mm reached_z=825mm overshoot=30mm extra_below_kp1=0mm -> descent=30mm
[INFO] [1789530510.765698069] [curobo_planner_node]: OPEN_STEM_DESCENT — gripper=600, BASE -Z 30mm to KP1
[INFO] [1789530510.766254916] [curobo_planner_node]: OPEN_STEM_DESCENT BASE REL xyz=[np.float64(0.0), np.float64(0.0), np.float64(-30.0)]mm dist=30.0mm vel=40.0mm/s
[INFO] [1789530513.621412598] [curobo_planner_node]: 3 close gripper + verify grasp
[INFO] [1789530514.022737556] [curobo_planner_node]: VERIFY_GRASP: GRASP_CONTACT_DETECTED present_pos=670 current_raw=200 — jaw stopped before calibrated contact threshold (pos=670 <= 685); position-based grasp detected
[INFO] [1789530514.023300605] [curobo_planner_node]: 4 detach pull — BASE -Z 40mm at 50mm/s
[INFO] [1789530517.328761393] [curobo_planner_node]: DETACH_PULL_DOWN: BASE -Z 40mm -> OK
[INFO] [1789530517.329726179] [curobo_planner_node]: RETREAT TOOL -Z 45.0mm vel=80.0mm/s
[WARN] [1789530521.087218358] [curobo_planner_node]: TAUGHT_TRAY_GRID_PLACE active: slot=1; fixed tray pose only; marker localization is bypassed
[INFO] [1789530521.091302920] [curobo_planner_node]: TAUGHT_TRAY_SLOT1_ABOVE generated from Slot0 FK + grid offset: clearance=120mm goal_mm=[451.9, 97.5, 185.6]
[INFO] [1789530521.141734776] [curobo_planner_node]: Operation speed set to 100%
[INFO] [1789530522.481310057] [curobo_planner_node]: Cartesian plan joint equivalent rewrite: J6 91.1~270.7 -> -134.4~221.5
[WARN] [1789530522.481953936] [curobo_planner_node]: Cartesian plan rejected: J6 spline jump 356.0deg > 270.0deg at waypoint 42 (limit boundary crossing - normalize discontinuity)
[ERROR] [1789530522.482679638] [curobo_planner_node]: TAUGHT_TRAY_SLOT1_PLACE_BLOCKED: above plan failed; holding fruit
[WARN] [1789530522.533616573] [curobo_planner_node]: PICK_SEQUENCE_CONTINUE place_status=failed: released fruit here and continuing to the next target (hold_on_place_failure=false)
[INFO] [1789530522.533973623] [curobo_planner_node]: 7 return to pick-start scan pose
[INFO] [1789530524.111983793] [curobo_planner_node]: pick-start scan pose after pick/place JS Plan OK 1577ms 31pts 0.56s | goal=['109.8', '54.1', '-57.9', '158.6', '-90.9', '88.7']deg
[INFO] [1789530524.112741736] [curobo_planner_node]: Spline 12pts plan=0.56s exec=0.58s -> end=['109.8', '54.1', '-57.9', '158.6', '-90.9', '88.7']deg
[INFO] [1789530524.965264590] [curobo_planner_node]: === PICK COMPLETE (DETACH_SUCCESS_UNVERIFIED) ===
[INFO] [1789530536.244584306] [curobo_planner_node]: Operation speed set to 100%
[INFO] [1789530536.245175339] [curobo_planner_node]: === PICK 딸기 raw=(280,783,700)mm grasp=(280,783,735)mm det_y=783mm x_bias=+0mm z_bias=+35mm ===
[INFO] [1789530536.245398697] [curobo_planner_node]: 1 open gripper for stem descent: set_position=600
[INFO] [1789530536.297173219] [curobo_planner_node]: World updated (neighbor obstacles registered): static=1 dynamic=0 neighbor_spheres=1
[INFO] [1789530536.297487800] [curobo_planner_node]: Registered 1 neighbor sphere obstacle(s); self-excluded 1 within 50mm of target
[INFO] [1789530536.297889661] [curobo_planner_node]: 2 grasp (CuRobo 2-step 6cm pre) — trying 5 offsets × 4 quats | target=(280,783,735)mm | start_J1=18.9°
[ERROR] [1789530536.776800168] [curobo_planner_node]: Plan FAIL 479ms | status=MotionGenStatus.IK_FAIL | goal=['280', '491', '816']mm | start_J=[18.9, 26.0, 1.0, 74.6, 78.2, -115.6]deg
[INFO] [1789530537.811228383] [curobo_planner_node]: Plan OK 1033ms 31pts 0.56s | goal=['280', '488', '791']mm | end_J=[48.5, 25.1, 19.9, 48.3, 62.2, -121.3]deg
[ERROR] [1789530538.243059614] [curobo_planner_node]: Plan FAIL 431ms | status=MotionGenStatus.IK_FAIL | goal=['280', '578', '783']mm | start_J=[48.5, 25.1, 19.9, 48.3, 62.2, -121.3]deg
[ERROR] [1789530538.379049217] [curobo_planner_node]: Plan FAIL 135ms | status=MotionGenStatus.IK_FAIL | goal=['280', '548', '786']mm | start_J=[48.5, 25.1, 19.9, 48.3, 62.2, -121.3]deg
[INFO] [1789530539.314682217] [curobo_planner_node]: Plan OK 935ms 31pts 0.56s | goal=['280', '533', '787']mm | end_J=[52.2, 36.9, 1.0, 42.1, 65.1, -113.7]deg
[INFO] [1789530539.315442641] [curobo_planner_node]: Spline 12pts plan=0.56s exec=0.58s -> end=['48.5', '25.1', '19.9', '48.3', '62.2', '-121.3']deg
[INFO] [1789530540.267552877] [curobo_planner_node]: PRE_APPROACH_REACHED — settling 0.3s before 45mm straight approach
[INFO] [1789530540.568647353] [curobo_planner_node]: FINAL_APPROACH_STRAIGHT TOOL +Z 45.0mm vel=60.0mm/s
[ERROR] [1789530544.575070579] [curobo_planner_node]: FINAL_APPROACH_STRAIGHT MoveLine failed/timeout>30.0s
[ERROR] [1789530544.575386974] [curobo_planner_node]: ABORT: 직선 진입 실패
[INFO] [1789530544.578460043] [curobo_planner_node]: World updated (neighbor obstacles cleared): static=1 dynamic=0 neighbor_spheres=0
[INFO] [1789530546.097268389] [curobo_planner_node]: pick-start scan pose after abort JS Plan OK 1468ms 31pts 0.56s | goal=['18.9', '26.0', '1.0', '74.6', '78.2', '-115.6']deg
[INFO] [1789530546.097967892] [curobo_planner_node]: Spline 12pts plan=0.56s exec=0.58s -> end=['18.9', '26.0', '1.0', '74.6', '78.2', '-115.6']deg
[INFO] [1789530547.050053425] [curobo_planner_node]: RETURN_TO_SCAN_OK (abort) -> [18.9 26.0 1.0 74.6 78.2 -115.6]deg
[INFO] [1789530548.104349315] [curobo_planner_node]: Operation speed set to 100%
[INFO] [1789530548.105005586] [curobo_planner_node]: === PICK 딸기 raw=(200,783,740)mm grasp=(200,783,775)mm det_y=783mm x_bias=+0mm z_bias=+35mm ===
[INFO] [1789530548.105231348] [curobo_planner_node]: 1 open gripper for stem descent: set_position=600
[INFO] [1789530548.156913773] [curobo_planner_node]: World updated (neighbor obstacles registered): static=1 dynamic=0 neighbor_spheres=1
[INFO] [1789530548.157296215] [curobo_planner_node]: Registered 1 neighbor sphere obstacle(s); self-excluded 1 within 50mm of target
[INFO] [1789530548.157731550] [curobo_planner_node]: 2 grasp (CuRobo 2-step 6cm pre) — trying 3 offsets × 4 quats | target=(200,783,775)mm | start_J1=18.9°
[ERROR] [1789530548.722136589] [curobo_planner_node]: Plan FAIL 564ms | status=MotionGenStatus.IK_FAIL | goal=['200', '491', '856']mm | start_J=[18.9, 26.1, 1.0, 74.6, 78.2, -115.6]deg
[INFO] [1789530549.896341662] [curobo_planner_node]: Plan OK 1173ms 32pts 0.56s | goal=['200', '488', '831']mm | end_J=[57.7, 24.7, 11.2, 36.0, 65.0, -109.5]deg
[ERROR] [1789530550.418421353] [curobo_planner_node]: Plan FAIL 521ms | status=MotionGenStatus.IK_FAIL | goal=['200', '533', '827']mm | start_J=[57.7, 24.7, 11.2, 36.0, 65.0, -109.5]deg
[ERROR] [1789530550.607430965] [curobo_planner_node]: Plan FAIL 188ms | status=MotionGenStatus.IK_FAIL | goal=['200', '528', '827']mm | start_J=[57.7, 24.7, 11.2, 36.0, 65.0, -109.5]deg
[ERROR] [1789530550.786092110] [curobo_planner_node]: Plan FAIL 178ms | status=MotionGenStatus.IK_FAIL | goal=['200', '523', '828']mm | start_J=[57.7, 24.7, 11.2, 36.0, 65.0, -109.5]deg
[INFO] [1789530552.410136786] [curobo_planner_node]: Plan OK 1616ms 31pts 0.56s | goal=['200', '487', '805']mm | end_J=[57.5, 13.1, 37.4, 45.0, 49.4, -122.4]deg
[INFO] [1789530553.948627481] [curobo_planner_node]: Plan OK 1532ms 31pts 0.56s | goal=['200', '532', '805']mm | end_J=[60.9, 21.7, 25.4, 39.3, 50.2, -116.9]deg
[INFO] [1789530553.949454325] [curobo_planner_node]: Spline 12pts plan=0.56s exec=0.58s -> end=['57.5', '13.1', '37.4', '45.0', '49.4', '-122.4']deg
[INFO] [1789530554.952205919] [curobo_planner_node]: PRE_APPROACH_REACHED — settling 0.3s before 45mm straight approach
[INFO] [1789530555.253276173] [curobo_planner_node]: FINAL_APPROACH_STRAIGHT TOOL +Z 45.0mm vel=60.0mm/s
[INFO] [1789530559.361434493] [curobo_planner_node]: GRASP_POSE_REACHED — offset=+0.015m pre=6cm+45mm+0mm variant=('base', [1, 0, 0], 0.0) elevation=-0.0deg (attempt 7/12)
[WARN] [1789530559.361833251] [curobo_planner_node]: OPEN_DESCENT_DYNAMIC: kp1_z=775mm reached_z=805mm overshoot=30mm extra_below_kp1=0mm -> descent=30mm
[INFO] [1789530559.362073314] [curobo_planner_node]: OPEN_STEM_DESCENT — gripper=600, BASE -Z 30mm to KP1
[INFO] [1789530559.362396004] [curobo_planner_node]: OPEN_STEM_DESCENT BASE REL xyz=[np.float64(0.0), np.float64(0.0), np.float64(-30.0)]mm dist=30.0mm vel=40.0mm/s
[INFO] [1789530562.568131966] [curobo_planner_node]: 3 close gripper + verify grasp
[INFO] [1789530562.969252565] [curobo_planner_node]: VERIFY_GRASP: GRASP_CONTACT_DETECTED present_pos=670 current_raw=200 — jaw stopped before calibrated contact threshold (pos=670 <= 685); position-based grasp detected
[INFO] [1789530562.969576771] [curobo_planner_node]: 4 detach pull — BASE -Z 40mm at 50mm/s
[INFO] [1789530566.727055885] [curobo_planner_node]: DETACH_PULL_DOWN: BASE -Z 40mm -> OK
[INFO] [1789530566.727844750] [curobo_planner_node]: RETREAT TOOL -Z 45.0mm vel=80.0mm/s
[WARN] [1789530570.484249567] [curobo_planner_node]: TAUGHT_TRAY_GRID_PLACE active: slot=1; fixed tray pose only; marker localization is bypassed
[INFO] [1789530570.488961562] [curobo_planner_node]: TAUGHT_TRAY_SLOT1_ABOVE generated from Slot0 FK + grid offset: clearance=120mm goal_mm=[451.9, 97.5, 185.6]
[INFO] [1789530570.539607163] [curobo_planner_node]: Operation speed set to 100%
[INFO] [1789530571.840845825] [curobo_planner_node]: Plan OK 1300ms 56pts 1.00s | goal=['452', '98', '186']mm | end_J=[14.4, 26.5, 134.1, 6.4, -70.3, -89.3]deg
[INFO] [1789530571.841572736] [curobo_planner_node]: Spline 12pts plan=1.00s exec=0.87s -> end=['14.4', '26.5', '134.1', '6.4', '-70.3', '-89.3']deg
[INFO] [1789530573.295563392] [curobo_planner_node]: TAUGHT_SLOT0_RELEASE_DESCEND BASE -Z 120mm
[INFO] [1789530573.296312012] [curobo_planner_node]: TAUGHT_SLOT0_RELEASE_DESCEND BASE REL xyz=[np.float64(0.0), np.float64(0.0), np.float64(-120.0)]mm dist=120.0mm vel=40.0mm/s
[WARN] [1789530578.507110435] [curobo_planner_node]: TAUGHT_TRAY_SLOT1_PLACE_RELEASE: position_cmd=600
[INFO] [1789530578.557621210] [curobo_planner_node]: TAUGHT_SLOT0_RELEASE_ASCEND joint-space return to above pose (avoid raw BASE +Z branch/limit jump after release)
[INFO] [1789530579.827170497] [curobo_planner_node]: Plan OK 1263ms 45pts 0.80s | goal=['452', '98', '186']mm | end_J=[14.4, 26.5, 134.1, 6.4, -70.3, -89.3]deg
[INFO] [1789530579.827925195] [curobo_planner_node]: Spline 12pts plan=0.80s exec=0.70s -> end=['14.4', '26.5', '134.1', '6.4', '-70.3', '-89.3']deg
[WARN] [1789530580.880486535] [curobo_planner_node]: TAUGHT_TRAY_SLOT_SEQUENCE: slot 1 -> 3 (sequence=[0, 1, 3, 4, 6, 7, 9, 10])
[INFO] [1789530580.880985912] [curobo_planner_node]: 7 return to pick-start scan pose
[INFO] [1789530582.709699985] [curobo_planner_node]: pick-start scan pose after pick/place JS Plan OK 1828ms 67pts 1.21s | goal=['18.9', '26.1', '1.0', '74.6', '78.2', '-115.6']deg
[INFO] [1789530582.710500428] [curobo_planner_node]: Spline 12pts plan=1.21s exec=1.05s -> end=['18.9', '26.1', '1.0', '74.6', '78.2', '-115.6']deg
[INFO] [1789530584.467510521] [curobo_planner_node]: World updated (neighbor obstacles cleared): static=1 dynamic=0 neighbor_spheres=0
[INFO] [1789530584.518276085] [curobo_planner_node]: === PICK COMPLETE (DETACH_SUCCESS_UNVERIFIED) ===
[INFO] [1789530600.733031359] [curobo_planner_node]: Operation speed set to 100%
[INFO] [1789530600.734109731] [curobo_planner_node]: === PICK 딸기 raw=(-100,783,440)mm grasp=(-100,783,475)mm det_y=783mm x_bias=+0mm z_bias=+35mm ===
[INFO] [1789530600.734600832] [curobo_planner_node]: 1 open gripper for stem descent: set_position=600
[INFO] [1789530600.790121632] [curobo_planner_node]: World updated (neighbor obstacles registered): static=1 dynamic=0 neighbor_spheres=0
[INFO] [1789530600.790524576] [curobo_planner_node]: Registered 0 neighbor sphere obstacle(s); self-excluded 1 within 50mm of target
[INFO] [1789530600.791192611] [curobo_planner_node]: 2 grasp (CuRobo 2-step 6cm pre) — trying 3 offsets × 4 quats | target=(-100,783,475)mm | start_J1=114.4°
[INFO] [1789530602.248551390] [curobo_planner_node]: Plan OK 1453ms 43pts 0.77s | goal=['-100', '491', '556']mm | end_J=[107.3, -5.6, 93.9, 304.4, 20.8, -32.4]deg
[INFO] [1789530603.574713813] [curobo_planner_node]: Plan OK 1324ms 31pts 0.56s | goal=['-100', '536', '549']mm | end_J=[105.3, 0.9, 88.9, 304.2, 18.3, -32.2]deg
[INFO] [1789530603.575987868] [curobo_planner_node]: Spline 12pts plan=0.77s exec=0.67s -> end=['107.3', '-5.6', '93.9', '304.4', '20.8', '-32.4']deg
[INFO] [1789530604.729634430] [curobo_planner_node]: PRE_APPROACH_REACHED — settling 0.3s before 45mm straight approach
[INFO] [1789530605.030724555] [curobo_planner_node]: FINAL_APPROACH_STRAIGHT TOOL +Z 45.0mm vel=60.0mm/s
[INFO] [1789530608.787794303] [curobo_planner_node]: GRASP_POSE_REACHED — offset=+0.015m pre=6cm+45mm+0mm variant=('base', [1, 0, 0], -10.0) elevation=-10.0deg (attempt 1/12)
[WARN] [1789530608.788419251] [curobo_planner_node]: OPEN_DESCENT_DYNAMIC: kp1_z=475mm reached_z=508mm overshoot=33mm extra_below_kp1=0mm -> descent=33mm
[INFO] [1789530608.788853954] [curobo_planner_node]: OPEN_STEM_DESCENT — gripper=600, BASE -Z 33mm to KP1
[INFO] [1789530608.789403574] [curobo_planner_node]: OPEN_STEM_DESCENT BASE REL xyz=[np.float64(0.0), np.float64(0.0), np.float64(-32.6)]mm dist=32.6mm vel=40.0mm/s
[INFO] [1789530611.846140324] [curobo_planner_node]: 3 close gripper + verify grasp
[INFO] [1789530612.247295105] [curobo_planner_node]: VERIFY_GRASP: GRASP_CONTACT_DETECTED present_pos=670 current_raw=200 — jaw stopped before calibrated contact threshold (pos=670 <= 685); position-based grasp detected
[INFO] [1789530612.247919173] [curobo_planner_node]: 4 detach pull — BASE -Z 40mm at 50mm/s
[INFO] [1789530615.854067314] [curobo_planner_node]: DETACH_PULL_DOWN: BASE -Z 40mm -> OK
[INFO] [1789530615.854788807] [curobo_planner_node]: RETREAT TOOL -Z 45.0mm vel=80.0mm/s
[WARN] [1789530619.812246356] [curobo_planner_node]: TAUGHT_TRAY_GRID_PLACE active: slot=3; fixed tray pose only; marker localization is bypassed
[INFO] [1789530619.819851807] [curobo_planner_node]: TAUGHT_TRAY_SLOT3_ABOVE generated from Slot0 FK + grid offset: clearance=120mm goal_mm=[519.9, 29.5, 185.6]
[INFO] [1789530619.870278364] [curobo_planner_node]: Operation speed set to 100%
[INFO] [1789530621.107267861] [curobo_planner_node]: Plan OK 1236ms 51pts 0.92s | goal=['520', '30', '186']mm | end_J=[0.7, 30.9, 124.1, 351.5, -64.9, -83.6]deg
[INFO] [1789530621.108040810] [curobo_planner_node]: Spline 12pts plan=0.92s exec=0.80s -> end=['0.7', '30.9', '124.1', '351.5', '-64.9', '-83.6']deg
[INFO] [1789530622.761642368] [curobo_planner_node]: TAUGHT_SLOT0_RELEASE_DESCEND BASE -Z 120mm
[INFO] [1789530622.761996948] [curobo_planner_node]: TAUGHT_SLOT0_RELEASE_DESCEND BASE REL xyz=[np.float64(0.0), np.float64(0.0), np.float64(-120.0)]mm dist=120.0mm vel=40.0mm/s
[WARN] [1789530627.922944737] [curobo_planner_node]: TAUGHT_TRAY_SLOT3_PLACE_RELEASE: position_cmd=600
[INFO] [1789530627.973722770] [curobo_planner_node]: TAUGHT_SLOT0_RELEASE_ASCEND joint-space return to above pose (avoid raw BASE +Z branch/limit jump after release)
[INFO] [1789530629.043319591] [curobo_planner_node]: Plan OK 1068ms 83pts 1.49s | goal=['520', '30', '186']mm | end_J=[0.7, 30.9, 124.1, 351.5, -64.9, -83.6]deg
[INFO] [1789530629.044244470] [curobo_planner_node]: Spline 12pts plan=1.49s exec=1.30s -> end=['0.7', '30.9', '124.1', '351.5', '-64.9', '-83.6']deg
[WARN] [1789530630.748058978] [curobo_planner_node]: TAUGHT_TRAY_SLOT_SEQUENCE: slot 3 -> 4 (sequence=[0, 1, 3, 4, 6, 7, 9, 10])
[INFO] [1789530630.748578298] [curobo_planner_node]: 7 return to pick-start scan pose
[INFO] [1789530632.551203668] [curobo_planner_node]: pick-start scan pose after pick/place JS Plan OK 1800ms 94pts 1.70s | goal=['114.4', '-8.5', '122.1', '227.1', '37.7', '48.3']deg
[INFO] [1789530632.552306785] [curobo_planner_node]: Spline 12pts plan=1.70s exec=1.48s -> end=['114.4', '-8.5', '122.1', '227.1', '37.7', '48.3']deg
[INFO] [1789530634.559059389] [curobo_planner_node]: === PICK COMPLETE (DETACH_SUCCESS_UNVERIFIED) ===
[INFO] [1789530640.269194386] [curobo_planner_node]: Operation speed set to 100%
[INFO] [1789530640.270824476] [curobo_planner_node]: === PICK 딸기 raw=(-250,783,500)mm grasp=(-250,783,535)mm det_y=783mm x_bias=+0mm z_bias=+35mm ===
[INFO] [1789530640.271056741] [curobo_planner_node]: 1 open gripper for stem descent: set_position=600
[INFO] [1789530640.326652107] [curobo_planner_node]: World updated (neighbor obstacles registered): static=1 dynamic=0 neighbor_spheres=0
[INFO] [1789530640.327203167] [curobo_planner_node]: Registered 0 neighbor sphere obstacle(s); self-excluded 1 within 50mm of target
[INFO] [1789530640.328323178] [curobo_planner_node]: 2 grasp (CuRobo 2-step 6cm pre) — trying 3 offsets × 4 quats | target=(-250,783,535)mm | start_J1=146.3°
[INFO] [1789530641.783881189] [curobo_planner_node]: Plan OK 1450ms 31pts 0.56s | goal=['-250', '491', '616']mm | end_J=[127.9, 6.3, 72.7, 297.8, 43.1, -27.5]deg
[INFO] [1789530643.194074095] [curobo_planner_node]: Plan OK 1409ms 31pts 0.56s | goal=['-250', '536', '609']mm | end_J=[124.4, 11.8, 67.5, 300.0, 39.9, -29.5]deg
[INFO] [1789530643.194922245] [curobo_planner_node]: Spline 12pts plan=0.56s exec=0.58s -> end=['127.9', '6.3', '72.7', '297.8', '43.1', '-27.5']deg
[INFO] [1789530644.146789099] [curobo_planner_node]: PRE_APPROACH_REACHED — settling 0.3s before 45mm straight approach
[INFO] [1789530644.447540948] [curobo_planner_node]: FINAL_APPROACH_STRAIGHT TOOL +Z 45.0mm vel=60.0mm/s
[INFO] [1789530648.155412364] [curobo_planner_node]: GRASP_POSE_REACHED — offset=+0.015m pre=6cm+45mm+0mm variant=('base', [1, 0, 0], -10.0) elevation=-10.0deg (attempt 1/12)
[WARN] [1789530648.155838044] [curobo_planner_node]: OPEN_DESCENT_DYNAMIC: kp1_z=535mm reached_z=568mm overshoot=33mm extra_below_kp1=0mm -> descent=33mm
[INFO] [1789530648.156126888] [curobo_planner_node]: OPEN_STEM_DESCENT — gripper=600, BASE -Z 33mm to KP1
[INFO] [1789530648.156506484] [curobo_planner_node]: OPEN_STEM_DESCENT BASE REL xyz=[np.float64(0.0), np.float64(0.0), np.float64(-32.6)]mm dist=32.6mm vel=40.0mm/s
[INFO] [1789530651.563946881] [curobo_planner_node]: 3 close gripper + verify grasp
[INFO] [1789530651.965140569] [curobo_planner_node]: VERIFY_GRASP: GRASP_CONTACT_DETECTED present_pos=670 current_raw=200 — jaw stopped before calibrated contact threshold (pos=670 <= 685); position-based grasp detected
[INFO] [1789530651.965668946] [curobo_planner_node]: 4 detach pull — BASE -Z 40mm at 50mm/s
[INFO] [1789530655.422552918] [curobo_planner_node]: DETACH_PULL_DOWN: BASE -Z 40mm -> OK
[INFO] [1789530655.423290283] [curobo_planner_node]: RETREAT TOOL -Z 45.0mm vel=80.0mm/s
[WARN] [1789530659.282644521] [curobo_planner_node]: TAUGHT_TRAY_GRID_PLACE active: slot=4; fixed tray pose only; marker localization is bypassed
[INFO] [1789530659.288575110] [curobo_planner_node]: TAUGHT_TRAY_SLOT4_ABOVE generated from Slot0 FK + grid offset: clearance=120mm goal_mm=[451.9, 29.5, 185.6]
[INFO] [1789530659.339073929] [curobo_planner_node]: Operation speed set to 100%
[INFO] [1789530660.772756140] [curobo_planner_node]: Plan OK 1433ms 60pts 1.07s | goal=['452', '30', '186']mm | end_J=[0.8, 26.1, 135.0, 171.9, 71.1, 95.4]deg
[INFO] [1789530660.773560192] [curobo_planner_node]: Spline 12pts plan=1.07s exec=0.93s -> end=['0.8', '26.1', '135.0', '171.9', '71.1', '95.4']deg
[INFO] [1789530662.328137463] [curobo_planner_node]: TAUGHT_SLOT0_RELEASE_DESCEND BASE -Z 120mm
[INFO] [1789530662.328719276] [curobo_planner_node]: TAUGHT_SLOT0_RELEASE_DESCEND BASE REL xyz=[np.float64(0.0), np.float64(0.0), np.float64(-120.0)]mm dist=120.0mm vel=40.0mm/s
[WARN] [1789530667.438717677] [curobo_planner_node]: TAUGHT_TRAY_SLOT4_PLACE_RELEASE: position_cmd=600
[INFO] [1789530667.489215655] [curobo_planner_node]: TAUGHT_SLOT0_RELEASE_ASCEND joint-space return to above pose (avoid raw BASE +Z branch/limit jump after release)
[INFO] [1789530668.555559422] [curobo_planner_node]: Plan OK 1062ms 49pts 0.87s | goal=['452', '30', '186']mm | end_J=[0.9, 26.1, 135.0, 172.0, 71.0, 95.4]deg
[INFO] [1789530668.556596607] [curobo_planner_node]: Spline 12pts plan=0.87s exec=0.76s -> end=['0.9', '26.1', '135.0', '172.0', '71.0', '95.4']deg
[WARN] [1789530669.659221559] [curobo_planner_node]: TAUGHT_TRAY_SLOT_SEQUENCE: slot 4 -> 6 (sequence=[0, 1, 3, 4, 6, 7, 9, 10])
[INFO] [1789530669.659512766] [curobo_planner_node]: 7 return to pick-start scan pose
[INFO] [1789530671.407552298] [curobo_planner_node]: pick-start scan pose after pick/place JS Plan OK 1741ms 66pts 1.18s | goal=['146.3', '15.8', '65.3', '271.2', '58.3', '-7.7']deg
[INFO] [1789530671.408326457] [curobo_planner_node]: Spline 12pts plan=1.18s exec=1.03s -> end=['146.3', '15.8', '65.3', '271.2', '58.3', '-7.7']deg
[INFO] [1789530673.164950203] [curobo_planner_node]: === PICK COMPLETE (DETACH_SUCCESS_UNVERIFIED) ===
[INFO] [1789530678.846167452] [curobo_planner_node]: Operation speed set to 100%
[INFO] [1789530678.846898013] [curobo_planner_node]: === PICK 딸기 raw=(-220,783,560)mm grasp=(-220,783,595)mm det_y=783mm x_bias=+0mm z_bias=+35mm ===
[INFO] [1789530678.847237578] [curobo_planner_node]: 1 open gripper for stem descent: set_position=600
[INFO] [1789530678.903763638] [curobo_planner_node]: World updated (neighbor obstacles registered): static=1 dynamic=0 neighbor_spheres=0
[INFO] [1789530678.904075825] [curobo_planner_node]: Registered 0 neighbor sphere obstacle(s); self-excluded 1 within 50mm of target
[INFO] [1789530678.906373551] [curobo_planner_node]: 2 grasp (CuRobo 2-step 6cm pre) — trying 3 offsets × 4 quats | target=(-220,783,595)mm | start_J1=129.1°
[INFO] [1789530680.285020779] [curobo_planner_node]: Plan OK 1378ms 32pts 0.56s | goal=['-220', '491', '676']mm | end_J=[124.4, 6.2, 63.2, 308.9, 45.6, -41.6]deg
[INFO] [1789530681.855566045] [curobo_planner_node]: Plan OK 1563ms 31pts 0.56s | goal=['-220', '536', '669']mm | end_J=[121.0, 11.9, 57.9, 311.9, 43.0, -44.1]deg
[INFO] [1789530681.856354360] [curobo_planner_node]: Spline 12pts plan=0.56s exec=0.58s -> end=['124.4', '6.2', '63.2', '308.9', '45.6', '-41.6']deg
[INFO] [1789530682.908352294] [curobo_planner_node]: PRE_APPROACH_REACHED — settling 0.3s before 45mm straight approach
[INFO] [1789530683.208901929] [curobo_planner_node]: FINAL_APPROACH_STRAIGHT TOOL +Z 45.0mm vel=60.0mm/s
[INFO] [1789530687.015939394] [curobo_planner_node]: GRASP_POSE_REACHED — offset=+0.015m pre=6cm+45mm+0mm variant=('base', [1, 0, 0], -10.0) elevation=-10.0deg (attempt 1/12)
[WARN] [1789530687.016292404] [curobo_planner_node]: OPEN_DESCENT_DYNAMIC: kp1_z=595mm reached_z=628mm overshoot=33mm extra_below_kp1=0mm -> descent=33mm
[INFO] [1789530687.016530719] [curobo_planner_node]: OPEN_STEM_DESCENT — gripper=600, BASE -Z 33mm to KP1
[INFO] [1789530687.016830531] [curobo_planner_node]: OPEN_STEM_DESCENT BASE REL xyz=[np.float64(0.0), np.float64(0.0), np.float64(-32.6)]mm dist=32.6mm vel=40.0mm/s
[INFO] [1789530690.023159270] [curobo_planner_node]: 3 close gripper + verify grasp
[INFO] [1789530690.424208034] [curobo_planner_node]: VERIFY_GRASP: GRASP_CONTACT_DETECTED present_pos=670 current_raw=200 — jaw stopped before calibrated contact threshold (pos=670 <= 685); position-based grasp detected
[INFO] [1789530690.424822858] [curobo_planner_node]: 4 detach pull — BASE -Z 40mm at 50mm/s
[INFO] [1789530693.982258354] [curobo_planner_node]: DETACH_PULL_DOWN: BASE -Z 40mm -> OK
[INFO] [1789530693.983034822] [curobo_planner_node]: RETREAT TOOL -Z 45.0mm vel=80.0mm/s
[WARN] [1789530697.789311143] [curobo_planner_node]: TAUGHT_TRAY_GRID_PLACE active: slot=6; fixed tray pose only; marker localization is bypassed
[INFO] [1789530697.797755007] [curobo_planner_node]: TAUGHT_TRAY_SLOT6_ABOVE generated from Slot0 FK + grid offset: clearance=120mm goal_mm=[519.9, -38.5, 185.6]
[INFO] [1789530697.848186276] [curobo_planner_node]: Operation speed set to 100%
[INFO] [1789530699.336943057] [curobo_planner_node]: Plan OK 1481ms 59pts 1.05s | goal=['520', '-38', '186']mm | end_J=[-10.3, 31.3, 123.1, 339.3, -65.5, -78.4]deg
[INFO] [1789530699.338221836] [curobo_planner_node]: Spline 12pts plan=1.05s exec=0.91s -> end=['-10.3', '31.3', '123.1', '339.3', '-65.5', '-78.4']deg
[INFO] [1789530700.992952026] [curobo_planner_node]: TAUGHT_SLOT0_RELEASE_DESCEND BASE -Z 120mm
[INFO] [1789530700.993375368] [curobo_planner_node]: TAUGHT_SLOT0_RELEASE_DESCEND BASE REL xyz=[np.float64(0.0), np.float64(0.0), np.float64(-120.0)]mm dist=120.0mm vel=40.0mm/s
[WARN] [1789530706.204379583] [curobo_planner_node]: TAUGHT_TRAY_SLOT6_PLACE_RELEASE: position_cmd=600
[INFO] [1789530706.254922294] [curobo_planner_node]: TAUGHT_SLOT0_RELEASE_ASCEND joint-space return to above pose (avoid raw BASE +Z branch/limit jump after release)
[INFO] [1789530707.404215046] [curobo_planner_node]: Plan OK 1141ms 58pts 1.04s | goal=['520', '-38', '186']mm | end_J=[-10.3, 31.3, 123.1, 339.3, -65.5, -78.4]deg
[INFO] [1789530707.405467809] [curobo_planner_node]: Spline 12pts plan=1.04s exec=0.91s -> end=['-10.3', '31.3', '123.1', '339.3', '-65.5', '-78.4']deg
[WARN] [1789530708.708463957] [curobo_planner_node]: TAUGHT_TRAY_SLOT_SEQUENCE: slot 6 -> 7 (sequence=[0, 1, 3, 4, 6, 7, 9, 10])
[INFO] [1789530708.708820456] [curobo_planner_node]: 7 return to pick-start scan pose
[INFO] [1789530710.427936443] [curobo_planner_node]: pick-start scan pose after pick/place JS Plan OK 1712ms 63pts 1.14s | goal=['129.1', '-28.0', '104.4', '279.8', '42.0', '-15.8']deg
[INFO] [1789530710.428731934] [curobo_planner_node]: Spline 12pts plan=1.14s exec=0.99s -> end=['129.1', '-28.0', '104.4', '279.8', '42.0', '-15.8']deg
[INFO] [1789530712.132834739] [curobo_planner_node]: === PICK COMPLETE (DETACH_SUCCESS_UNVERIFIED) ===
