[INFO] [1789530395.834660510] [sim_executor_bridge_node]: Sim Executor Bridge Node initializing...
[WARN] [1789530396.200148231] [sim_executor_bridge_node]: MOVELINE_COLLISION_WORLD: ['whiteboard'] loaded from /home/oceanshape/strawberry_grasp_environment/install/e0509_gripper_description/share/e0509_gripper_description/config/environment.yaml
[INFO] [1789530396.579272903] [sim_executor_bridge_node]: cuRobo IK Solver successfully initialized for MoveLine.
[WARN] [1789530396.579535719] [sim_executor_bridge_node]: GRASP_JUDGE_MODEL: tool_tcp_offset=236mm capture_radius=38mm enabled=True sim_speed_scale=1.0 gripper_close=1.080rad arm_arrival_tol=0.30deg — planner 의 ee_to_tcp_offset_m 과 반드시 같아야 한다 (다르면 전 타겟 GRASP_EMPTY)
[WARN] [1789530396.579740935] [sim_executor_bridge_node]: DOOSAN_MOVEIT_REF: vel=[120, 120, 150, 225, 225, 225] acc=[120, 120, 150, 225, 225, 225] deg/s,deg/s^2 (dsr_moveit_config_e0509/config/joint_limits.yaml) — 초과해도 자르지 않고 기록만 (D3)
[INFO] [1789530396.579896638] [sim_executor_bridge_node]: Sim Executor Bridge Node Ready! (Listening to Doosan & Gripper services)
[harvest_probe] 계측 부착: role=controller -> /tmp/harvest_hud_controller.json
[INFO] [1789530410.045451728] [sim_executor_bridge_node]: SetPosition called to 600
[INFO] [1789530423.865254697] [sim_executor_bridge_node]: MoveJoint called to [144.1, 22.9, -1.0, 121.5, -75.3, 108.7] (vel=120 acc=180 time=0.00)
[WARN] [1789530423.865487047] [sim_executor_bridge_node]: MOVEJ_OVER_DOOSAN_MOVEIT J2 acc 162>120  J3 acc 180>150 — 두산 공식 MoveIt 설정 초과, 자르지 않고 실행
[INFO] [1789530425.624132497] [sim_executor_bridge_node]: MoveJoint profile: span 130.9deg / 1.76s (352 steps)
[INFO] [1789530425.893216106] [sim_executor_bridge_node]: ARM_ARRIVAL MoveJoint: 잔차 0.29deg (손끝 0.6mm) / 대기 0.26s
[INFO] [1789530429.671739362] [sim_executor_bridge_node]: MoveJoint called to [144.6, 31.8, 10.9, 114.4, -65.7, 128.3] (vel=120 acc=180 time=0.00)
[INFO] [1789530430.332752797] [sim_executor_bridge_node]: MoveJoint profile: span 19.6deg / 0.66s (133 steps)
[INFO] [1789530430.575204475] [sim_executor_bridge_node]: ARM_ARRIVAL MoveJoint: 잔차 0.27deg (손끝 0.8mm) / 대기 0.24s
[INFO] [1789530433.684964709] [sim_executor_bridge_node]: SetPosition called to 600
[INFO] [1789530437.211429516] [sim_executor_bridge_node]: MoveSplineJoint called with 12 points
[INFO] [1789530438.005434192] [sim_executor_bridge_node]: ARM_ARRIVAL MoveSpline: 잔차 0.29deg (손끝 1.0mm) / 대기 0.20s
[INFO] [1789530438.005633025] [sim_executor_bridge_node]: MoveSpline ok: 12 pts / 0.58s -> end=[139.9 30.1 24.3 111.7 -55.0 140.1]deg
[INFO] [1789530438.313109367] [sim_executor_bridge_node]: MoveLine called (pos=[ 0.  0. 40.  0.  0.  0.], ref=1, mode=1)
[INFO] [1789530441.952142575] [sim_executor_bridge_node]: ARM_ARRIVAL MoveLine: 잔차 0.27deg (손끝 1.8mm) / 대기 0.00s
[INFO] [1789530441.954655281] [sim_executor_bridge_node]: MOVELINE_END_ERR: along=-2.6mm lateral=3.1mm |err|=4.0mm (명령 40mm, TOOL)
[INFO] [1789530441.954918875] [sim_executor_bridge_node]: MoveLine 실이동 37.6mm / 명령 40mm
[INFO] [1789530441.955113070] [sim_executor_bridge_node]: MoveLine ok: 40mm / 20 steps / 계획 0.67s 실소요 3.64s (worst step joint delta 3.6deg)
[INFO] [1789530441.973400592] [sim_executor_bridge_node]: MoveLine called (pos=[  0.           0.         -28.25754239   0.           0.
   0.        ], ref=0, mode=1)
[INFO] [1789530444.660011102] [sim_executor_bridge_node]: ARM_ARRIVAL MoveLine: 잔차 0.28deg (손끝 1.6mm) / 대기 0.12s
[INFO] [1789530444.660519160] [sim_executor_bridge_node]: MOVELINE_END_ERR: along=+1.0mm lateral=1.2mm |err|=1.6mm (명령 28mm, BASE)
[INFO] [1789530444.660682699] [sim_executor_bridge_node]: MoveLine 실이동 29.2mm / 명령 28mm
[INFO] [1789530444.660832419] [sim_executor_bridge_node]: MoveLine ok: 28mm / 15 steps / 계획 0.71s 실소요 2.69s (worst step joint delta 6.8deg)
[INFO] [1789530444.677049510] [sim_executor_bridge_node]: SetPosition called to 700
[INFO] [1789530444.678057620] [sim_executor_bridge_node]: GRASP_JUDGE 줄기기준 along=+20.8mm(조우 -6~27) lateral=5.5mm(허용20) | 과실기준 d_tcp=35.1mm -> CONTACT
[INFO] [1789530444.678289017] [sim_executor_bridge_node]: GRASP_ATTACH 과실 (-380, 783, 720)mm -> /sim/grasp_event
[INFO] [1789530445.078682516] [sim_executor_bridge_node]: MoveLine called (pos=[  0.   0. -40.   0.   0.   0.], ref=0, mode=1)
[INFO] [1789530448.487142895] [sim_executor_bridge_node]: ARM_ARRIVAL MoveLine: 잔차 0.27deg (손끝 1.1mm) / 대기 0.10s
[INFO] [1789530448.491611533] [sim_executor_bridge_node]: MOVELINE_END_ERR: along=+0.4mm lateral=1.0mm |err|=1.1mm (명령 40mm, BASE)
[INFO] [1789530448.491778306] [sim_executor_bridge_node]: MoveLine 실이동 40.4mm / 명령 40mm
[INFO] [1789530448.491926025] [sim_executor_bridge_node]: MoveLine ok: 40mm / 20 steps / 계획 0.80s 실소요 3.41s (worst step joint delta 0.9deg)
[INFO] [1789530448.536968377] [sim_executor_bridge_node]: MoveLine called (pos=[  0.   0. -40.   0.   0.   0.], ref=1, mode=1)
[INFO] [1789530451.808214068] [sim_executor_bridge_node]: ARM_ARRIVAL MoveLine: 잔차 0.29deg (손끝 2.4mm) / 대기 0.08s
[INFO] [1789530451.812732779] [sim_executor_bridge_node]: MOVELINE_END_ERR: along=-1.9mm lateral=1.4mm |err|=2.3mm (명령 40mm, TOOL)
[INFO] [1789530451.812901332] [sim_executor_bridge_node]: MoveLine 실이동 38.1mm / 명령 40mm
[INFO] [1789530451.813054051] [sim_executor_bridge_node]: MoveLine ok: 40mm / 20 steps / 계획 0.50s 실소요 3.28s (worst step joint delta 0.5deg)
[INFO] [1789530453.723110587] [sim_executor_bridge_node]: SetPosition called to 600
[INFO] [1789530453.723561939] [sim_executor_bridge_node]: GRASP_RELEASE -> /sim/grasp_event
[INFO] [1789530458.895594141] [sim_executor_bridge_node]: MoveSplineJoint called with 12 points
[INFO] [1789530459.871878609] [sim_executor_bridge_node]: ARM_ARRIVAL MoveSpline: 잔차 0.29deg (손끝 2.5mm) / 대기 0.38s
[INFO] [1789530459.872094705] [sim_executor_bridge_node]: MoveSpline ok: 12 pts / 0.58s -> end=[144.6 31.9 10.9 114.4 -65.7 128.3]deg
[INFO] [1789530459.897358742] [sim_executor_bridge_node]: SetPosition called to 600
[INFO] [1789530461.006713420] [sim_executor_bridge_node]: SetPosition called to 600
[INFO] [1789530464.302607405] [sim_executor_bridge_node]: MoveSplineJoint called with 12 points
[INFO] [1789530465.198725164] [sim_executor_bridge_node]: ARM_ARRIVAL MoveSpline: 잔차 0.28deg (손끝 2.9mm) / 대기 0.30s
[INFO] [1789530465.199146158] [sim_executor_bridge_node]: MoveSpline ok: 12 pts / 0.58s -> end=[128.5 19.3 28.9 130.0 -54.3 125.6]deg
[INFO] [1789530465.505589962] [sim_executor_bridge_node]: MoveLine called (pos=[ 0.  0. 45.  0.  0.  0.], ref=1, mode=1)
[INFO] [1789530469.779265474] [sim_executor_bridge_node]: ARM_ARRIVAL MoveLine: 잔차 0.30deg (손끝 1.8mm) / 대기 0.20s
[INFO] [1789530469.780066696] [sim_executor_bridge_node]: MOVELINE_END_ERR: along=+0.8mm lateral=1.7mm |err|=1.9mm (명령 45mm, TOOL)
[INFO] [1789530469.780438415] [sim_executor_bridge_node]: MoveLine 실이동 45.9mm / 명령 45mm
[INFO] [1789530469.780805047] [sim_executor_bridge_node]: MoveLine ok: 45mm / 23 steps / 계획 0.75s 실소요 4.27s (worst step joint delta 1.5deg)
[INFO] [1789530469.815207693] [sim_executor_bridge_node]: MoveLine called (pos=[  0.        0.      -30.00054   0.        0.        0.     ], ref=0, mode=1)
[INFO] [1789530472.914541622] [sim_executor_bridge_node]: ARM_ARRIVAL MoveLine: 잔차 0.24deg (손끝 1.5mm) / 대기 0.10s
[INFO] [1789530472.915107862] [sim_executor_bridge_node]: MOVELINE_END_ERR: along=+0.8mm lateral=1.3mm |err|=1.5mm (명령 30mm, BASE)
[INFO] [1789530472.915296525] [sim_executor_bridge_node]: MoveLine 실이동 30.9mm / 명령 30mm
[INFO] [1789530472.915511121] [sim_executor_bridge_node]: MoveLine ok: 30mm / 16 steps / 계획 0.75s 실소요 3.10s (worst step joint delta 2.3deg)
[INFO] [1789530472.921524091] [sim_executor_bridge_node]: SetPosition called to 700
[INFO] [1789530472.928794537] [sim_executor_bridge_node]: GRASP_JUDGE 줄기기준 along=+12.1mm(조우 -6~27) lateral=5.8mm(허용20) | 과실기준 d_tcp=32.4mm -> CONTACT
[INFO] [1789530472.929053852] [sim_executor_bridge_node]: GRASP_ATTACH 과실 (-250, 783, 740)mm -> /sim/grasp_event
[INFO] [1789530473.323313579] [sim_executor_bridge_node]: MoveLine called (pos=[  0.   0. -40.   0.   0.   0.], ref=0, mode=1)
[INFO] [1789530476.635888502] [sim_executor_bridge_node]: ARM_ARRIVAL MoveLine: 잔차 0.26deg (손끝 1.0mm) / 대기 0.10s
[INFO] [1789530476.636357411] [sim_executor_bridge_node]: MOVELINE_END_ERR: along=+0.4mm lateral=1.0mm |err|=1.1mm (명령 40mm, BASE)
[INFO] [1789530476.636520368] [sim_executor_bridge_node]: MoveLine 실이동 40.5mm / 명령 40mm
[INFO] [1789530476.636667149] [sim_executor_bridge_node]: MoveLine ok: 40mm / 20 steps / 계획 0.80s 실소요 3.31s (worst step joint delta 0.9deg)
[INFO] [1789530476.681004290] [sim_executor_bridge_node]: MoveLine called (pos=[  0.   0. -45.   0.   0.   0.], ref=1, mode=1)
[INFO] [1789530479.939237431] [sim_executor_bridge_node]: ARM_ARRIVAL MoveLine: 잔차 0.28deg (손끝 2.4mm) / 대기 0.06s
[INFO] [1789530479.939910221] [sim_executor_bridge_node]: MOVELINE_END_ERR: along=-2.1mm lateral=1.2mm |err|=2.4mm (명령 45mm, TOOL)
[INFO] [1789530479.940140026] [sim_executor_bridge_node]: MoveLine 실이동 42.9mm / 명령 45mm
[INFO] [1789530479.940326254] [sim_executor_bridge_node]: MoveLine ok: 45mm / 23 steps / 계획 0.56s 실소요 3.26s (worst step joint delta 0.4deg)
[INFO] [1789530481.646665585] [sim_executor_bridge_node]: MoveSplineJoint called with 12 points
[INFO] [1789530483.099031819] [sim_executor_bridge_node]: ARM_ARRIVAL MoveSpline: 잔차 0.28deg (손끝 2.6mm) / 대기 0.42s
[INFO] [1789530483.099439300] [sim_executor_bridge_node]: MoveSpline ok: 12 pts / 1.01s -> end=[11.7 31.5 122.8 183.6 64.0 91.2]deg
[INFO] [1789530483.150927939] [sim_executor_bridge_node]: MoveLine called (pos=[   0.    0. -120.    0.    0.    0.], ref=0, mode=1)
[INFO] [1789530483.151805240] [sim_executor_bridge_node]: MoveLine 120mm: 60 -> 24 steps (5.0mm/step, 자유공간 이송)
[INFO] [1789530488.380120537] [sim_executor_bridge_node]: ARM_ARRIVAL MoveLine: 잔차 0.27deg (손끝 1.5mm) / 대기 0.10s
[INFO] [1789530488.383022275] [sim_executor_bridge_node]: MOVELINE_END_ERR: along=-1.2mm lateral=0.1mm |err|=1.2mm (명령 120mm, BASE)
[INFO] [1789530488.383418898] [sim_executor_bridge_node]: MoveLine 실이동 118.8mm / 명령 120mm
[INFO] [1789530488.383794947] [sim_executor_bridge_node]: MoveLine ok: 120mm / 24 steps / 계획 2.00s 실소요 5.23s (worst step joint delta 0.9deg)
[INFO] [1789530488.410124795] [sim_executor_bridge_node]: SetPosition called to 600
[INFO] [1789530488.410546346] [sim_executor_bridge_node]: GRASP_RELEASE -> /sim/grasp_event
[INFO] [1789530489.674038905] [sim_executor_bridge_node]: MoveSplineJoint called with 12 points
[INFO] [1789530490.587915420] [sim_executor_bridge_node]: ARM_ARRIVAL MoveSpline: 잔차 0.28deg (손끝 1.7mm) / 대기 0.32s
[INFO] [1789530490.588321162] [sim_executor_bridge_node]: MoveSpline ok: 12 pts / 0.58s -> end=[11.7 31.5 122.8 183.6 64.0 91.2]deg
[INFO] [1789530492.695776937] [sim_executor_bridge_node]: MoveSplineJoint called with 12 points
[INFO] [1789530494.607479532] [sim_executor_bridge_node]: ARM_ARRIVAL MoveSpline: 잔차 0.26deg (손끝 3.6mm) / 대기 0.44s
[INFO] [1789530494.607883195] [sim_executor_bridge_node]: MoveSpline ok: 12 pts / 1.43s -> end=[144.6 32.0 10.9 114.4 -65.7 128.3]deg
[INFO] [1789530494.648988166] [sim_executor_bridge_node]: SetPosition called to 600
[INFO] [1789530495.968331722] [sim_executor_bridge_node]: MoveJoint called to [109.8, 54.1, -57.9, 158.6, -90.9, 88.7] (vel=120 acc=180 time=0.00)
[WARN] [1789530495.968564474] [sim_executor_bridge_node]: MOVEJ_OVER_DOOSAN_MOVEIT J3 acc 180>150 — 두산 공식 MoveIt 설정 초과, 자르지 않고 실행
[INFO] [1789530497.206855778] [sim_executor_bridge_node]: MoveJoint profile: span 68.9deg / 1.24s (248 steps)
[INFO] [1789530497.492666467] [sim_executor_bridge_node]: ARM_ARRIVAL MoveJoint: 잔차 0.28deg (손끝 1.0mm) / 대기 0.28s
[INFO] [1789530500.581853718] [sim_executor_bridge_node]: SetPosition called to 600
[INFO] [1789530505.653043058] [sim_executor_bridge_node]: MoveSplineJoint called with 12 points
[INFO] [1789530506.507091052] [sim_executor_bridge_node]: ARM_ARRIVAL MoveSpline: 잔차 0.27deg (손끝 0.7mm) / 대기 0.26s
[INFO] [1789530506.507285152] [sim_executor_bridge_node]: MoveSpline ok: 12 pts / 0.58s -> end=[110.9 47.4 -37.8 158.8 -81.1 94.1]deg
[INFO] [1789530506.856651711] [sim_executor_bridge_node]: MoveLine called (pos=[ 0.  0. 45.  0.  0.  0.], ref=1, mode=1)
[INFO] [1789530510.738639677] [sim_executor_bridge_node]: ARM_ARRIVAL MoveLine: 잔차 0.28deg (손끝 0.7mm) / 대기 0.10s
[INFO] [1789530510.744104021] [sim_executor_bridge_node]: MOVELINE_END_ERR: along=-0.3mm lateral=0.6mm |err|=0.6mm (명령 45mm, TOOL)
[INFO] [1789530510.744267939] [sim_executor_bridge_node]: MoveLine 실이동 44.7mm / 명령 45mm
[INFO] [1789530510.744407955] [sim_executor_bridge_node]: MoveLine ok: 45mm / 23 steps / 계획 0.75s 실소요 3.89s (worst step joint delta 0.7deg)
[INFO] [1789530510.767320684] [sim_executor_bridge_node]: MoveLine called (pos=[  0.        0.      -30.00054   0.        0.        0.     ], ref=0, mode=1)
[INFO] [1789530513.594929500] [sim_executor_bridge_node]: ARM_ARRIVAL MoveLine: 잔차 0.23deg (손끝 0.5mm) / 대기 0.12s
[INFO] [1789530513.595371960] [sim_executor_bridge_node]: MOVELINE_END_ERR: along=-0.2mm lateral=0.4mm |err|=0.5mm (명령 30mm, BASE)
[INFO] [1789530513.595537756] [sim_executor_bridge_node]: MoveLine 실이동 29.8mm / 명령 30mm
[INFO] [1789530513.595871251] [sim_executor_bridge_node]: MoveLine ok: 30mm / 16 steps / 계획 0.75s 실소요 2.83s (worst step joint delta 1.1deg)
[INFO] [1789530513.622674939] [sim_executor_bridge_node]: SetPosition called to 700
[INFO] [1789530513.627770825] [sim_executor_bridge_node]: GRASP_JUDGE 줄기기준 along=+14.2mm(조우 -6~27) lateral=1.5mm(허용20) | 과실기준 d_tcp=36.5mm -> CONTACT
[INFO] [1789530513.628106820] [sim_executor_bridge_node]: GRASP_ATTACH 과실 (-120, 783, 760)mm -> /sim/grasp_event
[INFO] [1789530514.024777660] [sim_executor_bridge_node]: MoveLine called (pos=[  0.   0. -40.   0.   0.   0.], ref=0, mode=1)
[INFO] [1789530517.320333372] [sim_executor_bridge_node]: ARM_ARRIVAL MoveLine: 잔차 0.26deg (손끝 0.7mm) / 대기 0.10s
[INFO] [1789530517.322710641] [sim_executor_bridge_node]: MOVELINE_END_ERR: along=-0.6mm lateral=0.3mm |err|=0.7mm (명령 40mm, BASE)
[INFO] [1789530517.322869534] [sim_executor_bridge_node]: MoveLine 실이동 39.4mm / 명령 40mm
[INFO] [1789530517.323013946] [sim_executor_bridge_node]: MoveLine ok: 40mm / 20 steps / 계획 0.80s 실소요 3.30s (worst step joint delta 0.8deg)
[INFO] [1789530517.331113300] [sim_executor_bridge_node]: MoveLine called (pos=[  0.   0. -45.   0.   0.   0.], ref=1, mode=1)
[INFO] [1789530520.770319414] [sim_executor_bridge_node]: ARM_ARRIVAL MoveLine: 잔차 0.27deg (손끝 1.9mm) / 대기 0.06s
[INFO] [1789530520.771633026] [sim_executor_bridge_node]: MOVELINE_END_ERR: along=-1.6mm lateral=0.1mm |err|=1.6mm (명령 45mm, TOOL)
[INFO] [1789530520.771826740] [sim_executor_bridge_node]: MoveLine 실이동 43.4mm / 명령 45mm
[INFO] [1789530520.772028874] [sim_executor_bridge_node]: MoveLine ok: 45mm / 23 steps / 계획 0.56s 실소요 3.44s (worst step joint delta 0.4deg)
[INFO] [1789530522.483714537] [sim_executor_bridge_node]: SetPosition called to 600
[INFO] [1789530522.484130236] [sim_executor_bridge_node]: GRASP_RELEASE -> /sim/grasp_event
[INFO] [1789530524.114278592] [sim_executor_bridge_node]: MoveSplineJoint called with 12 points
[INFO] [1789530524.866101567] [sim_executor_bridge_node]: ARM_ARRIVAL MoveSpline: 잔차 0.28deg (손끝 3.0mm) / 대기 0.16s
[INFO] [1789530524.866471384] [sim_executor_bridge_node]: MoveSpline ok: 12 pts / 0.58s -> end=[109.8 54.1 -57.9 158.6 -90.9 88.7]deg
[INFO] [1789530524.915321236] [sim_executor_bridge_node]: SetPosition called to 600
[INFO] [1789530525.969467926] [sim_executor_bridge_node]: MoveJoint called to [144.1, 22.9, -1.0, 121.5, -75.3, 108.7] (vel=120 acc=180 time=0.00)
[WARN] [1789530525.969918721] [sim_executor_bridge_node]: MOVEJ_OVER_DOOSAN_MOVEIT J3 acc 180>150 — 두산 공식 MoveIt 설정 초과, 자르지 않고 실행
[INFO] [1789530527.094920820] [sim_executor_bridge_node]: MoveJoint profile: span 56.9deg / 1.12s (225 steps)
[INFO] [1789530527.338682914] [sim_executor_bridge_node]: ARM_ARRIVAL MoveJoint: 잔차 0.24deg (손끝 1.4mm) / 대기 0.24s
[INFO] [1789530530.379267821] [sim_executor_bridge_node]: MoveJoint called to [18.9, 26.0, 1.0, 74.6, 78.2, -115.6] (vel=120 acc=180 time=0.00)
[INFO] [1789530532.916264971] [sim_executor_bridge_node]: MoveJoint profile: span 224.3deg / 2.54s (508 steps)
[INFO] [1789530533.160066815] [sim_executor_bridge_node]: ARM_ARRIVAL MoveJoint: 잔차 0.29deg (손끝 1.0mm) / 대기 0.24s
[INFO] [1789530536.246178313] [sim_executor_bridge_node]: SetPosition called to 600
[INFO] [1789530539.316598554] [sim_executor_bridge_node]: MoveSplineJoint called with 12 points
[INFO] [1789530540.227560353] [sim_executor_bridge_node]: ARM_ARRIVAL MoveSpline: 잔차 0.28deg (손끝 2.3mm) / 대기 0.32s
[INFO] [1789530540.227979269] [sim_executor_bridge_node]: MoveSpline ok: 12 pts / 0.58s -> end=[48.5 25.1 19.9 48.3 62.2 -121.3]deg
[INFO] [1789530540.569779784] [sim_executor_bridge_node]: MoveLine called (pos=[ 0.  0. 45.  0.  0.  0.], ref=1, mode=1)
[WARN] [1789530544.531340121] [sim_executor_bridge_node]: MoveLine IK Failed at step 23/23 (45/45mm, best delta=infdeg)
[INFO] [1789530544.579402059] [sim_executor_bridge_node]: SetPosition called to 600
[INFO] [1789530546.099180832] [sim_executor_bridge_node]: MoveSplineJoint called with 12 points
[INFO] [1789530547.037224028] [sim_executor_bridge_node]: ARM_ARRIVAL MoveSpline: 잔차 0.28deg (손끝 2.5mm) / 대기 0.34s
[INFO] [1789530547.037634155] [sim_executor_bridge_node]: MoveSpline ok: 12 pts / 0.58s -> end=[18.9 26.0 1.0 74.6 78.2 -115.6]deg
[INFO] [1789530548.106090610] [sim_executor_bridge_node]: SetPosition called to 600
[INFO] [1789530553.950796600] [sim_executor_bridge_node]: MoveSplineJoint called with 12 points
[INFO] [1789530554.930025653] [sim_executor_bridge_node]: ARM_ARRIVAL MoveSpline: 잔차 0.30deg (손끝 2.3mm) / 대기 0.38s
[INFO] [1789530554.930217085] [sim_executor_bridge_node]: MoveSpline ok: 12 pts / 0.58s -> end=[57.5 13.1 37.4 45.0 49.4 -122.4]deg
[INFO] [1789530555.254882603] [sim_executor_bridge_node]: MoveLine called (pos=[ 0.  0. 45.  0.  0.  0.], ref=1, mode=1)
[INFO] [1789530559.327978582] [sim_executor_bridge_node]: ARM_ARRIVAL MoveLine: 잔차 0.26deg (손끝 1.6mm) / 대기 0.14s
[INFO] [1789530559.328921470] [sim_executor_bridge_node]: MOVELINE_END_ERR: along=+0.5mm lateral=1.5mm |err|=1.6mm (명령 45mm, TOOL)
[INFO] [1789530559.329310436] [sim_executor_bridge_node]: MoveLine 실이동 45.5mm / 명령 45mm
[INFO] [1789530559.329696985] [sim_executor_bridge_node]: MoveLine ok: 45mm / 23 steps / 계획 0.75s 실소요 4.07s (worst step joint delta 0.7deg)
[INFO] [1789530559.363585044] [sim_executor_bridge_node]: MoveLine called (pos=[  0.        0.      -30.00054   0.        0.        0.     ], ref=0, mode=1)
[INFO] [1789530562.531856430] [sim_executor_bridge_node]: ARM_ARRIVAL MoveLine: 잔차 0.28deg (손끝 1.2mm) / 대기 0.08s
[INFO] [1789530562.534243740] [sim_executor_bridge_node]: MOVELINE_END_ERR: along=+0.4mm lateral=1.1mm |err|=1.2mm (명령 30mm, BASE)
[INFO] [1789530562.534413099] [sim_executor_bridge_node]: MoveLine 실이동 30.4mm / 명령 30mm
[INFO] [1789530562.534563832] [sim_executor_bridge_node]: MoveLine ok: 30mm / 16 steps / 계획 0.75s 실소요 3.17s (worst step joint delta 1.1deg)
[INFO] [1789530562.569292515] [sim_executor_bridge_node]: SetPosition called to 700
[INFO] [1789530562.575679916] [sim_executor_bridge_node]: GRASP_JUDGE 줄기기준 along=+12.5mm(조우 -6~27) lateral=5.2mm(허용20) | 과실기준 d_tcp=32.9mm -> CONTACT
[INFO] [1789530562.576173277] [sim_executor_bridge_node]: GRASP_ATTACH 과실 (200, 783, 740)mm -> /sim/grasp_event
[INFO] [1789530562.970939649] [sim_executor_bridge_node]: MoveLine called (pos=[  0.   0. -40.   0.   0.   0.], ref=0, mode=1)
[INFO] [1789530566.686203235] [sim_executor_bridge_node]: ARM_ARRIVAL MoveLine: 잔차 0.29deg (손끝 0.9mm) / 대기 0.08s
[INFO] [1789530566.687097505] [sim_executor_bridge_node]: MOVELINE_END_ERR: along=+0.1mm lateral=0.9mm |err|=0.9mm (명령 40mm, BASE)
[INFO] [1789530566.687471977] [sim_executor_bridge_node]: MoveLine 실이동 40.1mm / 명령 40mm
[INFO] [1789530566.687835445] [sim_executor_bridge_node]: MoveLine ok: 40mm / 20 steps / 계획 0.80s 실소요 3.72s (worst step joint delta 0.7deg)
[INFO] [1789530566.729238700] [sim_executor_bridge_node]: MoveLine called (pos=[  0.   0. -45.   0.   0.   0.], ref=1, mode=1)
[INFO] [1789530570.164276285] [sim_executor_bridge_node]: ARM_ARRIVAL MoveLine: 잔차 0.30deg (손끝 2.5mm) / 대기 0.06s
[INFO] [1789530570.166180522] [sim_executor_bridge_node]: MOVELINE_END_ERR: along=-2.0mm lateral=1.0mm |err|=2.3mm (명령 45mm, TOOL)
[INFO] [1789530570.166358161] [sim_executor_bridge_node]: MoveLine 실이동 43.0mm / 명령 45mm
[INFO] [1789530570.166559499] [sim_executor_bridge_node]: MoveLine ok: 45mm / 23 steps / 계획 0.56s 실소요 3.44s (worst step joint delta 0.4deg)
[INFO] [1789530571.843072571] [sim_executor_bridge_node]: MoveSplineJoint called with 12 points
[INFO] [1789530573.269291981] [sim_executor_bridge_node]: ARM_ARRIVAL MoveSpline: 잔차 0.23deg (손끝 1.2mm) / 대기 0.48s
[INFO] [1789530573.269562574] [sim_executor_bridge_node]: MoveSpline ok: 12 pts / 0.92s -> end=[14.4 26.5 134.1 6.4 -70.3 -89.3]deg
[INFO] [1789530573.297834687] [sim_executor_bridge_node]: MoveLine called (pos=[   0.    0. -120.    0.    0.    0.], ref=0, mode=1)
[INFO] [1789530573.302476179] [sim_executor_bridge_node]: MoveLine 120mm: 60 -> 24 steps (5.0mm/step, 자유공간 이송)
[INFO] [1789530578.484565611] [sim_executor_bridge_node]: ARM_ARRIVAL MoveLine: 잔차 0.30deg (손끝 1.4mm) / 대기 0.08s
[INFO] [1789530578.485348830] [sim_executor_bridge_node]: MOVELINE_END_ERR: along=-1.4mm lateral=0.1mm |err|=1.5mm (명령 120mm, BASE)
[INFO] [1789530578.485707219] [sim_executor_bridge_node]: MoveLine 실이동 118.6mm / 명령 120mm
[INFO] [1789530578.486040970] [sim_executor_bridge_node]: MoveLine ok: 120mm / 24 steps / 계획 2.00s 실소요 5.18s (worst step joint delta 1.0deg)
[INFO] [1789530578.508388890] [sim_executor_bridge_node]: SetPosition called to 600
[INFO] [1789530578.508645763] [sim_executor_bridge_node]: GRASP_RELEASE -> /sim/grasp_event
[INFO] [1789530579.829083275] [sim_executor_bridge_node]: MoveSplineJoint called with 12 points
[INFO] [1789530580.838339512] [sim_executor_bridge_node]: ARM_ARRIVAL MoveSpline: 잔차 0.26deg (손끝 1.6mm) / 대기 0.30s
[INFO] [1789530580.838552672] [sim_executor_bridge_node]: MoveSpline ok: 12 pts / 0.70s -> end=[14.4 26.5 134.1 6.4 -70.3 -89.3]deg
[INFO] [1789530582.712055104] [sim_executor_bridge_node]: MoveSplineJoint called with 12 points
[INFO] [1789530584.446229786] [sim_executor_bridge_node]: ARM_ARRIVAL MoveSpline: 잔차 0.27deg (손끝 2.2mm) / 대기 0.46s
[INFO] [1789530584.446649583] [sim_executor_bridge_node]: MoveSpline ok: 12 pts / 1.24s -> end=[18.9 26.1 1.0 74.6 78.2 -115.6]deg
[INFO] [1789530584.468687225] [sim_executor_bridge_node]: SetPosition called to 600
[INFO] [1789530585.524355389] [sim_executor_bridge_node]: MoveJoint called to [18.9, 26.0, 1.0, 74.6, 78.2, -115.6] (vel=120 acc=180 time=0.00)
[WARN] [1789530585.524854216] [sim_executor_bridge_node]: MOVEJ_OVER_DOOSAN_MOVEIT J2 acc 180>120 — 두산 공식 MoveIt 설정 초과, 자르지 않고 실행
[INFO] [1789530585.587577690] [sim_executor_bridge_node]: MoveJoint profile: span 0.2deg / 0.06s (13 steps)
[INFO] [1789530585.594857353] [sim_executor_bridge_node]: ARM_ARRIVAL MoveJoint: 잔차 0.18deg (손끝 2.9mm) / 대기 0.00s
[INFO] [1789530588.636663196] [sim_executor_bridge_node]: MoveJoint called to [88.0, -94.9, 129.9, 175.9, -31.3, 93.4] (vel=120 acc=180 time=0.00)
[INFO] [1789530591.046464831] [sim_executor_bridge_node]: MoveJoint profile: span 209.0deg / 2.41s (482 steps)
[INFO] [1789530591.350781164] [sim_executor_bridge_node]: ARM_ARRIVAL MoveJoint: 잔차 0.28deg (손끝 1.2mm) / 대기 0.30s
[INFO] [1789530591.391539791] [sim_executor_bridge_node]: MoveJoint called to [150.3, -11.9, 109.1, 262.2, 63.3, 10.5] (vel=120 acc=180 time=0.00)
[WARN] [1789530591.391828708] [sim_executor_bridge_node]: MOVEJ_OVER_DOOSAN_MOVEIT J2 acc 158>120 — 두산 공식 MoveIt 설정 초과, 자르지 않고 실행
[INFO] [1789530592.847836280] [sim_executor_bridge_node]: MoveJoint profile: span 94.6deg / 1.46s (292 steps)
[INFO] [1789530593.156148180] [sim_executor_bridge_node]: ARM_ARRIVAL MoveJoint: 잔차 0.28deg (손끝 1.8mm) / 대기 0.30s
[INFO] [1789530596.420732357] [sim_executor_bridge_node]: MoveJoint called to [114.4, -8.5, 122.1, 227.1, 37.6, 48.3] (vel=120 acc=180 time=0.00)
[WARN] [1789530596.421227141] [sim_executor_bridge_node]: MOVEJ_OVER_DOOSAN_MOVEIT J1 acc 171>120 — 두산 공식 MoveIt 설정 초과, 자르지 않고 실행
[INFO] [1789530597.339644592] [sim_executor_bridge_node]: MoveJoint profile: span 37.8deg / 0.92s (184 steps)
[INFO] [1789530597.628191523] [sim_executor_bridge_node]: ARM_ARRIVAL MoveJoint: 잔차 0.27deg (손끝 1.4mm) / 대기 0.28s
[INFO] [1789530600.735863118] [sim_executor_bridge_node]: SetPosition called to 600
[INFO] [1789530603.577497125] [sim_executor_bridge_node]: MoveSplineJoint called with 12 points
[INFO] [1789530604.696228235] [sim_executor_bridge_node]: ARM_ARRIVAL MoveSpline: 잔차 0.26deg (손끝 1.2mm) / 대기 0.42s
[INFO] [1789530604.696619812] [sim_executor_bridge_node]: MoveSpline ok: 12 pts / 0.68s -> end=[107.3 -5.6 93.9 304.4 20.8 -32.4]deg
[INFO] [1789530605.032277710] [sim_executor_bridge_node]: MoveLine called (pos=[ 0.  0. 45.  0.  0.  0.], ref=1, mode=1)
[INFO] [1789530608.739066175] [sim_executor_bridge_node]: ARM_ARRIVAL MoveLine: 잔차 0.27deg (손끝 1.9mm) / 대기 0.02s
[INFO] [1789530608.739647065] [sim_executor_bridge_node]: MOVELINE_END_ERR: along=-1.5mm lateral=0.4mm |err|=1.5mm (명령 45mm, TOOL)
[INFO] [1789530608.739879544] [sim_executor_bridge_node]: MoveLine 실이동 43.5mm / 명령 45mm
[INFO] [1789530608.740082577] [sim_executor_bridge_node]: MoveLine ok: 45mm / 23 steps / 계획 0.75s 실소요 3.71s (worst step joint delta 0.3deg)
[INFO] [1789530608.790625290] [sim_executor_bridge_node]: MoveLine called (pos=[  0.           0.         -32.60535644   0.           0.
   0.        ], ref=0, mode=1)
[INFO] [1789530611.804056773] [sim_executor_bridge_node]: ARM_ARRIVAL MoveLine: 잔차 0.28deg (손끝 0.3mm) / 대기 0.14s
[INFO] [1789530611.805639707] [sim_executor_bridge_node]: MOVELINE_END_ERR: along=-0.1mm lateral=0.2mm |err|=0.2mm (명령 33mm, BASE)
[INFO] [1789530611.805983693] [sim_executor_bridge_node]: MoveLine 실이동 32.5mm / 명령 33mm
[INFO] [1789530611.806313343] [sim_executor_bridge_node]: MoveLine ok: 33mm / 17 steps / 계획 0.82s 실소요 3.01s (worst step joint delta 1.0deg)
[INFO] [1789530611.847557325] [sim_executor_bridge_node]: SetPosition called to 700
[INFO] [1789530611.852551647] [sim_executor_bridge_node]: GRASP_JUDGE 줄기기준 along=+14.8mm(조우 -6~27) lateral=4.0mm(허용20) | 과실기준 d_tcp=37.0mm -> CONTACT
[INFO] [1789530611.852987771] [sim_executor_bridge_node]: GRASP_ATTACH 과실 (-100, 783, 440)mm -> /sim/grasp_event
[INFO] [1789530612.249038601] [sim_executor_bridge_node]: MoveLine called (pos=[  0.   0. -40.   0.   0.   0.], ref=0, mode=1)
[INFO] [1789530615.823062016] [sim_executor_bridge_node]: ARM_ARRIVAL MoveLine: 잔차 0.26deg (손끝 0.2mm) / 대기 0.20s
[INFO] [1789530615.823889747] [sim_executor_bridge_node]: MOVELINE_END_ERR: along=+0.0mm lateral=0.2mm |err|=0.2mm (명령 40mm, BASE)
[INFO] [1789530615.824114391] [sim_executor_bridge_node]: MoveLine 실이동 40.0mm / 명령 40mm
[INFO] [1789530615.824334939] [sim_executor_bridge_node]: MoveLine ok: 40mm / 20 steps / 계획 0.80s 실소요 3.57s (worst step joint delta 1.2deg)
[INFO] [1789530615.856365924] [sim_executor_bridge_node]: MoveLine called (pos=[  0.   0. -45.   0.   0.   0.], ref=1, mode=1)
[INFO] [1789530619.482279827] [sim_executor_bridge_node]: ARM_ARRIVAL MoveLine: 잔차 0.29deg (손끝 2.0mm) / 대기 0.06s
[INFO] [1789530619.482818355] [sim_executor_bridge_node]: MOVELINE_END_ERR: along=-1.7mm lateral=0.3mm |err|=1.7mm (명령 45mm, TOOL)
[INFO] [1789530619.483026341] [sim_executor_bridge_node]: MoveLine 실이동 43.3mm / 명령 45mm
[INFO] [1789530619.483197151] [sim_executor_bridge_node]: MoveLine ok: 45mm / 23 steps / 계획 0.56s 실소요 3.62s (worst step joint delta 0.3deg)
[INFO] [1789530621.109566319] [sim_executor_bridge_node]: MoveSplineJoint called with 12 points
[INFO] [1789530622.750384201] [sim_executor_bridge_node]: ARM_ARRIVAL MoveSpline: 잔차 0.28deg (손끝 0.5mm) / 대기 0.72s
[INFO] [1789530622.750770270] [sim_executor_bridge_node]: MoveSpline ok: 12 pts / 0.89s -> end=[0.7 30.9 124.1 351.5 -64.9 -83.6]deg
[INFO] [1789530622.763349825] [sim_executor_bridge_node]: MoveLine called (pos=[   0.    0. -120.    0.    0.    0.], ref=0, mode=1)
[INFO] [1789530622.767847019] [sim_executor_bridge_node]: MoveLine 120mm: 60 -> 24 steps (5.0mm/step, 자유공간 이송)
[INFO] [1789530627.908219345] [sim_executor_bridge_node]: ARM_ARRIVAL MoveLine: 잔차 0.26deg (손끝 1.4mm) / 대기 0.08s
[INFO] [1789530627.910769127] [sim_executor_bridge_node]: MOVELINE_END_ERR: along=-1.4mm lateral=0.1mm |err|=1.4mm (명령 120mm, BASE)
[INFO] [1789530627.910943093] [sim_executor_bridge_node]: MoveLine 실이동 118.6mm / 명령 120mm
[INFO] [1789530627.911311738] [sim_executor_bridge_node]: MoveLine ok: 120mm / 24 steps / 계획 2.00s 실소요 5.14s (worst step joint delta 0.9deg)
[INFO] [1789530627.924196736] [sim_executor_bridge_node]: SetPosition called to 600
[INFO] [1789530627.924645568] [sim_executor_bridge_node]: GRASP_RELEASE -> /sim/grasp_event
[INFO] [1789530629.045659557] [sim_executor_bridge_node]: MoveSplineJoint called with 12 points
[INFO] [1789530630.703472006] [sim_executor_bridge_node]: ARM_ARRIVAL MoveSpline: 잔차 0.26deg (손끝 0.6mm) / 대기 0.34s
[INFO] [1789530630.703666711] [sim_executor_bridge_node]: MoveSpline ok: 12 pts / 1.30s -> end=[0.7 30.9 124.1 351.5 -64.9 -83.6]deg
[INFO] [1789530632.553359393] [sim_executor_bridge_node]: MoveSplineJoint called with 12 points
[INFO] [1789530634.464514834] [sim_executor_bridge_node]: ARM_ARRIVAL MoveSpline: 잔차 0.28deg (손끝 2.2mm) / 대기 0.40s
[INFO] [1789530634.464707160] [sim_executor_bridge_node]: MoveSpline ok: 12 pts / 1.48s -> end=[114.4 -8.5 122.1 227.1 37.7 48.3]deg
[INFO] [1789530634.509367014] [sim_executor_bridge_node]: SetPosition called to 600
[INFO] [1789530635.759106539] [sim_executor_bridge_node]: MoveJoint called to [146.3, 15.8, 65.3, 271.2, 58.3, -7.7] (vel=120 acc=180 time=0.00)
[WARN] [1789530635.759421116] [sim_executor_bridge_node]: MOVEJ_OVER_DOOSAN_MOVEIT J3 acc 180>150 — 두산 공식 MoveIt 설정 초과, 자르지 않고 실행
[INFO] [1789530636.884718059] [sim_executor_bridge_node]: MoveJoint profile: span 56.9deg / 1.12s (225 steps)
[INFO] [1789530637.171996778] [sim_executor_bridge_node]: ARM_ARRIVAL MoveJoint: 잔차 0.27deg (손끝 1.7mm) / 대기 0.28s
[INFO] [1789530640.272046001] [sim_executor_bridge_node]: SetPosition called to 600
[INFO] [1789530643.196523839] [sim_executor_bridge_node]: MoveSplineJoint called with 12 points
[INFO] [1789530644.108499212] [sim_executor_bridge_node]: ARM_ARRIVAL MoveSpline: 잔차 0.29deg (손끝 1.9mm) / 대기 0.32s
[INFO] [1789530644.108890518] [sim_executor_bridge_node]: MoveSpline ok: 12 pts / 0.58s -> end=[127.9 6.3 72.7 297.8 43.1 -27.5]deg
[INFO] [1789530644.448972882] [sim_executor_bridge_node]: MoveLine called (pos=[ 0.  0. 45.  0.  0.  0.], ref=1, mode=1)
[INFO] [1789530648.115261042] [sim_executor_bridge_node]: ARM_ARRIVAL MoveLine: 잔차 0.29deg (손끝 1.9mm) / 대기 0.00s
[INFO] [1789530648.115683701] [sim_executor_bridge_node]: MOVELINE_END_ERR: along=-1.8mm lateral=0.6mm |err|=1.9mm (명령 45mm, TOOL)
[INFO] [1789530648.116047043] [sim_executor_bridge_node]: MoveLine 실이동 43.2mm / 명령 45mm
[INFO] [1789530648.116415405] [sim_executor_bridge_node]: MoveLine ok: 45mm / 23 steps / 계획 0.75s 실소요 3.67s (worst step joint delta 0.2deg)
[INFO] [1789530648.157515646] [sim_executor_bridge_node]: MoveLine called (pos=[  0.           0.         -32.60535644   0.           0.
   0.        ], ref=0, mode=1)
[INFO] [1789530651.520197226] [sim_executor_bridge_node]: ARM_ARRIVAL MoveLine: 잔차 0.30deg (손끝 0.8mm) / 대기 0.06s
[INFO] [1789530651.521021282] [sim_executor_bridge_node]: MOVELINE_END_ERR: along=-0.7mm lateral=0.3mm |err|=0.8mm (명령 33mm, BASE)
[INFO] [1789530651.521373352] [sim_executor_bridge_node]: MoveLine 실이동 31.9mm / 명령 33mm
[INFO] [1789530651.521749230] [sim_executor_bridge_node]: MoveLine ok: 33mm / 17 steps / 계획 0.82s 실소요 3.36s (worst step joint delta 0.4deg)
[INFO] [1789530651.565174189] [sim_executor_bridge_node]: SetPosition called to 700
[INFO] [1789530651.571031756] [sim_executor_bridge_node]: GRASP_JUDGE 줄기기준 along=+15.1mm(조우 -6~27) lateral=3.9mm(허용20) | 과실기준 d_tcp=37.2mm -> CONTACT
[INFO] [1789530651.571313170] [sim_executor_bridge_node]: GRASP_ATTACH 과실 (-250, 783, 500)mm -> /sim/grasp_event
[INFO] [1789530651.967214984] [sim_executor_bridge_node]: MoveLine called (pos=[  0.   0. -40.   0.   0.   0.], ref=0, mode=1)
[INFO] [1789530655.380796506] [sim_executor_bridge_node]: ARM_ARRIVAL MoveLine: 잔차 0.25deg (손끝 0.6mm) / 대기 0.10s
[INFO] [1789530655.382921577] [sim_executor_bridge_node]: MOVELINE_END_ERR: along=-0.3mm lateral=0.3mm |err|=0.4mm (명령 40mm, BASE)
[INFO] [1789530655.383081455] [sim_executor_bridge_node]: MoveLine 실이동 39.7mm / 명령 40mm
[INFO] [1789530655.383221226] [sim_executor_bridge_node]: MoveLine ok: 40mm / 20 steps / 계획 0.80s 실소요 3.41s (worst step joint delta 0.5deg)
[INFO] [1789530655.424694201] [sim_executor_bridge_node]: MoveLine called (pos=[  0.   0. -45.   0.   0.   0.], ref=1, mode=1)
[INFO] [1789530658.963009615] [sim_executor_bridge_node]: ARM_ARRIVAL MoveLine: 잔차 0.29deg (손끝 2.4mm) / 대기 0.04s
[INFO] [1789530658.963805035] [sim_executor_bridge_node]: MOVELINE_END_ERR: along=-2.3mm lateral=0.4mm |err|=2.4mm (명령 45mm, TOOL)
[INFO] [1789530658.964168406] [sim_executor_bridge_node]: MoveLine 실이동 42.7mm / 명령 45mm
[INFO] [1789530658.964526974] [sim_executor_bridge_node]: MoveLine ok: 45mm / 23 steps / 계획 0.56s 실소요 3.54s (worst step joint delta 0.2deg)
[INFO] [1789530660.774950718] [sim_executor_bridge_node]: MoveSplineJoint called with 12 points
[INFO] [1789530662.319692937] [sim_executor_bridge_node]: ARM_ARRIVAL MoveSpline: 잔차 0.27deg (손끝 1.7mm) / 대기 0.46s
[INFO] [1789530662.319912033] [sim_executor_bridge_node]: MoveSpline ok: 12 pts / 1.06s -> end=[0.8 26.1 135.0 171.9 71.1 95.4]deg
[INFO] [1789530662.329922312] [sim_executor_bridge_node]: MoveLine called (pos=[   0.    0. -120.    0.    0.    0.], ref=0, mode=1)
[INFO] [1789530662.333588266] [sim_executor_bridge_node]: MoveLine 120mm: 60 -> 24 steps (5.0mm/step, 자유공간 이송)
[INFO] [1789530667.432444382] [sim_executor_bridge_node]: ARM_ARRIVAL MoveLine: 잔차 0.26deg (손끝 1.2mm) / 대기 0.10s
[INFO] [1789530667.433297241] [sim_executor_bridge_node]: MOVELINE_END_ERR: along=-1.2mm lateral=0.1mm |err|=1.2mm (명령 120mm, BASE)
[INFO] [1789530667.433694729] [sim_executor_bridge_node]: MoveLine 실이동 118.8mm / 명령 120mm
[INFO] [1789530667.434044294] [sim_executor_bridge_node]: MoveLine ok: 120mm / 24 steps / 계획 2.00s 실소요 5.10s (worst step joint delta 1.0deg)
[INFO] [1789530667.439582651] [sim_executor_bridge_node]: SetPosition called to 600
[INFO] [1789530667.439882564] [sim_executor_bridge_node]: GRASP_RELEASE -> /sim/grasp_event
[INFO] [1789530668.558239781] [sim_executor_bridge_node]: MoveSplineJoint called with 12 points
[INFO] [1789530669.626932046] [sim_executor_bridge_node]: ARM_ARRIVAL MoveSpline: 잔차 0.25deg (손끝 1.5mm) / 대기 0.30s
[INFO] [1789530669.627135915] [sim_executor_bridge_node]: MoveSpline ok: 12 pts / 0.76s -> end=[0.9 26.1 135.0 172.0 71.0 95.4]deg
[INFO] [1789530671.409529873] [sim_executor_bridge_node]: MoveSplineJoint called with 12 points
[INFO] [1789530673.109730909] [sim_executor_bridge_node]: ARM_ARRIVAL MoveSpline: 잔차 0.27deg (손끝 2.9mm) / 대기 0.46s
[INFO] [1789530673.110018713] [sim_executor_bridge_node]: MoveSpline ok: 12 pts / 1.21s -> end=[146.3 15.8 65.3 271.2 58.3 -7.7]deg
[INFO] [1789530673.113872436] [sim_executor_bridge_node]: SetPosition called to 600
[INFO] [1789530674.485708429] [sim_executor_bridge_node]: MoveJoint called to [129.1, -28.0, 104.4, 279.8, 42.0, -15.8] (vel=120 acc=180 time=0.00)
[WARN] [1789530674.486186869] [sim_executor_bridge_node]: MOVEJ_OVER_DOOSAN_MOVEIT J2 acc 180>120  J3 acc 160>150 — 두산 공식 MoveIt 설정 초과, 자르지 않고 실행
[INFO] [1789530675.474609278] [sim_executor_bridge_node]: MoveJoint profile: span 43.9deg / 0.99s (198 steps)
[INFO] [1789530675.757345984] [sim_executor_bridge_node]: ARM_ARRIVAL MoveJoint: 잔차 0.27deg (손끝 1.7mm) / 대기 0.28s
[INFO] [1789530678.848110892] [sim_executor_bridge_node]: SetPosition called to 600
[INFO] [1789530681.857918104] [sim_executor_bridge_node]: MoveSplineJoint called with 12 points
[INFO] [1789530682.877771624] [sim_executor_bridge_node]: ARM_ARRIVAL MoveSpline: 잔차 0.27deg (손끝 1.0mm) / 대기 0.42s
[INFO] [1789530682.878079959] [sim_executor_bridge_node]: MoveSpline ok: 12 pts / 0.58s -> end=[124.4 6.2 63.2 308.9 45.6 -41.6]deg
[INFO] [1789530683.209990440] [sim_executor_bridge_node]: MoveLine called (pos=[ 0.  0. 45.  0.  0.  0.], ref=1, mode=1)
[INFO] [1789530686.963487887] [sim_executor_bridge_node]: ARM_ARRIVAL MoveLine: 잔차 0.28deg (손끝 1.6mm) / 대기 0.02s
[INFO] [1789530686.965950226] [sim_executor_bridge_node]: MOVELINE_END_ERR: along=-1.1mm lateral=0.7mm |err|=1.3mm (명령 45mm, TOOL)
[INFO] [1789530686.966131676] [sim_executor_bridge_node]: MoveLine 실이동 43.9mm / 명령 45mm
[INFO] [1789530686.966282627] [sim_executor_bridge_node]: MoveLine ok: 45mm / 23 steps / 계획 0.75s 실소요 3.75s (worst step joint delta 0.3deg)
[INFO] [1789530687.017693203] [sim_executor_bridge_node]: MoveLine called (pos=[  0.           0.         -32.60535644   0.           0.
   0.        ], ref=0, mode=1)
[INFO] [1789530690.001653982] [sim_executor_bridge_node]: ARM_ARRIVAL MoveLine: 잔차 0.26deg (손끝 0.7mm) / 대기 0.06s
[INFO] [1789530690.003640395] [sim_executor_bridge_node]: MOVELINE_END_ERR: along=-0.4mm lateral=0.5mm |err|=0.6mm (명령 33mm, BASE)
[INFO] [1789530690.003792370] [sim_executor_bridge_node]: MoveLine 실이동 32.2mm / 명령 33mm
[INFO] [1789530690.003934318] [sim_executor_bridge_node]: MoveLine ok: 33mm / 17 steps / 계획 0.82s 실소요 2.98s (worst step joint delta 0.5deg)
[INFO] [1789530690.024820539] [sim_executor_bridge_node]: SetPosition called to 700
[INFO] [1789530690.028148399] [sim_executor_bridge_node]: GRASP_JUDGE 줄기기준 along=+14.1mm(조우 -6~27) lateral=4.4mm(허용20) | 과실기준 d_tcp=36.3mm -> CONTACT
[INFO] [1789530690.028617137] [sim_executor_bridge_node]: GRASP_ATTACH 과실 (-220, 783, 560)mm -> /sim/grasp_event
[INFO] [1789530690.426147689] [sim_executor_bridge_node]: MoveLine called (pos=[  0.   0. -40.   0.   0.   0.], ref=0, mode=1)
[INFO] [1789530693.955165155] [sim_executor_bridge_node]: ARM_ARRIVAL MoveLine: 잔차 0.27deg (손끝 0.7mm) / 대기 0.08s
[INFO] [1789530693.957762234] [sim_executor_bridge_node]: MOVELINE_END_ERR: along=-0.4mm lateral=0.4mm |err|=0.6mm (명령 40mm, BASE)
[INFO] [1789530693.958155821] [sim_executor_bridge_node]: MoveLine 실이동 39.6mm / 명령 40mm
[INFO] [1789530693.958499260] [sim_executor_bridge_node]: MoveLine ok: 40mm / 20 steps / 계획 0.80s 실소요 3.53s (worst step joint delta 0.5deg)
[INFO] [1789530693.984367674] [sim_executor_bridge_node]: MoveLine called (pos=[  0.   0. -45.   0.   0.   0.], ref=1, mode=1)
[INFO] [1789530697.465062625] [sim_executor_bridge_node]: ARM_ARRIVAL MoveLine: 잔차 0.30deg (손끝 2.5mm) / 대기 0.04s
[INFO] [1789530697.467976091] [sim_executor_bridge_node]: MOVELINE_END_ERR: along=-2.1mm lateral=0.5mm |err|=2.2mm (명령 45mm, TOOL)
[INFO] [1789530697.468237954] [sim_executor_bridge_node]: MoveLine 실이동 42.9mm / 명령 45mm
[INFO] [1789530697.468419729] [sim_executor_bridge_node]: MoveLine ok: 45mm / 23 steps / 계획 0.56s 실소요 3.48s (worst step joint delta 0.3deg)
[INFO] [1789530699.339891670] [sim_executor_bridge_node]: MoveSplineJoint called with 12 points
[INFO] [1789530700.956274306] [sim_executor_bridge_node]: ARM_ARRIVAL MoveSpline: 잔차 0.22deg (손끝 2.3mm) / 대기 0.46s
[INFO] [1789530700.956695183] [sim_executor_bridge_node]: MoveSpline ok: 12 pts / 1.12s -> end=[-10.3 31.3 123.1 339.3 -65.5 -78.4]deg
[INFO] [1789530700.994365146] [sim_executor_bridge_node]: MoveLine called (pos=[   0.    0. -120.    0.    0.    0.], ref=0, mode=1)
[INFO] [1789530700.996169009] [sim_executor_bridge_node]: MoveLine 120mm: 60 -> 24 steps (5.0mm/step, 자유공간 이송)
[INFO] [1789530706.183378128] [sim_executor_bridge_node]: ARM_ARRIVAL MoveLine: 잔차 0.26deg (손끝 1.4mm) / 대기 0.10s
[INFO] [1789530706.187066117] [sim_executor_bridge_node]: MOVELINE_END_ERR: along=-1.2mm lateral=0.1mm |err|=1.2mm (명령 120mm, BASE)
[INFO] [1789530706.187427426] [sim_executor_bridge_node]: MoveLine 실이동 118.8mm / 명령 120mm
[INFO] [1789530706.187758303] [sim_executor_bridge_node]: MoveLine ok: 120mm / 24 steps / 계획 2.00s 실소요 5.19s (worst step joint delta 0.9deg)
[INFO] [1789530706.205424749] [sim_executor_bridge_node]: SetPosition called to 600
[INFO] [1789530706.205849377] [sim_executor_bridge_node]: GRASP_RELEASE -> /sim/grasp_event
[INFO] [1789530707.406938899] [sim_executor_bridge_node]: MoveSplineJoint called with 12 points
[INFO] [1789530708.667836463] [sim_executor_bridge_node]: ARM_ARRIVAL MoveSpline: 잔차 0.25deg (손끝 0.9mm) / 대기 0.34s
[INFO] [1789530708.668035300] [sim_executor_bridge_node]: MoveSpline ok: 12 pts / 0.91s -> end=[-10.3 31.3 123.1 339.3 -65.5 -78.4]deg
[INFO] [1789530710.430109297] [sim_executor_bridge_node]: MoveSplineJoint called with 12 points
[INFO] [1789530712.043662198] [sim_executor_bridge_node]: ARM_ARRIVAL MoveSpline: 잔차 0.28deg (손끝 1.9mm) / 대기 0.42s
[INFO] [1789530712.043869550] [sim_executor_bridge_node]: MoveSpline ok: 12 pts / 1.16s -> end=[129.1 -28.0 104.4 279.8 42.0 -15.8]deg
[INFO] [1789530712.083070895] [sim_executor_bridge_node]: SetPosition called to 600
[INFO] [1789530713.136926621] [sim_executor_bridge_node]: MoveJoint called to [150.3, -11.9, 109.1, 262.2, 63.3, 10.5] (vel=120 acc=180 time=0.00)
[WARN] [1789530713.137336013] [sim_executor_bridge_node]: MOVEJ_OVER_DOOSAN_MOVEIT J1 acc 145>120 — 두산 공식 MoveIt 설정 초과, 자르지 않고 실행
[INFO] [1789530713.901453547] [sim_executor_bridge_node]: MoveJoint profile: span 26.2deg / 0.76s (153 steps)
[INFO] [1789530714.167207250] [sim_executor_bridge_node]: ARM_ARRIVAL MoveJoint: 잔차 0.28deg (손끝 1.7mm) / 대기 0.26s
[INFO] [1789530717.197152994] [sim_executor_bridge_node]: MoveJoint called to [88.0, -94.9, 129.9, 175.9, -31.3, 93.4] (vel=120 acc=180 time=0.00)
[WARN] [1789530717.197612215] [sim_executor_bridge_node]: MOVEJ_OVER_DOOSAN_MOVEIT J2 acc 158>120 — 두산 공식 MoveIt 설정 초과, 자르지 않고 실행
[INFO] [1789530718.654024684] [sim_executor_bridge_node]: MoveJoint profile: span 94.7deg / 1.46s (292 steps)
[INFO] [1789530718.980527895] [sim_executor_bridge_node]: ARM_ARRIVAL MoveJoint: 잔차 0.26deg (손끝 1.4mm) / 대기 0.32s
