[INFO] [1789062766.684751431] [scan_executor_node]: Loaded 4 scan targets from /home/oceanshape/strawberry_grasp_environment/install/strawberry_motion/share/strawberry_motion/config/scan_pose_candidates_refit_candidate.yaml
[INFO] [1789062766.684965498] [scan_executor_node]: MoveJoint speeds: scan vel=120.0 acc=180.0, overview return vel=120.0 acc=180.0
[INFO] [1789062766.685120287] [scan_executor_node]: MoveJoint service dispatch timeout: 30.0s; arrival is verified from /joint_states
[INFO] [1789062766.692924810] [scan_executor_node]: scan_executor_node ready; explicit /strawberry/scan/start required
[INFO] [1789062810.501230784] [scan_executor_node]: START_ACCEPTED explicit request; initial pose verified
[INFO] [1789062810.502242606] [scan_executor_node]: TRAVERSAL_SCAN_STARTED cells=['root/nw', 'root/ne', 'root/se', 'root/sw'] (4/4 quadrants)
[INFO] [1789062810.502730534] [scan_executor_node]: OVERVIEW_SCAN_STARTED — scene_positions 로 분면별 익은 과실 판정, 최대 3.0s
[INFO] [1789062813.506037540] [scan_executor_node]: OVERVIEW_SCAN nw:2  ne:1  se:0  sw:3
[INFO] [1789062813.507288892] [scan_executor_node]: TRAVERSAL_PRUNED skip=['root/se'] — overview 1차 스캔에서 익은 과실 0개
[INFO] [1789062813.507952074] [scan_executor_node]: MOVING_TO root/nw  endpoint_deg=[144.1 22.9 -1.0 -238.5 -75.3 108.7]  (direct MoveJoint, YAML pose)
[INFO] [1789062813.508397049] [scan_executor_node]: Joint equivalent rewrite J4 -238.5 -> 121.5 deg (current 175.9, shorter by 360.0 deg)
[INFO] [1789062813.508857653] [scan_executor_node]: Joint equivalent rewrite J4 -238.5 -> 121.5 deg (current 175.9, shorter by 360.0 deg)
[INFO] [1789062814.811339074] [scan_executor_node]: MoveJoint response: success=True  target=[144.1 22.9 -1.0 121.5 -75.3 108.7]  vel=120.0  acc=180.0
[INFO] [1789062814.812056832] [scan_executor_node]: AT_SCAN_POSE root/nw joints_deg=[144.1 22.9 -0.8 121.5 -75.3 108.7] — adaptive detection wait up to 3.0s
[INFO] [1789062817.817217040] [scan_executor_node]: TARGET_FOUND root/nw 6 pick candidate(s) detected
[INFO] [1789062817.817843479] [scan_executor_node]: SUBCELL_SCAN_ORDER root/nw root/nw/sw:1  root/nw/se:1  root/nw/nw:0  root/nw/ne:0
[INFO] [1789062817.818443837] [scan_executor_node]: PICK_SEQUENCE_START root/nw/sw — 1 candidate targets (raw=1 skipped_attempted=0)
[INFO] [1789062817.818867755] [scan_executor_node]: PICK_ALL_DETECTED_TARGETS root/nw/sw timeout=60s max_total_picks=0
[INFO] [1789062817.819293801] [scan_executor_node]: PICK_ATTEMPT_BLACKLIST_ADD pos=(-250,783,740)mm radius=25mm
[INFO] [1789062817.819774157] [scan_executor_node]: PICK_TRIGGER root/nw/sw 1/1 pos=(-250,783,740)mm
[INFO] [1789062854.594178943] [scan_executor_node]: PICK_ATTEMPT_DONE root/nw/sw 1/1 — planner sequence ended (success is verified by gripper/manual KPI, not this Empty topic)
[INFO] [1789062854.594576211] [scan_executor_node]: PICK_ATTEMPT_SETTLE 1.0s before next target
[INFO] [1789062855.596026711] [scan_executor_node]: PICK_SEQUENCE_DONE root/nw/sw — 1/1 attempted
[INFO] [1789062855.596730644] [scan_executor_node]: PICK_SEQUENCE_START root/nw/se — 1 candidate targets (raw=1 skipped_attempted=0)
[INFO] [1789062855.597115756] [scan_executor_node]: PICK_ALL_DETECTED_TARGETS root/nw/se timeout=60s max_total_picks=0
[INFO] [1789062855.597514233] [scan_executor_node]: PICK_ATTEMPT_BLACKLIST_ADD pos=(-120,783,760)mm radius=25mm
[INFO] [1789062855.597955444] [scan_executor_node]: PICK_TRIGGER root/nw/se 1/1 pos=(-120,783,760)mm
[INFO] [1789062886.453666507] [scan_executor_node]: PICK_ATTEMPT_DONE root/nw/se 1/1 — planner sequence ended (success is verified by gripper/manual KPI, not this Empty topic)
[INFO] [1789062886.454096439] [scan_executor_node]: PICK_ATTEMPT_SETTLE 1.0s before next target
[INFO] [1789062887.454985888] [scan_executor_node]: PICK_SEQUENCE_DONE root/nw/se — 1/1 attempted
[INFO] [1789062887.455501529] [scan_executor_node]: SUBCELL_EMPTY root/nw/nw no pick candidate
[INFO] [1789062887.455967556] [scan_executor_node]: SUBCELL_EMPTY root/nw/ne no pick candidate
[INFO] [1789062887.456400863] [scan_executor_node]: INTER_CELL_DIRECT — no overview reset; continuing to next cell
[INFO] [1789062887.456619315] [scan_executor_node]: CELL_RESCAN_AFTER_PICK root/nw pass=1 — checking remaining targets
[INFO] [1789062887.456888754] [scan_executor_node]: MOVING_TO root/nw  endpoint_deg=[144.1 22.9 -1.0 -238.5 -75.3 108.7]  (direct MoveJoint, YAML pose)
[INFO] [1789062887.457093943] [scan_executor_node]: Joint equivalent rewrite J4 -238.5 -> 121.5 deg (current 121.5, shorter by 360.0 deg)
[INFO] [1789062887.457292639] [scan_executor_node]: Joint equivalent rewrite J4 -238.5 -> 121.5 deg (current 121.5, shorter by 360.0 deg)
[INFO] [1789062887.507696913] [scan_executor_node]: MoveJoint response: success=True  target=[144.1 22.9 -1.0 121.5 -75.3 108.7]  vel=120.0  acc=180.0
[INFO] [1789062887.508108620] [scan_executor_node]: AT_SCAN_POSE root/nw joints_deg=[144.1 23.0 -0.9 121.5 -75.3 108.7] — adaptive detection wait up to 3.0s
[INFO] [1789062890.512281045] [scan_executor_node]: SCANNED_EMPTY root/nw no detection in dwell window
[INFO] [1789062890.512521227] [scan_executor_node]: INTER_CELL_DIRECT — no overview reset; continuing to next cell
[INFO] [1789062890.512822744] [scan_executor_node]: MOVING_TO root/ne  endpoint_deg=[18.9 26.0 1.0 74.6 78.2 -115.6]  (direct MoveJoint, YAML pose)
[INFO] [1789062890.513027695] [scan_executor_node]: Joint equivalent rewrite J6 -115.6 -> 244.4 deg (current 108.7, shorter by 88.6 deg)
[INFO] [1789062890.513269683] [scan_executor_node]: Joint equivalent rewrite J6 -115.6 -> 244.4 deg (current 108.7, shorter by 88.6 deg)
[INFO] [1789062891.915437217] [scan_executor_node]: MoveJoint response: success=True  target=[18.9 26.0 1.0 74.6 78.2 244.4]  vel=120.0  acc=180.0
[INFO] [1789062891.915844122] [scan_executor_node]: AT_SCAN_POSE root/ne joints_deg=[18.9 26.1 1.2 74.6 78.4 244.5] — adaptive detection wait up to 3.0s
[INFO] [1789062894.920859353] [scan_executor_node]: TARGET_FOUND root/ne 3 pick candidate(s) detected
[INFO] [1789062894.921134763] [scan_executor_node]: SUBCELL_SCAN_ORDER root/ne root/ne/sw:1  root/ne/se:0  root/ne/nw:0  root/ne/ne:0
[INFO] [1789062894.921519098] [scan_executor_node]: PICK_SEQUENCE_START root/ne/sw — 1 candidate targets (raw=1 skipped_attempted=0)
[INFO] [1789062894.921693575] [scan_executor_node]: PICK_ALL_DETECTED_TARGETS root/ne/sw timeout=60s max_total_picks=0
[INFO] [1789062894.921873253] [scan_executor_node]: PICK_ATTEMPT_BLACKLIST_ADD pos=(200,783,740)mm radius=25mm
[INFO] [1789062894.922087812] [scan_executor_node]: PICK_TRIGGER root/ne/sw 1/1 pos=(200,783,740)mm
[INFO] [1789062925.774621750] [scan_executor_node]: PICK_ATTEMPT_DONE root/ne/sw 1/1 — planner sequence ended (success is verified by gripper/manual KPI, not this Empty topic)
[INFO] [1789062925.774860629] [scan_executor_node]: PICK_ATTEMPT_SETTLE 1.0s before next target
[INFO] [1789062926.776012814] [scan_executor_node]: PICK_SEQUENCE_DONE root/ne/sw — 1/1 attempted
[INFO] [1789062926.776552974] [scan_executor_node]: SUBCELL_EMPTY root/ne/se no pick candidate
[INFO] [1789062926.777771342] [scan_executor_node]: SUBCELL_EMPTY root/ne/nw no pick candidate
[INFO] [1789062926.778223627] [scan_executor_node]: SUBCELL_EMPTY root/ne/ne no pick candidate
[INFO] [1789062926.778651393] [scan_executor_node]: INTER_CELL_DIRECT — no overview reset; continuing to next cell
[INFO] [1789062926.779034590] [scan_executor_node]: CELL_RESCAN_AFTER_PICK root/ne pass=1 — checking remaining targets
[INFO] [1789062926.779586611] [scan_executor_node]: MOVING_TO root/ne  endpoint_deg=[18.9 26.0 1.0 74.6 78.2 -115.6]  (direct MoveJoint, YAML pose)
[INFO] [1789062926.780013387] [scan_executor_node]: Joint equivalent rewrite J6 -115.6 -> 244.4 deg (current 244.4, shorter by 360.0 deg)
[INFO] [1789062926.780427850] [scan_executor_node]: Joint equivalent rewrite J6 -115.6 -> 244.4 deg (current 244.4, shorter by 360.0 deg)
[INFO] [1789062926.831072871] [scan_executor_node]: MoveJoint response: success=True  target=[18.9 26.0 1.0 74.6 78.2 244.4]  vel=120.0  acc=180.0
[INFO] [1789062926.831623961] [scan_executor_node]: AT_SCAN_POSE root/ne joints_deg=[18.9 26.1 1.0 74.6 78.2 244.4] — adaptive detection wait up to 3.0s
[INFO] [1789062929.836398108] [scan_executor_node]: SCANNED_EMPTY root/ne no detection in dwell window
[INFO] [1789062929.836829717] [scan_executor_node]: INTER_CELL_DIRECT — no overview reset; continuing to next cell
[INFO] [1789062929.837423169] [scan_executor_node]: MOVING_TO root/sw  endpoint_deg=[150.3 -11.9 109.1 -97.8 63.3 10.5]  (direct MoveJoint, YAML pose)
[INFO] [1789062929.837795033] [scan_executor_node]: TRANSIT_VIA_OVERVIEW root/ne -> root/sw — 비인접 분면, MoveJoint 폴백은 overview 경유
[INFO] [1789062931.190258231] [scan_executor_node]: MoveJoint response: success=True  target=[88.0 -94.9 129.9 175.9 -31.3 93.4]  vel=120.0  acc=180.0
[INFO] [1789062931.190749083] [scan_executor_node]: Joint equivalent rewrite J4 -97.8 -> 262.2 deg (current 175.8, shorter by 187.3 deg)
[INFO] [1789062932.142748070] [scan_executor_node]: MoveJoint response: success=True  target=[150.3 -11.9 109.1 262.2 63.3 10.5]  vel=120.0  acc=180.0
[INFO] [1789062932.143348509] [scan_executor_node]: AT_SCAN_POSE root/sw joints_deg=[150.2 -12.0 109.1 262.4 63.2 10.5] — adaptive detection wait up to 3.0s
[INFO] [1789062935.148344133] [scan_executor_node]: TARGET_FOUND root/sw 9 pick candidate(s) detected
[INFO] [1789062935.148995833] [scan_executor_node]: SUBCELL_SCAN_ORDER root/sw root/sw/sw:0  root/sw/se:1  root/sw/nw:1  root/sw/ne:1
[INFO] [1789062935.149411600] [scan_executor_node]: SUBCELL_EMPTY root/sw/sw no pick candidate
[INFO] [1789062935.150033601] [scan_executor_node]: PICK_SEQUENCE_START root/sw/se — 1 candidate targets (raw=1 skipped_attempted=0)
[INFO] [1789062935.150409867] [scan_executor_node]: PICK_ALL_DETECTED_TARGETS root/sw/se timeout=60s max_total_picks=0
[INFO] [1789062935.150812665] [scan_executor_node]: PICK_ATTEMPT_BLACKLIST_ADD pos=(-100,783,440)mm radius=25mm
[INFO] [1789062935.151269741] [scan_executor_node]: PICK_TRIGGER root/sw/se 1/1 pos=(-100,783,440)mm
[INFO] [1789062965.325597918] [scan_executor_node]: PICK_ATTEMPT_DONE root/sw/se 1/1 — planner sequence ended (success is verified by gripper/manual KPI, not this Empty topic)
[INFO] [1789062965.325810299] [scan_executor_node]: PICK_ATTEMPT_SETTLE 1.0s before next target
[INFO] [1789062966.326791738] [scan_executor_node]: PICK_SEQUENCE_DONE root/sw/se — 1/1 attempted
[INFO] [1789062966.327233450] [scan_executor_node]: PICK_SEQUENCE_START root/sw/nw — 1 candidate targets (raw=1 skipped_attempted=0)
[INFO] [1789062966.327445241] [scan_executor_node]: PICK_ALL_DETECTED_TARGETS root/sw/nw timeout=60s max_total_picks=0
[INFO] [1789062966.327693173] [scan_executor_node]: PICK_ATTEMPT_BLACKLIST_ADD pos=(-250,783,500)mm radius=25mm
[INFO] [1789062966.327960802] [scan_executor_node]: PICK_TRIGGER root/sw/nw 1/1 pos=(-250,783,500)mm
[INFO] [1789062996.885828586] [scan_executor_node]: PICK_ATTEMPT_DONE root/sw/nw 1/1 — planner sequence ended (success is verified by gripper/manual KPI, not this Empty topic)
[INFO] [1789062996.886070573] [scan_executor_node]: PICK_ATTEMPT_SETTLE 1.0s before next target
[INFO] [1789062997.886737176] [scan_executor_node]: PICK_SEQUENCE_DONE root/sw/nw — 1/1 attempted
[INFO] [1789062997.887172725] [scan_executor_node]: PICK_SEQUENCE_START root/sw/ne — 1 candidate targets (raw=1 skipped_attempted=0)
[INFO] [1789062997.887405997] [scan_executor_node]: PICK_ALL_DETECTED_TARGETS root/sw/ne timeout=60s max_total_picks=0
[INFO] [1789062997.887632253] [scan_executor_node]: PICK_ATTEMPT_BLACKLIST_ADD pos=(-220,783,560)mm radius=25mm
[INFO] [1789062997.887860535] [scan_executor_node]: PICK_TRIGGER root/sw/ne 1/1 pos=(-220,783,560)mm
[INFO] [1789063027.480136719] [scan_executor_node]: PICK_ATTEMPT_DONE root/sw/ne 1/1 — planner sequence ended (success is verified by gripper/manual KPI, not this Empty topic)
[INFO] [1789063027.480498171] [scan_executor_node]: PICK_ATTEMPT_SETTLE 1.0s before next target
[INFO] [1789063028.481798901] [scan_executor_node]: PICK_SEQUENCE_DONE root/sw/ne — 1/1 attempted
[INFO] [1789063028.482071415] [scan_executor_node]: CELL_RESCAN_AFTER_PICK root/sw pass=1 — checking remaining targets
[INFO] [1789063028.482366522] [scan_executor_node]: MOVING_TO root/sw  endpoint_deg=[150.3 -11.9 109.1 -97.8 63.3 10.5]  (direct MoveJoint, YAML pose)
[INFO] [1789063028.482579977] [scan_executor_node]: Joint equivalent rewrite J4 -97.8 -> 262.2 deg (current 262.2, shorter by 360.0 deg)
[INFO] [1789063028.482824559] [scan_executor_node]: Joint equivalent rewrite J4 -97.8 -> 262.2 deg (current 262.2, shorter by 360.0 deg)
[INFO] [1789063028.533241572] [scan_executor_node]: MoveJoint response: success=True  target=[150.3 -11.9 109.1 262.2 63.3 10.5]  vel=120.0  acc=180.0
[INFO] [1789063028.533615919] [scan_executor_node]: AT_SCAN_POSE root/sw joints_deg=[150.2 -11.8 109.1 262.2 63.3 10.5] — adaptive detection wait up to 3.0s
[INFO] [1789063031.539199412] [scan_executor_node]: SCANNED_EMPTY root/sw no detection in dwell window
[INFO] [1789063031.539670420] [scan_executor_node]: RETURNING_TO_OVERVIEW
[INFO] [1789063032.441887174] [scan_executor_node]: MoveJoint response: success=True  target=[88.0 -94.9 129.9 175.9 -31.3 93.4]  vel=120.0  acc=180.0
[INFO] [1789063032.442462166] [scan_executor_node]: AT_OVERVIEW joints_deg=[88.0 -94.7 129.9 176.1 -31.1 93.3]
[INFO] [1789063032.442864211] [scan_executor_node]: HARVEST_PRIORITY_ORDER root/nw:0  root/ne:0  root/sw:0
[INFO] [1789063032.443236014] [scan_executor_node]: SCAN_COMPLETE
[INFO] [1789063032.443834019] [scan_executor_node]: READY_FOR_NEXT_START
