[INFO] [1789062762.889763050] [sim_executor_bridge_node]: Sim Executor Bridge Node initializing...
[WARN] [1789062763.346007061] [sim_executor_bridge_node]: MOVELINE_COLLISION_WORLD: ['whiteboard'] loaded from /home/oceanshape/strawberry_grasp_environment/install/e0509_gripper_description/share/e0509_gripper_description/config/environment.yaml
[INFO] [1789062764.129950058] [sim_executor_bridge_node]: cuRobo IK Solver successfully initialized for MoveLine.
[WARN] [1789062764.130209755] [sim_executor_bridge_node]: GRASP_JUDGE_MODEL: tool_tcp_offset=236mm capture_radius=38mm enabled=True sim_speed_scale=2.0 gripper_close=1.080rad arm_arrival_tol=0.30deg — planner 의 ee_to_tcp_offset_m 과 반드시 같아야 한다 (다르면 전 타겟 GRASP_EMPTY)
[INFO] [1789062764.130364342] [sim_executor_bridge_node]: Sim Executor Bridge Node Ready! (Listening to Doosan & Gripper services)
[INFO] [1789062775.354959216] [sim_executor_bridge_node]: SetPosition called to 600
[INFO] [1789062813.510080973] [sim_executor_bridge_node]: MoveJoint called to [144.09  22.9   -1.   121.48 -75.31 108.68]
[INFO] [1789062814.784114842] [sim_executor_bridge_node]: ARM_ARRIVAL MoveJoint: 잔차 0.23deg (손끝 1.5mm) / 대기 1.27s
[INFO] [1789062817.874527185] [sim_executor_bridge_node]: SetPosition called to 600
[INFO] [1789062821.636086749] [sim_executor_bridge_node]: MoveSplineJoint called with 12 points
[INFO] [1789062822.360147324] [sim_executor_bridge_node]: ARM_ARRIVAL MoveSpline: 잔차 0.29deg (손끝 1.2mm) / 대기 0.36s
[INFO] [1789062822.360561202] [sim_executor_bridge_node]: MoveSpline ok: 12 pts / 0.35s -> end=[128.5 48.2 -28.9 139.9 -75.0 103.0]deg
[INFO] [1789062822.688393275] [sim_executor_bridge_node]: MoveLine called (pos=[ 0.  0. 45.  0.  0.  0.], ref=1, mode=1)
[INFO] [1789062827.229951560] [sim_executor_bridge_node]: ARM_ARRIVAL MoveLine: 잔차 0.22deg (손끝 1.2mm) / 대기 0.20s
[INFO] [1789062827.230824669] [sim_executor_bridge_node]: MOVELINE_END_ERR: along=+0.5mm lateral=1.1mm |err|=1.2mm (명령 45mm, TOOL)
[INFO] [1789062827.231193777] [sim_executor_bridge_node]: MoveLine 실이동 45.5mm / 명령 45mm
[INFO] [1789062827.231607798] [sim_executor_bridge_node]: MoveLine ok: 45mm / 23 steps / 계획 0.38s 실소요 4.54s (worst step joint delta 1.5deg)
[INFO] [1789062827.248264303] [sim_executor_bridge_node]: MoveLine called (pos=[  0.        0.      -30.00054   0.        0.        0.     ], ref=0, mode=1)
[INFO] [1789062830.096856482] [sim_executor_bridge_node]: ARM_ARRIVAL MoveLine: 잔차 0.27deg (손끝 0.6mm) / 대기 0.14s
[INFO] [1789062830.097651694] [sim_executor_bridge_node]: MOVELINE_END_ERR: along=+0.0mm lateral=0.6mm |err|=0.6mm (명령 30mm, BASE)
[INFO] [1789062830.098007041] [sim_executor_bridge_node]: MoveLine 실이동 30.0mm / 명령 30mm
[INFO] [1789062830.098344440] [sim_executor_bridge_node]: MoveLine ok: 30mm / 16 steps / 계획 0.38s 실소요 2.85s (worst step joint delta 2.3deg)
[INFO] [1789062830.104342956] [sim_executor_bridge_node]: SetPosition called to 700
[INFO] [1789062830.107985800] [sim_executor_bridge_node]: GRASP_JUDGE 줄기기준 along=+13.5mm(조우 -6~27) lateral=2.5mm(허용20) | 과실기준 d_tcp=35.4mm -> CONTACT
[INFO] [1789062830.108293862] [sim_executor_bridge_node]: GRASP_ATTACH 과실 (-250, 783, 740)mm -> /sim/grasp_event
[INFO] [1789062830.506002971] [sim_executor_bridge_node]: MoveLine called (pos=[  0.   0. -40.   0.   0.   0.], ref=0, mode=1)
[INFO] [1789062834.033040317] [sim_executor_bridge_node]: ARM_ARRIVAL MoveLine: 잔차 0.26deg (손끝 0.6mm) / 대기 0.12s
[INFO] [1789062834.033747132] [sim_executor_bridge_node]: MOVELINE_END_ERR: along=-0.4mm lateral=0.3mm |err|=0.6mm (명령 40mm, BASE)
[INFO] [1789062834.033992193] [sim_executor_bridge_node]: MoveLine 실이동 39.6mm / 명령 40mm
[INFO] [1789062834.034197865] [sim_executor_bridge_node]: MoveLine ok: 40mm / 20 steps / 계획 0.40s 실소요 3.53s (worst step joint delta 0.9deg)
[INFO] [1789062834.062270036] [sim_executor_bridge_node]: MoveLine called (pos=[  0.   0. -45.   0.   0.   0.], ref=1, mode=1)
[INFO] [1789062837.674603353] [sim_executor_bridge_node]: ARM_ARRIVAL MoveLine: 잔차 0.29deg (손끝 1.9mm) / 대기 0.06s
[INFO] [1789062837.676170487] [sim_executor_bridge_node]: MOVELINE_END_ERR: along=-1.9mm lateral=0.2mm |err|=1.9mm (명령 45mm, TOOL)
[INFO] [1789062837.676579636] [sim_executor_bridge_node]: MoveLine 실이동 43.1mm / 명령 45mm
[INFO] [1789062837.677166607] [sim_executor_bridge_node]: MoveLine ok: 45mm / 23 steps / 계획 0.28s 실소요 3.61s (worst step joint delta 0.4deg)
[INFO] [1789062839.487543112] [sim_executor_bridge_node]: MoveSplineJoint called with 12 points
[INFO] [1789062841.334074585] [sim_executor_bridge_node]: ARM_ARRIVAL MoveSpline: 잔차 0.26deg (손끝 2.9mm) / 대기 0.34s
[INFO] [1789062841.334287796] [sim_executor_bridge_node]: MoveSpline ok: 12 pts / 1.47s -> end=[186.2 -31.0 -123.7 177.5 -64.4 273.9]deg
[INFO] [1789062841.341081040] [sim_executor_bridge_node]: MoveLine called (pos=[   0.    0. -120.    0.    0.    0.], ref=0, mode=1)
[INFO] [1789062841.343470544] [sim_executor_bridge_node]: MoveLine 120mm: 60 -> 24 steps (5.0mm/step, 자유공간 이송)
[INFO] [1789062845.841570426] [sim_executor_bridge_node]: ARM_ARRIVAL MoveLine: 잔차 0.27deg (손끝 1.5mm) / 대기 0.10s
[INFO] [1789062845.842045922] [sim_executor_bridge_node]: MOVELINE_END_ERR: along=-1.2mm lateral=0.1mm |err|=1.2mm (명령 120mm, BASE)
[INFO] [1789062845.842209960] [sim_executor_bridge_node]: MoveLine 실이동 118.8mm / 명령 120mm
[INFO] [1789062845.842384313] [sim_executor_bridge_node]: MoveLine ok: 120mm / 24 steps / 계획 1.50s 실소요 4.50s (worst step joint delta 0.9deg)
[INFO] [1789062845.848620648] [sim_executor_bridge_node]: SetPosition called to 600
[INFO] [1789062845.849051656] [sim_executor_bridge_node]: GRASP_RELEASE -> /sim/grasp_event
[INFO] [1789062846.893559071] [sim_executor_bridge_node]: MoveSplineJoint called with 12 points
[INFO] [1789062847.570976740] [sim_executor_bridge_node]: ARM_ARRIVAL MoveSpline: 잔차 0.26deg (손끝 1.5mm) / 대기 0.32s
[INFO] [1789062847.571351499] [sim_executor_bridge_node]: MoveSpline ok: 12 pts / 0.35s -> end=[186.2 -31.0 -123.7 177.5 -64.4 273.9]deg
[INFO] [1789062852.436137570] [sim_executor_bridge_node]: MoveSplineJoint called with 12 points
[INFO] [1789062854.525020880] [sim_executor_bridge_node]: ARM_ARRIVAL MoveSpline: 잔차 0.27deg (손끝 0.3mm) / 대기 0.68s
[INFO] [1789062854.525404718] [sim_executor_bridge_node]: MoveSpline ok: 12 pts / 1.38s -> end=[144.1 23.0 -1.0 121.5 -75.3 108.7]deg
[INFO] [1789062854.543738791] [sim_executor_bridge_node]: SetPosition called to 600
[INFO] [1789062855.650236414] [sim_executor_bridge_node]: SetPosition called to 600
[INFO] [1789062860.068913523] [sim_executor_bridge_node]: MoveSplineJoint called with 12 points
[INFO] [1789062860.811926624] [sim_executor_bridge_node]: ARM_ARRIVAL MoveSpline: 잔차 0.23deg (손끝 1.9mm) / 대기 0.38s
[INFO] [1789062860.812305863] [sim_executor_bridge_node]: MoveSpline ok: 12 pts / 0.35s -> end=[110.9 9.6 37.8 150.6 -46.6 111.9]deg
[INFO] [1789062861.120849830] [sim_executor_bridge_node]: MoveLine called (pos=[ 0.  0. 45.  0.  0.  0.], ref=1, mode=1)
[INFO] [1789062864.407391792] [sim_executor_bridge_node]: ARM_ARRIVAL MoveLine: 잔차 0.28deg (손끝 1.5mm) / 대기 0.14s
[INFO] [1789062864.408157249] [sim_executor_bridge_node]: MOVELINE_END_ERR: along=+0.6mm lateral=1.4mm |err|=1.6mm (명령 45mm, TOOL)
[INFO] [1789062864.408506071] [sim_executor_bridge_node]: MoveLine 실이동 45.6mm / 명령 45mm
[INFO] [1789062864.408835863] [sim_executor_bridge_node]: MoveLine ok: 45mm / 23 steps / 계획 0.38s 실소요 3.29s (worst step joint delta 0.7deg)
[INFO] [1789062864.429611988] [sim_executor_bridge_node]: MoveLine called (pos=[  0.        0.      -30.00054   0.        0.        0.     ], ref=0, mode=1)
[INFO] [1789062866.809152745] [sim_executor_bridge_node]: ARM_ARRIVAL MoveLine: 잔차 0.27deg (손끝 1.2mm) / 대기 0.10s
[INFO] [1789062866.809666053] [sim_executor_bridge_node]: MOVELINE_END_ERR: along=+0.4mm lateral=1.2mm |err|=1.2mm (명령 30mm, BASE)
[INFO] [1789062866.809857983] [sim_executor_bridge_node]: MoveLine 실이동 30.5mm / 명령 30mm
[INFO] [1789062866.810037514] [sim_executor_bridge_node]: MoveLine ok: 30mm / 16 steps / 계획 0.38s 실소요 2.38s (worst step joint delta 1.1deg)
[INFO] [1789062866.833246460] [sim_executor_bridge_node]: SetPosition called to 700
[INFO] [1789062866.834254402] [sim_executor_bridge_node]: GRASP_JUDGE 줄기기준 along=+12.1mm(조우 -6~27) lateral=5.1mm(허용20) | 과실기준 d_tcp=32.7mm -> CONTACT
[INFO] [1789062866.834772375] [sim_executor_bridge_node]: GRASP_ATTACH 과실 (-120, 783, 760)mm -> /sim/grasp_event
[INFO] [1789062867.235351797] [sim_executor_bridge_node]: MoveLine called (pos=[  0.   0. -40.   0.   0.   0.], ref=0, mode=1)
[INFO] [1789062870.075401617] [sim_executor_bridge_node]: ARM_ARRIVAL MoveLine: 잔차 0.30deg (손끝 0.9mm) / 대기 0.08s
[INFO] [1789062870.075870164] [sim_executor_bridge_node]: MOVELINE_END_ERR: along=-0.1mm lateral=0.9mm |err|=0.9mm (명령 40mm, BASE)
[INFO] [1789062870.076031452] [sim_executor_bridge_node]: MoveLine 실이동 39.9mm / 명령 40mm
[INFO] [1789062870.076179111] [sim_executor_bridge_node]: MoveLine ok: 40mm / 20 steps / 계획 0.40s 실소요 2.84s (worst step joint delta 0.7deg)
[INFO] [1789062870.090783411] [sim_executor_bridge_node]: MoveLine called (pos=[  0.   0. -45.   0.   0.   0.], ref=1, mode=1)
[INFO] [1789062873.374820044] [sim_executor_bridge_node]: ARM_ARRIVAL MoveLine: 잔차 0.26deg (손끝 2.2mm) / 대기 0.06s
[INFO] [1789062873.375406705] [sim_executor_bridge_node]: MOVELINE_END_ERR: along=-2.0mm lateral=1.0mm |err|=2.2mm (명령 45mm, TOOL)
[INFO] [1789062873.375587125] [sim_executor_bridge_node]: MoveLine 실이동 43.0mm / 명령 45mm
[INFO] [1789062873.375741049] [sim_executor_bridge_node]: MoveLine ok: 45mm / 23 steps / 계획 0.28s 실소요 3.28s (worst step joint delta 0.4deg)
[INFO] [1789062874.926533653] [sim_executor_bridge_node]: MoveSplineJoint called with 12 points
[INFO] [1789062876.240788453] [sim_executor_bridge_node]: ARM_ARRIVAL MoveSpline: 잔차 0.26deg (손끝 2.2mm) / 대기 0.40s
[INFO] [1789062876.240984633] [sim_executor_bridge_node]: MoveSpline ok: 12 pts / 0.89s -> end=[7.5 26.6 133.8 179.0 70.1 93.1]deg
[INFO] [1789062876.278731564] [sim_executor_bridge_node]: MoveLine called (pos=[   0.    0. -120.    0.    0.    0.], ref=0, mode=1)
[INFO] [1789062876.279589207] [sim_executor_bridge_node]: MoveLine 120mm: 60 -> 24 steps (5.0mm/step, 자유공간 이송)
[INFO] [1789062881.023864807] [sim_executor_bridge_node]: ARM_ARRIVAL MoveLine: 잔차 0.28deg (손끝 1.4mm) / 대기 0.10s
[INFO] [1789062881.024291468] [sim_executor_bridge_node]: MOVELINE_END_ERR: along=-1.4mm lateral=0.1mm |err|=1.4mm (명령 120mm, BASE)
[INFO] [1789062881.024456939] [sim_executor_bridge_node]: MoveLine 실이동 118.6mm / 명령 120mm
[INFO] [1789062881.025193080] [sim_executor_bridge_node]: MoveLine ok: 120mm / 24 steps / 계획 1.50s 실소요 4.74s (worst step joint delta 1.0deg)
[INFO] [1789062881.036680400] [sim_executor_bridge_node]: SetPosition called to 600
[INFO] [1789062881.037125832] [sim_executor_bridge_node]: GRASP_RELEASE -> /sim/grasp_event
[INFO] [1789062882.162575533] [sim_executor_bridge_node]: MoveSplineJoint called with 12 points
[INFO] [1789062882.852674466] [sim_executor_bridge_node]: ARM_ARRIVAL MoveSpline: 잔차 0.28deg (손끝 1.5mm) / 대기 0.32s
[INFO] [1789062882.853056816] [sim_executor_bridge_node]: MoveSpline ok: 12 pts / 0.36s -> end=[7.5 26.6 133.8 179.0 70.1 93.1]deg
[INFO] [1789062884.700250252] [sim_executor_bridge_node]: MoveSplineJoint called with 12 points
[INFO] [1789062886.373220704] [sim_executor_bridge_node]: ARM_ARRIVAL MoveSpline: 잔차 0.23deg (손끝 1.6mm) / 대기 0.40s
[INFO] [1789062886.373629514] [sim_executor_bridge_node]: MoveSpline ok: 12 pts / 1.25s -> end=[144.1 23.0 -0.9 121.5 -75.3 108.7]deg
[INFO] [1789062886.403773991] [sim_executor_bridge_node]: SetPosition called to 600
[INFO] [1789062887.458424864] [sim_executor_bridge_node]: MoveJoint called to [144.09  22.9   -1.   121.48 -75.31 108.68]
[INFO] [1789062887.460564203] [sim_executor_bridge_node]: ARM_ARRIVAL MoveJoint: 잔차 0.16deg (손끝 2.8mm) / 대기 0.00s
[INFO] [1789062890.514265263] [sim_executor_bridge_node]: MoveJoint called to [ 18.91  25.97   1.    74.58  78.17 244.39]
[INFO] [1789062891.882296663] [sim_executor_bridge_node]: ARM_ARRIVAL MoveJoint: 잔차 0.28deg (손끝 4.1mm) / 대기 1.37s
[INFO] [1789062894.975750260] [sim_executor_bridge_node]: SetPosition called to 600
[INFO] [1789062899.430094409] [sim_executor_bridge_node]: MoveSplineJoint called with 12 points
[INFO] [1789062900.174067521] [sim_executor_bridge_node]: ARM_ARRIVAL MoveSpline: 잔차 0.26deg (손끝 2.1mm) / 대기 0.38s
[INFO] [1789062900.174456275] [sim_executor_bridge_node]: MoveSpline ok: 12 pts / 0.35s -> end=[57.5 13.1 37.4 45.0 49.4 237.6]deg
[INFO] [1789062900.483385092] [sim_executor_bridge_node]: MoveLine called (pos=[ 0.  0. 45.  0.  0.  0.], ref=1, mode=1)
[INFO] [1789062903.779532584] [sim_executor_bridge_node]: ARM_ARRIVAL MoveLine: 잔차 0.27deg (손끝 1.6mm) / 대기 0.14s
[INFO] [1789062903.779972872] [sim_executor_bridge_node]: MOVELINE_END_ERR: along=+0.5mm lateral=1.5mm |err|=1.6mm (명령 45mm, TOOL)
[INFO] [1789062903.780143305] [sim_executor_bridge_node]: MoveLine 실이동 45.5mm / 명령 45mm
[INFO] [1789062903.780295356] [sim_executor_bridge_node]: MoveLine ok: 45mm / 23 steps / 계획 0.37s 실소요 3.29s (worst step joint delta 0.7deg)
[INFO] [1789062903.790369736] [sim_executor_bridge_node]: MoveLine called (pos=[  0.        0.      -30.00054   0.        0.        0.     ], ref=0, mode=1)
[INFO] [1789062906.268643127] [sim_executor_bridge_node]: ARM_ARRIVAL MoveLine: 잔차 0.23deg (손끝 1.2mm) / 대기 0.10s
[INFO] [1789062906.269223836] [sim_executor_bridge_node]: MOVELINE_END_ERR: along=+0.5mm lateral=1.1mm |err|=1.2mm (명령 30mm, BASE)
[INFO] [1789062906.269399822] [sim_executor_bridge_node]: MoveLine 실이동 30.6mm / 명령 30mm
[INFO] [1789062906.269606287] [sim_executor_bridge_node]: MoveLine ok: 30mm / 16 steps / 계획 0.38s 실소요 2.48s (worst step joint delta 1.0deg)
[INFO] [1789062906.296239984] [sim_executor_bridge_node]: SetPosition called to 700
[INFO] [1789062906.299421688] [sim_executor_bridge_node]: GRASP_JUDGE 줄기기준 along=+12.6mm(조우 -6~27) lateral=5.2mm(허용20) | 과실기준 d_tcp=32.9mm -> CONTACT
[INFO] [1789062906.299671218] [sim_executor_bridge_node]: GRASP_ATTACH 과실 (200, 783, 740)mm -> /sim/grasp_event
[INFO] [1789062906.698555913] [sim_executor_bridge_node]: MoveLine called (pos=[  0.   0. -40.   0.   0.   0.], ref=0, mode=1)
[INFO] [1789062909.789103940] [sim_executor_bridge_node]: ARM_ARRIVAL MoveLine: 잔차 0.27deg (손끝 0.9mm) / 대기 0.08s
[INFO] [1789062909.790035994] [sim_executor_bridge_node]: MOVELINE_END_ERR: along=-0.0mm lateral=0.9mm |err|=0.9mm (명령 40mm, BASE)
[INFO] [1789062909.790413819] [sim_executor_bridge_node]: MoveLine 실이동 40.0mm / 명령 40mm
[INFO] [1789062909.790776032] [sim_executor_bridge_node]: MoveLine ok: 40mm / 20 steps / 계획 0.40s 실소요 3.09s (worst step joint delta 0.7deg)
[INFO] [1789062909.804547739] [sim_executor_bridge_node]: MoveLine called (pos=[  0.   0. -45.   0.   0.   0.], ref=1, mode=1)
[INFO] [1789062913.290131841] [sim_executor_bridge_node]: ARM_ARRIVAL MoveLine: 잔차 0.29deg (손끝 2.4mm) / 대기 0.06s
[INFO] [1789062913.290566764] [sim_executor_bridge_node]: MOVELINE_END_ERR: along=-2.2mm lateral=1.0mm |err|=2.4mm (명령 45mm, TOOL)
[INFO] [1789062913.290726786] [sim_executor_bridge_node]: MoveLine 실이동 42.8mm / 명령 45mm
[INFO] [1789062913.290871913] [sim_executor_bridge_node]: MoveLine ok: 45mm / 23 steps / 계획 0.28s 실소요 3.49s (worst step joint delta 0.4deg)
[INFO] [1789062914.910578271] [sim_executor_bridge_node]: MoveSplineJoint called with 12 points
[INFO] [1789062916.215347871] [sim_executor_bridge_node]: ARM_ARRIVAL MoveSpline: 잔차 0.26deg (손끝 1.0mm) / 대기 0.40s
[INFO] [1789062916.215549923] [sim_executor_bridge_node]: MoveSpline ok: 12 pts / 0.88s -> end=[-10.5 31.3 123.1 -20.8 -65.5 281.6]deg
[INFO] [1789062916.263786475] [sim_executor_bridge_node]: MoveLine called (pos=[   0.    0. -120.    0.    0.    0.], ref=0, mode=1)
[INFO] [1789062916.265372708] [sim_executor_bridge_node]: MoveLine 120mm: 60 -> 24 steps (5.0mm/step, 자유공간 이송)
[INFO] [1789062920.769482056] [sim_executor_bridge_node]: ARM_ARRIVAL MoveLine: 잔차 0.27deg (손끝 1.5mm) / 대기 0.08s
[INFO] [1789062920.769917517] [sim_executor_bridge_node]: MOVELINE_END_ERR: along=-1.5mm lateral=0.1mm |err|=1.5mm (명령 120mm, BASE)
[INFO] [1789062920.770078374] [sim_executor_bridge_node]: MoveLine 실이동 118.5mm / 명령 120mm
[INFO] [1789062920.770225758] [sim_executor_bridge_node]: MoveLine ok: 120mm / 24 steps / 계획 1.50s 실소요 4.50s (worst step joint delta 0.9deg)
[INFO] [1789062920.820538482] [sim_executor_bridge_node]: SetPosition called to 600
[INFO] [1789062920.820975354] [sim_executor_bridge_node]: GRASP_RELEASE -> /sim/grasp_event
[INFO] [1789062921.845943597] [sim_executor_bridge_node]: MoveSplineJoint called with 12 points
[INFO] [1789062922.525779549] [sim_executor_bridge_node]: ARM_ARRIVAL MoveSpline: 잔차 0.26deg (손끝 1.5mm) / 대기 0.32s
[INFO] [1789062922.526050042] [sim_executor_bridge_node]: MoveSpline ok: 12 pts / 0.35s -> end=[-10.5 31.3 123.1 -20.8 -65.5 281.6]deg
[INFO] [1789062924.072478181] [sim_executor_bridge_node]: MoveSplineJoint called with 12 points
[INFO] [1789062925.678714467] [sim_executor_bridge_node]: ARM_ARRIVAL MoveSpline: 잔차 0.29deg (손끝 2.8mm) / 대기 0.38s
[INFO] [1789062925.678932772] [sim_executor_bridge_node]: MoveSpline ok: 12 pts / 1.20s -> end=[18.9 26.0 1.0 74.6 78.2 244.4]deg
[INFO] [1789062925.724184850] [sim_executor_bridge_node]: SetPosition called to 600
[INFO] [1789062926.781776577] [sim_executor_bridge_node]: MoveJoint called to [ 18.91  25.97   1.    74.58  78.17 244.39]
[INFO] [1789062926.787245614] [sim_executor_bridge_node]: ARM_ARRIVAL MoveJoint: 잔차 0.11deg (손끝 1.9mm) / 대기 0.00s
[INFO] [1789062929.838969612] [sim_executor_bridge_node]: MoveJoint called to [ 87.98 -94.92 129.89 175.94 -31.34  93.42]
[INFO] [1789062931.146706317] [sim_executor_bridge_node]: ARM_ARRIVAL MoveJoint: 잔차 0.25deg (손끝 1.0mm) / 대기 1.31s
[INFO] [1789062931.192044047] [sim_executor_bridge_node]: MoveJoint called to [150.27 -11.92 109.11 262.19  63.33  10.46]
[INFO] [1789062932.097158403] [sim_executor_bridge_node]: ARM_ARRIVAL MoveJoint: 잔차 0.24deg (손끝 0.6mm) / 대기 0.90s
[INFO] [1789062935.203870692] [sim_executor_bridge_node]: SetPosition called to 600
[INFO] [1789062937.781103680] [sim_executor_bridge_node]: MoveSplineJoint called with 12 points
[INFO] [1789062938.545128494] [sim_executor_bridge_node]: ARM_ARRIVAL MoveSpline: 잔차 0.30deg (손끝 2.1mm) / 대기 0.38s
[INFO] [1789062938.545360167] [sim_executor_bridge_node]: MoveSpline ok: 12 pts / 0.37s -> end=[107.3 -5.6 93.9 304.4 20.8 -32.4]deg
[INFO] [1789062938.884881800] [sim_executor_bridge_node]: MoveLine called (pos=[ 0.  0. 45.  0.  0.  0.], ref=1, mode=1)
[INFO] [1789062942.099772454] [sim_executor_bridge_node]: ARM_ARRIVAL MoveLine: 잔차 0.28deg (손끝 2.0mm) / 대기 0.02s
[INFO] [1789062942.100238090] [sim_executor_bridge_node]: MOVELINE_END_ERR: along=-1.9mm lateral=0.4mm |err|=2.0mm (명령 45mm, TOOL)
[INFO] [1789062942.100408807] [sim_executor_bridge_node]: MoveLine 실이동 43.1mm / 명령 45mm
[INFO] [1789062942.100565694] [sim_executor_bridge_node]: MoveLine ok: 45mm / 23 steps / 계획 0.38s 실소요 3.21s (worst step joint delta 0.3deg)
[INFO] [1789062942.143539454] [sim_executor_bridge_node]: MoveLine called (pos=[  0.           0.         -32.60535644   0.           0.
   0.        ], ref=0, mode=1)
[INFO] [1789062944.920212928] [sim_executor_bridge_node]: ARM_ARRIVAL MoveLine: 잔차 0.23deg (손끝 0.2mm) / 대기 0.16s
[INFO] [1789062944.920770762] [sim_executor_bridge_node]: MOVELINE_END_ERR: along=-0.1mm lateral=0.2mm |err|=0.2mm (명령 33mm, BASE)
[INFO] [1789062944.920937231] [sim_executor_bridge_node]: MoveLine 실이동 32.5mm / 명령 33mm
[INFO] [1789062944.921088363] [sim_executor_bridge_node]: MoveLine ok: 33mm / 17 steps / 계획 0.41s 실소요 2.78s (worst step joint delta 1.0deg)
[INFO] [1789062944.948510743] [sim_executor_bridge_node]: SetPosition called to 700
[INFO] [1789062944.950457996] [sim_executor_bridge_node]: GRASP_JUDGE 줄기기준 along=+15.1mm(조우 -6~27) lateral=3.9mm(허용20) | 과실기준 d_tcp=37.2mm -> CONTACT
[INFO] [1789062944.950688656] [sim_executor_bridge_node]: GRASP_ATTACH 과실 (-100, 783, 440)mm -> /sim/grasp_event
[INFO] [1789062945.350426934] [sim_executor_bridge_node]: MoveLine called (pos=[  0.   0. -40.   0.   0.   0.], ref=0, mode=1)
[INFO] [1789062948.416644734] [sim_executor_bridge_node]: ARM_ARRIVAL MoveLine: 잔차 0.28deg (손끝 0.3mm) / 대기 0.16s
[INFO] [1789062948.417496268] [sim_executor_bridge_node]: MOVELINE_END_ERR: along=-0.1mm lateral=0.2mm |err|=0.3mm (명령 40mm, BASE)
[INFO] [1789062948.417747620] [sim_executor_bridge_node]: MoveLine 실이동 39.9mm / 명령 40mm
[INFO] [1789062948.417954770] [sim_executor_bridge_node]: MoveLine ok: 40mm / 20 steps / 계획 0.40s 실소요 3.07s (worst step joint delta 1.2deg)
[INFO] [1789062948.456232592] [sim_executor_bridge_node]: MoveLine called (pos=[  0.   0. -45.   0.   0.   0.], ref=1, mode=1)
[INFO] [1789062951.750811451] [sim_executor_bridge_node]: ARM_ARRIVAL MoveLine: 잔차 0.29deg (손끝 1.9mm) / 대기 0.06s
[INFO] [1789062951.753166574] [sim_executor_bridge_node]: MOVELINE_END_ERR: along=-1.9mm lateral=0.3mm |err|=1.9mm (명령 45mm, TOOL)
[INFO] [1789062951.753337213] [sim_executor_bridge_node]: MoveLine 실이동 43.1mm / 명령 45mm
[INFO] [1789062951.753499291] [sim_executor_bridge_node]: MoveLine ok: 45mm / 23 steps / 계획 0.28s 실소요 3.30s (worst step joint delta 0.3deg)
[INFO] [1789062953.432118285] [sim_executor_bridge_node]: MoveSplineJoint called with 12 points
[INFO] [1789062954.883881677] [sim_executor_bridge_node]: ARM_ARRIVAL MoveSpline: 잔차 0.27deg (손끝 1.4mm) / 대기 0.42s
[INFO] [1789062954.884133903] [sim_executor_bridge_node]: MoveSpline ok: 12 pts / 1.00s -> end=[-12.6 26.9 133.1 157.7 71.0 100.3]deg
[INFO] [1789062954.934927261] [sim_executor_bridge_node]: MoveLine called (pos=[   0.    0. -120.    0.    0.    0.], ref=0, mode=1)
[INFO] [1789062954.936923479] [sim_executor_bridge_node]: MoveLine 120mm: 60 -> 24 steps (5.0mm/step, 자유공간 이송)
[INFO] [1789062959.886448588] [sim_executor_bridge_node]: ARM_ARRIVAL MoveLine: 잔차 0.26deg (손끝 1.3mm) / 대기 0.12s
[INFO] [1789062959.887041890] [sim_executor_bridge_node]: MOVELINE_END_ERR: along=-1.3mm lateral=0.1mm |err|=1.3mm (명령 120mm, BASE)
[INFO] [1789062959.887221060] [sim_executor_bridge_node]: MoveLine 실이동 118.7mm / 명령 120mm
[INFO] [1789062959.887404653] [sim_executor_bridge_node]: MoveLine ok: 120mm / 24 steps / 계획 1.50s 실소요 4.95s (worst step joint delta 1.0deg)
[INFO] [1789062959.897573566] [sim_executor_bridge_node]: SetPosition called to 600
[INFO] [1789062959.897852723] [sim_executor_bridge_node]: GRASP_RELEASE -> /sim/grasp_event
[INFO] [1789062961.062702162] [sim_executor_bridge_node]: MoveSplineJoint called with 12 points
[INFO] [1789062961.760144196] [sim_executor_bridge_node]: ARM_ARRIVAL MoveSpline: 잔차 0.23deg (손끝 1.1mm) / 대기 0.34s
[INFO] [1789062961.760366285] [sim_executor_bridge_node]: MoveSpline ok: 12 pts / 0.35s -> end=[-12.6 26.9 133.1 157.7 71.0 100.3]deg
[INFO] [1789062963.518447844] [sim_executor_bridge_node]: MoveSplineJoint called with 12 points
[INFO] [1789062965.266577893] [sim_executor_bridge_node]: ARM_ARRIVAL MoveSpline: 잔차 0.29deg (손끝 1.9mm) / 대기 0.36s
[INFO] [1789062965.266835762] [sim_executor_bridge_node]: MoveSpline ok: 12 pts / 1.36s -> end=[150.3 -11.9 109.1 262.2 63.3 10.5]deg
[INFO] [1789062965.275427150] [sim_executor_bridge_node]: SetPosition called to 600
[INFO] [1789062966.381717273] [sim_executor_bridge_node]: SetPosition called to 600
[INFO] [1789062969.245235123] [sim_executor_bridge_node]: MoveSplineJoint called with 12 points
[INFO] [1789062969.992394962] [sim_executor_bridge_node]: ARM_ARRIVAL MoveSpline: 잔차 0.26deg (손끝 1.7mm) / 대기 0.38s
[INFO] [1789062969.992584188] [sim_executor_bridge_node]: MoveSpline ok: 12 pts / 0.35s -> end=[127.9 6.3 72.7 297.8 43.1 -27.5]deg
[INFO] [1789062970.298207496] [sim_executor_bridge_node]: MoveLine called (pos=[ 0.  0. 45.  0.  0.  0.], ref=1, mode=1)
[INFO] [1789062973.396377332] [sim_executor_bridge_node]: ARM_ARRIVAL MoveLine: 잔차 0.26deg (손끝 1.7mm) / 대기 0.04s
[INFO] [1789062973.397142018] [sim_executor_bridge_node]: MOVELINE_END_ERR: along=-1.2mm lateral=0.6mm |err|=1.4mm (명령 45mm, TOOL)
[INFO] [1789062973.397516716] [sim_executor_bridge_node]: MoveLine 실이동 43.8mm / 명령 45mm
[INFO] [1789062973.397698678] [sim_executor_bridge_node]: MoveLine ok: 45mm / 23 steps / 계획 0.37s 실소요 3.10s (worst step joint delta 0.2deg)
[INFO] [1789062973.404326558] [sim_executor_bridge_node]: MoveLine called (pos=[  0.           0.         -32.60535644   0.           0.
   0.        ], ref=0, mode=1)
[INFO] [1789062976.079230132] [sim_executor_bridge_node]: ARM_ARRIVAL MoveLine: 잔차 0.27deg (손끝 0.7mm) / 대기 0.08s
[INFO] [1789062976.079673382] [sim_executor_bridge_node]: MOVELINE_END_ERR: along=-0.6mm lateral=0.3mm |err|=0.7mm (명령 33mm, BASE)
[INFO] [1789062976.079829647] [sim_executor_bridge_node]: MoveLine 실이동 32.0mm / 명령 33mm
[INFO] [1789062976.079972070] [sim_executor_bridge_node]: MoveLine ok: 33mm / 17 steps / 계획 0.41s 실소요 2.67s (worst step joint delta 0.4deg)
[INFO] [1789062976.109375993] [sim_executor_bridge_node]: SetPosition called to 700
[INFO] [1789062976.112571358] [sim_executor_bridge_node]: GRASP_JUDGE 줄기기준 along=+15.2mm(조우 -6~27) lateral=4.0mm(허용20) | 과실기준 d_tcp=37.2mm -> CONTACT
[INFO] [1789062976.112794781] [sim_executor_bridge_node]: GRASP_ATTACH 과실 (-250, 783, 500)mm -> /sim/grasp_event
[INFO] [1789062976.511670360] [sim_executor_bridge_node]: MoveLine called (pos=[  0.   0. -40.   0.   0.   0.], ref=0, mode=1)
[INFO] [1789062979.398036594] [sim_executor_bridge_node]: ARM_ARRIVAL MoveLine: 잔차 0.30deg (손끝 0.7mm) / 대기 0.08s
[INFO] [1789062979.399059732] [sim_executor_bridge_node]: MOVELINE_END_ERR: along=-0.7mm lateral=0.3mm |err|=0.7mm (명령 40mm, BASE)
[INFO] [1789062979.399461987] [sim_executor_bridge_node]: MoveLine 실이동 39.3mm / 명령 40mm
[INFO] [1789062979.399827681] [sim_executor_bridge_node]: MoveLine ok: 40mm / 20 steps / 계획 0.40s 실소요 2.89s (worst step joint delta 0.5deg)
[INFO] [1789062979.417797143] [sim_executor_bridge_node]: MoveLine called (pos=[  0.   0. -45.   0.   0.   0.], ref=1, mode=1)
[INFO] [1789062982.681551266] [sim_executor_bridge_node]: ARM_ARRIVAL MoveLine: 잔차 0.23deg (손끝 1.9mm) / 대기 0.06s
[INFO] [1789062982.681982200] [sim_executor_bridge_node]: MOVELINE_END_ERR: along=-1.9mm lateral=0.4mm |err|=1.9mm (명령 45mm, TOOL)
[INFO] [1789062982.682147250] [sim_executor_bridge_node]: MoveLine 실이동 43.1mm / 명령 45mm
[INFO] [1789062982.682299162] [sim_executor_bridge_node]: MoveLine ok: 45mm / 23 steps / 계획 0.28s 실소요 3.26s (worst step joint delta 0.2deg)
[INFO] [1789062984.600243039] [sim_executor_bridge_node]: MoveSplineJoint called with 12 points
[INFO] [1789062986.354736204] [sim_executor_bridge_node]: ARM_ARRIVAL MoveSpline: 잔차 0.25deg (손끝 2.2mm) / 대기 0.44s
[INFO] [1789062986.354958317] [sim_executor_bridge_node]: MoveSpline ok: 12 pts / 1.28s -> end=[-25.5 33.9 117.4 322.4 -66.2 -70.2]deg
[INFO] [1789062986.404808665] [sim_executor_bridge_node]: MoveLine called (pos=[   0.    0. -120.    0.    0.    0.], ref=0, mode=1)
[INFO] [1789062986.407513113] [sim_executor_bridge_node]: MoveLine 120mm: 60 -> 24 steps (5.0mm/step, 자유공간 이송)
[INFO] [1789062991.322654124] [sim_executor_bridge_node]: ARM_ARRIVAL MoveLine: 잔차 0.28deg (손끝 1.6mm) / 대기 0.10s
[INFO] [1789062991.323124961] [sim_executor_bridge_node]: MOVELINE_END_ERR: along=-1.6mm lateral=0.1mm |err|=1.6mm (명령 120mm, BASE)
[INFO] [1789062991.323290501] [sim_executor_bridge_node]: MoveLine 실이동 118.4mm / 명령 120mm
[INFO] [1789062991.323444780] [sim_executor_bridge_node]: MoveLine ok: 120mm / 24 steps / 계획 1.50s 실소요 4.92s (worst step joint delta 0.8deg)
[INFO] [1789062991.362764665] [sim_executor_bridge_node]: SetPosition called to 600
[INFO] [1789062991.363012562] [sim_executor_bridge_node]: GRASP_RELEASE -> /sim/grasp_event
[INFO] [1789062992.616863220] [sim_executor_bridge_node]: MoveSplineJoint called with 12 points
[INFO] [1789062993.275482850] [sim_executor_bridge_node]: ARM_ARRIVAL MoveSpline: 잔차 0.28deg (손끝 1.8mm) / 대기 0.30s
[INFO] [1789062993.275859642] [sim_executor_bridge_node]: MoveSpline ok: 12 pts / 0.35s -> end=[-25.5 33.9 117.4 322.4 -66.2 -70.2]deg
[INFO] [1789062994.928281987] [sim_executor_bridge_node]: MoveSplineJoint called with 12 points
[INFO] [1789062996.803709137] [sim_executor_bridge_node]: ARM_ARRIVAL MoveSpline: 잔차 0.27deg (손끝 1.8mm) / 대기 0.38s
[INFO] [1789062996.804082021] [sim_executor_bridge_node]: MoveSpline ok: 12 pts / 1.47s -> end=[150.3 -11.9 109.1 262.2 63.3 10.5]deg
[INFO] [1789062996.835279445] [sim_executor_bridge_node]: SetPosition called to 600
[INFO] [1789062997.940264737] [sim_executor_bridge_node]: SetPosition called to 600
[INFO] [1789063000.460984435] [sim_executor_bridge_node]: MoveSplineJoint called with 12 points
[INFO] [1789063001.287537874] [sim_executor_bridge_node]: ARM_ARRIVAL MoveSpline: 잔차 0.27deg (손끝 1.9mm) / 대기 0.38s
[INFO] [1789063001.287768701] [sim_executor_bridge_node]: MoveSpline ok: 12 pts / 0.43s -> end=[124.4 6.2 63.2 308.9 45.6 -41.6]deg
[INFO] [1789063001.613388466] [sim_executor_bridge_node]: MoveLine called (pos=[ 0.  0. 45.  0.  0.  0.], ref=1, mode=1)
[INFO] [1789063004.997058387] [sim_executor_bridge_node]: ARM_ARRIVAL MoveLine: 잔차 0.30deg (손끝 1.7mm) / 대기 0.12s
[INFO] [1789063004.999330743] [sim_executor_bridge_node]: MOVELINE_END_ERR: along=-1.6mm lateral=0.7mm |err|=1.7mm (명령 45mm, TOOL)
[INFO] [1789063004.999686474] [sim_executor_bridge_node]: MoveLine 실이동 43.5mm / 명령 45mm
[INFO] [1789063005.000026192] [sim_executor_bridge_node]: MoveLine ok: 45mm / 23 steps / 계획 0.37s 실소요 3.38s (worst step joint delta 0.3deg)
[INFO] [1789063005.021098577] [sim_executor_bridge_node]: MoveLine called (pos=[  0.           0.         -32.60535644   0.           0.
   0.        ], ref=0, mode=1)
[INFO] [1789063007.544563834] [sim_executor_bridge_node]: ARM_ARRIVAL MoveLine: 잔차 0.27deg (손끝 0.8mm) / 대기 0.06s
[INFO] [1789063007.545325895] [sim_executor_bridge_node]: MOVELINE_END_ERR: along=-0.6mm lateral=0.5mm |err|=0.8mm (명령 33mm, BASE)
[INFO] [1789063007.545725078] [sim_executor_bridge_node]: MoveLine 실이동 32.0mm / 명령 33mm
[INFO] [1789063007.545956792] [sim_executor_bridge_node]: MoveLine ok: 33mm / 17 steps / 계획 0.41s 실소요 2.52s (worst step joint delta 0.5deg)
[INFO] [1789063007.575756006] [sim_executor_bridge_node]: SetPosition called to 700
[INFO] [1789063007.576758254] [sim_executor_bridge_node]: GRASP_JUDGE 줄기기준 along=+14.6mm(조우 -6~27) lateral=4.4mm(허용20) | 과실기준 d_tcp=36.6mm -> CONTACT
[INFO] [1789063007.576982265] [sim_executor_bridge_node]: GRASP_ATTACH 과실 (-220, 783, 560)mm -> /sim/grasp_event
[INFO] [1789063007.977753286] [sim_executor_bridge_node]: MoveLine called (pos=[  0.   0. -40.   0.   0.   0.], ref=0, mode=1)
[INFO] [1789063010.867832295] [sim_executor_bridge_node]: ARM_ARRIVAL MoveLine: 잔차 0.27deg (손끝 0.7mm) / 대기 0.08s
[INFO] [1789063010.868508073] [sim_executor_bridge_node]: MOVELINE_END_ERR: along=-0.6mm lateral=0.4mm |err|=0.7mm (명령 40mm, BASE)
[INFO] [1789063010.868724456] [sim_executor_bridge_node]: MoveLine 실이동 39.4mm / 명령 40mm
[INFO] [1789063010.868919905] [sim_executor_bridge_node]: MoveLine ok: 40mm / 20 steps / 계획 0.40s 실소요 2.89s (worst step joint delta 0.5deg)
[INFO] [1789063010.883993349] [sim_executor_bridge_node]: MoveLine called (pos=[  0.   0. -45.   0.   0.   0.], ref=1, mode=1)
[INFO] [1789063014.143659067] [sim_executor_bridge_node]: ARM_ARRIVAL MoveLine: 잔차 0.28deg (손끝 2.3mm) / 대기 0.04s
[INFO] [1789063014.144084902] [sim_executor_bridge_node]: MOVELINE_END_ERR: along=-2.3mm lateral=0.5mm |err|=2.3mm (명령 45mm, TOOL)
[INFO] [1789063014.144238266] [sim_executor_bridge_node]: MoveLine 실이동 42.7mm / 명령 45mm
[INFO] [1789063014.144376230] [sim_executor_bridge_node]: MoveLine ok: 45mm / 23 steps / 계획 0.28s 실소요 3.26s (worst step joint delta 0.3deg)
[INFO] [1789063015.794317330] [sim_executor_bridge_node]: MoveSplineJoint called with 12 points
[INFO] [1789063017.533743645] [sim_executor_bridge_node]: ARM_ARRIVAL MoveSpline: 잔차 0.30deg (손끝 2.6mm) / 대기 0.42s
[INFO] [1789063017.534122556] [sim_executor_bridge_node]: MoveSpline ok: 12 pts / 1.29s -> end=[-30.0 29.7 126.7 319.1 -71.4 -72.0]deg
[INFO] [1789063017.548428681] [sim_executor_bridge_node]: MoveLine called (pos=[   0.    0. -120.    0.    0.    0.], ref=0, mode=1)
[INFO] [1789063017.551155296] [sim_executor_bridge_node]: MoveLine 120mm: 60 -> 24 steps (5.0mm/step, 자유공간 이송)
[INFO] [1789063022.284551900] [sim_executor_bridge_node]: ARM_ARRIVAL MoveLine: 잔차 0.28deg (손끝 1.5mm) / 대기 0.10s
[INFO] [1789063022.285454490] [sim_executor_bridge_node]: MOVELINE_END_ERR: along=-1.3mm lateral=0.1mm |err|=1.3mm (명령 120mm, BASE)
[INFO] [1789063022.285816756] [sim_executor_bridge_node]: MoveLine 실이동 118.7mm / 명령 120mm
[INFO] [1789063022.286165519] [sim_executor_bridge_node]: MoveLine ok: 120mm / 24 steps / 계획 1.50s 실소요 4.73s (worst step joint delta 0.9deg)
[INFO] [1789063022.307445071] [sim_executor_bridge_node]: SetPosition called to 600
[INFO] [1789063022.307894596] [sim_executor_bridge_node]: GRASP_RELEASE -> /sim/grasp_event
[INFO] [1789063023.323083934] [sim_executor_bridge_node]: MoveSplineJoint called with 12 points
[INFO] [1789063024.005989096] [sim_executor_bridge_node]: ARM_ARRIVAL MoveSpline: 잔차 0.27deg (손끝 1.4mm) / 대기 0.32s
[INFO] [1789063024.006374616] [sim_executor_bridge_node]: MoveSpline ok: 12 pts / 0.35s -> end=[-30.0 29.7 126.7 319.1 -71.4 -72.0]deg
[INFO] [1789063025.477722293] [sim_executor_bridge_node]: MoveSplineJoint called with 12 points
[INFO] [1789063027.412506794] [sim_executor_bridge_node]: ARM_ARRIVAL MoveSpline: 잔차 0.27deg (손끝 1.8mm) / 대기 0.40s
[INFO] [1789063027.412693902] [sim_executor_bridge_node]: MoveSpline ok: 12 pts / 1.50s -> end=[150.2 -11.8 109.1 262.2 63.3 10.5]deg
[INFO] [1789063027.429722916] [sim_executor_bridge_node]: SetPosition called to 600
[INFO] [1789063028.484119924] [sim_executor_bridge_node]: MoveJoint called to [150.27 -11.92 109.11 262.19  63.33  10.46]
[INFO] [1789063028.490181509] [sim_executor_bridge_node]: ARM_ARRIVAL MoveJoint: 잔차 0.10deg (손끝 1.0mm) / 대기 0.00s
[INFO] [1789063031.540612958] [sim_executor_bridge_node]: MoveJoint called to [ 87.98 -94.92 129.89 175.94 -31.34  93.42]
[INFO] [1789063032.426144348] [sim_executor_bridge_node]: ARM_ARRIVAL MoveJoint: 잔차 0.29deg (손끝 1.6mm) / 대기 0.88s
