[INFO] [1789546547.967011789] [sim_executor_bridge_node]: Sim Executor Bridge Node initializing...
[WARN] [1789546548.399215240] [sim_executor_bridge_node]: MOVELINE_COLLISION_WORLD: ['whiteboard'] loaded from /home/oceanshape/strawberry_grasp_environment/install/e0509_gripper_description/share/e0509_gripper_description/config/environment.yaml
[INFO] [1789546548.826849383] [sim_executor_bridge_node]: cuRobo IK Solver successfully initialized for MoveLine.
[WARN] [1789546548.827160446] [sim_executor_bridge_node]: GRASP_JUDGE_MODEL: tool_tcp_offset=236mm capture_radius=38mm enabled=True sim_speed_scale=1.0 gripper_close=1.080rad arm_arrival_tol=0.30deg — planner 의 ee_to_tcp_offset_m 과 반드시 같아야 한다 (다르면 전 타겟 GRASP_EMPTY)
[WARN] [1789546548.827361853] [sim_executor_bridge_node]: DOOSAN_MOVEIT_REF: vel=[120, 120, 150, 225, 225, 225] acc=[120, 120, 150, 225, 225, 225] deg/s,deg/s^2 (dsr_moveit_config_e0509/config/joint_limits.yaml) — 초과해도 자르지 않고 기록만 (D3)
[INFO] [1789546548.827512000] [sim_executor_bridge_node]: Sim Executor Bridge Node Ready! (Listening to Doosan & Gripper services)
[harvest_probe] 계측 부착: role=controller -> /tmp/harvest_hud_controller.json
[INFO] [1789546562.380583522] [sim_executor_bridge_node]: SetPosition called to 600
[INFO] [1789546600.350500220] [sim_executor_bridge_node]: MoveJoint called to [144.1, 22.9, -1.0, 121.5, -75.3, 108.7] (vel=120 acc=180 time=0.00)
[WARN] [1789546600.350945916] [sim_executor_bridge_node]: MOVEJ_OVER_DOOSAN_MOVEIT J2 acc 162>120  J3 acc 180>150 — 두산 공식 MoveIt 설정 초과, 자르지 않고 실행
[INFO] [1789546602.109332057] [sim_executor_bridge_node]: MoveJoint profile: span 130.9deg / 1.76s (352 steps)
[INFO] [1789546602.377871153] [sim_executor_bridge_node]: ARM_ARRIVAL MoveJoint: 잔차 0.28deg (손끝 0.6mm) / 대기 0.26s
[INFO] [1789546606.192813184] [sim_executor_bridge_node]: MoveJoint called to [144.6, 31.8, 10.9, 114.4, -65.7, 128.3] (vel=120 acc=180 time=0.00)
[INFO] [1789546606.853504983] [sim_executor_bridge_node]: MoveJoint profile: span 19.6deg / 0.66s (133 steps)
[INFO] [1789546607.097729485] [sim_executor_bridge_node]: ARM_ARRIVAL MoveJoint: 잔차 0.27deg (손끝 0.8mm) / 대기 0.24s
[INFO] [1789546610.202845114] [sim_executor_bridge_node]: SetPosition called to 600
[INFO] [1789546613.721828732] [sim_executor_bridge_node]: MoveSplineJoint called with 12 points
[INFO] [1789546614.556412208] [sim_executor_bridge_node]: ARM_ARRIVAL MoveSpline: 잔차 0.26deg (손끝 1.0mm) / 대기 0.24s
[INFO] [1789546614.556614972] [sim_executor_bridge_node]: MoveSpline ok: 12 pts / 0.58s -> end=[139.9 30.1 24.3 111.7 -55.0 140.1]deg
[INFO] [1789546614.875401116] [sim_executor_bridge_node]: MoveLine called (pos=[ 0.  0. 40.  0.  0.  0.], ref=1, mode=1)
[INFO] [1789546618.746432794] [sim_executor_bridge_node]: ARM_ARRIVAL MoveLine: 잔차 0.22deg (손끝 2.0mm) / 대기 0.00s
[INFO] [1789546618.746925107] [sim_executor_bridge_node]: MOVELINE_END_ERR: along=-2.8mm lateral=3.0mm |err|=4.1mm (명령 40mm, TOOL)
[INFO] [1789546618.747103878] [sim_executor_bridge_node]: MoveLine 실이동 37.3mm / 명령 40mm
[INFO] [1789546618.747251446] [sim_executor_bridge_node]: MoveLine ok: 40mm / 20 steps / 계획 0.67s 실소요 3.87s (worst step joint delta 3.8deg)
[INFO] [1789546618.784089938] [sim_executor_bridge_node]: MoveLine called (pos=[  0.           0.         -28.25754239   0.           0.
   0.        ], ref=0, mode=1)
[INFO] [1789546621.618736763] [sim_executor_bridge_node]: ARM_ARRIVAL MoveLine: 잔차 0.27deg (손끝 1.6mm) / 대기 0.12s
[INFO] [1789546621.619276057] [sim_executor_bridge_node]: MOVELINE_END_ERR: along=+1.0mm lateral=1.2mm |err|=1.6mm (명령 28mm, BASE)
[INFO] [1789546621.619462112] [sim_executor_bridge_node]: MoveLine 실이동 29.2mm / 명령 28mm
[INFO] [1789546621.619691197] [sim_executor_bridge_node]: MoveLine ok: 28mm / 15 steps / 계획 0.71s 실소요 2.83s (worst step joint delta 8.4deg)
[INFO] [1789546621.639495385] [sim_executor_bridge_node]: SetPosition called to 700
[INFO] [1789546621.640639276] [sim_executor_bridge_node]: GRASP_JUDGE 줄기기준 along=+20.9mm(조우 -6~27) lateral=5.5mm(허용20) | 과실기준 d_tcp=35.2mm -> CONTACT
[INFO] [1789546621.640956812] [sim_executor_bridge_node]: GRASP_ATTACH 과실 (-380, 783, 720)mm -> /sim/grasp_event
[INFO] [1789546622.041743239] [sim_executor_bridge_node]: MoveLine called (pos=[  0.   0. -40.   0.   0.   0.], ref=0, mode=1)
[INFO] [1789546625.668883176] [sim_executor_bridge_node]: ARM_ARRIVAL MoveLine: 잔차 0.27deg (손끝 1.1mm) / 대기 0.12s
[INFO] [1789546625.669734733] [sim_executor_bridge_node]: MOVELINE_END_ERR: along=+0.6mm lateral=1.0mm |err|=1.2mm (명령 40mm, BASE)
[INFO] [1789546625.669904099] [sim_executor_bridge_node]: MoveLine 실이동 40.6mm / 명령 40mm
[INFO] [1789546625.670059272] [sim_executor_bridge_node]: MoveLine ok: 40mm / 20 steps / 계획 0.80s 실소요 3.63s (worst step joint delta 0.9deg)
[INFO] [1789546625.698838737] [sim_executor_bridge_node]: MoveLine called (pos=[  0.   0. -40.   0.   0.   0.], ref=1, mode=1)
[INFO] [1789546629.203557004] [sim_executor_bridge_node]: ARM_ARRIVAL MoveLine: 잔차 0.30deg (손끝 2.4mm) / 대기 0.08s
[INFO] [1789546629.204027075] [sim_executor_bridge_node]: MOVELINE_END_ERR: along=-1.8mm lateral=1.4mm |err|=2.2mm (명령 40mm, TOOL)
[INFO] [1789546629.204204892] [sim_executor_bridge_node]: MoveLine 실이동 38.3mm / 명령 40mm
[INFO] [1789546629.204363929] [sim_executor_bridge_node]: MoveLine ok: 40mm / 20 steps / 계획 0.50s 실소요 3.50s (worst step joint delta 0.5deg)
[INFO] [1789546631.339690483] [sim_executor_bridge_node]: SetPosition called to 600
[INFO] [1789546631.340153347] [sim_executor_bridge_node]: GRASP_RELEASE -> /sim/grasp_event
[INFO] [1789546636.803743992] [sim_executor_bridge_node]: MoveSplineJoint called with 12 points
[WARN] [1789546638.564251965] [sim_executor_bridge_node]: ARM_ARRIVAL_STALLED MoveSpline: 허용 0.30deg 에 못 들어왔는데 0.30s 째 개선이 없다 — 잔차 0.64deg (손끝 3.4mm) / 대기 1.17s. 이 잔차는 다음 상대 이동에 그대로 전파된다
[INFO] [1789546638.564652469] [sim_executor_bridge_node]: MoveSpline ok: 12 pts / 0.58s -> end=[144.6 31.9 10.9 114.4 -65.7 128.3]deg
[INFO] [1789546638.606138623] [sim_executor_bridge_node]: SetPosition called to 600
[INFO] [1789546639.711437529] [sim_executor_bridge_node]: SetPosition called to 600
[INFO] [1789546643.645529722] [sim_executor_bridge_node]: MoveSplineJoint called with 12 points
[INFO] [1789546644.576147665] [sim_executor_bridge_node]: ARM_ARRIVAL MoveSpline: 잔차 0.29deg (손끝 2.9mm) / 대기 0.34s
[INFO] [1789546644.576405457] [sim_executor_bridge_node]: MoveSpline ok: 12 pts / 0.58s -> end=[128.5 19.3 28.9 130.0 -54.3 125.5]deg
[INFO] [1789546644.899707245] [sim_executor_bridge_node]: MoveLine called (pos=[ 0.  0. 45.  0.  0.  0.], ref=1, mode=1)
[INFO] [1789546649.315076991] [sim_executor_bridge_node]: ARM_ARRIVAL MoveLine: 잔차 0.27deg (손끝 1.9mm) / 대기 0.26s
[INFO] [1789546649.316565043] [sim_executor_bridge_node]: MOVELINE_END_ERR: along=+0.9mm lateral=1.6mm |err|=1.9mm (명령 45mm, TOOL)
[INFO] [1789546649.316820295] [sim_executor_bridge_node]: MoveLine 실이동 45.9mm / 명령 45mm
[INFO] [1789546649.317034513] [sim_executor_bridge_node]: MoveLine ok: 45mm / 23 steps / 계획 0.75s 실소요 4.42s (worst step joint delta 1.5deg)
[INFO] [1789546649.358502613] [sim_executor_bridge_node]: MoveLine called (pos=[  0.        0.      -30.00054   0.        0.        0.     ], ref=0, mode=1)
[INFO] [1789546652.476817710] [sim_executor_bridge_node]: ARM_ARRIVAL MoveLine: 잔차 0.25deg (손끝 1.5mm) / 대기 0.12s
[INFO] [1789546652.477409462] [sim_executor_bridge_node]: MOVELINE_END_ERR: along=+0.8mm lateral=1.3mm |err|=1.5mm (명령 30mm, BASE)
[INFO] [1789546652.477590685] [sim_executor_bridge_node]: MoveLine 실이동 30.8mm / 명령 30mm
[INFO] [1789546652.477757386] [sim_executor_bridge_node]: MoveLine ok: 30mm / 16 steps / 계획 0.75s 실소요 3.12s (worst step joint delta 2.3deg)
[INFO] [1789546652.514889127] [sim_executor_bridge_node]: SetPosition called to 700
[INFO] [1789546652.516710416] [sim_executor_bridge_node]: GRASP_JUDGE 줄기기준 along=+12.0mm(조우 -6~27) lateral=5.9mm(허용20) | 과실기준 d_tcp=32.2mm -> CONTACT
[INFO] [1789546652.517033366] [sim_executor_bridge_node]: GRASP_ATTACH 과실 (-250, 783, 740)mm -> /sim/grasp_event
[INFO] [1789546652.917161676] [sim_executor_bridge_node]: MoveLine called (pos=[  0.   0. -40.   0.   0.   0.], ref=0, mode=1)
[INFO] [1789546656.315631046] [sim_executor_bridge_node]: ARM_ARRIVAL MoveLine: 잔차 0.29deg (손끝 1.0mm) / 대기 0.10s
[INFO] [1789546656.317218453] [sim_executor_bridge_node]: MOVELINE_END_ERR: along=+0.4mm lateral=1.0mm |err|=1.1mm (명령 40mm, BASE)
[INFO] [1789546656.317613842] [sim_executor_bridge_node]: MoveLine 실이동 40.4mm / 명령 40mm
[INFO] [1789546656.317981096] [sim_executor_bridge_node]: MoveLine ok: 40mm / 20 steps / 계획 0.80s 실소요 3.40s (worst step joint delta 0.9deg)
[INFO] [1789546656.323784697] [sim_executor_bridge_node]: MoveLine called (pos=[  0.   0. -45.   0.   0.   0.], ref=1, mode=1)
[INFO] [1789546659.998428291] [sim_executor_bridge_node]: ARM_ARRIVAL MoveLine: 잔차 0.27deg (손끝 2.3mm) / 대기 0.08s
[INFO] [1789546659.999318896] [sim_executor_bridge_node]: MOVELINE_END_ERR: along=-1.8mm lateral=1.2mm |err|=2.1mm (명령 45mm, TOOL)
[INFO] [1789546659.999478857] [sim_executor_bridge_node]: MoveLine 실이동 43.2mm / 명령 45mm
[INFO] [1789546659.999636948] [sim_executor_bridge_node]: MoveLine ok: 45mm / 23 steps / 계획 0.56s 실소요 3.67s (worst step joint delta 0.4deg)
[INFO] [1789546661.886871554] [sim_executor_bridge_node]: MoveSplineJoint called with 12 points
[INFO] [1789546663.425459427] [sim_executor_bridge_node]: ARM_ARRIVAL MoveSpline: 잔차 0.28deg (손끝 2.2mm) / 대기 0.48s
[INFO] [1789546663.425671222] [sim_executor_bridge_node]: MoveSpline ok: 12 pts / 1.03s -> end=[11.7 31.5 122.8 183.6 64.0 91.2]deg
[INFO] [1789546663.440905674] [sim_executor_bridge_node]: MoveLine called (pos=[   0.    0. -120.    0.    0.    0.], ref=0, mode=1)
[INFO] [1789546663.443024401] [sim_executor_bridge_node]: MoveLine 120mm: 60 -> 24 steps (5.0mm/step, 자유공간 이송)
[INFO] [1789546668.589631276] [sim_executor_bridge_node]: ARM_ARRIVAL MoveLine: 잔차 0.23deg (손끝 1.2mm) / 대기 0.10s
[INFO] [1789546668.590514762] [sim_executor_bridge_node]: MOVELINE_END_ERR: along=-1.2mm lateral=0.1mm |err|=1.2mm (명령 120mm, BASE)
[INFO] [1789546668.590899443] [sim_executor_bridge_node]: MoveLine 실이동 118.8mm / 명령 120mm
[INFO] [1789546668.591311214] [sim_executor_bridge_node]: MoveLine ok: 120mm / 24 steps / 계획 2.00s 실소요 5.15s (worst step joint delta 0.9deg)
[INFO] [1789546668.598989984] [sim_executor_bridge_node]: SetPosition called to 600
[INFO] [1789546668.599301347] [sim_executor_bridge_node]: GRASP_RELEASE -> /sim/grasp_event
[INFO] [1789546669.794242237] [sim_executor_bridge_node]: MoveSplineJoint called with 12 points
[INFO] [1789546670.706571191] [sim_executor_bridge_node]: ARM_ARRIVAL MoveSpline: 잔차 0.27deg (손끝 1.6mm) / 대기 0.32s
[INFO] [1789546670.706769984] [sim_executor_bridge_node]: MoveSpline ok: 12 pts / 0.58s -> end=[11.7 31.5 122.8 183.6 64.0 91.2]deg
[INFO] [1789546672.880321050] [sim_executor_bridge_node]: MoveSplineJoint called with 12 points
[INFO] [1789546674.770884026] [sim_executor_bridge_node]: ARM_ARRIVAL MoveSpline: 잔차 0.29deg (손끝 4.0mm) / 대기 0.42s
[INFO] [1789546674.771088547] [sim_executor_bridge_node]: MoveSpline ok: 12 pts / 1.43s -> end=[144.6 32.0 10.9 114.4 -65.7 128.3]deg
[INFO] [1789546674.783378224] [sim_executor_bridge_node]: SetPosition called to 600
[INFO] [1789546676.075068114] [sim_executor_bridge_node]: MoveJoint called to [109.8, 54.1, -57.9, 158.6, -90.9, 88.7] (vel=120 acc=180 time=0.00)
[WARN] [1789546676.075542884] [sim_executor_bridge_node]: MOVEJ_OVER_DOOSAN_MOVEIT J3 acc 180>150 — 두산 공식 MoveIt 설정 초과, 자르지 않고 실행
[INFO] [1789546677.313678773] [sim_executor_bridge_node]: MoveJoint profile: span 68.9deg / 1.24s (248 steps)
[INFO] [1789546677.601789358] [sim_executor_bridge_node]: ARM_ARRIVAL MoveJoint: 잔차 0.28deg (손끝 1.1mm) / 대기 0.28s
[INFO] [1789546680.687144388] [sim_executor_bridge_node]: SetPosition called to 600
[INFO] [1789546686.391958542] [sim_executor_bridge_node]: MoveSplineJoint called with 12 points
[INFO] [1789546687.267896121] [sim_executor_bridge_node]: ARM_ARRIVAL MoveSpline: 잔차 0.29deg (손끝 0.7mm) / 대기 0.28s
[INFO] [1789546687.268100857] [sim_executor_bridge_node]: MoveSpline ok: 12 pts / 0.58s -> end=[110.9 47.4 -37.8 158.8 -81.1 94.1]deg
[INFO] [1789546687.595283909] [sim_executor_bridge_node]: MoveLine called (pos=[ 0.  0. 45.  0.  0.  0.], ref=1, mode=1)
[INFO] [1789546691.576782321] [sim_executor_bridge_node]: ARM_ARRIVAL MoveLine: 잔차 0.28deg (손끝 0.7mm) / 대기 0.10s
[INFO] [1789546691.578751019] [sim_executor_bridge_node]: MOVELINE_END_ERR: along=-0.1mm lateral=0.6mm |err|=0.6mm (명령 45mm, TOOL)
[INFO] [1789546691.579157532] [sim_executor_bridge_node]: MoveLine 실이동 44.9mm / 명령 45mm
[INFO] [1789546691.579538660] [sim_executor_bridge_node]: MoveLine ok: 45mm / 23 steps / 계획 0.75s 실소요 3.98s (worst step joint delta 0.7deg)
[INFO] [1789546691.603831377] [sim_executor_bridge_node]: MoveLine called (pos=[  0.        0.      -30.00054   0.        0.        0.     ], ref=0, mode=1)
[INFO] [1789546694.813139492] [sim_executor_bridge_node]: ARM_ARRIVAL MoveLine: 잔차 0.27deg (손끝 0.5mm) / 대기 0.12s
[INFO] [1789546694.816967626] [sim_executor_bridge_node]: MOVELINE_END_ERR: along=-0.2mm lateral=0.4mm |err|=0.5mm (명령 30mm, BASE)
[INFO] [1789546694.817365526] [sim_executor_bridge_node]: MoveLine 실이동 29.8mm / 명령 30mm
[INFO] [1789546694.817557602] [sim_executor_bridge_node]: MoveLine ok: 30mm / 16 steps / 계획 0.75s 실소요 3.21s (worst step joint delta 1.1deg)
[INFO] [1789546694.860226414] [sim_executor_bridge_node]: SetPosition called to 700
[INFO] [1789546694.868329290] [sim_executor_bridge_node]: GRASP_JUDGE 줄기기준 along=+14.3mm(조우 -6~27) lateral=1.6mm(허용20) | 과실기준 d_tcp=36.4mm -> CONTACT
[INFO] [1789546694.868608175] [sim_executor_bridge_node]: GRASP_ATTACH 과실 (-120, 783, 760)mm -> /sim/grasp_event
[INFO] [1789546695.262192147] [sim_executor_bridge_node]: MoveLine called (pos=[  0.   0. -40.   0.   0.   0.], ref=0, mode=1)
[INFO] [1789546698.789604600] [sim_executor_bridge_node]: ARM_ARRIVAL MoveLine: 잔차 0.30deg (손끝 0.8mm) / 대기 0.10s
[INFO] [1789546698.792243769] [sim_executor_bridge_node]: MOVELINE_END_ERR: along=-0.8mm lateral=0.3mm |err|=0.8mm (명령 40mm, BASE)
[INFO] [1789546698.792414800] [sim_executor_bridge_node]: MoveLine 실이동 39.2mm / 명령 40mm
[INFO] [1789546698.792566004] [sim_executor_bridge_node]: MoveLine ok: 40mm / 20 steps / 계획 0.80s 실소요 3.53s (worst step joint delta 0.8deg)
[INFO] [1789546698.819443194] [sim_executor_bridge_node]: MoveLine called (pos=[  0.   0. -45.   0.   0.   0.], ref=1, mode=1)
[INFO] [1789546702.271288063] [sim_executor_bridge_node]: ARM_ARRIVAL MoveLine: 잔차 0.26deg (손끝 1.8mm) / 대기 0.06s
[INFO] [1789546702.273282660] [sim_executor_bridge_node]: MOVELINE_END_ERR: along=-1.5mm lateral=0.1mm |err|=1.6mm (명령 45mm, TOOL)
[INFO] [1789546702.273703696] [sim_executor_bridge_node]: MoveLine 실이동 43.5mm / 명령 45mm
[INFO] [1789546702.274114495] [sim_executor_bridge_node]: MoveLine ok: 45mm / 23 steps / 계획 0.56s 실소요 3.45s (worst step joint delta 0.4deg)
[INFO] [1789546704.126385952] [sim_executor_bridge_node]: SetPosition called to 600
[INFO] [1789546704.126627013] [sim_executor_bridge_node]: GRASP_RELEASE -> /sim/grasp_event
[INFO] [1789546705.838437369] [sim_executor_bridge_node]: MoveSplineJoint called with 12 points
[INFO] [1789546706.628514963] [sim_executor_bridge_node]: ARM_ARRIVAL MoveSpline: 잔차 0.23deg (손끝 2.5mm) / 대기 0.20s
[INFO] [1789546706.628900341] [sim_executor_bridge_node]: MoveSpline ok: 12 pts / 0.58s -> end=[109.8 54.1 -57.9 158.6 -90.9 88.7]deg
[INFO] [1789546706.639464805] [sim_executor_bridge_node]: SetPosition called to 600
[INFO] [1789546707.696019597] [sim_executor_bridge_node]: MoveJoint called to [144.1, 22.9, -1.0, 121.5, -75.3, 108.7] (vel=120 acc=180 time=0.00)
[WARN] [1789546707.696246251] [sim_executor_bridge_node]: MOVEJ_OVER_DOOSAN_MOVEIT J3 acc 180>150 — 두산 공식 MoveIt 설정 초과, 자르지 않고 실행
[INFO] [1789546708.821567795] [sim_executor_bridge_node]: MoveJoint profile: span 56.9deg / 1.12s (225 steps)
[INFO] [1789546709.086175998] [sim_executor_bridge_node]: ARM_ARRIVAL MoveJoint: 잔차 0.28deg (손끝 1.5mm) / 대기 0.26s
[INFO] [1789546712.106870144] [sim_executor_bridge_node]: MoveJoint called to [18.9, 26.0, 1.0, 74.6, 78.2, -115.6] (vel=120 acc=180 time=0.00)
[INFO] [1789546714.643974737] [sim_executor_bridge_node]: MoveJoint profile: span 224.3deg / 2.54s (508 steps)
[INFO] [1789546714.953834117] [sim_executor_bridge_node]: ARM_ARRIVAL MoveJoint: 잔차 0.29deg (손끝 1.0mm) / 대기 0.30s
[INFO] [1789546718.019777564] [sim_executor_bridge_node]: SetPosition called to 600
[INFO] [1789546721.493981918] [sim_executor_bridge_node]: MoveSplineJoint called with 12 points
[INFO] [1789546722.472509253] [sim_executor_bridge_node]: ARM_ARRIVAL MoveSpline: 잔차 0.27deg (손끝 2.2mm) / 대기 0.38s
[INFO] [1789546722.472699266] [sim_executor_bridge_node]: MoveSpline ok: 12 pts / 0.58s -> end=[48.5 25.1 19.9 48.3 62.2 -121.3]deg
[INFO] [1789546722.797171945] [sim_executor_bridge_node]: MoveLine called (pos=[ 0.  0. 45.  0.  0.  0.], ref=1, mode=1)
[INFO] [1789546726.765448792] [sim_executor_bridge_node]: ARM_ARRIVAL MoveLine: 잔차 0.26deg (손끝 1.3mm) / 대기 0.04s
[INFO] [1789546726.766281017] [sim_executor_bridge_node]: MOVELINE_END_ERR: along=-2.4mm lateral=5.0mm |err|=5.5mm (명령 45mm, TOOL)
[INFO] [1789546726.766453523] [sim_executor_bridge_node]: MoveLine 실이동 42.9mm / 명령 45mm
[INFO] [1789546726.766629201] [sim_executor_bridge_node]: MoveLine ok: 45mm / 23 steps / 계획 0.75s 실소요 3.97s (worst step joint delta 3.1deg)
[INFO] [1789546726.806212830] [sim_executor_bridge_node]: MoveLine called (pos=[  0.           0.         -31.30792321   0.           0.
   0.        ], ref=0, mode=1)
[INFO] [1789546729.958686637] [sim_executor_bridge_node]: ARM_ARRIVAL MoveLine: 잔차 0.29deg (손끝 0.6mm) / 대기 0.14s
[INFO] [1789546729.959122911] [sim_executor_bridge_node]: MOVELINE_END_ERR: along=+0.1mm lateral=0.6mm |err|=0.6mm (명령 31mm, BASE)
[INFO] [1789546729.959282175] [sim_executor_bridge_node]: MoveLine 실이동 31.4mm / 명령 31mm
[INFO] [1789546729.959428369] [sim_executor_bridge_node]: MoveLine ok: 31mm / 16 steps / 계획 0.78s 실소요 3.15s (worst step joint delta 7.2deg)
[INFO] [1789546729.962198388] [sim_executor_bridge_node]: SetPosition called to 700
[INFO] [1789546729.963866910] [sim_executor_bridge_node]: GRASP_JUDGE 줄기기준 along=+15.5mm(조우 -6~27) lateral=7.5mm(허용20) | 과실기준 d_tcp=33.2mm -> CONTACT
[INFO] [1789546729.964331001] [sim_executor_bridge_node]: GRASP_ATTACH 과실 (280, 783, 700)mm -> /sim/grasp_event
[INFO] [1789546730.364856398] [sim_executor_bridge_node]: MoveLine called (pos=[  0.   0. -40.   0.   0.   0.], ref=0, mode=1)
[INFO] [1789546733.690306840] [sim_executor_bridge_node]: ARM_ARRIVAL MoveLine: 잔차 0.26deg (손끝 0.5mm) / 대기 0.14s
[INFO] [1789546733.692757181] [sim_executor_bridge_node]: MOVELINE_END_ERR: along=-0.4mm lateral=0.4mm |err|=0.5mm (명령 40mm, BASE)
[INFO] [1789546733.692932137] [sim_executor_bridge_node]: MoveLine 실이동 39.6mm / 명령 40mm
[INFO] [1789546733.693092674] [sim_executor_bridge_node]: MoveLine ok: 40mm / 20 steps / 계획 0.80s 실소요 3.33s (worst step joint delta 0.9deg)
[INFO] [1789546733.720767738] [sim_executor_bridge_node]: MoveLine called (pos=[  0.   0. -45.   0.   0.   0.], ref=1, mode=1)
[INFO] [1789546737.409967694] [sim_executor_bridge_node]: ARM_ARRIVAL MoveLine: 잔차 0.30deg (손끝 2.2mm) / 대기 0.04s
[INFO] [1789546737.412306475] [sim_executor_bridge_node]: MOVELINE_END_ERR: along=-2.2mm lateral=0.3mm |err|=2.2mm (명령 45mm, TOOL)
[INFO] [1789546737.412665498] [sim_executor_bridge_node]: MoveLine 실이동 42.8mm / 명령 45mm
[INFO] [1789546737.413032713] [sim_executor_bridge_node]: MoveLine ok: 45mm / 23 steps / 계획 0.56s 실소요 3.69s (worst step joint delta 0.4deg)
[INFO] [1789546739.219902096] [sim_executor_bridge_node]: SetPosition called to 600
[INFO] [1789546739.220128465] [sim_executor_bridge_node]: GRASP_RELEASE -> /sim/grasp_event
[INFO] [1789546740.926423718] [sim_executor_bridge_node]: MoveSplineJoint called with 12 points
[INFO] [1789546741.939501696] [sim_executor_bridge_node]: ARM_ARRIVAL MoveSpline: 잔차 0.30deg (손끝 2.0mm) / 대기 0.40s
[INFO] [1789546741.939971190] [sim_executor_bridge_node]: MoveSpline ok: 12 pts / 0.60s -> end=[18.9 26.0 1.0 74.6 78.2 -115.6]deg
[INFO] [1789546741.978039144] [sim_executor_bridge_node]: SetPosition called to 600
[INFO] [1789546743.084057247] [sim_executor_bridge_node]: SetPosition called to 600
[INFO] [1789546748.238382329] [sim_executor_bridge_node]: MoveSplineJoint called with 12 points
[INFO] [1789546749.211419307] [sim_executor_bridge_node]: ARM_ARRIVAL MoveSpline: 잔차 0.29deg (손끝 2.3mm) / 대기 0.38s
[INFO] [1789546749.211657672] [sim_executor_bridge_node]: MoveSpline ok: 12 pts / 0.58s -> end=[57.5 13.1 37.4 45.0 49.4 -122.4]deg
[INFO] [1789546749.541709249] [sim_executor_bridge_node]: MoveLine called (pos=[ 0.  0. 45.  0.  0.  0.], ref=1, mode=1)
[INFO] [1789546753.334963378] [sim_executor_bridge_node]: ARM_ARRIVAL MoveLine: 잔차 0.28deg (손끝 1.6mm) / 대기 0.14s
[INFO] [1789546753.337508763] [sim_executor_bridge_node]: MOVELINE_END_ERR: along=+0.4mm lateral=1.5mm |err|=1.6mm (명령 45mm, TOOL)
[INFO] [1789546753.337678538] [sim_executor_bridge_node]: MoveLine 실이동 45.5mm / 명령 45mm
[INFO] [1789546753.337822946] [sim_executor_bridge_node]: MoveLine ok: 45mm / 23 steps / 계획 0.75s 실소요 3.79s (worst step joint delta 0.7deg)
[INFO] [1789546753.348007487] [sim_executor_bridge_node]: MoveLine called (pos=[  0.        0.      -30.00054   0.        0.        0.     ], ref=0, mode=1)
[INFO] [1789546756.202673023] [sim_executor_bridge_node]: ARM_ARRIVAL MoveLine: 잔차 0.25deg (손끝 1.2mm) / 대기 0.10s
[INFO] [1789546756.203467969] [sim_executor_bridge_node]: MOVELINE_END_ERR: along=+0.5mm lateral=1.1mm |err|=1.2mm (명령 30mm, BASE)
[INFO] [1789546756.203830535] [sim_executor_bridge_node]: MoveLine 실이동 30.5mm / 명령 30mm
[INFO] [1789546756.204184869] [sim_executor_bridge_node]: MoveLine ok: 30mm / 16 steps / 계획 0.75s 실소요 2.85s (worst step joint delta 1.1deg)
[INFO] [1789546756.252894618] [sim_executor_bridge_node]: SetPosition called to 700
[INFO] [1789546756.256374258] [sim_executor_bridge_node]: GRASP_JUDGE 줄기기준 along=+12.6mm(조우 -6~27) lateral=5.3mm(허용20) | 과실기준 d_tcp=32.8mm -> CONTACT
[INFO] [1789546756.256623835] [sim_executor_bridge_node]: GRASP_ATTACH 과실 (200, 783, 740)mm -> /sim/grasp_event
[INFO] [1789546756.655447955] [sim_executor_bridge_node]: MoveLine called (pos=[  0.   0. -40.   0.   0.   0.], ref=0, mode=1)
[INFO] [1789546760.042283950] [sim_executor_bridge_node]: ARM_ARRIVAL MoveLine: 잔차 0.24deg (손끝 0.9mm) / 대기 0.10s
[INFO] [1789546760.042795576] [sim_executor_bridge_node]: MOVELINE_END_ERR: along=+0.1mm lateral=0.9mm |err|=0.9mm (명령 40mm, BASE)
[INFO] [1789546760.042974955] [sim_executor_bridge_node]: MoveLine 실이동 40.1mm / 명령 40mm
[INFO] [1789546760.043120745] [sim_executor_bridge_node]: MoveLine ok: 40mm / 20 steps / 계획 0.80s 실소요 3.39s (worst step joint delta 0.7deg)
[INFO] [1789546760.061192596] [sim_executor_bridge_node]: MoveLine called (pos=[  0.   0. -45.   0.   0.   0.], ref=1, mode=1)
[INFO] [1789546763.680751290] [sim_executor_bridge_node]: ARM_ARRIVAL MoveLine: 잔차 0.29deg (손끝 2.4mm) / 대기 0.06s
[INFO] [1789546763.681250111] [sim_executor_bridge_node]: MOVELINE_END_ERR: along=-2.2mm lateral=1.0mm |err|=2.4mm (명령 45mm, TOOL)
[INFO] [1789546763.681451024] [sim_executor_bridge_node]: MoveLine 실이동 42.8mm / 명령 45mm
[INFO] [1789546763.681600583] [sim_executor_bridge_node]: MoveLine ok: 45mm / 23 steps / 계획 0.56s 실소요 3.62s (worst step joint delta 0.4deg)
[INFO] [1789546765.523565264] [sim_executor_bridge_node]: MoveSplineJoint called with 12 points
[INFO] [1789546766.974199584] [sim_executor_bridge_node]: ARM_ARRIVAL MoveSpline: 잔차 0.28deg (손끝 1.4mm) / 대기 0.50s
[INFO] [1789546766.974433720] [sim_executor_bridge_node]: MoveSpline ok: 12 pts / 0.92s -> end=[14.4 26.5 134.1 6.3 -70.3 -89.3]deg
[INFO] [1789546767.027558181] [sim_executor_bridge_node]: MoveLine called (pos=[   0.    0. -120.    0.    0.    0.], ref=0, mode=1)
[INFO] [1789546767.030277272] [sim_executor_bridge_node]: MoveLine 120mm: 60 -> 24 steps (5.0mm/step, 자유공간 이송)
[INFO] [1789546772.172046218] [sim_executor_bridge_node]: ARM_ARRIVAL MoveLine: 잔차 0.26deg (손끝 1.2mm) / 대기 0.12s
[INFO] [1789546772.172793768] [sim_executor_bridge_node]: MOVELINE_END_ERR: along=-1.0mm lateral=0.1mm |err|=1.0mm (명령 120mm, BASE)
[INFO] [1789546772.173144706] [sim_executor_bridge_node]: MoveLine 실이동 119.0mm / 명령 120mm
[INFO] [1789546772.173505041] [sim_executor_bridge_node]: MoveLine ok: 120mm / 24 steps / 계획 2.00s 실소요 5.14s (worst step joint delta 1.0deg)
[INFO] [1789546772.186124625] [sim_executor_bridge_node]: SetPosition called to 600
[INFO] [1789546772.186366738] [sim_executor_bridge_node]: GRASP_RELEASE -> /sim/grasp_event
[INFO] [1789546773.502965254] [sim_executor_bridge_node]: MoveSplineJoint called with 12 points
[INFO] [1789546774.538562041] [sim_executor_bridge_node]: ARM_ARRIVAL MoveSpline: 잔차 0.26deg (손끝 1.5mm) / 대기 0.30s
[INFO] [1789546774.538941341] [sim_executor_bridge_node]: MoveSpline ok: 12 pts / 0.72s -> end=[14.4 26.5 134.1 6.3 -70.3 -89.3]deg
[INFO] [1789546776.381236020] [sim_executor_bridge_node]: MoveSplineJoint called with 12 points
[INFO] [1789546778.092667396] [sim_executor_bridge_node]: ARM_ARRIVAL MoveSpline: 잔차 0.25deg (손끝 2.1mm) / 대기 0.44s
[INFO] [1789546778.092912244] [sim_executor_bridge_node]: MoveSpline ok: 12 pts / 1.24s -> end=[18.9 26.1 1.0 74.6 78.2 -115.6]deg
[INFO] [1789546778.134239158] [sim_executor_bridge_node]: SetPosition called to 600
[INFO] [1789546779.188304287] [sim_executor_bridge_node]: MoveJoint called to [18.9, 26.0, 1.0, 74.6, 78.2, -115.6] (vel=120 acc=180 time=0.00)
[WARN] [1789546779.188757507] [sim_executor_bridge_node]: MOVEJ_OVER_DOOSAN_MOVEIT J2 acc 180>120 — 두산 공식 MoveIt 설정 초과, 자르지 않고 실행
[INFO] [1789546779.251490999] [sim_executor_bridge_node]: MoveJoint profile: span 0.2deg / 0.06s (13 steps)
[INFO] [1789546779.252521931] [sim_executor_bridge_node]: ARM_ARRIVAL MoveJoint: 잔차 0.18deg (손끝 2.9mm) / 대기 0.00s
[INFO] [1789546782.294718112] [sim_executor_bridge_node]: MoveJoint called to [88.0, -94.9, 129.9, 175.9, -31.3, 93.4] (vel=120 acc=180 time=0.00)
[INFO] [1789546784.704583654] [sim_executor_bridge_node]: MoveJoint profile: span 209.0deg / 2.41s (482 steps)
[INFO] [1789546784.989844681] [sim_executor_bridge_node]: ARM_ARRIVAL MoveJoint: 잔차 0.27deg (손끝 1.1mm) / 대기 0.28s
[INFO] [1789546784.999790319] [sim_executor_bridge_node]: MoveJoint called to [150.3, -11.9, 109.1, 262.2, 63.3, 10.5] (vel=120 acc=180 time=0.00)
[WARN] [1789546785.000233897] [sim_executor_bridge_node]: MOVEJ_OVER_DOOSAN_MOVEIT J2 acc 158>120 — 두산 공식 MoveIt 설정 초과, 자르지 않고 실행
[INFO] [1789546786.456031640] [sim_executor_bridge_node]: MoveJoint profile: span 94.6deg / 1.45s (291 steps)
[INFO] [1789546786.741851077] [sim_executor_bridge_node]: ARM_ARRIVAL MoveJoint: 잔차 0.27deg (손끝 1.7mm) / 대기 0.28s
[INFO] [1789546789.927878104] [sim_executor_bridge_node]: MoveJoint called to [114.4, -8.5, 122.1, 227.1, 37.6, 48.3] (vel=120 acc=180 time=0.00)
[WARN] [1789546789.928370921] [sim_executor_bridge_node]: MOVEJ_OVER_DOOSAN_MOVEIT J1 acc 171>120 — 두산 공식 MoveIt 설정 초과, 자르지 않고 실행
[INFO] [1789546790.846094259] [sim_executor_bridge_node]: MoveJoint profile: span 37.8deg / 0.92s (184 steps)
[INFO] [1789546791.111523642] [sim_executor_bridge_node]: ARM_ARRIVAL MoveJoint: 잔차 0.30deg (손끝 1.5mm) / 대기 0.26s
[INFO] [1789546794.191422749] [sim_executor_bridge_node]: SetPosition called to 600
[INFO] [1789546797.482710735] [sim_executor_bridge_node]: MoveSplineJoint called with 12 points
[INFO] [1789546798.663099874] [sim_executor_bridge_node]: ARM_ARRIVAL MoveSpline: 잔차 0.26deg (손끝 1.1mm) / 대기 0.48s
[INFO] [1789546798.663519955] [sim_executor_bridge_node]: MoveSpline ok: 12 pts / 0.68s -> end=[107.3 -5.6 93.9 304.4 20.8 -32.4]deg
[INFO] [1789546798.985959889] [sim_executor_bridge_node]: MoveLine called (pos=[ 0.  0. 45.  0.  0.  0.], ref=1, mode=1)
[INFO] [1789546802.824273705] [sim_executor_bridge_node]: ARM_ARRIVAL MoveLine: 잔차 0.27deg (손끝 1.9mm) / 대기 0.02s
[INFO] [1789546802.825119903] [sim_executor_bridge_node]: MOVELINE_END_ERR: along=-1.5mm lateral=0.4mm |err|=1.6mm (명령 45mm, TOOL)
[INFO] [1789546802.825302925] [sim_executor_bridge_node]: MoveLine 실이동 43.5mm / 명령 45mm
[INFO] [1789546802.825456466] [sim_executor_bridge_node]: MoveLine ok: 45mm / 23 steps / 계획 0.75s 실소요 3.84s (worst step joint delta 0.3deg)
[INFO] [1789546802.844942976] [sim_executor_bridge_node]: MoveLine called (pos=[  0.           0.         -32.60535644   0.           0.
   0.        ], ref=0, mode=1)
[INFO] [1789546806.018652583] [sim_executor_bridge_node]: ARM_ARRIVAL MoveLine: 잔차 0.29deg (손끝 0.3mm) / 대기 0.14s
[INFO] [1789546806.019400508] [sim_executor_bridge_node]: MOVELINE_END_ERR: along=-0.2mm lateral=0.2mm |err|=0.3mm (명령 33mm, BASE)
[INFO] [1789546806.019575208] [sim_executor_bridge_node]: MoveLine 실이동 32.4mm / 명령 33mm
[INFO] [1789546806.019779839] [sim_executor_bridge_node]: MoveLine ok: 33mm / 17 steps / 계획 0.82s 실소요 3.17s (worst step joint delta 1.0deg)
[INFO] [1789546806.051526988] [sim_executor_bridge_node]: SetPosition called to 700
[INFO] [1789546806.058819148] [sim_executor_bridge_node]: GRASP_JUDGE 줄기기준 along=+15.3mm(조우 -6~27) lateral=3.9mm(허용20) | 과실기준 d_tcp=37.4mm -> CONTACT
[INFO] [1789546806.059074441] [sim_executor_bridge_node]: GRASP_ATTACH 과실 (-100, 783, 440)mm -> /sim/grasp_event
[INFO] [1789546806.453596260] [sim_executor_bridge_node]: MoveLine called (pos=[  0.   0. -40.   0.   0.   0.], ref=0, mode=1)
[INFO] [1789546810.027634047] [sim_executor_bridge_node]: ARM_ARRIVAL MoveLine: 잔차 0.30deg (손끝 0.3mm) / 대기 0.18s
[INFO] [1789546810.028536725] [sim_executor_bridge_node]: MOVELINE_END_ERR: along=-0.1mm lateral=0.2mm |err|=0.3mm (명령 40mm, BASE)
[INFO] [1789546810.028909903] [sim_executor_bridge_node]: MoveLine 실이동 39.9mm / 명령 40mm
[INFO] [1789546810.029138200] [sim_executor_bridge_node]: MoveLine ok: 40mm / 20 steps / 계획 0.80s 실소요 3.57s (worst step joint delta 1.2deg)
[INFO] [1789546810.059544843] [sim_executor_bridge_node]: MoveLine called (pos=[  0.   0. -45.   0.   0.   0.], ref=1, mode=1)
[INFO] [1789546813.615453672] [sim_executor_bridge_node]: ARM_ARRIVAL MoveLine: 잔차 0.28deg (손끝 1.9mm) / 대기 0.06s
[INFO] [1789546813.618997999] [sim_executor_bridge_node]: MOVELINE_END_ERR: along=-1.6mm lateral=0.3mm |err|=1.7mm (명령 45mm, TOOL)
[INFO] [1789546813.619398370] [sim_executor_bridge_node]: MoveLine 실이동 43.4mm / 명령 45mm
[INFO] [1789546813.619763394] [sim_executor_bridge_node]: MoveLine ok: 45mm / 23 steps / 계획 0.56s 실소요 3.56s (worst step joint delta 0.3deg)
[INFO] [1789546815.537290996] [sim_executor_bridge_node]: MoveSplineJoint called with 12 points
[INFO] [1789546816.934840872] [sim_executor_bridge_node]: ARM_ARRIVAL MoveSpline: 잔차 0.30deg (손끝 1.9mm) / 대기 0.48s
[INFO] [1789546816.935249669] [sim_executor_bridge_node]: MoveSpline ok: 12 pts / 0.89s -> end=[0.7 30.9 124.1 171.5 64.9 96.4]deg
[INFO] [1789546816.940498947] [sim_executor_bridge_node]: MoveLine called (pos=[   0.    0. -120.    0.    0.    0.], ref=0, mode=1)
[INFO] [1789546816.943540033] [sim_executor_bridge_node]: MoveLine 120mm: 60 -> 24 steps (5.0mm/step, 자유공간 이송)
[INFO] [1789546822.093574777] [sim_executor_bridge_node]: ARM_ARRIVAL MoveLine: 잔차 0.28deg (손끝 1.5mm) / 대기 0.10s
[INFO] [1789546822.095836339] [sim_executor_bridge_node]: MOVELINE_END_ERR: along=-1.2mm lateral=0.1mm |err|=1.3mm (명령 120mm, BASE)
[INFO] [1789546822.096071943] [sim_executor_bridge_node]: MoveLine 실이동 118.8mm / 명령 120mm
[INFO] [1789546822.096326622] [sim_executor_bridge_node]: MoveLine ok: 120mm / 24 steps / 계획 2.00s 실소요 5.15s (worst step joint delta 0.9deg)
[INFO] [1789546822.148537203] [sim_executor_bridge_node]: SetPosition called to 600
[INFO] [1789546822.148780753] [sim_executor_bridge_node]: GRASP_RELEASE -> /sim/grasp_event
[INFO] [1789546823.268280112] [sim_executor_bridge_node]: MoveSplineJoint called with 12 points
[INFO] [1789546824.182300209] [sim_executor_bridge_node]: ARM_ARRIVAL MoveSpline: 잔차 0.27deg (손끝 1.5mm) / 대기 0.32s
[INFO] [1789546824.182713953] [sim_executor_bridge_node]: MoveSpline ok: 12 pts / 0.58s -> end=[0.7 30.9 124.1 171.5 64.9 96.4]deg
[INFO] [1789546826.021793861] [sim_executor_bridge_node]: MoveSplineJoint called with 12 points
[INFO] [1789546827.477144898] [sim_executor_bridge_node]: ARM_ARRIVAL MoveSpline: 잔차 0.27deg (손끝 2.1mm) / 대기 0.48s
[INFO] [1789546827.477544928] [sim_executor_bridge_node]: MoveSpline ok: 12 pts / 0.95s -> end=[114.4 -8.5 122.1 227.1 37.7 48.3]deg
[INFO] [1789546827.523724437] [sim_executor_bridge_node]: SetPosition called to 600
[INFO] [1789546828.755282274] [sim_executor_bridge_node]: MoveJoint called to [146.3, 15.8, 65.3, 271.2, 58.3, -7.7] (vel=120 acc=180 time=0.00)
[WARN] [1789546828.755505163] [sim_executor_bridge_node]: MOVEJ_OVER_DOOSAN_MOVEIT J3 acc 180>150 — 두산 공식 MoveIt 설정 초과, 자르지 않고 실행
[INFO] [1789546829.880529840] [sim_executor_bridge_node]: MoveJoint profile: span 56.9deg / 1.12s (225 steps)
[INFO] [1789546830.167441425] [sim_executor_bridge_node]: ARM_ARRIVAL MoveJoint: 잔차 0.28deg (손끝 1.8mm) / 대기 0.28s
[INFO] [1789546833.268674586] [sim_executor_bridge_node]: SetPosition called to 600
[INFO] [1789546836.160873406] [sim_executor_bridge_node]: MoveSplineJoint called with 12 points
[INFO] [1789546837.097777391] [sim_executor_bridge_node]: ARM_ARRIVAL MoveSpline: 잔차 0.21deg (손끝 1.5mm) / 대기 0.34s
[INFO] [1789546837.098010620] [sim_executor_bridge_node]: MoveSpline ok: 12 pts / 0.58s -> end=[127.9 6.3 72.7 297.8 43.1 -27.5]deg
[INFO] [1789546837.414150650] [sim_executor_bridge_node]: MoveLine called (pos=[ 0.  0. 45.  0.  0.  0.], ref=1, mode=1)
[INFO] [1789546841.084998155] [sim_executor_bridge_node]: ARM_ARRIVAL MoveLine: 잔차 0.29deg (손끝 1.9mm) / 대기 0.00s
[INFO] [1789546841.085847807] [sim_executor_bridge_node]: MOVELINE_END_ERR: along=-1.8mm lateral=0.6mm |err|=1.9mm (명령 45mm, TOOL)
[INFO] [1789546841.086226339] [sim_executor_bridge_node]: MoveLine 실이동 43.2mm / 명령 45mm
[INFO] [1789546841.086583997] [sim_executor_bridge_node]: MoveLine ok: 45mm / 23 steps / 계획 0.75s 실소요 3.67s (worst step joint delta 0.2deg)
[INFO] [1789546841.122096589] [sim_executor_bridge_node]: MoveLine called (pos=[  0.           0.         -32.60535644   0.           0.
   0.        ], ref=0, mode=1)
[INFO] [1789546844.273951656] [sim_executor_bridge_node]: ARM_ARRIVAL MoveLine: 잔차 0.30deg (손끝 0.8mm) / 대기 0.06s
[INFO] [1789546844.278479881] [sim_executor_bridge_node]: MOVELINE_END_ERR: along=-0.7mm lateral=0.3mm |err|=0.8mm (명령 33mm, BASE)
[INFO] [1789546844.278638337] [sim_executor_bridge_node]: MoveLine 실이동 31.9mm / 명령 33mm
[INFO] [1789546844.278784686] [sim_executor_bridge_node]: MoveLine ok: 33mm / 17 steps / 계획 0.82s 실소요 3.15s (worst step joint delta 0.4deg)
[INFO] [1789546844.327559081] [sim_executor_bridge_node]: SetPosition called to 700
[INFO] [1789546844.335240650] [sim_executor_bridge_node]: GRASP_JUDGE 줄기기준 along=+15.1mm(조우 -6~27) lateral=4.0mm(허용20) | 과실기준 d_tcp=37.1mm -> CONTACT
[INFO] [1789546844.335573397] [sim_executor_bridge_node]: GRASP_ATTACH 과실 (-250, 783, 500)mm -> /sim/grasp_event
[INFO] [1789546844.729103926] [sim_executor_bridge_node]: MoveLine called (pos=[  0.   0. -40.   0.   0.   0.], ref=0, mode=1)
[INFO] [1789546848.400835675] [sim_executor_bridge_node]: ARM_ARRIVAL MoveLine: 잔차 0.27deg (손끝 0.6mm) / 대기 0.10s
[INFO] [1789546848.401828858] [sim_executor_bridge_node]: MOVELINE_END_ERR: along=-0.4mm lateral=0.3mm |err|=0.5mm (명령 40mm, BASE)
[INFO] [1789546848.402013808] [sim_executor_bridge_node]: MoveLine 실이동 39.6mm / 명령 40mm
[INFO] [1789546848.402285529] [sim_executor_bridge_node]: MoveLine ok: 40mm / 20 steps / 계획 0.80s 실소요 3.67s (worst step joint delta 0.5deg)
[INFO] [1789546848.435670720] [sim_executor_bridge_node]: MoveLine called (pos=[  0.   0. -45.   0.   0.   0.], ref=1, mode=1)
[INFO] [1789546852.094483840] [sim_executor_bridge_node]: ARM_ARRIVAL MoveLine: 잔차 0.28deg (손끝 2.3mm) / 대기 0.02s
[INFO] [1789546852.094967120] [sim_executor_bridge_node]: MOVELINE_END_ERR: along=-2.3mm lateral=0.4mm |err|=2.3mm (명령 45mm, TOOL)
[INFO] [1789546852.095152499] [sim_executor_bridge_node]: MoveLine 실이동 42.7mm / 명령 45mm
[INFO] [1789546852.095362125] [sim_executor_bridge_node]: MoveLine ok: 45mm / 23 steps / 계획 0.56s 실소요 3.66s (worst step joint delta 0.2deg)
[INFO] [1789546854.039119346] [sim_executor_bridge_node]: MoveSplineJoint called with 12 points
[INFO] [1789546855.845052157] [sim_executor_bridge_node]: ARM_ARRIVAL MoveSpline: 잔차 0.22deg (손끝 0.4mm) / 대기 0.68s
[INFO] [1789546855.845266740] [sim_executor_bridge_node]: MoveSpline ok: 12 pts / 1.10s -> end=[0.9 26.1 135.0 351.9 -71.1 -84.6]deg
[INFO] [1789546855.893728903] [sim_executor_bridge_node]: MoveLine called (pos=[   0.    0. -120.    0.    0.    0.], ref=0, mode=1)
[INFO] [1789546855.898699853] [sim_executor_bridge_node]: MoveLine 120mm: 60 -> 24 steps (5.0mm/step, 자유공간 이송)
[INFO] [1789546861.130069677] [sim_executor_bridge_node]: ARM_ARRIVAL MoveLine: 잔차 0.26deg (손끝 1.2mm) / 대기 0.12s
[INFO] [1789546861.131425155] [sim_executor_bridge_node]: MOVELINE_END_ERR: along=-1.0mm lateral=0.1mm |err|=1.0mm (명령 120mm, BASE)
[INFO] [1789546861.131614531] [sim_executor_bridge_node]: MoveLine 실이동 119.0mm / 명령 120mm
[INFO] [1789546861.131830781] [sim_executor_bridge_node]: MoveLine ok: 120mm / 24 steps / 계획 2.00s 실소요 5.23s (worst step joint delta 1.0deg)
[INFO] [1789546861.153275180] [sim_executor_bridge_node]: SetPosition called to 600
[INFO] [1789546861.153832673] [sim_executor_bridge_node]: GRASP_RELEASE -> /sim/grasp_event
[INFO] [1789546862.363062356] [sim_executor_bridge_node]: MoveSplineJoint called with 12 points
[INFO] [1789546864.014809884] [sim_executor_bridge_node]: ARM_ARRIVAL MoveSpline: 잔차 0.29deg (손끝 0.9mm) / 대기 0.32s
[INFO] [1789546864.015269330] [sim_executor_bridge_node]: MoveSpline ok: 12 pts / 1.32s -> end=[0.8 26.2 135.0 351.9 -71.1 -84.6]deg
[INFO] [1789546865.757663535] [sim_executor_bridge_node]: MoveSplineJoint called with 12 points
[INFO] [1789546867.687515244] [sim_executor_bridge_node]: ARM_ARRIVAL MoveSpline: 잔차 0.24deg (손끝 2.1mm) / 대기 0.44s
[INFO] [1789546867.687786561] [sim_executor_bridge_node]: MoveSpline ok: 12 pts / 1.46s -> end=[146.3 15.8 65.3 271.2 58.3 -7.7]deg
[INFO] [1789546867.711326286] [sim_executor_bridge_node]: SetPosition called to 600
[INFO] [1789546869.115620461] [sim_executor_bridge_node]: MoveJoint called to [129.1, -28.0, 104.4, 279.8, 42.0, -15.8] (vel=120 acc=180 time=0.00)
[WARN] [1789546869.116079066] [sim_executor_bridge_node]: MOVEJ_OVER_DOOSAN_MOVEIT J2 acc 180>120  J3 acc 160>150 — 두산 공식 MoveIt 설정 초과, 자르지 않고 실행
[INFO] [1789546870.104860531] [sim_executor_bridge_node]: MoveJoint profile: span 43.9deg / 0.99s (198 steps)
[INFO] [1789546870.393970734] [sim_executor_bridge_node]: ARM_ARRIVAL MoveJoint: 잔차 0.29deg (손끝 1.9mm) / 대기 0.28s
[INFO] [1789546873.476973737] [sim_executor_bridge_node]: SetPosition called to 600
[INFO] [1789546876.726254528] [sim_executor_bridge_node]: MoveSplineJoint called with 12 points
[INFO] [1789546877.721435241] [sim_executor_bridge_node]: ARM_ARRIVAL MoveSpline: 잔차 0.27deg (손끝 1.0mm) / 대기 0.40s
[INFO] [1789546877.721860909] [sim_executor_bridge_node]: MoveSpline ok: 12 pts / 0.58s -> end=[124.4 6.2 63.2 308.9 45.6 -41.6]deg
[INFO] [1789546878.028377124] [sim_executor_bridge_node]: MoveLine called (pos=[ 0.  0. 45.  0.  0.  0.], ref=1, mode=1)
[INFO] [1789546881.925704227] [sim_executor_bridge_node]: ARM_ARRIVAL MoveLine: 잔차 0.26deg (손끝 1.5mm) / 대기 0.02s
[INFO] [1789546881.928009596] [sim_executor_bridge_node]: MOVELINE_END_ERR: along=-1.3mm lateral=0.7mm |err|=1.5mm (명령 45mm, TOOL)
[INFO] [1789546881.928170650] [sim_executor_bridge_node]: MoveLine 실이동 43.7mm / 명령 45mm
[INFO] [1789546881.928317114] [sim_executor_bridge_node]: MoveLine ok: 45mm / 23 steps / 계획 0.75s 실소요 3.90s (worst step joint delta 0.3deg)
[INFO] [1789546881.938040039] [sim_executor_bridge_node]: MoveLine called (pos=[  0.           0.         -32.60535644   0.           0.
   0.        ], ref=0, mode=1)
[INFO] [1789546885.101695550] [sim_executor_bridge_node]: ARM_ARRIVAL MoveLine: 잔차 0.26deg (손끝 0.8mm) / 대기 0.06s
[INFO] [1789546885.103859947] [sim_executor_bridge_node]: MOVELINE_END_ERR: along=-0.4mm lateral=0.5mm |err|=0.6mm (명령 33mm, BASE)
[INFO] [1789546885.104222310] [sim_executor_bridge_node]: MoveLine 실이동 32.2mm / 명령 33mm
[INFO] [1789546885.104592183] [sim_executor_bridge_node]: MoveLine ok: 33mm / 17 steps / 계획 0.82s 실소요 3.17s (worst step joint delta 0.5deg)
[INFO] [1789546885.143974280] [sim_executor_bridge_node]: SetPosition called to 700
[INFO] [1789546885.145486773] [sim_executor_bridge_node]: GRASP_JUDGE 줄기기준 along=+14.7mm(조우 -6~27) lateral=4.5mm(허용20) | 과실기준 d_tcp=36.5mm -> CONTACT
[INFO] [1789546885.145931411] [sim_executor_bridge_node]: GRASP_ATTACH 과실 (-220, 783, 560)mm -> /sim/grasp_event
[INFO] [1789546885.545320926] [sim_executor_bridge_node]: MoveLine called (pos=[  0.   0. -40.   0.   0.   0.], ref=0, mode=1)
[INFO] [1789546888.995100869] [sim_executor_bridge_node]: ARM_ARRIVAL MoveLine: 잔차 0.28deg (손끝 0.7mm) / 대기 0.08s
[INFO] [1789546888.995541354] [sim_executor_bridge_node]: MOVELINE_END_ERR: along=-0.6mm lateral=0.4mm |err|=0.7mm (명령 40mm, BASE)
[INFO] [1789546888.995697453] [sim_executor_bridge_node]: MoveLine 실이동 39.4mm / 명령 40mm
[INFO] [1789546888.995842474] [sim_executor_bridge_node]: MoveLine ok: 40mm / 20 steps / 계획 0.80s 실소요 3.45s (worst step joint delta 0.5deg)
[INFO] [1789546889.002631864] [sim_executor_bridge_node]: MoveLine called (pos=[  0.   0. -45.   0.   0.   0.], ref=1, mode=1)
[INFO] [1789546892.503222560] [sim_executor_bridge_node]: ARM_ARRIVAL MoveLine: 잔차 0.30deg (손끝 2.5mm) / 대기 0.04s
[INFO] [1789546892.505291857] [sim_executor_bridge_node]: MOVELINE_END_ERR: along=-2.1mm lateral=0.5mm |err|=2.2mm (명령 45mm, TOOL)
[INFO] [1789546892.505813988] [sim_executor_bridge_node]: MoveLine 실이동 42.9mm / 명령 45mm
[INFO] [1789546892.506196831] [sim_executor_bridge_node]: MoveLine ok: 45mm / 23 steps / 계획 0.56s 실소요 3.50s (worst step joint delta 0.3deg)
[INFO] [1789546894.255270149] [sim_executor_bridge_node]: SetPosition called to 600
[INFO] [1789546894.255784526] [sim_executor_bridge_node]: GRASP_RELEASE -> /sim/grasp_event
[INFO] [1789546895.912603037] [sim_executor_bridge_node]: MoveSplineJoint called with 12 points
[INFO] [1789546896.866469432] [sim_executor_bridge_node]: ARM_ARRIVAL MoveSpline: 잔차 0.26deg (손끝 1.6mm) / 대기 0.36s
[INFO] [1789546896.866873973] [sim_executor_bridge_node]: MoveSpline ok: 12 pts / 0.58s -> end=[129.1 -28.0 104.4 279.8 42.0 -15.8]deg
[INFO] [1789546896.913767708] [sim_executor_bridge_node]: SetPosition called to 600
[INFO] [1789546897.968055506] [sim_executor_bridge_node]: MoveJoint called to [150.3, -11.9, 109.1, 262.2, 63.3, 10.5] (vel=120 acc=180 time=0.00)
[WARN] [1789546897.968523851] [sim_executor_bridge_node]: MOVEJ_OVER_DOOSAN_MOVEIT J1 acc 145>120 — 두산 공식 MoveIt 설정 초과, 자르지 않고 실행
[INFO] [1789546898.732779370] [sim_executor_bridge_node]: MoveJoint profile: span 26.2deg / 0.76s (153 steps)
[INFO] [1789546899.018903719] [sim_executor_bridge_node]: ARM_ARRIVAL MoveJoint: 잔차 0.27deg (손끝 1.6mm) / 대기 0.28s
[INFO] [1789546902.075900853] [sim_executor_bridge_node]: MoveJoint called to [88.0, -94.9, 129.9, 175.9, -31.3, 93.4] (vel=120 acc=180 time=0.00)
[WARN] [1789546902.076118054] [sim_executor_bridge_node]: MOVEJ_OVER_DOOSAN_MOVEIT J2 acc 158>120 — 두산 공식 MoveIt 설정 초과, 자르지 않고 실행
[INFO] [1789546903.532514278] [sim_executor_bridge_node]: MoveJoint profile: span 94.7deg / 1.46s (292 steps)
[INFO] [1789546903.838622311] [sim_executor_bridge_node]: ARM_ARRIVAL MoveJoint: 잔차 0.24deg (손끝 1.3mm) / 대기 0.30s
