[INFO] [1789544080.944820630] [scan_executor_node]: Loaded 4 scan targets from /home/oceanshape/strawberry_grasp_environment/install/strawberry_motion/share/strawberry_motion/config/scan_pose_candidates_refit_candidate.yaml
[INFO] [1789544080.945013197] [scan_executor_node]: MoveJoint speeds: scan vel=120.0 acc=180.0, overview return vel=120.0 acc=180.0
[INFO] [1789544080.945152386] [scan_executor_node]: MoveJoint service dispatch timeout: 30.0s; arrival is verified from /joint_states
[INFO] [1789544081.489710391] [scan_executor_node]: SUBDIVIDE_IK_READY min_candidates=3 max_joint_delta=60deg seeds=32 init=0.5s subcell_ee_y=0.433
[INFO] [1789544081.497977378] [scan_executor_node]: scan_executor_node ready; explicit /strawberry/scan/start required
[harvest_probe] 계측 부착: role=scan -> /tmp/harvest_hud_scan.json
[INFO] [1789544117.413626478] [scan_executor_node]: START_ACCEPTED explicit request; initial pose verified
[INFO] [1789544117.414691380] [scan_executor_node]: TRAVERSAL_SCAN_STARTED cells=['root/nw', 'root/ne', 'root/se', 'root/sw'] (4/4 quadrants)
[INFO] [1789544117.415306648] [scan_executor_node]: OVERVIEW_SCAN_STARTED — scene_positions 로 분면별 익은 과실 판정, 최대 3.0s
[INFO] [1789544119.918628121] [scan_executor_node]: OVERVIEW_SCAN nw:3  ne:2  se:0  sw:3
[INFO] [1789544119.919092433] [scan_executor_node]: TRAVERSAL_PRUNED skip=['root/se'] — overview 1차 스캔에서 익은 과실 0개
[INFO] [1789544119.919867259] [scan_executor_node]: MOVING_TO root/nw  endpoint_deg=[144.1 22.9 -1.0 -238.5 -75.3 108.7]  (direct MoveJoint, YAML pose)
[INFO] [1789544119.920289020] [scan_executor_node]: Joint equivalent rewrite J4 -238.5 -> 121.5 deg (current 175.9, shorter by 360.0 deg)
[INFO] [1789544119.920525118] [scan_executor_node]: Joint equivalent rewrite J4 -238.5 -> 121.5 deg (current 175.9, shorter by 360.0 deg)
[INFO] [1789544121.973598074] [scan_executor_node]: MoveJoint response: success=True  target=[144.1 22.9 -1.0 121.5 -75.3 108.7]  vel=120.0  acc=180.0
[INFO] [1789544121.974760739] [scan_executor_node]: AT_SCAN_POSE root/nw joints_deg=[144.0 22.8 -0.8 121.6 -75.2 108.7] — adaptive detection wait up to 3.0s
[INFO] [1789544124.979557326] [scan_executor_node]: TARGET_FOUND root/nw 9 pick candidate(s) detected
[INFO] [1789544124.979925218] [scan_executor_node]: SUBCELL_SCAN_ORDER root/nw root/nw/sw:2  root/nw/se:1  root/nw/nw:0  root/nw/ne:0
[INFO] [1789544124.980366150] [scan_executor_node]: SUBDIVIDE root/nw candidates=3 >= 3 cells=['sw', 'se'] — 후보 있는 세부 칸만 세부 자세로 방문
[INFO] [1789544125.727451008] [scan_executor_node]: SUBCELL_POSE root/nw/sw tier=lab_plane dJ_max=19.6deg dJ=[0 9 12 7 10 20] ee_mm=[-225.5, 339.0, 902.3] -> [-361.7, 433.0, 803.5] joints_deg=[144.6 31.8 10.9 -245.6 -65.7 128.3] (실기 깊이 2 평면 y=0.433 로 이동, 부모 시드 IK)
[INFO] [1789544125.728103800] [scan_executor_node]: MOVING_TO root/nw/sw  endpoint_deg=[144.6 31.8 10.9 -245.6 -65.7 128.3]  (direct MoveJoint, YAML pose)
[INFO] [1789544125.728332050] [scan_executor_node]: Joint equivalent rewrite J4 -245.6 -> 114.4 deg (current 121.5, shorter by 360.0 deg)
[INFO] [1789544125.728587491] [scan_executor_node]: Joint equivalent rewrite J4 -245.6 -> 114.4 deg (current 121.5, shorter by 360.0 deg)
[INFO] [1789544126.680462946] [scan_executor_node]: MoveJoint response: success=True  target=[144.6 31.8 10.9 114.4 -65.7 128.3]  vel=120.0  acc=180.0
[INFO] [1789544126.681313078] [scan_executor_node]: AT_SCAN_POSE root/nw/sw joints_deg=[144.6 31.9 10.8 114.5 -65.8 128.1] — adaptive detection wait up to 3.0s
[INFO] [1789544129.685889428] [scan_executor_node]: SUBCELL_SCAN root/nw/sw raw=4 in_cell=4 unique=2 (분면 시야 중 이 칸의 것만)
[INFO] [1789544129.686552482] [scan_executor_node]: PICK_SEQUENCE_START root/nw/sw — 2 candidate targets (raw=2 skipped_attempted=0)
[INFO] [1789544129.686918576] [scan_executor_node]: PICK_ALL_DETECTED_TARGETS root/nw/sw timeout=60s max_total_picks=0
[INFO] [1789544129.687318002] [scan_executor_node]: PICK_ATTEMPT_BLACKLIST_ADD pos=(-380,783,720)mm radius=25mm
[INFO] [1789544129.687778656] [scan_executor_node]: PICK_TRIGGER root/nw/sw 1/2 pos=(-380,783,720)mm
[INFO] [1789544144.432450345] [scan_executor_node]: PICK_ATTEMPT_DONE root/nw/sw 1/2 — planner sequence ended (success is verified by gripper/manual KPI, not this Empty topic)
[INFO] [1789544144.432847769] [scan_executor_node]: PICK_ATTEMPT_SETTLE 1.0s before next target
[INFO] [1789544145.433849143] [scan_executor_node]: PICK_ATTEMPT_BLACKLIST_ADD pos=(-250,783,740)mm radius=25mm
[INFO] [1789544145.434383640] [scan_executor_node]: PICK_TRIGGER root/nw/sw 2/2 pos=(-250,783,740)mm
[INFO] [1789544178.847488494] [scan_executor_node]: PICK_ATTEMPT_DONE root/nw/sw 2/2 — planner sequence ended (success is verified by gripper/manual KPI, not this Empty topic)
[INFO] [1789544178.847963334] [scan_executor_node]: PICK_ATTEMPT_SETTLE 1.0s before next target
[INFO] [1789544179.848747926] [scan_executor_node]: PICK_SEQUENCE_DONE root/nw/sw — 2/2 attempted
[INFO] [1789544180.086191795] [scan_executor_node]: SUBCELL_POSE root/nw/se tier=lab_plane dJ_max=56.9deg dJ=[34 31 57 37 16 20] ee_mm=[-225.5, 339.0, 902.3] -> [-89.2, 433.0, 803.5] joints_deg=[109.8 54.1 -57.9 -201.4 -90.9 88.7] (실기 깊이 2 평면 y=0.433 로 이동, 부모 시드 IK)
[INFO] [1789544180.086619152] [scan_executor_node]: MOVING_TO root/nw/se  endpoint_deg=[109.8 54.1 -57.9 -201.4 -90.9 88.7]  (direct MoveJoint, YAML pose)
[INFO] [1789544180.086830243] [scan_executor_node]: Joint equivalent rewrite J4 -201.4 -> 158.6 deg (current 114.4, shorter by 271.7 deg)
[INFO] [1789544180.087047851] [scan_executor_node]: Joint equivalent rewrite J4 -201.4 -> 158.6 deg (current 114.4, shorter by 271.7 deg)
[INFO] [1789544181.640227248] [scan_executor_node]: MoveJoint response: success=True  target=[109.8 54.1 -57.9 158.6 -90.9 88.7]  vel=120.0  acc=180.0
[INFO] [1789544181.640636077] [scan_executor_node]: AT_SCAN_POSE root/nw/se joints_deg=[109.9 54.0 -57.8 158.5 -90.8 88.8] — adaptive detection wait up to 3.0s
[INFO] [1789544184.645311487] [scan_executor_node]: SUBCELL_SCAN root/nw/se raw=3 in_cell=3 unique=1 (분면 시야 중 이 칸의 것만)
[INFO] [1789544184.645723348] [scan_executor_node]: PICK_SEQUENCE_START root/nw/se — 1 candidate targets (raw=1 skipped_attempted=0)
[INFO] [1789544184.645909934] [scan_executor_node]: PICK_ALL_DETECTED_TARGETS root/nw/se timeout=60s max_total_picks=0
[INFO] [1789544184.646130772] [scan_executor_node]: PICK_ATTEMPT_BLACKLIST_ADD pos=(-120,783,760)mm radius=25mm
[INFO] [1789544184.646381621] [scan_executor_node]: PICK_TRIGGER root/nw/se 1/1 pos=(-120,783,760)mm
[INFO] [1789544208.743122429] [scan_executor_node]: PICK_ATTEMPT_DONE root/nw/se 1/1 — planner sequence ended (success is verified by gripper/manual KPI, not this Empty topic)
[INFO] [1789544208.743344058] [scan_executor_node]: PICK_ATTEMPT_SETTLE 1.0s before next target
[INFO] [1789544209.744750112] [scan_executor_node]: PICK_SEQUENCE_DONE root/nw/se — 1/1 attempted
[INFO] [1789544209.745218878] [scan_executor_node]: SUBCELL_EMPTY root/nw/nw no pick candidate — 2단 가지치기
[INFO] [1789544209.745621387] [scan_executor_node]: SUBCELL_EMPTY root/nw/ne no pick candidate — 2단 가지치기
[INFO] [1789544209.746246583] [scan_executor_node]: INTER_CELL_DIRECT — no overview reset; continuing to next cell
[INFO] [1789544209.746653869] [scan_executor_node]: CELL_RESCAN_AFTER_PICK root/nw pass=1 — checking remaining targets
[INFO] [1789544209.747220220] [scan_executor_node]: MOVING_TO root/nw  endpoint_deg=[144.1 22.9 -1.0 -238.5 -75.3 108.7]  (direct MoveJoint, YAML pose)
[INFO] [1789544209.747627337] [scan_executor_node]: Joint equivalent rewrite J4 -238.5 -> 121.5 deg (current 158.6, shorter by 360.0 deg)
[INFO] [1789544209.748029934] [scan_executor_node]: Joint equivalent rewrite J4 -238.5 -> 121.5 deg (current 158.6, shorter by 360.0 deg)
[INFO] [1789544211.150494214] [scan_executor_node]: MoveJoint response: success=True  target=[144.1 22.9 -1.0 121.5 -75.3 108.7]  vel=120.0  acc=180.0
[INFO] [1789544211.151109779] [scan_executor_node]: AT_SCAN_POSE root/nw joints_deg=[144.0 23.1 -1.2 121.6 -75.4 108.6] — adaptive detection wait up to 3.0s
[INFO] [1789544214.155753341] [scan_executor_node]: TARGET_FOUND root/nw 3 pick candidate(s) detected
[INFO] [1789544214.156261092] [scan_executor_node]: SUBCELL_SCAN_ORDER root/nw root/nw/sw:1  root/nw/se:0  root/nw/nw:0  root/nw/ne:0
[INFO] [1789544214.156641122] [scan_executor_node]: SUBDIVIDE_SKIP root/nw candidates=1 < 3 — 잎(leaf), 부모 자세에서 pick
[INFO] [1789544214.157387217] [scan_executor_node]: PICK_SKIP_ATTEMPTED root/nw/sw pos=(-380,783,720)mm
[INFO] [1789544214.157843849] [scan_executor_node]: PICK_SEQUENCE_START root/nw/sw — 0 candidate targets (raw=1 skipped_attempted=1)
[INFO] [1789544214.158213671] [scan_executor_node]: PICK_ALL_DETECTED_TARGETS root/nw/sw timeout=60s max_total_picks=0
[INFO] [1789544214.158579379] [scan_executor_node]: PICK_SEQUENCE_DONE root/nw/sw — 0/0 attempted
[INFO] [1789544214.158967954] [scan_executor_node]: SUBCELL_EMPTY root/nw/se no pick candidate
[INFO] [1789544214.159353367] [scan_executor_node]: SUBCELL_EMPTY root/nw/nw no pick candidate
[INFO] [1789544214.159740518] [scan_executor_node]: SUBCELL_EMPTY root/nw/ne no pick candidate
[INFO] [1789544214.160268026] [scan_executor_node]: INTER_CELL_DIRECT — no overview reset; continuing to next cell
[INFO] [1789544214.160886084] [scan_executor_node]: MOVING_TO root/ne  endpoint_deg=[18.9 26.0 1.0 74.6 78.2 -115.6]  (direct MoveJoint, YAML pose)
[INFO] [1789544216.965125546] [scan_executor_node]: MoveJoint response: success=True  target=[18.9 26.0 1.0 74.6 78.2 -115.6]  vel=120.0  acc=180.0
[INFO] [1789544216.965498959] [scan_executor_node]: AT_SCAN_POSE root/ne joints_deg=[19.0 26.0 1.0 74.6 78.0 -115.4] — adaptive detection wait up to 3.0s
[INFO] [1789544219.970302038] [scan_executor_node]: TARGET_FOUND root/ne 6 pick candidate(s) detected
[INFO] [1789544219.970707843] [scan_executor_node]: SUBCELL_SCAN_ORDER root/ne root/ne/sw:2  root/ne/se:0  root/ne/nw:0  root/ne/ne:0
[INFO] [1789544219.970952183] [scan_executor_node]: SUBDIVIDE_SKIP root/ne candidates=2 < 3 — 잎(leaf), 부모 자세에서 pick
[INFO] [1789544219.971437794] [scan_executor_node]: PICK_SEQUENCE_START root/ne/sw — 2 candidate targets (raw=2 skipped_attempted=0)
[INFO] [1789544219.971607763] [scan_executor_node]: PICK_ALL_DETECTED_TARGETS root/ne/sw timeout=60s max_total_picks=0
[INFO] [1789544219.971785670] [scan_executor_node]: PICK_ATTEMPT_BLACKLIST_ADD pos=(280,783,700)mm radius=25mm
[INFO] [1789544219.972003333] [scan_executor_node]: PICK_TRIGGER root/ne/sw 1/2 pos=(280,783,700)mm
[INFO] [1789544251.913230841] [scan_executor_node]: PICK_ATTEMPT_DONE root/ne/sw 1/2 — planner sequence ended (success is verified by gripper/manual KPI, not this Empty topic)
[INFO] [1789544251.913436260] [scan_executor_node]: PICK_ATTEMPT_SETTLE 1.0s before next target
[INFO] [1789544252.914517191] [scan_executor_node]: PICK_ATTEMPT_BLACKLIST_ADD pos=(200,783,740)mm radius=25mm
[INFO] [1789544252.914829392] [scan_executor_node]: PICK_TRIGGER root/ne/sw 2/2 pos=(200,783,740)mm
[INFO] [1789544285.705987732] [scan_executor_node]: PICK_ATTEMPT_DONE root/ne/sw 2/2 — planner sequence ended (success is verified by gripper/manual KPI, not this Empty topic)
[INFO] [1789544285.706250852] [scan_executor_node]: PICK_ATTEMPT_SETTLE 1.0s before next target
[INFO] [1789544286.707493291] [scan_executor_node]: PICK_SEQUENCE_DONE root/ne/sw — 2/2 attempted
[INFO] [1789544286.707755261] [scan_executor_node]: SUBCELL_EMPTY root/ne/se no pick candidate
[INFO] [1789544286.707952429] [scan_executor_node]: SUBCELL_EMPTY root/ne/nw no pick candidate
[INFO] [1789544286.708130845] [scan_executor_node]: SUBCELL_EMPTY root/ne/ne no pick candidate
[INFO] [1789544286.708469132] [scan_executor_node]: INTER_CELL_DIRECT — no overview reset; continuing to next cell
[INFO] [1789544286.708648562] [scan_executor_node]: CELL_RESCAN_AFTER_PICK root/ne pass=1 — checking remaining targets
[INFO] [1789544286.708953301] [scan_executor_node]: MOVING_TO root/ne  endpoint_deg=[18.9 26.0 1.0 74.6 78.2 -115.6]  (direct MoveJoint, YAML pose)
[INFO] [1789544286.809460397] [scan_executor_node]: MoveJoint response: success=True  target=[18.9 26.0 1.0 74.6 78.2 -115.6]  vel=120.0  acc=180.0
[INFO] [1789544286.809849696] [scan_executor_node]: AT_SCAN_POSE root/ne joints_deg=[18.9 26.1 1.1 74.6 78.2 -115.6] — adaptive detection wait up to 3.0s
[INFO] [1789544289.814982445] [scan_executor_node]: SCANNED_EMPTY root/ne no detection in dwell window
[INFO] [1789544289.815423608] [scan_executor_node]: INTER_CELL_DIRECT — no overview reset; continuing to next cell
[INFO] [1789544289.815865752] [scan_executor_node]: MOVING_TO root/sw  endpoint_deg=[150.3 -11.9 109.1 -97.8 63.3 10.5]  (direct MoveJoint, YAML pose)
[INFO] [1789544289.816218195] [scan_executor_node]: TRANSIT_VIA_OVERVIEW root/ne -> root/sw — 비인접 분면, MoveJoint 폴백은 overview 경유
[INFO] [1789544292.471485956] [scan_executor_node]: MoveJoint response: success=True  target=[88.0 -94.9 129.9 175.9 -31.3 93.4]  vel=120.0  acc=180.0
[INFO] [1789544292.471763687] [scan_executor_node]: Joint equivalent rewrite J4 -97.8 -> 262.2 deg (current 176.0, shorter by 187.5 deg)
[INFO] [1789544294.174312148] [scan_executor_node]: MoveJoint response: success=True  target=[150.3 -11.9 109.1 262.2 63.3 10.5]  vel=120.0  acc=180.0
[INFO] [1789544294.174676651] [scan_executor_node]: AT_SCAN_POSE root/sw joints_deg=[150.1 -12.1 109.2 262.0 63.1 10.7] — adaptive detection wait up to 3.0s
[INFO] [1789544297.181433918] [scan_executor_node]: TARGET_FOUND root/sw 7 pick candidate(s) detected
[INFO] [1789544297.181827719] [scan_executor_node]: SUBCELL_SCAN_ORDER root/sw root/sw/sw:0  root/sw/se:1  root/sw/nw:1  root/sw/ne:1
[INFO] [1789544297.182178562] [scan_executor_node]: SUBDIVIDE root/sw candidates=3 >= 3 cells=['se', 'nw', 'ne'] — 후보 있는 세부 칸만 세부 자세로 방문
[INFO] [1789544297.182348887] [scan_executor_node]: SUBCELL_EMPTY root/sw/sw no pick candidate — 2단 가지치기
[INFO] [1789544297.331893015] [scan_executor_node]: SUBCELL_POSE root/sw/se tier=lab_plane dJ_max=37.8deg dJ=[36 3 13 35 26 38] ee_mm=[-247.7, 317.3, 533.9] -> [-111.5, 433.0, 435.1] joints_deg=[114.4 -8.5 122.1 -132.9 37.6 48.3] (실기 깊이 2 평면 y=0.433 로 이동, 부모 시드 IK)
[INFO] [1789544297.332620320] [scan_executor_node]: MOVING_TO root/sw/se  endpoint_deg=[114.4 -8.5 122.1 -132.9 37.6 48.3]  (direct MoveJoint, YAML pose)
[INFO] [1789544297.333017002] [scan_executor_node]: Joint equivalent rewrite J4 -132.9 -> 227.1 deg (current 262.2, shorter by 360.0 deg)
[INFO] [1789544297.333434565] [scan_executor_node]: Joint equivalent rewrite J4 -132.9 -> 227.1 deg (current 262.2, shorter by 360.0 deg)
[INFO] [1789544298.485699041] [scan_executor_node]: MoveJoint response: success=True  target=[114.4 -8.5 122.1 227.1 37.6 48.3]  vel=120.0  acc=180.0
[INFO] [1789544298.486275711] [scan_executor_node]: AT_SCAN_POSE root/sw/se joints_deg=[114.6 -8.5 122.1 227.3 37.8 48.0] — adaptive detection wait up to 3.0s
[INFO] [1789544301.491067055] [scan_executor_node]: SUBCELL_SCAN root/sw/se raw=3 in_cell=3 unique=1 (분면 시야 중 이 칸의 것만)
[INFO] [1789544301.492149979] [scan_executor_node]: PICK_SEQUENCE_START root/sw/se — 1 candidate targets (raw=1 skipped_attempted=0)
[INFO] [1789544301.492592144] [scan_executor_node]: PICK_ALL_DETECTED_TARGETS root/sw/se timeout=60s max_total_picks=0
[INFO] [1789544301.493007503] [scan_executor_node]: PICK_ATTEMPT_BLACKLIST_ADD pos=(-100,783,440)mm radius=25mm
[INFO] [1789544301.493378172] [scan_executor_node]: PICK_TRIGGER root/sw/se 1/1 pos=(-100,783,440)mm
[INFO] [1789544332.902511434] [scan_executor_node]: PICK_ATTEMPT_DONE root/sw/se 1/1 — planner sequence ended (success is verified by gripper/manual KPI, not this Empty topic)
[INFO] [1789544332.902735723] [scan_executor_node]: PICK_ATTEMPT_SETTLE 1.0s before next target
[INFO] [1789544333.903492283] [scan_executor_node]: PICK_SEQUENCE_DONE root/sw/se — 1/1 attempted
[INFO] [1789544334.067016984] [scan_executor_node]: SUBCELL_POSE root/sw/nw tier=lab_plane dJ_max=43.8deg dJ=[4 28 44 9 5 18] ee_mm=[-247.7, 317.3, 533.9] -> [-384.0, 433.0, 632.6] joints_deg=[146.3 15.8 65.3 -88.8 58.3 -7.7] (실기 깊이 2 평면 y=0.433 로 이동, 부모 시드 IK)
[INFO] [1789544334.067420273] [scan_executor_node]: MOVING_TO root/sw/nw  endpoint_deg=[146.3 15.8 65.3 -88.8 58.3 -7.7]  (direct MoveJoint, YAML pose)
[INFO] [1789544334.067617116] [scan_executor_node]: Joint equivalent rewrite J4 -88.8 -> 271.2 deg (current 227.1, shorter by 271.7 deg)
[INFO] [1789544334.067805738] [scan_executor_node]: Joint equivalent rewrite J4 -88.8 -> 271.2 deg (current 227.1, shorter by 271.7 deg)
[INFO] [1789544335.470305449] [scan_executor_node]: MoveJoint response: success=True  target=[146.3 15.8 65.3 271.2 58.3 -7.7]  vel=120.0  acc=180.0
[INFO] [1789544335.470668508] [scan_executor_node]: AT_SCAN_POSE root/sw/nw joints_deg=[146.2 15.7 65.5 271.0 58.3 -7.6] — adaptive detection wait up to 3.0s
[INFO] [1789544338.474614263] [scan_executor_node]: SUBCELL_SCAN root/sw/nw raw=3 in_cell=3 unique=1 (분면 시야 중 이 칸의 것만)
[INFO] [1789544338.475027094] [scan_executor_node]: PICK_SEQUENCE_START root/sw/nw — 1 candidate targets (raw=1 skipped_attempted=0)
[INFO] [1789544338.475210398] [scan_executor_node]: PICK_ALL_DETECTED_TARGETS root/sw/nw timeout=60s max_total_picks=0
[INFO] [1789544338.475399342] [scan_executor_node]: PICK_ATTEMPT_BLACKLIST_ADD pos=(-250,783,500)mm radius=25mm
[INFO] [1789544338.475655168] [scan_executor_node]: PICK_TRIGGER root/sw/nw 1/1 pos=(-250,783,500)mm
[INFO] [1789544371.518330732] [scan_executor_node]: PICK_ATTEMPT_DONE root/sw/nw 1/1 — planner sequence ended (success is verified by gripper/manual KPI, not this Empty topic)
[INFO] [1789544371.518814307] [scan_executor_node]: PICK_ATTEMPT_SETTLE 1.0s before next target
[INFO] [1789544372.519932981] [scan_executor_node]: PICK_SEQUENCE_DONE root/sw/nw — 1/1 attempted
[INFO] [1789544372.805883640] [scan_executor_node]: SUBCELL_POSE root/sw/ne tier=parent_y dJ_max=26.2deg dJ=[21 16 5 18 21 26] ee_mm=[-247.7, 317.3, 533.9] -> [-111.5, 317.3, 632.6] joints_deg=[129.1 -28.0 104.4 -80.2 42.0 -15.8] (부모 y 유지, x·z 평행이동, 부모 시드 IK)
[INFO] [1789544372.806284415] [scan_executor_node]: MOVING_TO root/sw/ne  endpoint_deg=[129.1 -28.0 104.4 -80.2 42.0 -15.8]  (direct MoveJoint, YAML pose)
[INFO] [1789544372.806476920] [scan_executor_node]: Joint equivalent rewrite J4 -80.2 -> 279.8 deg (current 271.2, shorter by 342.8 deg)
[INFO] [1789544372.806704652] [scan_executor_node]: Joint equivalent rewrite J4 -80.2 -> 279.8 deg (current 271.2, shorter by 342.8 deg)
[INFO] [1789544374.108857951] [scan_executor_node]: MoveJoint response: success=True  target=[129.1 -28.0 104.4 279.8 42.0 -15.8]  vel=120.0  acc=180.0
[INFO] [1789544374.109251182] [scan_executor_node]: AT_SCAN_POSE root/sw/ne joints_deg=[129.2 -27.8 104.3 279.8 42.1 -15.7] — adaptive detection wait up to 3.0s
[INFO] [1789544377.114458484] [scan_executor_node]: SUBCELL_SCAN root/sw/ne raw=3 in_cell=3 unique=1 (분면 시야 중 이 칸의 것만)
[INFO] [1789544377.114937585] [scan_executor_node]: PICK_SEQUENCE_START root/sw/ne — 1 candidate targets (raw=1 skipped_attempted=0)
[INFO] [1789544377.115153391] [scan_executor_node]: PICK_ALL_DETECTED_TARGETS root/sw/ne timeout=60s max_total_picks=0
[INFO] [1789544377.115376135] [scan_executor_node]: PICK_ATTEMPT_BLACKLIST_ADD pos=(-220,783,560)mm radius=25mm
[INFO] [1789544377.115642284] [scan_executor_node]: PICK_TRIGGER root/sw/ne 1/1 pos=(-220,783,560)mm
[INFO] [1789544399.655464220] [scan_executor_node]: PICK_ATTEMPT_DONE root/sw/ne 1/1 — planner sequence ended (success is verified by gripper/manual KPI, not this Empty topic)
[INFO] [1789544399.655682925] [scan_executor_node]: PICK_ATTEMPT_SETTLE 1.0s before next target
[INFO] [1789544400.657468878] [scan_executor_node]: PICK_SEQUENCE_DONE root/sw/ne — 1/1 attempted
[INFO] [1789544400.657887603] [scan_executor_node]: CELL_RESCAN_AFTER_PICK root/sw pass=1 — checking remaining targets
[INFO] [1789544400.658206645] [scan_executor_node]: MOVING_TO root/sw  endpoint_deg=[150.3 -11.9 109.1 -97.8 63.3 10.5]  (direct MoveJoint, YAML pose)
[INFO] [1789544400.658411937] [scan_executor_node]: Joint equivalent rewrite J4 -97.8 -> 262.2 deg (current 279.8, shorter by 360.0 deg)
[INFO] [1789544400.658634377] [scan_executor_node]: Joint equivalent rewrite J4 -97.8 -> 262.2 deg (current 279.8, shorter by 360.0 deg)
[INFO] [1789544401.710534350] [scan_executor_node]: MoveJoint response: success=True  target=[150.3 -11.9 109.1 262.2 63.3 10.5]  vel=120.0  acc=180.0
[INFO] [1789544401.711171047] [scan_executor_node]: AT_SCAN_POSE root/sw joints_deg=[150.1 -12.0 109.1 262.4 63.1 10.2] — adaptive detection wait up to 3.0s
[INFO] [1789544404.716102158] [scan_executor_node]: SCANNED_EMPTY root/sw no detection in dwell window
[INFO] [1789544404.716677116] [scan_executor_node]: RETURNING_TO_OVERVIEW
[INFO] [1789544406.470081508] [scan_executor_node]: MoveJoint response: success=True  target=[88.0 -94.9 129.9 175.9 -31.3 93.4]  vel=120.0  acc=180.0
[INFO] [1789544406.470405983] [scan_executor_node]: AT_OVERVIEW joints_deg=[88.1 -94.7 129.9 176.1 -31.2 93.3]
[INFO] [1789544406.470591542] [scan_executor_node]: HARVEST_PRIORITY_ORDER root/nw:3  root/ne:0  root/sw:0
[INFO] [1789544406.470752512] [scan_executor_node]: SCAN_COMPLETE
[INFO] [1789544406.471127352] [scan_executor_node]: READY_FOR_NEXT_START
