[INFO] [1789544077.598961282] [sim_executor_bridge_node]: Sim Executor Bridge Node initializing...
[WARN] [1789544077.954049361] [sim_executor_bridge_node]: MOVELINE_COLLISION_WORLD: ['whiteboard'] loaded from /home/oceanshape/strawberry_grasp_environment/install/e0509_gripper_description/share/e0509_gripper_description/config/environment.yaml
[INFO] [1789544078.354393289] [sim_executor_bridge_node]: cuRobo IK Solver successfully initialized for MoveLine.
[WARN] [1789544078.354658680] [sim_executor_bridge_node]: GRASP_JUDGE_MODEL: tool_tcp_offset=236mm capture_radius=38mm enabled=True sim_speed_scale=1.0 gripper_close=1.080rad arm_arrival_tol=0.30deg — planner 의 ee_to_tcp_offset_m 과 반드시 같아야 한다 (다르면 전 타겟 GRASP_EMPTY)
[WARN] [1789544078.354866316] [sim_executor_bridge_node]: DOOSAN_MOVEIT_REF: vel=[120, 120, 150, 225, 225, 225] acc=[120, 120, 150, 225, 225, 225] deg/s,deg/s^2 (dsr_moveit_config_e0509/config/joint_limits.yaml) — 초과해도 자르지 않고 기록만 (D3)
[INFO] [1789544078.355022636] [sim_executor_bridge_node]: Sim Executor Bridge Node Ready! (Listening to Doosan & Gripper services)
[harvest_probe] 계측 부착: role=controller -> /tmp/harvest_hud_controller.json
[INFO] [1789544091.213081922] [sim_executor_bridge_node]: SetPosition called to 600
[INFO] [1789544119.921576738] [sim_executor_bridge_node]: MoveJoint called to [144.1, 22.9, -1.0, 121.5, -75.3, 108.7] (vel=120 acc=180 time=0.00)
[WARN] [1789544119.922019715] [sim_executor_bridge_node]: MOVEJ_OVER_DOOSAN_MOVEIT J2 acc 162>120  J3 acc 180>150 — 두산 공식 MoveIt 설정 초과, 자르지 않고 실행
[INFO] [1789544121.680571913] [sim_executor_bridge_node]: MoveJoint profile: span 130.9deg / 1.76s (352 steps)
[INFO] [1789544121.946462040] [sim_executor_bridge_node]: ARM_ARRIVAL MoveJoint: 잔차 0.28deg (손끝 0.6mm) / 대기 0.26s
[INFO] [1789544125.729445139] [sim_executor_bridge_node]: MoveJoint called to [144.6, 31.8, 10.9, 114.4, -65.7, 128.3] (vel=120 acc=180 time=0.00)
[INFO] [1789544126.390447625] [sim_executor_bridge_node]: MoveJoint profile: span 19.6deg / 0.66s (133 steps)
[INFO] [1789544126.636909790] [sim_executor_bridge_node]: ARM_ARRIVAL MoveJoint: 잔차 0.28deg (손끝 0.9mm) / 대기 0.24s
[INFO] [1789544129.740592385] [sim_executor_bridge_node]: SetPosition called to 600
[INFO] [1789544133.049260728] [sim_executor_bridge_node]: MoveSplineJoint called with 12 points
[INFO] [1789544133.864558668] [sim_executor_bridge_node]: ARM_ARRIVAL MoveSpline: 잔차 0.27deg (손끝 1.0mm) / 대기 0.22s
[INFO] [1789544133.864927508] [sim_executor_bridge_node]: MoveSpline ok: 12 pts / 0.58s -> end=[139.9 30.1 24.3 111.7 -55.0 140.1]deg
[INFO] [1789544134.202193319] [sim_executor_bridge_node]: MoveLine called (pos=[ 0.  0. 40.  0.  0.  0.], ref=1, mode=1)
[INFO] [1789544137.624904402] [sim_executor_bridge_node]: ARM_ARRIVAL MoveLine: 잔차 0.27deg (손끝 2.0mm) / 대기 0.00s
[INFO] [1789544137.625511541] [sim_executor_bridge_node]: MOVELINE_END_ERR: along=-2.8mm lateral=3.0mm |err|=4.1mm (명령 40mm, TOOL)
[INFO] [1789544137.625722463] [sim_executor_bridge_node]: MoveLine 실이동 37.3mm / 명령 40mm
[INFO] [1789544137.625952482] [sim_executor_bridge_node]: MoveLine ok: 40mm / 20 steps / 계획 0.67s 실소요 3.42s (worst step joint delta 3.9deg)
[INFO] [1789544137.658840525] [sim_executor_bridge_node]: MoveLine called (pos=[  0.           0.         -28.25754239   0.           0.
   0.        ], ref=0, mode=1)
[WARN] [1789544138.891258987] [sim_executor_bridge_node]: MoveLine IK Failed at step 5/15 (9/28mm, best delta=infdeg)
[INFO] [1789544138.915584718] [sim_executor_bridge_node]: SetPosition called to 600
[INFO] [1789544143.580696319] [sim_executor_bridge_node]: MoveSplineJoint called with 12 points
[INFO] [1789544144.414722333] [sim_executor_bridge_node]: ARM_ARRIVAL MoveSpline: 잔차 0.29deg (손끝 3.2mm) / 대기 0.24s
[INFO] [1789544144.415085724] [sim_executor_bridge_node]: MoveSpline ok: 12 pts / 0.58s -> end=[144.6 31.9 10.9 114.4 -65.7 128.3]deg
[INFO] [1789544145.487519274] [sim_executor_bridge_node]: SetPosition called to 600
[INFO] [1789544148.354725017] [sim_executor_bridge_node]: MoveSplineJoint called with 12 points
[INFO] [1789544149.204146477] [sim_executor_bridge_node]: ARM_ARRIVAL MoveSpline: 잔차 0.30deg (손끝 3.0mm) / 대기 0.26s
[INFO] [1789544149.204569830] [sim_executor_bridge_node]: MoveSpline ok: 12 pts / 0.58s -> end=[128.5 19.3 28.9 130.0 -54.3 125.6]deg
[INFO] [1789544149.558391721] [sim_executor_bridge_node]: MoveLine called (pos=[ 0.  0. 45.  0.  0.  0.], ref=1, mode=1)
[INFO] [1789544153.371296675] [sim_executor_bridge_node]: ARM_ARRIVAL MoveLine: 잔차 0.24deg (손끝 1.9mm) / 대기 0.22s
[INFO] [1789544153.372015475] [sim_executor_bridge_node]: MOVELINE_END_ERR: along=+0.9mm lateral=1.7mm |err|=1.9mm (명령 45mm, TOOL)
[INFO] [1789544153.372355443] [sim_executor_bridge_node]: MoveLine 실이동 45.9mm / 명령 45mm
[INFO] [1789544153.372682018] [sim_executor_bridge_node]: MoveLine ok: 45mm / 23 steps / 계획 0.75s 실소요 3.81s (worst step joint delta 1.5deg)
[INFO] [1789544153.416578075] [sim_executor_bridge_node]: MoveLine called (pos=[  0.        0.      -30.00054   0.        0.        0.     ], ref=0, mode=1)
[INFO] [1789544156.403728418] [sim_executor_bridge_node]: ARM_ARRIVAL MoveLine: 잔차 0.25deg (손끝 1.5mm) / 대기 0.12s
[INFO] [1789544156.404548072] [sim_executor_bridge_node]: MOVELINE_END_ERR: along=+0.8mm lateral=1.3mm |err|=1.5mm (명령 30mm, BASE)
[INFO] [1789544156.404922154] [sim_executor_bridge_node]: MoveLine 실이동 30.8mm / 명령 30mm
[INFO] [1789544156.405304947] [sim_executor_bridge_node]: MoveLine ok: 30mm / 16 steps / 계획 0.75s 실소요 2.99s (worst step joint delta 2.3deg)
[INFO] [1789544156.422044637] [sim_executor_bridge_node]: SetPosition called to 700
[INFO] [1789544156.423685316] [sim_executor_bridge_node]: GRASP_JUDGE 줄기기준 along=+12.0mm(조우 -6~27) lateral=5.8mm(허용20) | 과실기준 d_tcp=32.3mm -> CONTACT
[INFO] [1789544156.424126678] [sim_executor_bridge_node]: GRASP_ATTACH 과실 (-250, 783, 740)mm -> /sim/grasp_event
[INFO] [1789544156.824110481] [sim_executor_bridge_node]: MoveLine called (pos=[  0.   0. -40.   0.   0.   0.], ref=0, mode=1)
[INFO] [1789544160.392501601] [sim_executor_bridge_node]: ARM_ARRIVAL MoveLine: 잔차 0.29deg (손끝 1.0mm) / 대기 0.08s
[INFO] [1789544160.392934438] [sim_executor_bridge_node]: MOVELINE_END_ERR: along=+0.2mm lateral=1.0mm |err|=1.0mm (명령 40mm, BASE)
[INFO] [1789544160.393100522] [sim_executor_bridge_node]: MoveLine 실이동 40.2mm / 명령 40mm
[INFO] [1789544160.393259454] [sim_executor_bridge_node]: MoveLine ok: 40mm / 20 steps / 계획 0.80s 실소요 3.57s (worst step joint delta 0.9deg)
[INFO] [1789544160.431630277] [sim_executor_bridge_node]: MoveLine called (pos=[  0.   0. -45.   0.   0.   0.], ref=1, mode=1)
[INFO] [1789544164.152930055] [sim_executor_bridge_node]: ARM_ARRIVAL MoveLine: 잔차 0.29deg (손끝 2.5mm) / 대기 0.08s
[INFO] [1789544164.153550375] [sim_executor_bridge_node]: MOVELINE_END_ERR: along=-1.9mm lateral=1.2mm |err|=2.3mm (명령 45mm, TOOL)
[INFO] [1789544164.153723092] [sim_executor_bridge_node]: MoveLine 실이동 43.1mm / 명령 45mm
[INFO] [1789544164.154118549] [sim_executor_bridge_node]: MoveLine ok: 45mm / 23 steps / 계획 0.56s 실소요 3.72s (worst step joint delta 0.4deg)
[INFO] [1789544166.024136001] [sim_executor_bridge_node]: MoveSplineJoint called with 12 points
[INFO] [1789544167.492884846] [sim_executor_bridge_node]: ARM_ARRIVAL MoveSpline: 잔차 0.30deg (손끝 2.4mm) / 대기 0.42s
[INFO] [1789544167.493216574] [sim_executor_bridge_node]: MoveSpline ok: 12 pts / 1.02s -> end=[11.7 31.5 122.8 183.6 64.0 91.2]deg
[INFO] [1789544167.527706608] [sim_executor_bridge_node]: MoveLine called (pos=[   0.    0. -120.    0.    0.    0.], ref=0, mode=1)
[INFO] [1789544167.528560253] [sim_executor_bridge_node]: MoveLine 120mm: 60 -> 24 steps (5.0mm/step, 자유공간 이송)
[INFO] [1789544172.577593583] [sim_executor_bridge_node]: ARM_ARRIVAL MoveLine: 잔차 0.27deg (손끝 1.5mm) / 대기 0.08s
[INFO] [1789544172.578460552] [sim_executor_bridge_node]: MOVELINE_END_ERR: along=-1.5mm lateral=0.1mm |err|=1.5mm (명령 120mm, BASE)
[INFO] [1789544172.578839619] [sim_executor_bridge_node]: MoveLine 실이동 118.5mm / 명령 120mm
[INFO] [1789544172.579209926] [sim_executor_bridge_node]: MoveLine ok: 120mm / 24 steps / 계획 2.00s 실소요 5.05s (worst step joint delta 0.9deg)
[INFO] [1789544172.585575514] [sim_executor_bridge_node]: SetPosition called to 600
[INFO] [1789544172.585814119] [sim_executor_bridge_node]: GRASP_RELEASE -> /sim/grasp_event
[INFO] [1789544173.927053441] [sim_executor_bridge_node]: MoveSplineJoint called with 12 points
[INFO] [1789544174.814712749] [sim_executor_bridge_node]: ARM_ARRIVAL MoveSpline: 잔차 0.23deg (손끝 1.4mm) / 대기 0.30s
[INFO] [1789544174.814976623] [sim_executor_bridge_node]: MoveSpline ok: 12 pts / 0.58s -> end=[11.7 31.5 122.8 183.6 64.0 91.2]deg
[INFO] [1789544176.885448799] [sim_executor_bridge_node]: MoveSplineJoint called with 12 points
[INFO] [1789544178.779001804] [sim_executor_bridge_node]: ARM_ARRIVAL MoveSpline: 잔차 0.27deg (손끝 3.7mm) / 대기 0.42s
[INFO] [1789544178.779433067] [sim_executor_bridge_node]: MoveSpline ok: 12 pts / 1.44s -> end=[144.6 32.1 10.9 114.4 -65.7 128.3]deg
[INFO] [1789544178.796528869] [sim_executor_bridge_node]: SetPosition called to 600
[INFO] [1789544180.087877197] [sim_executor_bridge_node]: MoveJoint called to [109.8, 54.1, -57.9, 158.6, -90.9, 88.7] (vel=120 acc=180 time=0.00)
[WARN] [1789544180.088120102] [sim_executor_bridge_node]: MOVEJ_OVER_DOOSAN_MOVEIT J3 acc 180>150 — 두산 공식 MoveIt 설정 초과, 자르지 않고 실행
[INFO] [1789544181.326020108] [sim_executor_bridge_node]: MoveJoint profile: span 68.9deg / 1.24s (248 steps)
[INFO] [1789544181.591209543] [sim_executor_bridge_node]: ARM_ARRIVAL MoveJoint: 잔차 0.29deg (손끝 1.1mm) / 대기 0.26s
[INFO] [1789544184.698747251] [sim_executor_bridge_node]: SetPosition called to 600
[INFO] [1789544189.453101373] [sim_executor_bridge_node]: MoveSplineJoint called with 12 points
[INFO] [1789544190.306454096] [sim_executor_bridge_node]: ARM_ARRIVAL MoveSpline: 잔차 0.27deg (손끝 0.7mm) / 대기 0.26s
[INFO] [1789544190.306669232] [sim_executor_bridge_node]: MoveSpline ok: 12 pts / 0.58s -> end=[110.9 47.4 -37.8 158.8 -81.1 94.1]deg
[INFO] [1789544190.655717784] [sim_executor_bridge_node]: MoveLine called (pos=[ 0.  0. 45.  0.  0.  0.], ref=1, mode=1)
[INFO] [1789544194.462366724] [sim_executor_bridge_node]: ARM_ARRIVAL MoveLine: 잔차 0.28deg (손끝 0.7mm) / 대기 0.10s
[INFO] [1789544194.464669577] [sim_executor_bridge_node]: MOVELINE_END_ERR: along=-0.3mm lateral=0.6mm |err|=0.7mm (명령 45mm, TOOL)
[INFO] [1789544194.464838907] [sim_executor_bridge_node]: MoveLine 실이동 44.7mm / 명령 45mm
[INFO] [1789544194.464984035] [sim_executor_bridge_node]: MoveLine ok: 45mm / 23 steps / 계획 0.75s 실소요 3.81s (worst step joint delta 0.7deg)
[INFO] [1789544194.513857772] [sim_executor_bridge_node]: MoveLine called (pos=[  0.        0.      -30.00054   0.        0.        0.     ], ref=0, mode=1)
[INFO] [1789544197.312110830] [sim_executor_bridge_node]: ARM_ARRIVAL MoveLine: 잔차 0.27deg (손끝 0.5mm) / 대기 0.10s
[INFO] [1789544197.313101647] [sim_executor_bridge_node]: MOVELINE_END_ERR: along=-0.3mm lateral=0.4mm |err|=0.5mm (명령 30mm, BASE)
[INFO] [1789544197.313494100] [sim_executor_bridge_node]: MoveLine 실이동 29.7mm / 명령 30mm
[INFO] [1789544197.313874793] [sim_executor_bridge_node]: MoveLine ok: 30mm / 16 steps / 계획 0.75s 실소요 2.80s (worst step joint delta 1.1deg)
[INFO] [1789544197.318440008] [sim_executor_bridge_node]: SetPosition called to 700
[INFO] [1789544197.322891926] [sim_executor_bridge_node]: GRASP_JUDGE 줄기기준 along=+14.1mm(조우 -6~27) lateral=1.3mm(허용20) | 과실기준 d_tcp=36.6mm -> CONTACT
[INFO] [1789544197.323112226] [sim_executor_bridge_node]: GRASP_ATTACH 과실 (-120, 783, 760)mm -> /sim/grasp_event
[INFO] [1789544197.720698053] [sim_executor_bridge_node]: MoveLine called (pos=[  0.   0. -40.   0.   0.   0.], ref=0, mode=1)
[INFO] [1789544200.999359145] [sim_executor_bridge_node]: ARM_ARRIVAL MoveLine: 잔차 0.25deg (손끝 0.7mm) / 대기 0.10s
[INFO] [1789544200.999906014] [sim_executor_bridge_node]: MOVELINE_END_ERR: along=-0.6mm lateral=0.3mm |err|=0.7mm (명령 40mm, BASE)
[INFO] [1789544201.000072837] [sim_executor_bridge_node]: MoveLine 실이동 39.4mm / 명령 40mm
[INFO] [1789544201.000246811] [sim_executor_bridge_node]: MoveLine ok: 40mm / 20 steps / 계획 0.80s 실소요 3.28s (worst step joint delta 0.8deg)
[INFO] [1789544201.028012399] [sim_executor_bridge_node]: MoveLine called (pos=[  0.   0. -45.   0.   0.   0.], ref=1, mode=1)
[INFO] [1789544204.472735360] [sim_executor_bridge_node]: ARM_ARRIVAL MoveLine: 잔차 0.23deg (손끝 1.6mm) / 대기 0.06s
[INFO] [1789544204.473164518] [sim_executor_bridge_node]: MOVELINE_END_ERR: along=-1.6mm lateral=0.1mm |err|=1.6mm (명령 45mm, TOOL)
[INFO] [1789544204.473331836] [sim_executor_bridge_node]: MoveLine 실이동 43.4mm / 명령 45mm
[INFO] [1789544204.473482910] [sim_executor_bridge_node]: MoveLine ok: 45mm / 23 steps / 계획 0.56s 실소요 3.44s (worst step joint delta 0.4deg)
[INFO] [1789544206.259600162] [sim_executor_bridge_node]: SetPosition called to 600
[INFO] [1789544206.259823512] [sim_executor_bridge_node]: GRASP_RELEASE -> /sim/grasp_event
[INFO] [1789544207.941544780] [sim_executor_bridge_node]: MoveSplineJoint called with 12 points
[INFO] [1789544208.672064151] [sim_executor_bridge_node]: ARM_ARRIVAL MoveSpline: 잔차 0.28deg (손끝 3.0mm) / 대기 0.14s
[INFO] [1789544208.672264844] [sim_executor_bridge_node]: MoveSpline ok: 12 pts / 0.58s -> end=[109.8 54.1 -57.9 158.6 -90.9 88.7]deg
[INFO] [1789544208.692572116] [sim_executor_bridge_node]: SetPosition called to 600
[INFO] [1789544209.749175787] [sim_executor_bridge_node]: MoveJoint called to [144.1, 22.9, -1.0, 121.5, -75.3, 108.7] (vel=120 acc=180 time=0.00)
[WARN] [1789544209.749633658] [sim_executor_bridge_node]: MOVEJ_OVER_DOOSAN_MOVEIT J3 acc 180>150 — 두산 공식 MoveIt 설정 초과, 자르지 않고 실행
[INFO] [1789544210.874721314] [sim_executor_bridge_node]: MoveJoint profile: span 56.9deg / 1.12s (225 steps)
[INFO] [1789544211.103041407] [sim_executor_bridge_node]: ARM_ARRIVAL MoveJoint: 잔차 0.29deg (손끝 1.5mm) / 대기 0.22s
[INFO] [1789544214.162019641] [sim_executor_bridge_node]: MoveJoint called to [18.9, 26.0, 1.0, 74.6, 78.2, -115.6] (vel=120 acc=180 time=0.00)
[INFO] [1789544216.699019814] [sim_executor_bridge_node]: MoveJoint profile: span 224.3deg / 2.54s (508 steps)
[INFO] [1789544216.944728845] [sim_executor_bridge_node]: ARM_ARRIVAL MoveJoint: 잔차 0.28deg (손끝 0.9mm) / 대기 0.24s
[INFO] [1789544220.025664095] [sim_executor_bridge_node]: SetPosition called to 600
[INFO] [1789544223.123012589] [sim_executor_bridge_node]: MoveSplineJoint called with 12 points
[INFO] [1789544224.034924357] [sim_executor_bridge_node]: ARM_ARRIVAL MoveSpline: 잔차 0.26deg (손끝 2.2mm) / 대기 0.32s
[INFO] [1789544224.035313802] [sim_executor_bridge_node]: MoveSpline ok: 12 pts / 0.58s -> end=[48.5 25.1 19.9 48.3 62.2 -121.3]deg
[INFO] [1789544224.375439100] [sim_executor_bridge_node]: MoveLine called (pos=[ 0.  0. 45.  0.  0.  0.], ref=1, mode=1)
[INFO] [1789544228.166061361] [sim_executor_bridge_node]: ARM_ARRIVAL MoveLine: 잔차 0.26deg (손끝 1.3mm) / 대기 0.02s
[INFO] [1789544228.168944540] [sim_executor_bridge_node]: MOVELINE_END_ERR: along=-2.4mm lateral=5.0mm |err|=5.5mm (명령 45mm, TOOL)
[INFO] [1789544228.169107166] [sim_executor_bridge_node]: MoveLine 실이동 42.8mm / 명령 45mm
[INFO] [1789544228.169253072] [sim_executor_bridge_node]: MoveLine ok: 45mm / 23 steps / 계획 0.75s 실소요 3.79s (worst step joint delta 3.1deg)
[INFO] [1789544228.183354799] [sim_executor_bridge_node]: MoveLine called (pos=[  0.           0.         -31.30792321   0.           0.
   0.        ], ref=0, mode=1)
[INFO] [1789544231.189076553] [sim_executor_bridge_node]: ARM_ARRIVAL MoveLine: 잔차 0.26deg (손끝 1.4mm) / 대기 0.10s
[INFO] [1789544231.189598390] [sim_executor_bridge_node]: MOVELINE_END_ERR: along=+0.8mm lateral=1.2mm |err|=1.4mm (명령 31mm, BASE)
[INFO] [1789544231.189763426] [sim_executor_bridge_node]: MoveLine 실이동 32.1mm / 명령 31mm
[INFO] [1789544231.189918317] [sim_executor_bridge_node]: MoveLine ok: 31mm / 16 steps / 계획 0.78s 실소요 3.01s (worst step joint delta 8.4deg)
[INFO] [1789544231.238696329] [sim_executor_bridge_node]: SetPosition called to 700
[INFO] [1789544231.241888775] [sim_executor_bridge_node]: GRASP_JUDGE 줄기기준 along=+15.1mm(조우 -6~27) lateral=8.7mm(허용20) | 과실기준 d_tcp=32.0mm -> CONTACT
[INFO] [1789544231.242164216] [sim_executor_bridge_node]: GRASP_ATTACH 과실 (280, 783, 700)mm -> /sim/grasp_event
[INFO] [1789544231.640738148] [sim_executor_bridge_node]: MoveLine called (pos=[  0.   0. -40.   0.   0.   0.], ref=0, mode=1)
[INFO] [1789544234.902279634] [sim_executor_bridge_node]: ARM_ARRIVAL MoveLine: 잔차 0.26deg (손끝 1.0mm) / 대기 0.10s
[INFO] [1789544234.903255137] [sim_executor_bridge_node]: MOVELINE_END_ERR: along=+0.4mm lateral=0.9mm |err|=1.0mm (명령 40mm, BASE)
[INFO] [1789544234.903714685] [sim_executor_bridge_node]: MoveLine 실이동 40.4mm / 명령 40mm
[INFO] [1789544234.904106992] [sim_executor_bridge_node]: MoveLine ok: 40mm / 20 steps / 계획 0.80s 실소요 3.26s (worst step joint delta 0.9deg)
[INFO] [1789544234.946599069] [sim_executor_bridge_node]: MoveLine called (pos=[  0.   0. -45.   0.   0.   0.], ref=1, mode=1)
[INFO] [1789544238.279066166] [sim_executor_bridge_node]: ARM_ARRIVAL MoveLine: 잔차 0.29deg (손끝 2.6mm) / 대기 0.06s
[INFO] [1789544238.281202035] [sim_executor_bridge_node]: MOVELINE_END_ERR: along=-2.1mm lateral=1.1mm |err|=2.4mm (명령 45mm, TOOL)
[INFO] [1789544238.281372465] [sim_executor_bridge_node]: MoveLine 실이동 42.9mm / 명령 45mm
[INFO] [1789544238.281521524] [sim_executor_bridge_node]: MoveLine ok: 45mm / 23 steps / 계획 0.56s 실소요 3.33s (worst step joint delta 0.4deg)
[INFO] [1789544239.982198501] [sim_executor_bridge_node]: MoveSplineJoint called with 12 points
[INFO] [1789544241.435901579] [sim_executor_bridge_node]: ARM_ARRIVAL MoveSpline: 잔차 0.30deg (손끝 1.4mm) / 대기 0.42s
[INFO] [1789544241.436286858] [sim_executor_bridge_node]: MoveSpline ok: 12 pts / 1.01s -> end=[14.4 26.5 134.1 6.3 -70.3 -89.3]deg
[INFO] [1789544241.486098979] [sim_executor_bridge_node]: MoveLine called (pos=[   0.    0. -120.    0.    0.    0.], ref=0, mode=1)
[INFO] [1789544241.488466730] [sim_executor_bridge_node]: MoveLine 120mm: 60 -> 24 steps (5.0mm/step, 자유공간 이송)
[INFO] [1789544246.420788575] [sim_executor_bridge_node]: ARM_ARRIVAL MoveLine: 잔차 0.26deg (손끝 1.3mm) / 대기 0.10s
[INFO] [1789544246.421205116] [sim_executor_bridge_node]: MOVELINE_END_ERR: along=-1.3mm lateral=0.1mm |err|=1.3mm (명령 120mm, BASE)
[INFO] [1789544246.421361675] [sim_executor_bridge_node]: MoveLine 실이동 118.7mm / 명령 120mm
[INFO] [1789544246.421504043] [sim_executor_bridge_node]: MoveLine ok: 120mm / 24 steps / 계획 2.00s 실소요 4.93s (worst step joint delta 1.0deg)
[INFO] [1789544246.443748034] [sim_executor_bridge_node]: SetPosition called to 600
[INFO] [1789544246.444031731] [sim_executor_bridge_node]: GRASP_RELEASE -> /sim/grasp_event
[INFO] [1789544247.541862363] [sim_executor_bridge_node]: MoveSplineJoint called with 12 points
[INFO] [1789544248.566838523] [sim_executor_bridge_node]: ARM_ARRIVAL MoveSpline: 잔차 0.28deg (손끝 1.6mm) / 대기 0.28s
[INFO] [1789544248.567264596] [sim_executor_bridge_node]: MoveSpline ok: 12 pts / 0.73s -> end=[14.4 26.5 134.1 6.4 -70.3 -89.3]deg
[INFO] [1789544250.157188679] [sim_executor_bridge_node]: MoveSplineJoint called with 12 points
[INFO] [1789544251.826245404] [sim_executor_bridge_node]: ARM_ARRIVAL MoveSpline: 잔차 0.26deg (손끝 2.2mm) / 대기 0.40s
[INFO] [1789544251.826492100] [sim_executor_bridge_node]: MoveSpline ok: 12 pts / 1.24s -> end=[18.9 26.0 1.0 74.6 78.2 -115.6]deg
[INFO] [1789544251.862613861] [sim_executor_bridge_node]: SetPosition called to 600
[INFO] [1789544252.968300021] [sim_executor_bridge_node]: SetPosition called to 600
[INFO] [1789544257.715963247] [sim_executor_bridge_node]: MoveSplineJoint called with 12 points
[INFO] [1789544258.647866339] [sim_executor_bridge_node]: ARM_ARRIVAL MoveSpline: 잔차 0.29deg (손끝 2.3mm) / 대기 0.34s
[INFO] [1789544258.648246174] [sim_executor_bridge_node]: MoveSpline ok: 12 pts / 0.58s -> end=[57.5 13.1 37.4 45.0 49.4 -122.4]deg
[INFO] [1789544258.968554127] [sim_executor_bridge_node]: MoveLine called (pos=[ 0.  0. 45.  0.  0.  0.], ref=1, mode=1)
[INFO] [1789544262.517406862] [sim_executor_bridge_node]: ARM_ARRIVAL MoveLine: 잔차 0.28deg (손끝 1.6mm) / 대기 0.12s
[INFO] [1789544262.517828892] [sim_executor_bridge_node]: MOVELINE_END_ERR: along=+0.4mm lateral=1.5mm |err|=1.6mm (명령 45mm, TOOL)
[INFO] [1789544262.517985117] [sim_executor_bridge_node]: MoveLine 실이동 45.4mm / 명령 45mm
[INFO] [1789544262.518127408] [sim_executor_bridge_node]: MoveLine ok: 45mm / 23 steps / 계획 0.75s 실소요 3.55s (worst step joint delta 0.7deg)
[INFO] [1789544262.525936295] [sim_executor_bridge_node]: MoveLine called (pos=[  0.        0.      -30.00054   0.        0.        0.     ], ref=0, mode=1)
[INFO] [1789544265.239336661] [sim_executor_bridge_node]: ARM_ARRIVAL MoveLine: 잔차 0.28deg (손끝 1.2mm) / 대기 0.08s
[INFO] [1789544265.240208642] [sim_executor_bridge_node]: MOVELINE_END_ERR: along=+0.5mm lateral=1.1mm |err|=1.2mm (명령 30mm, BASE)
[INFO] [1789544265.240590469] [sim_executor_bridge_node]: MoveLine 실이동 30.6mm / 명령 30mm
[INFO] [1789544265.240960918] [sim_executor_bridge_node]: MoveLine ok: 30mm / 16 steps / 계획 0.75s 실소요 2.71s (worst step joint delta 1.1deg)
[INFO] [1789544265.280793881] [sim_executor_bridge_node]: SetPosition called to 700
[INFO] [1789544265.285170734] [sim_executor_bridge_node]: GRASP_JUDGE 줄기기준 along=+12.8mm(조우 -6~27) lateral=5.3mm(허용20) | 과실기준 d_tcp=32.9mm -> CONTACT
[INFO] [1789544265.285409318] [sim_executor_bridge_node]: GRASP_ATTACH 과실 (200, 783, 740)mm -> /sim/grasp_event
[INFO] [1789544265.682788844] [sim_executor_bridge_node]: MoveLine called (pos=[  0.   0. -40.   0.   0.   0.], ref=0, mode=1)
[INFO] [1789544268.966578005] [sim_executor_bridge_node]: ARM_ARRIVAL MoveLine: 잔차 0.27deg (손끝 0.9mm) / 대기 0.08s
[INFO] [1789544268.967065711] [sim_executor_bridge_node]: MOVELINE_END_ERR: along=+0.2mm lateral=0.9mm |err|=0.9mm (명령 40mm, BASE)
[INFO] [1789544268.967275600] [sim_executor_bridge_node]: MoveLine 실이동 40.2mm / 명령 40mm
[INFO] [1789544268.967428104] [sim_executor_bridge_node]: MoveLine ok: 40mm / 20 steps / 계획 0.80s 실소요 3.28s (worst step joint delta 0.7deg)
[INFO] [1789544268.989052042] [sim_executor_bridge_node]: MoveLine called (pos=[  0.   0. -45.   0.   0.   0.], ref=1, mode=1)
[INFO] [1789544272.415447047] [sim_executor_bridge_node]: ARM_ARRIVAL MoveLine: 잔차 0.27deg (손끝 2.3mm) / 대기 0.08s
[INFO] [1789544272.417965453] [sim_executor_bridge_node]: MOVELINE_END_ERR: along=-2.0mm lateral=1.0mm |err|=2.3mm (명령 45mm, TOOL)
[INFO] [1789544272.418131225] [sim_executor_bridge_node]: MoveLine 실이동 43.0mm / 명령 45mm
[INFO] [1789544272.418283507] [sim_executor_bridge_node]: MoveLine ok: 45mm / 23 steps / 계획 0.56s 실소요 3.43s (worst step joint delta 0.4deg)
[INFO] [1789544274.117916395] [sim_executor_bridge_node]: MoveSplineJoint called with 12 points
[INFO] [1789544275.460834930] [sim_executor_bridge_node]: ARM_ARRIVAL MoveSpline: 잔차 0.22deg (손끝 1.5mm) / 대기 0.44s
[INFO] [1789544275.461244532] [sim_executor_bridge_node]: MoveSpline ok: 12 pts / 0.88s -> end=[0.7 30.9 124.1 -8.5 -64.9 -83.6]deg
[INFO] [1789544275.470294768] [sim_executor_bridge_node]: MoveLine called (pos=[   0.    0. -120.    0.    0.    0.], ref=0, mode=1)
[INFO] [1789544275.474595384] [sim_executor_bridge_node]: MoveLine 120mm: 60 -> 24 steps (5.0mm/step, 자유공간 이송)
[INFO] [1789544280.366117775] [sim_executor_bridge_node]: ARM_ARRIVAL MoveLine: 잔차 0.26deg (손끝 1.4mm) / 대기 0.08s
[INFO] [1789544280.366544896] [sim_executor_bridge_node]: MOVELINE_END_ERR: along=-1.4mm lateral=0.1mm |err|=1.4mm (명령 120mm, BASE)
[INFO] [1789544280.366704082] [sim_executor_bridge_node]: MoveLine 실이동 118.6mm / 명령 120mm
[INFO] [1789544280.366852131] [sim_executor_bridge_node]: MoveLine ok: 120mm / 24 steps / 계획 2.00s 실소요 4.89s (worst step joint delta 0.9deg)
[INFO] [1789544280.378775059] [sim_executor_bridge_node]: SetPosition called to 600
[INFO] [1789544280.379215452] [sim_executor_bridge_node]: GRASP_RELEASE -> /sim/grasp_event
[INFO] [1789544281.522682681] [sim_executor_bridge_node]: MoveSplineJoint called with 12 points
[INFO] [1789544282.394313001] [sim_executor_bridge_node]: ARM_ARRIVAL MoveSpline: 잔차 0.27deg (손끝 1.5mm) / 대기 0.28s
[INFO] [1789544282.394509242] [sim_executor_bridge_node]: MoveSpline ok: 12 pts / 0.58s -> end=[0.7 30.9 124.1 -8.5 -64.9 -83.6]deg
[INFO] [1789544284.003447858] [sim_executor_bridge_node]: MoveSplineJoint called with 12 points
[INFO] [1789544285.625801127] [sim_executor_bridge_node]: ARM_ARRIVAL MoveSpline: 잔차 0.26deg (손끝 2.3mm) / 대기 0.40s
[INFO] [1789544285.626210085] [sim_executor_bridge_node]: MoveSpline ok: 12 pts / 1.19s -> end=[18.9 26.1 1.0 74.6 78.2 -115.6]deg
[INFO] [1789544285.655653305] [sim_executor_bridge_node]: SetPosition called to 600
[INFO] [1789544286.710030626] [sim_executor_bridge_node]: MoveJoint called to [18.9, 26.0, 1.0, 74.6, 78.2, -115.6] (vel=120 acc=180 time=0.00)
[WARN] [1789544286.710470308] [sim_executor_bridge_node]: MOVEJ_OVER_DOOSAN_MOVEIT J2 acc 180>120 — 두산 공식 MoveIt 설정 초과, 자르지 않고 실행
[INFO] [1789544286.773025346] [sim_executor_bridge_node]: MoveJoint profile: span 0.2deg / 0.06s (13 steps)
[INFO] [1789544286.775751838] [sim_executor_bridge_node]: ARM_ARRIVAL MoveJoint: 잔차 0.18deg (손끝 2.9mm) / 대기 0.00s
[INFO] [1789544289.817064298] [sim_executor_bridge_node]: MoveJoint called to [88.0, -94.9, 129.9, 175.9, -31.3, 93.4] (vel=120 acc=180 time=0.00)
[INFO] [1789544292.226359009] [sim_executor_bridge_node]: MoveJoint profile: span 209.0deg / 2.41s (482 steps)
[INFO] [1789544292.470344101] [sim_executor_bridge_node]: ARM_ARRIVAL MoveJoint: 잔차 0.25deg (손끝 1.0mm) / 대기 0.24s
[INFO] [1789544292.472557134] [sim_executor_bridge_node]: MoveJoint called to [150.3, -11.9, 109.1, 262.2, 63.3, 10.5] (vel=120 acc=180 time=0.00)
[WARN] [1789544292.472772807] [sim_executor_bridge_node]: MOVEJ_OVER_DOOSAN_MOVEIT J2 acc 158>120 — 두산 공식 MoveIt 설정 초과, 자르지 않고 실행
[INFO] [1789544293.928373771] [sim_executor_bridge_node]: MoveJoint profile: span 94.6deg / 1.45s (291 steps)
[INFO] [1789544294.150730536] [sim_executor_bridge_node]: ARM_ARRIVAL MoveJoint: 잔차 0.28deg (손끝 1.8mm) / 대기 0.22s
[INFO] [1789544297.334165525] [sim_executor_bridge_node]: MoveJoint called to [114.4, -8.5, 122.1, 227.1, 37.6, 48.3] (vel=120 acc=180 time=0.00)
[WARN] [1789544297.334388887] [sim_executor_bridge_node]: MOVEJ_OVER_DOOSAN_MOVEIT J1 acc 171>120 — 두산 공식 MoveIt 설정 초과, 자르지 않고 실행
[INFO] [1789544298.251874192] [sim_executor_bridge_node]: MoveJoint profile: span 37.8deg / 0.92s (184 steps)
[INFO] [1789544298.475833717] [sim_executor_bridge_node]: ARM_ARRIVAL MoveJoint: 잔차 0.26deg (손끝 1.3mm) / 대기 0.22s
[INFO] [1789544301.546222407] [sim_executor_bridge_node]: SetPosition called to 600
[INFO] [1789544304.237823577] [sim_executor_bridge_node]: MoveSplineJoint called with 12 points
[INFO] [1789544305.355081514] [sim_executor_bridge_node]: ARM_ARRIVAL MoveSpline: 잔차 0.29deg (손끝 1.3mm) / 대기 0.42s
[INFO] [1789544305.355289173] [sim_executor_bridge_node]: MoveSpline ok: 12 pts / 0.68s -> end=[107.3 -5.6 93.9 304.4 20.8 -32.4]deg
[INFO] [1789544305.691064457] [sim_executor_bridge_node]: MoveLine called (pos=[ 0.  0. 45.  0.  0.  0.], ref=1, mode=1)
[INFO] [1789544309.088231273] [sim_executor_bridge_node]: ARM_ARRIVAL MoveLine: 잔차 0.29deg (손끝 2.0mm) / 대기 0.00s
[INFO] [1789544309.088721009] [sim_executor_bridge_node]: MOVELINE_END_ERR: along=-1.9mm lateral=0.4mm |err|=2.0mm (명령 45mm, TOOL)
[INFO] [1789544309.088932469] [sim_executor_bridge_node]: MoveLine 실이동 43.1mm / 명령 45mm
[INFO] [1789544309.089084702] [sim_executor_bridge_node]: MoveLine ok: 45mm / 23 steps / 계획 0.75s 실소요 3.40s (worst step joint delta 0.3deg)
[INFO] [1789544309.098095346] [sim_executor_bridge_node]: MoveLine called (pos=[  0.           0.         -32.60535644   0.           0.
   0.        ], ref=0, mode=1)
[INFO] [1789544312.252593133] [sim_executor_bridge_node]: ARM_ARRIVAL MoveLine: 잔차 0.28deg (손끝 0.3mm) / 대기 0.14s
[INFO] [1789544312.253384452] [sim_executor_bridge_node]: MOVELINE_END_ERR: along=-0.2mm lateral=0.2mm |err|=0.3mm (명령 33mm, BASE)
[INFO] [1789544312.253737414] [sim_executor_bridge_node]: MoveLine 실이동 32.4mm / 명령 33mm
[INFO] [1789544312.254079485] [sim_executor_bridge_node]: MoveLine ok: 33mm / 17 steps / 계획 0.82s 실소요 3.15s (worst step joint delta 1.0deg)
[INFO] [1789544312.304308635] [sim_executor_bridge_node]: SetPosition called to 700
[INFO] [1789544312.306371359] [sim_executor_bridge_node]: GRASP_JUDGE 줄기기준 along=+16.0mm(조우 -6~27) lateral=4.0mm(허용20) | 과실기준 d_tcp=37.7mm -> CONTACT
[INFO] [1789544312.306881855] [sim_executor_bridge_node]: GRASP_ATTACH 과실 (-100, 783, 440)mm -> /sim/grasp_event
[INFO] [1789544312.705901013] [sim_executor_bridge_node]: MoveLine called (pos=[  0.   0. -40.   0.   0.   0.], ref=0, mode=1)
[INFO] [1789544316.156329421] [sim_executor_bridge_node]: ARM_ARRIVAL MoveLine: 잔차 0.29deg (손끝 0.3mm) / 대기 0.16s
[INFO] [1789544316.159373270] [sim_executor_bridge_node]: MOVELINE_END_ERR: along=-0.0mm lateral=0.2mm |err|=0.2mm (명령 40mm, BASE)
[INFO] [1789544316.159595520] [sim_executor_bridge_node]: MoveLine 실이동 40.0mm / 명령 40mm
[INFO] [1789544316.159828694] [sim_executor_bridge_node]: MoveLine ok: 40mm / 20 steps / 계획 0.80s 실소요 3.45s (worst step joint delta 1.2deg)
[INFO] [1789544316.212222819] [sim_executor_bridge_node]: MoveLine called (pos=[  0.   0. -45.   0.   0.   0.], ref=1, mode=1)
[INFO] [1789544319.692419690] [sim_executor_bridge_node]: ARM_ARRIVAL MoveLine: 잔차 0.29deg (손끝 1.9mm) / 대기 0.04s
[INFO] [1789544319.693017324] [sim_executor_bridge_node]: MOVELINE_END_ERR: along=-1.9mm lateral=0.3mm |err|=2.0mm (명령 45mm, TOOL)
[INFO] [1789544319.693197803] [sim_executor_bridge_node]: MoveLine 실이동 43.1mm / 명령 45mm
[INFO] [1789544319.693347110] [sim_executor_bridge_node]: MoveLine ok: 45mm / 23 steps / 계획 0.56s 실소요 3.48s (worst step joint delta 0.3deg)
[INFO] [1789544321.402504777] [sim_executor_bridge_node]: MoveSplineJoint called with 12 points
[INFO] [1789544322.735997246] [sim_executor_bridge_node]: ARM_ARRIVAL MoveSpline: 잔차 0.29deg (손끝 1.7mm) / 대기 0.42s
[INFO] [1789544322.736406692] [sim_executor_bridge_node]: MoveSpline ok: 12 pts / 0.89s -> end=[0.9 26.1 135.0 171.9 71.0 95.4]deg
[INFO] [1789544322.755798030] [sim_executor_bridge_node]: MoveLine called (pos=[   0.    0. -120.    0.    0.    0.], ref=0, mode=1)
[INFO] [1789544322.757896534] [sim_executor_bridge_node]: MoveLine 120mm: 60 -> 24 steps (5.0mm/step, 자유공간 이송)
[INFO] [1789544327.713771916] [sim_executor_bridge_node]: ARM_ARRIVAL MoveLine: 잔차 0.26deg (손끝 1.3mm) / 대기 0.08s
[INFO] [1789544327.714520363] [sim_executor_bridge_node]: MOVELINE_END_ERR: along=-1.2mm lateral=0.1mm |err|=1.3mm (명령 120mm, BASE)
[INFO] [1789544327.714872914] [sim_executor_bridge_node]: MoveLine 실이동 118.8mm / 명령 120mm
[INFO] [1789544327.715218419] [sim_executor_bridge_node]: MoveLine ok: 120mm / 24 steps / 계획 2.00s 실소요 4.96s (worst step joint delta 1.0deg)
[INFO] [1789544327.764163511] [sim_executor_bridge_node]: SetPosition called to 600
[INFO] [1789544327.764406207] [sim_executor_bridge_node]: GRASP_RELEASE -> /sim/grasp_event
[INFO] [1789544328.901177334] [sim_executor_bridge_node]: MoveSplineJoint called with 12 points
[INFO] [1789544329.941648755] [sim_executor_bridge_node]: ARM_ARRIVAL MoveSpline: 잔차 0.28deg (손끝 1.7mm) / 대기 0.26s
[INFO] [1789544329.941830787] [sim_executor_bridge_node]: MoveSpline ok: 12 pts / 0.77s -> end=[0.8 26.1 135.0 171.9 71.0 95.4]deg
[INFO] [1789544331.450020199] [sim_executor_bridge_node]: MoveSplineJoint called with 12 points
[INFO] [1789544332.823857702] [sim_executor_bridge_node]: ARM_ARRIVAL MoveSpline: 잔차 0.26deg (손끝 2.1mm) / 대기 0.40s
[INFO] [1789544332.824053237] [sim_executor_bridge_node]: MoveSpline ok: 12 pts / 0.95s -> end=[114.4 -8.5 122.1 227.1 37.7 48.3]deg
[INFO] [1789544332.852024597] [sim_executor_bridge_node]: SetPosition called to 600
[INFO] [1789544334.068719593] [sim_executor_bridge_node]: MoveJoint called to [146.3, 15.8, 65.3, 271.2, 58.3, -7.7] (vel=120 acc=180 time=0.00)
[WARN] [1789544334.068932982] [sim_executor_bridge_node]: MOVEJ_OVER_DOOSAN_MOVEIT J3 acc 180>150 — 두산 공식 MoveIt 설정 초과, 자르지 않고 실행
[INFO] [1789544335.194663321] [sim_executor_bridge_node]: MoveJoint profile: span 56.9deg / 1.12s (225 steps)
[INFO] [1789544335.437622089] [sim_executor_bridge_node]: ARM_ARRIVAL MoveJoint: 잔차 0.27deg (손끝 1.7mm) / 대기 0.24s
[INFO] [1789544338.528954190] [sim_executor_bridge_node]: SetPosition called to 600
[INFO] [1789544340.980627082] [sim_executor_bridge_node]: MoveSplineJoint called with 12 points
[INFO] [1789544341.851096883] [sim_executor_bridge_node]: ARM_ARRIVAL MoveSpline: 잔차 0.29deg (손끝 1.9mm) / 대기 0.28s
[INFO] [1789544341.851506610] [sim_executor_bridge_node]: MoveSpline ok: 12 pts / 0.58s -> end=[127.9 6.3 72.7 297.8 43.1 -27.5]deg
[INFO] [1789544342.183388869] [sim_executor_bridge_node]: MoveLine called (pos=[ 0.  0. 45.  0.  0.  0.], ref=1, mode=1)
[INFO] [1789544345.987843047] [sim_executor_bridge_node]: ARM_ARRIVAL MoveLine: 잔차 0.26deg (손끝 1.7mm) / 대기 0.12s
[INFO] [1789544345.988306157] [sim_executor_bridge_node]: MOVELINE_END_ERR: along=-1.6mm lateral=0.6mm |err|=1.7mm (명령 45mm, TOOL)
[INFO] [1789544345.988463884] [sim_executor_bridge_node]: MoveLine 실이동 43.4mm / 명령 45mm
[INFO] [1789544345.988604990] [sim_executor_bridge_node]: MoveLine ok: 45mm / 23 steps / 계획 0.75s 실소요 3.80s (worst step joint delta 0.2deg)
[INFO] [1789544346.041539337] [sim_executor_bridge_node]: MoveLine called (pos=[  0.           0.         -32.60535644   0.           0.
   0.        ], ref=0, mode=1)
[INFO] [1789544349.181533455] [sim_executor_bridge_node]: ARM_ARRIVAL MoveLine: 잔차 0.26deg (손끝 0.6mm) / 대기 0.06s
[INFO] [1789544349.182029800] [sim_executor_bridge_node]: MOVELINE_END_ERR: along=-0.5mm lateral=0.3mm |err|=0.6mm (명령 33mm, BASE)
[INFO] [1789544349.182199209] [sim_executor_bridge_node]: MoveLine 실이동 32.1mm / 명령 33mm
[INFO] [1789544349.182347947] [sim_executor_bridge_node]: MoveLine ok: 33mm / 17 steps / 계획 0.82s 실소요 3.14s (worst step joint delta 0.4deg)
[INFO] [1789544349.196895858] [sim_executor_bridge_node]: SetPosition called to 700
[INFO] [1789544349.200342987] [sim_executor_bridge_node]: GRASP_JUDGE 줄기기준 along=+14.7mm(조우 -6~27) lateral=3.7mm(허용20) | 과실기준 d_tcp=37.2mm -> CONTACT
[INFO] [1789544349.200582056] [sim_executor_bridge_node]: GRASP_ATTACH 과실 (-250, 783, 500)mm -> /sim/grasp_event
[INFO] [1789544349.599434258] [sim_executor_bridge_node]: MoveLine called (pos=[  0.   0. -40.   0.   0.   0.], ref=0, mode=1)
[INFO] [1789544353.263428519] [sim_executor_bridge_node]: ARM_ARRIVAL MoveLine: 잔차 0.27deg (손끝 0.6mm) / 대기 0.10s
[INFO] [1789544353.264513891] [sim_executor_bridge_node]: MOVELINE_END_ERR: along=-0.4mm lateral=0.3mm |err|=0.5mm (명령 40mm, BASE)
[INFO] [1789544353.264691667] [sim_executor_bridge_node]: MoveLine 실이동 39.6mm / 명령 40mm
[INFO] [1789544353.264842322] [sim_executor_bridge_node]: MoveLine ok: 40mm / 20 steps / 계획 0.80s 실소요 3.66s (worst step joint delta 0.5deg)
[INFO] [1789544353.306391235] [sim_executor_bridge_node]: MoveLine called (pos=[  0.   0. -45.   0.   0.   0.], ref=1, mode=1)
[INFO] [1789544356.932851946] [sim_executor_bridge_node]: ARM_ARRIVAL MoveLine: 잔차 0.30deg (손끝 2.5mm) / 대기 0.02s
[INFO] [1789544356.933463660] [sim_executor_bridge_node]: MOVELINE_END_ERR: along=-2.5mm lateral=0.4mm |err|=2.5mm (명령 45mm, TOOL)
[INFO] [1789544356.933664042] [sim_executor_bridge_node]: MoveLine 실이동 42.5mm / 명령 45mm
[INFO] [1789544356.933861424] [sim_executor_bridge_node]: MoveLine ok: 45mm / 23 steps / 계획 0.56s 실소요 3.63s (worst step joint delta 0.2deg)
[INFO] [1789544358.930610799] [sim_executor_bridge_node]: MoveSplineJoint called with 12 points
[INFO] [1789544360.661240262] [sim_executor_bridge_node]: ARM_ARRIVAL MoveSpline: 잔차 0.26deg (손끝 1.7mm) / 대기 0.54s
[INFO] [1789544360.661650839] [sim_executor_bridge_node]: MoveSpline ok: 12 pts / 1.16s -> end=[-10.3 31.3 123.1 159.3 65.5 101.6]deg
[INFO] [1789544360.685239685] [sim_executor_bridge_node]: MoveLine called (pos=[   0.    0. -120.    0.    0.    0.], ref=0, mode=1)
[INFO] [1789544360.687573726] [sim_executor_bridge_node]: MoveLine 120mm: 60 -> 24 steps (5.0mm/step, 자유공간 이송)
[INFO] [1789544365.772969556] [sim_executor_bridge_node]: ARM_ARRIVAL MoveLine: 잔차 0.28deg (손끝 1.6mm) / 대기 0.10s
[INFO] [1789544365.773964558] [sim_executor_bridge_node]: MOVELINE_END_ERR: along=-1.3mm lateral=0.1mm |err|=1.3mm (명령 120mm, BASE)
[INFO] [1789544365.774316133] [sim_executor_bridge_node]: MoveLine 실이동 118.7mm / 명령 120mm
[INFO] [1789544365.774652904] [sim_executor_bridge_node]: MoveLine ok: 120mm / 24 steps / 계획 2.00s 실소요 5.09s (worst step joint delta 0.9deg)
[INFO] [1789544365.793466113] [sim_executor_bridge_node]: SetPosition called to 600
[INFO] [1789544365.793878103] [sim_executor_bridge_node]: GRASP_RELEASE -> /sim/grasp_event
[INFO] [1789544366.971538255] [sim_executor_bridge_node]: MoveSplineJoint called with 12 points
[INFO] [1789544367.884435107] [sim_executor_bridge_node]: ARM_ARRIVAL MoveSpline: 잔차 0.28deg (손끝 1.7mm) / 대기 0.32s
[INFO] [1789544367.885409357] [sim_executor_bridge_node]: MoveSpline ok: 12 pts / 0.58s -> end=[-10.3 31.3 123.1 159.3 65.5 101.6]deg
[INFO] [1789544369.664692587] [sim_executor_bridge_node]: MoveSplineJoint called with 12 points
[INFO] [1789544371.423185561] [sim_executor_bridge_node]: ARM_ARRIVAL MoveSpline: 잔차 0.29deg (손끝 3.0mm) / 대기 0.42s
[INFO] [1789544371.423399316] [sim_executor_bridge_node]: MoveSpline ok: 12 pts / 1.31s -> end=[146.3 15.8 65.3 271.2 58.3 -7.7]deg
[INFO] [1789544371.467501058] [sim_executor_bridge_node]: SetPosition called to 600
[INFO] [1789544372.807532561] [sim_executor_bridge_node]: MoveJoint called to [129.1, -28.0, 104.4, 279.8, 42.0, -15.8] (vel=120 acc=180 time=0.00)
[WARN] [1789544372.807763464] [sim_executor_bridge_node]: MOVEJ_OVER_DOOSAN_MOVEIT J2 acc 180>120  J3 acc 160>150 — 두산 공식 MoveIt 설정 초과, 자르지 않고 실행
[INFO] [1789544373.796348515] [sim_executor_bridge_node]: MoveJoint profile: span 43.9deg / 0.99s (198 steps)
[INFO] [1789544374.081831285] [sim_executor_bridge_node]: ARM_ARRIVAL MoveJoint: 잔차 0.27deg (손끝 1.7mm) / 대기 0.28s
[INFO] [1789544377.169948165] [sim_executor_bridge_node]: SetPosition called to 600
[INFO] [1789544379.819035036] [sim_executor_bridge_node]: MoveSplineJoint called with 12 points
[INFO] [1789544380.795881242] [sim_executor_bridge_node]: ARM_ARRIVAL MoveSpline: 잔차 0.28deg (손끝 1.1mm) / 대기 0.38s
[INFO] [1789544380.796256420] [sim_executor_bridge_node]: MoveSpline ok: 12 pts / 0.58s -> end=[124.4 6.2 63.2 308.9 45.6 -41.6]deg
[INFO] [1789544381.121822477] [sim_executor_bridge_node]: MoveLine called (pos=[ 0.  0. 45.  0.  0.  0.], ref=1, mode=1)
[INFO] [1789544384.872188325] [sim_executor_bridge_node]: ARM_ARRIVAL MoveLine: 잔차 0.30deg (손끝 1.7mm) / 대기 0.02s
[INFO] [1789544384.872732052] [sim_executor_bridge_node]: MOVELINE_END_ERR: along=-1.2mm lateral=0.7mm |err|=1.4mm (명령 45mm, TOOL)
[INFO] [1789544384.872939164] [sim_executor_bridge_node]: MoveLine 실이동 43.8mm / 명령 45mm
[INFO] [1789544384.873090614] [sim_executor_bridge_node]: MoveLine ok: 45mm / 23 steps / 계획 0.75s 실소요 3.75s (worst step joint delta 0.3deg)
[INFO] [1789544384.878492498] [sim_executor_bridge_node]: MoveLine called (pos=[  0.           0.         -32.60535644   0.           0.
   0.        ], ref=0, mode=1)
[INFO] [1789544387.945070096] [sim_executor_bridge_node]: ARM_ARRIVAL MoveLine: 잔차 0.26deg (손끝 0.8mm) / 대기 0.06s
[INFO] [1789544387.945933174] [sim_executor_bridge_node]: MOVELINE_END_ERR: along=-0.4mm lateral=0.5mm |err|=0.6mm (명령 33mm, BASE)
[INFO] [1789544387.946096361] [sim_executor_bridge_node]: MoveLine 실이동 32.2mm / 명령 33mm
[INFO] [1789544387.946383731] [sim_executor_bridge_node]: MoveLine ok: 33mm / 17 steps / 계획 0.82s 실소요 3.07s (worst step joint delta 0.5deg)
[INFO] [1789544387.984631696] [sim_executor_bridge_node]: SetPosition called to 700
[INFO] [1789544387.986477766] [sim_executor_bridge_node]: GRASP_JUDGE 줄기기준 along=+14.9mm(조우 -6~27) lateral=4.5mm(허용20) | 과실기준 d_tcp=36.7mm -> CONTACT
[INFO] [1789544387.986924981] [sim_executor_bridge_node]: GRASP_ATTACH 과실 (-220, 783, 560)mm -> /sim/grasp_event
[INFO] [1789544388.386892119] [sim_executor_bridge_node]: MoveLine called (pos=[  0.   0. -40.   0.   0.   0.], ref=0, mode=1)
[INFO] [1789544391.886701840] [sim_executor_bridge_node]: ARM_ARRIVAL MoveLine: 잔차 0.28deg (손끝 0.7mm) / 대기 0.08s
[INFO] [1789544391.891221888] [sim_executor_bridge_node]: MOVELINE_END_ERR: along=-0.6mm lateral=0.4mm |err|=0.7mm (명령 40mm, BASE)
[INFO] [1789544391.891572568] [sim_executor_bridge_node]: MoveLine 실이동 39.4mm / 명령 40mm
[INFO] [1789544391.891900300] [sim_executor_bridge_node]: MoveLine ok: 40mm / 20 steps / 계획 0.80s 실소요 3.50s (worst step joint delta 0.5deg)
[INFO] [1789544391.944263471] [sim_executor_bridge_node]: MoveLine called (pos=[  0.   0. -45.   0.   0.   0.], ref=1, mode=1)
[INFO] [1789544395.164404971] [sim_executor_bridge_node]: ARM_ARRIVAL MoveLine: 잔차 0.29deg (손끝 2.4mm) / 대기 0.04s
[INFO] [1789544395.166746216] [sim_executor_bridge_node]: MOVELINE_END_ERR: along=-2.4mm lateral=0.5mm |err|=2.4mm (명령 45mm, TOOL)
[INFO] [1789544395.166932299] [sim_executor_bridge_node]: MoveLine 실이동 42.6mm / 명령 45mm
[INFO] [1789544395.167074756] [sim_executor_bridge_node]: MoveLine ok: 45mm / 23 steps / 계획 0.56s 실소요 3.22s (worst step joint delta 0.3deg)
[INFO] [1789544396.886403815] [sim_executor_bridge_node]: SetPosition called to 600
[INFO] [1789544396.886840234] [sim_executor_bridge_node]: GRASP_RELEASE -> /sim/grasp_event
[INFO] [1789544398.603132128] [sim_executor_bridge_node]: MoveSplineJoint called with 12 points
[INFO] [1789544399.577782912] [sim_executor_bridge_node]: ARM_ARRIVAL MoveSpline: 잔차 0.28deg (손끝 1.8mm) / 대기 0.38s
[INFO] [1789544399.577970619] [sim_executor_bridge_node]: MoveSpline ok: 12 pts / 0.58s -> end=[129.1 -28.0 104.4 279.8 42.0 -15.8]deg
[INFO] [1789544399.604522409] [sim_executor_bridge_node]: SetPosition called to 600
[INFO] [1789544400.659366734] [sim_executor_bridge_node]: MoveJoint called to [150.3, -11.9, 109.1, 262.2, 63.3, 10.5] (vel=120 acc=180 time=0.00)
[WARN] [1789544400.659580600] [sim_executor_bridge_node]: MOVEJ_OVER_DOOSAN_MOVEIT J1 acc 145>120 — 두산 공식 MoveIt 설정 초과, 자르지 않고 실행
[INFO] [1789544401.423923562] [sim_executor_bridge_node]: MoveJoint profile: span 26.2deg / 0.76s (153 steps)
[INFO] [1789544401.685901296] [sim_executor_bridge_node]: ARM_ARRIVAL MoveJoint: 잔차 0.29deg (손끝 1.7mm) / 대기 0.26s
[INFO] [1789544404.717934047] [sim_executor_bridge_node]: MoveJoint called to [88.0, -94.9, 129.9, 175.9, -31.3, 93.4] (vel=120 acc=180 time=0.00)
[WARN] [1789544404.718370696] [sim_executor_bridge_node]: MOVEJ_OVER_DOOSAN_MOVEIT J2 acc 158>120 — 두산 공식 MoveIt 설정 초과, 자르지 않고 실행
[INFO] [1789544406.174580369] [sim_executor_bridge_node]: MoveJoint profile: span 94.7deg / 1.46s (292 steps)
[INFO] [1789544406.423064794] [sim_executor_bridge_node]: ARM_ARRIVAL MoveJoint: 잔차 0.29deg (손끝 1.5mm) / 대기 0.24s
